[input] final_section_v1_22_0_ref_post.csv: 7파트 × 15섹션, 높이 920.2 mm, 보간 pchip (꺾임 섹션 [1])
[mesh] 절점 4692, 요소 11022, n_sub 4  (종방향 연결선 최대 기울기 65.7°, strip 폭 보정 최대 ×2.43)  (Plate 침입 50 mm까지 하중 증가, 제어 변위 상한 300 mm)
  제어    9.0 mm    315.5 kN  Plate 침입   5.2 mm  접촉 738쌍  (56s)
  제어   18.0 mm    303.7 kN  Plate 침입   6.2 mm  접촉 845쌍  (1025s)
  제어   28.0 mm    294.2 kN  Plate 침입   7.3 mm  접촉 954쌍  (1099s)
  제어   38.0 mm    383.1 kN  Plate 침입   9.4 mm  접촉 1009쌍  (1302s)
  제어   47.5 mm    493.7 kN  Plate 침입  14.4 mm  접촉 1085쌍  (1900s)
  제어   57.5 mm    586.9 kN  Plate 침입  23.1 mm  접촉 1108쌍  (1975s)
  제어   67.5 mm    643.1 kN  Plate 침입  31.1 mm  접촉 1127쌍  (2050s)
  제어   77.5 mm    697.7 kN  Plate 침입  38.9 mm  접촉 1169쌍  (2134s)
  제어   87.5 mm    749.3 kN  Plate 침입  45.6 mm  접촉 1266쌍  (2217s)
  종료(Plate 목표 도달): 제어 92.5 mm, Plate 침입 50.1 mm, 790 kN
[done] 2260s  1차 한계하중 368 kN  → results\v22\final_section_v1_22_0_ref_post_*  (단면 그림 6장)
섹션별 Plate 침입량 (mm) — 최대 변형량 기준
F0_kN  131.7  263.4  395.1  526.8  658.5  790.2
sec                                            
0        0.0    0.0    0.0    0.0    0.0    0.0
1        0.3    0.6    0.9    1.4    1.8    2.4
2        0.5    0.9    1.6    2.9    5.2    8.0
3        0.9    1.7    3.0    5.6   11.6   17.8
4        1.3    2.6    4.6    9.0   18.8   28.1
5        1.6    3.3    6.3   11.8   24.9   37.6
6        1.9    3.8    7.8   14.2   29.2   44.4
7        2.1    4.2    9.1   15.9   32.0   48.4
8        2.1    4.3    9.7   16.7   33.3   50.1
9        2.0    4.1    9.4   16.2   31.8   47.7
10       1.8    3.5    8.3   14.5   27.8   41.7
11       1.4    2.8    6.7   12.1   22.7   33.6
12       0.9    1.8    4.8    9.0   16.5   24.0
13       0.4    0.8    2.5    5.3    9.4   13.3
14       0.0    0.0    0.0    0.0    0.0    0.0
하중 수준별 최대 변형량 (Plate):
 F0_kN       status  sec  plate_intrusion
 131.7       stable    8              2.1
 263.4       stable    8              4.3
 395.1 snap_through    8              9.7
 526.8 snap_through    8             16.7
 658.5 snap_through    8             33.3
 790.2 snap_through    8             50.1
