WARNING ZeroLength::setDomain(): Element 5000001 has L= 2.43913, which is greater than the tolerance
WARNING ZeroLength::setDomain(): Element 5000002 has L= 2.18555, which is greater than the tolerance
WARNING ZeroLength::setDomain(): Element 5000003 has L= 1.7802, which is greater than the tolerance
WARNING ZeroLength::setDomain(): Element 5000004 has L= 1.78186, which is greater than the tolerance
WARNING ZeroLength::setDomain(): Element 5000005 has L= 1.71716, which is greater than the tolerance
WARNING ZeroLength::setDomain(): Element 5000006 has L= 1.71716, which is greater than the tolerance
WARNING ZeroLength::setDomain(): Element 5000007 has L= 1.78186, which is greater than the tolerance
WARNING ZeroLength::setDomain(): Element 5000008 has L= 1.7802, which is greater than the tolerance
WARNING ZeroLength::setDomain(): Element 5000009 has L= 2.18555, which is greater than the tolerance
WARNING ZeroLength::setDomain(): Element 5000010 has L= 2.43913, which is greater than the tolerance
WARNING ZeroLength::setDomain(): Element 5000011 has L= 2.29245, which is greater than the tolerance
WARNING ZeroLength::setDomain(): Element 5000012 has L= 2.1539, which is greater than the tolerance
WARNING ZeroLength::setDomain(): Element 5000013 has L= 1.89509, which is greater than the tolerance
WARNING ZeroLength::setDomain(): Element 5000014 has L= 1.92071, which is greater than the tolerance
WARNING ZeroLength::setDomain(): Element 5000015 has L= 1.90842, which is greater than the tolerance
WARNING ZeroLength::setDomain(): Element 5000016 has L= 1.90842, which is greater than the tolerance
WARNING ZeroLength::setDomain(): Element 5000017 has L= 1.92071, which is greater than the tolerance
WARNING ZeroLength::setDomain(): Element 5000018 has L= 1.89509, which is greater than the tolerance
WARNING ZeroLength::setDomain(): Element 5000019 has L= 2.1539, which is greater than the tolerance
WARNING ZeroLength::setDomain(): Element 5000020 has L= 2.29245, which is greater than the tolerance
WARNING ZeroLength::setDomain(): Element 5000021 has L= 2.22734, which is greater than the tolerance
WARNING ZeroLength::setDomain(): Element 5000022 has L= 2.18711, which is greater than the tolerance
WARNING ZeroLength::setDomain(): Element 5000023 has L= 2.06891, which is greater than the tolerance
WARNING ZeroLength::setDomain(): Element 5000024 has L= 2.13371, which is greater than the tolerance
WARNING ZeroLength::setDomain(): Element 5000025 has L= 2.17059, which is greater than the tolerance
WARNING ZeroLength::setDomain(): Element 5000026 has L= 2.17059, which is greater than the tolerance
WARNING ZeroLength::setDomain(): Element 5000027 has L= 2.13371, which is greater than the tolerance
WARNING ZeroLength::setDomain(): Element 5000028 has L= 2.06891, which is greater than the tolerance
WARNING ZeroLength::setDomain(): Element 5000029 has L= 2.18711, which is greater than the tolerance
WARNING ZeroLength::setDomain(): Element 5000030 has L= 2.22734, which is greater than the tolerance
WARNING ZeroLength::setDomain(): Element 5000031 has L= 2.27173, which is greater than the tolerance
WARNING ZeroLength::setDomain(): Element 5000032 has L= 2.28345, which is greater than the tolerance
WARNING ZeroLength::setDomain(): Element 5000033 has L= 2.28255, which is greater than the tolerance
WARNING ZeroLength::setDomain(): Element 5000034 has L= 2.45389, which is greater than the tolerance
WARNING ZeroLength::setDomain(): Element 5000035 has L= 2.59401, which is greater than the tolerance
WARNING ZeroLength::setDomain(): Element 5000036 has L= 2.59401, which is greater than the tolerance
WARNING ZeroLength::setDomain(): Element 5000037 has L= 2.45389, which is greater than the tolerance
WARNING ZeroLength::setDomain(): Element 5000038 has L= 2.28255, which is greater than the tolerance
WARNING ZeroLength::setDomain(): Element 5000039 has L= 2.28345, which is greater than the tolerance
WARNING ZeroLength::setDomain(): Element 5000040 has L= 2.27173, which is greater than the tolerance
WARNING ZeroLength::setDomain(): Element 5000041 has L= 2.33136, which is greater than the tolerance
WARNING ZeroLength::setDomain(): Element 5000042 has L= 2.43919, which is greater than the tolerance
WARNING ZeroLength::setDomain(): Element 5000043 has L= 2.5924, which is greater than the tolerance
WARNING ZeroLength::setDomain(): Element 5000044 has L= 2.75869, which is greater than the tolerance
WARNING ZeroLength::setDomain(): Element 5000045 has L= 2.8643, which is greater than the tolerance
WARNING ZeroLength::setDomain(): Element 5000046 has L= 2.8643, which is greater than the tolerance
WARNING ZeroLength::setDomain(): Element 5000047 has L= 2.75869, which is greater than the tolerance
WARNING ZeroLength::setDomain(): Element 5000048 has L= 2.5924, which is greater than the tolerance
WARNING ZeroLength::setDomain(): Element 5000049 has L= 2.43919, which is greater than the tolerance
WARNING ZeroLength::setDomain(): Element 5000050 has L= 2.33136, which is greater than the tolerance
WARNING ZeroLength::setDomain(): Element 5000051 has L= 2.26726, which is greater than the tolerance
WARNING ZeroLength::setDomain(): Element 5000052 has L= 2.46709, which is greater than the tolerance
WARNING ZeroLength::setDomain(): Element 5000053 has L= 2.77212, which is greater than the tolerance
WARNING ZeroLength::setDomain(): Element 5000054 has L= 2.84864, which is greater than the tolerance
WARNING ZeroLength::setDomain(): Element 5000055 has L= 2.93246, which is greater than the tolerance
WARNING ZeroLength::setDomain(): Element 5000056 has L= 2.93246, which is greater than the tolerance
WARNING ZeroLength::setDomain(): Element 5000057 has L= 2.84864, which is greater than the tolerance
WARNING ZeroLength::setDomain(): Element 5000058 has L= 2.77212, which is greater than the tolerance
WARNING ZeroLength::setDomain(): Element 5000059 has L= 2.46709, which is greater than the tolerance
WARNING ZeroLength::setDomain(): Element 5000060 has L= 2.26726, which is greater than the tolerance
WARNING ZeroLength::setDomain(): Element 5000061 has L= 2.17596, which is greater than the tolerance
WARNING ZeroLength::setDomain(): Element 5000062 has L= 2.33497, which is greater than the tolerance
WARNING ZeroLength::setDomain(): Element 5000063 has L= 2.69298, which is greater than the tolerance
WARNING ZeroLength::setDomain(): Element 5000064 has L= 2.79847, which is greater than the tolerance
WARNING ZeroLength::setDomain(): Element 5000065 has L= 2.92877, which is greater than the tolerance
WARNING ZeroLength::setDomain(): Element 5000066 has L= 2.92877, which is greater than the tolerance
WARNING ZeroLength::setDomain(): Element 5000067 has L= 2.79847, which is greater than the tolerance
WARNING ZeroLength::setDomain(): Element 5000068 has L= 2.69298, which is greater than the tolerance
WARNING ZeroLength::setDomain(): Element 5000069 has L= 2.33497, which is greater than the tolerance
WARNING ZeroLength::setDomain(): Element 5000070 has L= 2.17596, which is greater than the tolerance
WARNING ZeroLength::setDomain(): Element 5000071 has L= 2.10111, which is greater than the tolerance
WARNING ZeroLength::setDomain(): Element 5000072 has L= 2.2612, which is greater than the tolerance
WARNING ZeroLength::setDomain(): Element 5000073 has L= 2.63052, which is greater than the tolerance
WARNING ZeroLength::setDomain(): Element 5000074 has L= 2.78208, which is greater than the tolerance
WARNING ZeroLength::setDomain(): Element 5000075 has L= 2.89142, which is greater than the tolerance
WARNING ZeroLength::setDomain(): Element 5000076 has L= 2.89142, which is greater than the tolerance
WARNING ZeroLength::setDomain(): Element 5000077 has L= 2.78208, which is greater than the tolerance
WARNING ZeroLength::setDomain(): Element 5000078 has L= 2.63052, which is greater than the tolerance
WARNING ZeroLength::setDomain(): Element 5000079 has L= 2.2612, which is greater than the tolerance
WARNING ZeroLength::setDomain(): Element 5000080 has L= 2.10111, which is greater than the tolerance
WARNING ZeroLength::setDomain(): Element 5000081 has L= 2.07236, which is greater than the tolerance
WARNING ZeroLength::setDomain(): Element 5000082 has L= 2.20555, which is greater than the tolerance
WARNING ZeroLength::setDomain(): Element 5000083 has L= 2.55719, which is greater than the tolerance
WARNING ZeroLength::setDomain(): Element 5000084 has L= 2.74399, which is greater than the tolerance
WARNING ZeroLength::setDomain(): Element 5000085 has L= 2.79005, which is greater than the tolerance
WARNING ZeroLength::setDomain(): Element 5000086 has L= 2.79005, which is greater than the tolerance
WARNING ZeroLength::setDomain(): Element 5000087 has L= 2.74399, which is greater than the tolerance
WARNING ZeroLength::setDomain(): Element 5000088 has L= 2.55719, which is greater than the tolerance
WARNING ZeroLength::setDomain(): Element 5000089 has L= 2.20555, which is greater than the tolerance
WARNING ZeroLength::setDomain(): Element 5000090 has L= 2.07236, which is greater than the tolerance
WARNING: CTestNormDispIncr::test() - failed to converge 
after: 50 iterations  current Norm: 38901.8 (max: 1e-06, Norm deltaR: 9.45291e+08)
NewtonRaphson::solveCurrentStep() -the ConvergenceTest object failed in test()
StaticAnalysis::analyze() - the Algorithm failed at step: 0 with domain at load factor -10.6892
OpenSees > analyze failed, returned: -3 error flag
WARNING: CTestNormDispIncr::test() - failed to converge 
after: 50 iterations  current Norm: 13074.4 (max: 1e-06, Norm deltaR: 3.47057e+08)
NewtonRaphson::solveCurrentStep() -the ConvergenceTest object failed in test()
StaticAnalysis::analyze() - the Algorithm failed at step: 0 with domain at load factor 136.881
OpenSees > analyze failed, returned: -3 error flag
WARNING: CTestNormDispIncr::test() - failed to converge 
after: 50 iterations  current Norm: 1973.42 (max: 1e-06, Norm deltaR: 1.21164e+08)
NewtonLineSearch::solveCurrentStep() -the ConvergenceTest object failed in test()
StaticAnalysis::analyze() - the Algorithm failed at step: 0 with domain at load factor -2935.65
OpenSees > analyze failed, returned: -3 error flag
WARNING: CTestNormDispIncr::test() - failed to converge 
after: 50 iterations  current Norm: 3241.77 (max: 1e-06, Norm deltaR: 2.51853e+08)
AcceleratedNewton::solveCurrentStep() -The ConvergenceTest object failed in test()
StaticAnalysis::analyze() - the Algorithm failed at step: 0 with domain at load factor 1210.72
OpenSees > analyze failed, returned: -3 error flag
WARNING: CTestNormDispIncr::test() - failed to converge 
after: 50 iterations  current Norm: 2.04956e+69 (max: 1e-06, Norm deltaR: 5.51945e+72)
ModifiedNewton::solveCurrentStep() -the ConvergenceTest object failed in test()
StaticAnalysis::analyze() - the Algorithm failed at step: 0 with domain at load factor 1.88263e+67
OpenSees > analyze failed, returned: -3 error flag
WARNING: CTestNormDispIncr::test() - failed to converge 
after: 50 iterations  current Norm: 25423.7 (max: 1e-06, Norm deltaR: 1.20835e+08)
NewtonRaphson::solveCurrentStep() -the ConvergenceTest object failed in test()
StaticAnalysis::analyze() - the Algorithm failed at step: 0 with domain at load factor -315.811
OpenSees > analyze failed, returned: -3 error flag
WARNING: CTestNormDispIncr::test() - failed to converge 
after: 50 iterations  current Norm: 5093.55 (max: 1e-06, Norm deltaR: 1.52054e+08)
NewtonLineSearch::solveCurrentStep() -the ConvergenceTest object failed in test()
StaticAnalysis::analyze() - the Algorithm failed at step: 0 with domain at load factor 1512.58
OpenSees > analyze failed, returned: -3 error flag
WARNING: CTestNormDispIncr::test() - failed to converge 
after: 50 iterations  current Norm: 4523.12 (max: 1e-06, Norm deltaR: 2.26893e+08)
AcceleratedNewton::solveCurrentStep() -The ConvergenceTest object failed in test()
StaticAnalysis::analyze() - the Algorithm failed at step: 0 with domain at load factor -937.677
OpenSees > analyze failed, returned: -3 error flag
WARNING: CTestNormDispIncr::test() - failed to converge 
after: 50 iterations  current Norm: 1.61461e+68 (max: 1e-06, Norm deltaR: 4.53839e+71)
ModifiedNewton::solveCurrentStep() -the ConvergenceTest object failed in test()
StaticAnalysis::analyze() - the Algorithm failed at step: 0 with domain at load factor -8.4068e+66
OpenSees > analyze failed, returned: -3 error flag
WARNING: CTestNormDispIncr::test() - failed to converge 
after: 50 iterations  current Norm: 51269.3 (max: 1e-06, Norm deltaR: 1.33109e+08)
NewtonRaphson::solveCurrentStep() -the ConvergenceTest object failed in test()
StaticAnalysis::analyze() - the Algorithm failed at step: 0 with domain at load factor -547.264
OpenSees > analyze failed, returned: -3 error flag
WARNING: CTestNormDispIncr::test() - failed to converge 
after: 50 iterations  current Norm: 2965.69 (max: 1e-06, Norm deltaR: 1.18455e+08)
NewtonLineSearch::solveCurrentStep() -the ConvergenceTest object failed in test()
StaticAnalysis::analyze() - the Algorithm failed at step: 0 with domain at load factor 3433.63
OpenSees > analyze failed, returned: -3 error flag
WARNING: CTestNormDispIncr::test() - failed to converge 
after: 50 iterations  current Norm: 267.076 (max: 1e-06, Norm deltaR: 1.56713e+08)
AcceleratedNewton::solveCurrentStep() -The ConvergenceTest object failed in test()
StaticAnalysis::analyze() - the Algorithm failed at step: 0 with domain at load factor -673.191
OpenSees > analyze failed, returned: -3 error flag
WARNING: CTestNormDispIncr::test() - failed to converge 
after: 50 iterations  current Norm: 1.12517e+71 (max: 1e-06, Norm deltaR: 3.11795e+74)
ModifiedNewton::solveCurrentStep() -the ConvergenceTest object failed in test()
StaticAnalysis::analyze() - the Algorithm failed at step: 0 with domain at load factor -5.2608e+69
OpenSees > analyze failed, returned: -3 error flag
WARNING: CTestNormDispIncr::test() - failed to converge 
after: 50 iterations  current Norm: 40432.4 (max: 1e-06, Norm deltaR: 9.13616e+08)
NewtonRaphson::solveCurrentStep() -the ConvergenceTest object failed in test()
StaticAnalysis::analyze() - the Algorithm failed at step: 0 with domain at load factor 1089.83
OpenSees > analyze failed, returned: -3 error flag
WARNING: CTestNormDispIncr::test() - failed to converge 
after: 50 iterations  current Norm: 1447.34 (max: 1e-06, Norm deltaR: 8.84725e+07)
NewtonLineSearch::solveCurrentStep() -the ConvergenceTest object failed in test()
StaticAnalysis::analyze() - the Algorithm failed at step: 0 with domain at load factor -1023.88
OpenSees > analyze failed, returned: -3 error flag
WARNING: CTestNormDispIncr::test() - failed to converge 
after: 50 iterations  current Norm: 51462.6 (max: 1e-06, Norm deltaR: 1.98888e+09)
NewtonRaphson::solveCurrentStep() -the ConvergenceTest object failed in test()
StaticAnalysis::analyze() - the Algorithm failed at step: 0 with domain at load factor -2087.38
OpenSees > analyze failed, returned: -3 error flag
WARNING: CTestNormDispIncr::test() - failed to converge 
after: 50 iterations  current Norm: 7632.38 (max: 1e-06, Norm deltaR: 1.96992e+08)
NewtonLineSearch::solveCurrentStep() -the ConvergenceTest object failed in test()
StaticAnalysis::analyze() - the Algorithm failed at step: 0 with domain at load factor -6536.58
OpenSees > analyze failed, returned: -3 error flag
WARNING: CTestNormDispIncr::test() - failed to converge 
after: 50 iterations  current Norm: 5696.11 (max: 1e-06, Norm deltaR: 1.05237e+08)
AcceleratedNewton::solveCurrentStep() -The ConvergenceTest object failed in test()
StaticAnalysis::analyze() - the Algorithm failed at step: 0 with domain at load factor 914.737
OpenSees > analyze failed, returned: -3 error flag
WARNING: CTestNormDispIncr::test() - failed to converge 
after: 50 iterations  current Norm: 1.73022e+69 (max: 1e-06, Norm deltaR: 9.61873e+72)
ModifiedNewton::solveCurrentStep() -the ConvergenceTest object failed in test()
StaticAnalysis::analyze() - the Algorithm failed at step: 0 with domain at load factor -6.98258e+67
OpenSees > analyze failed, returned: -3 error flag
WARNING: CTestNormDispIncr::test() - failed to converge 
after: 50 iterations  current Norm: 47921.9 (max: 1e-06, Norm deltaR: 7.07045e+07)
NewtonRaphson::solveCurrentStep() -the ConvergenceTest object failed in test()
StaticAnalysis::analyze() - the Algorithm failed at step: 0 with domain at load factor -551.724
OpenSees > analyze failed, returned: -3 error flag
WARNING: CTestNormDispIncr::test() - failed to converge 
after: 50 iterations  current Norm: 787814 (max: 1e-06, Norm deltaR: 1.72171e+10)
NewtonRaphson::solveCurrentStep() -the ConvergenceTest object failed in test()
StaticAnalysis::analyze() - the Algorithm failed at step: 0 with domain at load factor 25734.5
OpenSees > analyze failed, returned: -3 error flag
WARNING ZeroLength::setDomain(): Element 5000091 has L= 7.76379, which is greater than the tolerance
WARNING ZeroLength::setDomain(): Element 5000092 has L= 50.4904, which is greater than the tolerance
WARNING ZeroLength::setDomain(): Element 5000093 has L= 7.92166, which is greater than the tolerance
WARNING ZeroLength::setDomain(): Element 5000094 has L= 47.0567, which is greater than the tolerance
WARNING ZeroLength::setDomain(): Element 5000095 has L= 7.61794, which is greater than the tolerance
WARNING: CTestNormDispIncr::test() - failed to converge 
after: 50 iterations  current Norm: 39418.6 (max: 1e-06, Norm deltaR: 1.0722e+09)
NewtonRaphson::solveCurrentStep() -the ConvergenceTest object failed in test()
StaticAnalysis::analyze() - the Algorithm failed at step: 0 with domain at load factor -4012.08
OpenSees > analyze failed, returned: -3 error flag
WARNING: CTestNormDispIncr::test() - failed to converge 
after: 50 iterations  current Norm: 3210.77 (max: 1e-06, Norm deltaR: 1.0968e+08)
NewtonLineSearch::solveCurrentStep() -the ConvergenceTest object failed in test()
StaticAnalysis::analyze() - the Algorithm failed at step: 0 with domain at load factor -3422.42
OpenSees > analyze failed, returned: -3 error flag
WARNING: CTestNormDispIncr::test() - failed to converge 
after: 50 iterations  current Norm: 12603.9 (max: 1e-06, Norm deltaR: 2.73822e+08)
AcceleratedNewton::solveCurrentStep() -The ConvergenceTest object failed in test()
StaticAnalysis::analyze() - the Algorithm failed at step: 0 with domain at load factor 1495.76
OpenSees > analyze failed, returned: -3 error flag
WARNING: CTestNormDispIncr::test() - failed to converge 
after: 50 iterations  current Norm: 1.40772e+84 (max: 1e-06, Norm deltaR: 3.39574e+88)
ModifiedNewton::solveCurrentStep() -the ConvergenceTest object failed in test()
StaticAnalysis::analyze() - the Algorithm failed at step: 0 with domain at load factor -1.56966e+83
OpenSees > analyze failed, returned: -3 error flag
WARNING: CTestNormDispIncr::test() - failed to converge 
after: 50 iterations  current Norm: 383832 (max: 1e-06, Norm deltaR: 3.12547e+08)
NewtonRaphson::solveCurrentStep() -the ConvergenceTest object failed in test()
StaticAnalysis::analyze() - the Algorithm failed at step: 0 with domain at load factor 197.672
OpenSees > analyze failed, returned: -3 error flag
WARNING ZeroLength::setDomain(): Element 5000096 has L= 54.3046, which is greater than the tolerance
WARNING: CTestNormDispIncr::test() - failed to converge 
after: 50 iterations  current Norm: 184809 (max: 1e-06, Norm deltaR: 1.22312e+08)
NewtonRaphson::solveCurrentStep() -the ConvergenceTest object failed in test()
StaticAnalysis::analyze() - the Algorithm failed at step: 0 with domain at load factor 1.47544
OpenSees > analyze failed, returned: -3 error flag
WARNING: CTestNormDispIncr::test() - failed to converge 
after: 50 iterations  current Norm: 19418.7 (max: 1e-06, Norm deltaR: 3.45739e+08)
NewtonRaphson::solveCurrentStep() -the ConvergenceTest object failed in test()
StaticAnalysis::analyze() - the Algorithm failed at step: 0 with domain at load factor 3709.59
OpenSees > analyze failed, returned: -3 error flag
WARNING ZeroLength::setDomain(): Element 5000097 has L= 50.237, which is greater than the tolerance
WARNING ZeroLength::setDomain(): Element 5000098 has L= 8.07416, which is greater than the tolerance
WARNING ZeroLength::setDomain(): Element 5000099 has L= 58.3943, which is greater than the tolerance
WARNING: CTestNormDispIncr::test() - failed to converge 
after: 50 iterations  current Norm: 2.28264 (max: 1e-06, Norm deltaR: 58806.8)
NewtonRaphson::solveCurrentStep() -the ConvergenceTest object failed in test()
StaticAnalysis::analyze() - the Algorithm failed at step: 0 with domain at load factor 375.275
OpenSees > analyze failed, returned: -3 error flag
WARNING ZeroLength::setDomain(): Element 5000100 has L= 7.76379, which is greater than the tolerance
WARNING ZeroLength::setDomain(): Element 5000101 has L= 17.2643, which is greater than the tolerance
WARNING ZeroLength::setDomain(): Element 5000102 has L= 16.8558, which is greater than the tolerance
WARNING ZeroLength::setDomain(): Element 5000103 has L= 17.6689, which is greater than the tolerance
WARNING ZeroLength::setDomain(): Element 5000104 has L= 21.3376, which is greater than the tolerance
WARNING ZeroLength::setDomain(): Element 5000105 has L= 9.88091, which is greater than the tolerance
WARNING: CTestNormDispIncr::test() - failed to converge 
after: 50 iterations  current Norm: 55445.4 (max: 1e-06, Norm deltaR: 7.25693e+07)
NewtonRaphson::solveCurrentStep() -the ConvergenceTest object failed in test()
StaticAnalysis::analyze() - the Algorithm failed at step: 0 with domain at load factor 53.9415
OpenSees > analyze failed, returned: -3 error flag
WARNING ZeroLength::setDomain(): Element 5000106 has L= 20.9334, which is greater than the tolerance
WARNING: CTestNormDispIncr::test() - failed to converge 
after: 50 iterations  current Norm: 29927.9 (max: 1e-06, Norm deltaR: 5.87841e+07)
NewtonRaphson::solveCurrentStep() -the ConvergenceTest object failed in test()
StaticAnalysis::analyze() - the Algorithm failed at step: 0 with domain at load factor 229.081
OpenSees > analyze failed, returned: -3 error flag
WARNING: CTestNormDispIncr::test() - failed to converge 
after: 50 iterations  current Norm: 0.0807406 (max: 1e-06, Norm deltaR: 22206.3)
NewtonLineSearch::solveCurrentStep() -the ConvergenceTest object failed in test()
StaticAnalysis::analyze() - the Algorithm failed at step: 0 with domain at load factor 397.36
OpenSees > analyze failed, returned: -3 error flag
WARNING: CTestNormDispIncr::test() - failed to converge 
after: 50 iterations  current Norm: 0.321156 (max: 1e-06, Norm deltaR: 21967.8)
AcceleratedNewton::solveCurrentStep() -The ConvergenceTest object failed in test()
StaticAnalysis::analyze() - the Algorithm failed at step: 0 with domain at load factor 397.339
OpenSees > analyze failed, returned: -3 error flag
WARNING: CTestNormDispIncr::test() - failed to converge 
after: 50 iterations  current Norm: 1.96175e+78 (max: 1e-06, Norm deltaR: 1.61801e+82)
ModifiedNewton::solveCurrentStep() -the ConvergenceTest object failed in test()
StaticAnalysis::analyze() - the Algorithm failed at step: 0 with domain at load factor -1.88207e+76
OpenSees > analyze failed, returned: -3 error flag
WARNING ZeroLength::setDomain(): Element 5000107 has L= 7.61794, which is greater than the tolerance
WARNING: CTestNormDispIncr::test() - failed to converge 
after: 50 iterations  current Norm: 28432.8 (max: 1e-06, Norm deltaR: 9.27052e+08)
NewtonRaphson::solveCurrentStep() -the ConvergenceTest object failed in test()
StaticAnalysis::analyze() - the Algorithm failed at step: 0 with domain at load factor -5338.53
OpenSees > analyze failed, returned: -3 error flag
WARNING ZeroLength::setDomain(): Element 5000108 has L= 18.0448, which is greater than the tolerance
WARNING ZeroLength::setDomain(): Element 5000109 has L= 62.8116, which is greater than the tolerance
WARNING ZeroLength::setDomain(): Element 5000110 has L= 7.46294, which is greater than the tolerance
WARNING ZeroLength::setDomain(): Element 5000111 has L= 7.28865, which is greater than the tolerance
WARNING ZeroLength::setDomain(): Element 5000112 has L= 21.7865, which is greater than the tolerance
WARNING ZeroLength::setDomain(): Element 5000113 has L= 7.92166, which is greater than the tolerance
WARNING ZeroLength::setDomain(): Element 5000114 has L= 7.46294, which is greater than the tolerance
WARNING ZeroLength::setDomain(): Element 5000115 has L= 60.9183, which is greater than the tolerance
WARNING ZeroLength::setDomain(): Element 5000116 has L= 16.1644, which is greater than the tolerance
WARNING ZeroLength::setDomain(): Element 5000117 has L= 7.13343, which is greater than the tolerance
WARNING ZeroLength::setDomain(): Element 5000118 has L= 9.65293, which is greater than the tolerance
WARNING: CTestNormDispIncr::test() - failed to converge 
after: 50 iterations  current Norm: 42749.1 (max: 1e-06, Norm deltaR: 3.97545e+08)
NewtonRaphson::solveCurrentStep() -the ConvergenceTest object failed in test()
StaticAnalysis::analyze() - the Algorithm failed at step: 0 with domain at load factor -1593.17
OpenSees > analyze failed, returned: -3 error flag
WARNING: CTestNormDispIncr::test() - failed to converge 
after: 50 iterations  current Norm: 1656.79 (max: 1e-06, Norm deltaR: 8.7127e+07)
NewtonLineSearch::solveCurrentStep() -the ConvergenceTest object failed in test()
StaticAnalysis::analyze() - the Algorithm failed at step: 0 with domain at load factor 286.413
OpenSees > analyze failed, returned: -3 error flag
WARNING ZeroLength::setDomain(): Element 5000119 has L= 8.24245, which is greater than the tolerance
WARNING ZeroLength::setDomain(): Element 5000120 has L= 16.5073, which is greater than the tolerance
WARNING ZeroLength::setDomain(): Element 5000121 has L= 57.8388, which is greater than the tolerance
WARNING: CTestNormDispIncr::test() - failed to converge 
after: 50 iterations  current Norm: 19785 (max: 1e-06, Norm deltaR: 8.31218e+07)
NewtonRaphson::solveCurrentStep() -the ConvergenceTest object failed in test()
StaticAnalysis::analyze() - the Algorithm failed at step: 0 with domain at load factor 1228.23
OpenSees > analyze failed, returned: -3 error flag
WARNING: CTestNormDispIncr::test() - failed to converge 
after: 50 iterations  current Norm: 27.4889 (max: 1e-06, Norm deltaR: 806906)
NewtonLineSearch::solveCurrentStep() -the ConvergenceTest object failed in test()
StaticAnalysis::analyze() - the Algorithm failed at step: 0 with domain at load factor 448.405
OpenSees > analyze failed, returned: -3 error flag
WARNING: CTestNormDispIncr::test() - failed to converge 
after: 50 iterations  current Norm: 64.6017 (max: 1e-06, Norm deltaR: 150395)
AcceleratedNewton::solveCurrentStep() -The ConvergenceTest object failed in test()
StaticAnalysis::analyze() - the Algorithm failed at step: 0 with domain at load factor 449.587
OpenSees > analyze failed, returned: -3 error flag
WARNING: CTestNormDispIncr::test() - failed to converge 
after: 50 iterations  current Norm: 2.93599e+113 (max: 1e-06, Norm deltaR: 2.06856e+117)
ModifiedNewton::solveCurrentStep() -the ConvergenceTest object failed in test()
StaticAnalysis::analyze() - the Algorithm failed at step: 0 with domain at load factor 2.72501e+111
OpenSees > analyze failed, returned: -3 error flag
WARNING: CTestNormDispIncr::test() - failed to converge 
after: 50 iterations  current Norm: 203233 (max: 1e-06, Norm deltaR: 8.85242e+07)
NewtonRaphson::solveCurrentStep() -the ConvergenceTest object failed in test()
StaticAnalysis::analyze() - the Algorithm failed at step: 0 with domain at load factor 579.279
OpenSees > analyze failed, returned: -3 error flag
WARNING: CTestNormDispIncr::test() - failed to converge 
after: 50 iterations  current Norm: 9362.03 (max: 1e-06, Norm deltaR: 1.50897e+08)
NewtonLineSearch::solveCurrentStep() -the ConvergenceTest object failed in test()
StaticAnalysis::analyze() - the Algorithm failed at step: 0 with domain at load factor 1155.02
OpenSees > analyze failed, returned: -3 error flag
WARNING: CTestNormDispIncr::test() - failed to converge 
after: 50 iterations  current Norm: 61.698 (max: 1e-06, Norm deltaR: 249423)
AcceleratedNewton::solveCurrentStep() -The ConvergenceTest object failed in test()
StaticAnalysis::analyze() - the Algorithm failed at step: 0 with domain at load factor 445.627
OpenSees > analyze failed, returned: -3 error flag
WARNING: CTestNormDispIncr::test() - failed to converge 
after: 50 iterations  current Norm: 2.36357e+118 (max: 1e-06, Norm deltaR: 1.65671e+122)
ModifiedNewton::solveCurrentStep() -the ConvergenceTest object failed in test()
StaticAnalysis::analyze() - the Algorithm failed at step: 0 with domain at load factor 6.65933e+116
OpenSees > analyze failed, returned: -3 error flag
WARNING: CTestNormDispIncr::test() - failed to converge 
after: 50 iterations  current Norm: 116935 (max: 1e-06, Norm deltaR: 4.5929e+09)
NewtonRaphson::solveCurrentStep() -the ConvergenceTest object failed in test()
StaticAnalysis::analyze() - the Algorithm failed at step: 0 with domain at load factor -6971.35
OpenSees > analyze failed, returned: -3 error flag
WARNING: CTestNormDispIncr::test() - failed to converge 
after: 50 iterations  current Norm: 6561.71 (max: 1e-06, Norm deltaR: 2.96211e+08)
NewtonLineSearch::solveCurrentStep() -the ConvergenceTest object failed in test()
StaticAnalysis::analyze() - the Algorithm failed at step: 0 with domain at load factor -2351.3
OpenSees > analyze failed, returned: -3 error flag
WARNING: CTestNormDispIncr::test() - failed to converge 
after: 50 iterations  current Norm: 7.38567 (max: 1e-06, Norm deltaR: 113556)
AcceleratedNewton::solveCurrentStep() -The ConvergenceTest object failed in test()
StaticAnalysis::analyze() - the Algorithm failed at step: 0 with domain at load factor 443.521
OpenSees > analyze failed, returned: -3 error flag
WARNING: CTestNormDispIncr::test() - failed to converge 
after: 50 iterations  current Norm: 2.84632e+137 (max: 1e-06, Norm deltaR: 1.89543e+141)
ModifiedNewton::solveCurrentStep() -the ConvergenceTest object failed in test()
StaticAnalysis::analyze() - the Algorithm failed at step: 0 with domain at load factor 1.02053e+136
OpenSees > analyze failed, returned: -3 error flag
WARNING ZeroLength::setDomain(): Element 5000122 has L= 20.5399, which is greater than the tolerance
WARNING: CTestNormDispIncr::test() - failed to converge 
after: 50 iterations  current Norm: 165123 (max: 1e-06, Norm deltaR: 7.67282e+08)
NewtonRaphson::solveCurrentStep() -the ConvergenceTest object failed in test()
StaticAnalysis::analyze() - the Algorithm failed at step: 0 with domain at load factor -579.674
OpenSees > analyze failed, returned: -3 error flag
WARNING: CTestNormDispIncr::test() - failed to converge 
after: 50 iterations  current Norm: 2483.07 (max: 1e-06, Norm deltaR: 1.15669e+08)
NewtonLineSearch::solveCurrentStep() -the ConvergenceTest object failed in test()
StaticAnalysis::analyze() - the Algorithm failed at step: 0 with domain at load factor 1262.78
OpenSees > analyze failed, returned: -3 error flag
WARNING: CTestNormDispIncr::test() - failed to converge 
after: 50 iterations  current Norm: 3740.2 (max: 1e-06, Norm deltaR: 8.83438e+07)
AcceleratedNewton::solveCurrentStep() -The ConvergenceTest object failed in test()
StaticAnalysis::analyze() - the Algorithm failed at step: 0 with domain at load factor 389.568
OpenSees > analyze failed, returned: -3 error flag
WARNING: CTestNormDispIncr::test() - failed to converge 
after: 50 iterations  current Norm: 1.08501e+134 (max: 1e-06, Norm deltaR: 1.57148e+138)
ModifiedNewton::solveCurrentStep() -the ConvergenceTest object failed in test()
StaticAnalysis::analyze() - the Algorithm failed at step: 0 with domain at load factor 3.56769e+133
OpenSees > analyze failed, returned: -3 error flag
WARNING: CTestNormDispIncr::test() - failed to converge 
after: 50 iterations  current Norm: 21387.9 (max: 1e-06, Norm deltaR: 3.24583e+08)
NewtonRaphson::solveCurrentStep() -the ConvergenceTest object failed in test()
StaticAnalysis::analyze() - the Algorithm failed at step: 0 with domain at load factor 450.165
OpenSees > analyze failed, returned: -3 error flag
WARNING: CTestNormDispIncr::test() - failed to converge 
after: 50 iterations  current Norm: 13878.3 (max: 1e-06, Norm deltaR: 1.22766e+08)
NewtonLineSearch::solveCurrentStep() -the ConvergenceTest object failed in test()
StaticAnalysis::analyze() - the Algorithm failed at step: 0 with domain at load factor 465.403
OpenSees > analyze failed, returned: -3 error flag
WARNING: CTestNormDispIncr::test() - failed to converge 
after: 50 iterations  current Norm: 105643 (max: 1e-06, Norm deltaR: 5.15212e+08)
AcceleratedNewton::solveCurrentStep() -The ConvergenceTest object failed in test()
StaticAnalysis::analyze() - the Algorithm failed at step: 0 with domain at load factor -4158.37
OpenSees > analyze failed, returned: -3 error flag
WARNING: CTestNormDispIncr::test() - failed to converge 
after: 50 iterations  current Norm: 1.27905e+84 (max: 1e-06, Norm deltaR: 9.9986e+87)
ModifiedNewton::solveCurrentStep() -the ConvergenceTest object failed in test()
StaticAnalysis::analyze() - the Algorithm failed at step: 0 with domain at load factor 7.99069e+82
OpenSees > analyze failed, returned: -3 error flag
WARNING: CTestNormDispIncr::test() - failed to converge 
after: 50 iterations  current Norm: 28298.4 (max: 1e-06, Norm deltaR: 4.64225e+08)
NewtonRaphson::solveCurrentStep() -the ConvergenceTest object failed in test()
StaticAnalysis::analyze() - the Algorithm failed at step: 0 with domain at load factor -2676.56
OpenSees > analyze failed, returned: -3 error flag
WARNING ZeroLength::setDomain(): Element 5000123 has L= 8.44148, which is greater than the tolerance
WARNING ZeroLength::setDomain(): Element 5000124 has L= 17.2643, which is greater than the tolerance
WARNING ZeroLength::setDomain(): Element 5000125 has L= 22.2962, which is greater than the tolerance
WARNING ZeroLength::setDomain(): Element 5000126 has L= 16.8558, which is greater than the tolerance
WARNING ZeroLength::setDomain(): Element 5000127 has L= 35.6614, which is greater than the tolerance
WARNING ZeroLength::setDomain(): Element 5000128 has L= 62.498, which is greater than the tolerance
WARNING ZeroLength::setDomain(): Element 5000129 has L= 74.6628, which is greater than the tolerance
WARNING ZeroLength::setDomain(): Element 5000130 has L= 27.9289, which is greater than the tolerance
WARNING ZeroLength::setDomain(): Element 5000131 has L= 8.07416, which is greater than the tolerance
WARNING ZeroLength::setDomain(): Element 5000132 has L= 34.9505, which is greater than the tolerance
WARNING ZeroLength::setDomain(): Element 5000133 has L= 59.5253, which is greater than the tolerance
WARNING ZeroLength::setDomain(): Element 5000134 has L= 34.9505, which is greater than the tolerance
WARNING ZeroLength::setDomain(): Element 5000135 has L= 27.2904, which is greater than the tolerance
WARNING ZeroLength::setDomain(): Element 5000136 has L= 34.2674, which is greater than the tolerance
WARNING ZeroLength::setDomain(): Element 5000137 has L= 26.714, which is greater than the tolerance
WARNING ZeroLength::setDomain(): Element 5000138 has L= 16.1644, which is greater than the tolerance
WARNING ZeroLength::setDomain(): Element 5000139 has L= 20.5399, which is greater than the tolerance
WARNING ZeroLength::setDomain(): Element 5000140 has L= 33.6598, which is greater than the tolerance
WARNING ZeroLength::setDomain(): Element 5000141 has L= 15.8585, which is greater than the tolerance
WARNING ZeroLength::setDomain(): Element 5000142 has L= 20.115, which is greater than the tolerance
WARNING ZeroLength::setDomain(): Element 5000143 has L= 10.1354, which is greater than the tolerance
WARNING ZeroLength::setDomain(): Element 5000144 has L= 9.44716, which is greater than the tolerance
WARNING: CTestNormDispIncr::test() - failed to converge 
after: 50 iterations  current Norm: 107375 (max: 1e-06, Norm deltaR: 1.1499e+09)
NewtonRaphson::solveCurrentStep() -the ConvergenceTest object failed in test()
StaticAnalysis::analyze() - the Algorithm failed at step: 0 with domain at load factor -1149.82
OpenSees > analyze failed, returned: -3 error flag
WARNING ZeroLength::setDomain(): Element 5000145 has L= 8.63844, which is greater than the tolerance
WARNING ZeroLength::setDomain(): Element 5000146 has L= 58.6162, which is greater than the tolerance
WARNING ZeroLength::setDomain(): Element 5000147 has L= 61.0561, which is greater than the tolerance
WARNING ZeroLength::setDomain(): Element 5000148 has L= 7.01585, which is greater than the tolerance
WARNING: CTestNormDispIncr::test() - failed to converge 
after: 50 iterations  current Norm: 40335.5 (max: 1e-06, Norm deltaR: 6.16719e+08)
NewtonRaphson::solveCurrentStep() -the ConvergenceTest object failed in test()
StaticAnalysis::analyze() - the Algorithm failed at step: 0 with domain at load factor -1606.12
OpenSees > analyze failed, returned: -3 error flag
WARNING: CTestNormDispIncr::test() - failed to converge 
after: 50 iterations  current Norm: 8866.22 (max: 1e-06, Norm deltaR: 2.59649e+08)
NewtonLineSearch::solveCurrentStep() -the ConvergenceTest object failed in test()
StaticAnalysis::analyze() - the Algorithm failed at step: 0 with domain at load factor -6259.85
OpenSees > analyze failed, returned: -3 error flag
WARNING: CTestNormDispIncr::test() - failed to converge 
after: 50 iterations  current Norm: 0.000312851 (max: 1e-06, Norm deltaR: 11.811)
AcceleratedNewton::solveCurrentStep() -The ConvergenceTest object failed in test()
StaticAnalysis::analyze() - the Algorithm failed at step: 0 with domain at load factor 471.976
OpenSees > analyze failed, returned: -3 error flag
WARNING: CTestNormDispIncr::test() - failed to converge 
after: 50 iterations  current Norm: 2.62823e+93 (max: 1e-06, Norm deltaR: 3.7266e+97)
ModifiedNewton::solveCurrentStep() -the ConvergenceTest object failed in test()
StaticAnalysis::analyze() - the Algorithm failed at step: 0 with domain at load factor 4.53363e+92
OpenSees > analyze failed, returned: -3 error flag
WARNING ZeroLength::setDomain(): Element 5000149 has L= 72.6538, which is greater than the tolerance
WARNING ZeroLength::setDomain(): Element 5000150 has L= 56.6458, which is greater than the tolerance
WARNING ZeroLength::setDomain(): Element 5000151 has L= 15.8585, which is greater than the tolerance
WARNING ZeroLength::setDomain(): Element 5000152 has L= 63.907, which is greater than the tolerance
WARNING ZeroLength::setDomain(): Element 5000153 has L= 10.6538, which is greater than the tolerance
WARNING ZeroLength::setDomain(): Element 5000154 has L= 51.3247, which is greater than the tolerance
WARNING ZeroLength::setDomain(): Element 5000155 has L= 52.7727, which is greater than the tolerance
WARNING ZeroLength::setDomain(): Element 5000156 has L= 7.28865, which is greater than the tolerance
WARNING ZeroLength::setDomain(): Element 5000157 has L= 16.5073, which is greater than the tolerance
WARNING ZeroLength::setDomain(): Element 5000158 has L= 51.5245, which is greater than the tolerance
WARNING ZeroLength::setDomain(): Element 5000159 has L= 15.5458, which is greater than the tolerance
WARNING ZeroLength::setDomain(): Element 5000160 has L= 54.5267, which is greater than the tolerance
WARNING ZeroLength::setDomain(): Element 5000161 has L= 7.13343, which is greater than the tolerance
WARNING ZeroLength::setDomain(): Element 5000162 has L= 9.65293, which is greater than the tolerance
WARNING ZeroLength::setDomain(): Element 5000163 has L= 6.93007, which is greater than the tolerance
WARNING ZeroLength::setDomain(): Element 5000164 has L= 8.24245, which is greater than the tolerance
WARNING ZeroLength::setDomain(): Element 5000165 has L= 10.4037, which is greater than the tolerance
WARNING ZeroLength::setDomain(): Element 5000166 has L= 20.115, which is greater than the tolerance
WARNING ZeroLength::setDomain(): Element 5000167 has L= 33.0101, which is greater than the tolerance
WARNING ZeroLength::setDomain(): Element 5000168 has L= 22.7175, which is greater than the tolerance
WARNING ZeroLength::setDomain(): Element 5000169 has L= 28.6394, which is greater than the tolerance
WARNING ZeroLength::setDomain(): Element 5000170 has L= 55.9437, which is greater than the tolerance
WARNING ZeroLength::setDomain(): Element 5000171 has L= 10.1354, which is greater than the tolerance
WARNING: CTestNormDispIncr::test() - failed to converge 
after: 50 iterations  current Norm: 27756.7 (max: 1e-06, Norm deltaR: 9.92313e+07)
NewtonRaphson::solveCurrentStep() -the ConvergenceTest object failed in test()
StaticAnalysis::analyze() - the Algorithm failed at step: 0 with domain at load factor 317.49
OpenSees > analyze failed, returned: -3 error flag
WARNING ZeroLength::setDomain(): Element 5000172 has L= 52.8674, which is greater than the tolerance
WARNING ZeroLength::setDomain(): Element 5000173 has L= 53.7862, which is greater than the tolerance
WARNING ZeroLength::setDomain(): Element 5000174 has L= 53.5143, which is greater than the tolerance
WARNING ZeroLength::setDomain(): Element 5000175 has L= 53.6901, which is greater than the tolerance
WARNING ZeroLength::setDomain(): Element 5000176 has L= 15.5458, which is greater than the tolerance
WARNING ZeroLength::setDomain(): Element 5000177 has L= 8.79129, which is greater than the tolerance
WARNING ZeroLength::setDomain(): Element 5000178 has L= 33.6598, which is greater than the tolerance
WARNING ZeroLength::setDomain(): Element 5000179 has L= 51.8361, which is greater than the tolerance
WARNING ZeroLength::setDomain(): Element 5000180 has L= 54.3349, which is greater than the tolerance
WARNING ZeroLength::setDomain(): Element 5000181 has L= 18.3812, which is greater than the tolerance
WARNING ZeroLength::setDomain(): Element 5000182 has L= 36.3424, which is greater than the tolerance
WARNING: CTestNormDispIncr::test() - failed to converge 
after: 50 iterations  current Norm: 79245.1 (max: 1e-06, Norm deltaR: 9.49978e+07)
NewtonRaphson::solveCurrentStep() -the ConvergenceTest object failed in test()
StaticAnalysis::analyze() - the Algorithm failed at step: 0 with domain at load factor 677.211
OpenSees > analyze failed, returned: -3 error flag
WARNING ZeroLength::setDomain(): Element 5000183 has L= 52.8668, which is greater than the tolerance
WARNING ZeroLength::setDomain(): Element 5000184 has L= 64.6225, which is greater than the tolerance
WARNING ZeroLength::setDomain(): Element 5000185 has L= 54.8772, which is greater than the tolerance
WARNING: CTestNormDispIncr::test() - failed to converge 
after: 50 iterations  current Norm: 120452 (max: 1e-06, Norm deltaR: 3.30606e+09)
NewtonRaphson::solveCurrentStep() -the ConvergenceTest object failed in test()
StaticAnalysis::analyze() - the Algorithm failed at step: 0 with domain at load factor 24686.1
OpenSees > analyze failed, returned: -3 error flag
WARNING: CTestNormDispIncr::test() - failed to converge 
after: 50 iterations  current Norm: 2248.76 (max: 1e-06, Norm deltaR: 1.85899e+08)
NewtonLineSearch::solveCurrentStep() -the ConvergenceTest object failed in test()
StaticAnalysis::analyze() - the Algorithm failed at step: 0 with domain at load factor 1612.9
OpenSees > analyze failed, returned: -3 error flag
WARNING: CTestNormDispIncr::test() - failed to converge 
after: 50 iterations  current Norm: 1.19487e-05 (max: 1e-06, Norm deltaR: 0.490897)
AcceleratedNewton::solveCurrentStep() -The ConvergenceTest object failed in test()
StaticAnalysis::analyze() - the Algorithm failed at step: 0 with domain at load factor 940.792
OpenSees > analyze failed, returned: -3 error flag
WARNING: CTestNormDispIncr::test() - failed to converge 
after: 50 iterations  current Norm: 6.14667e+71 (max: 1e-06, Norm deltaR: 4.88797e+75)
ModifiedNewton::solveCurrentStep() -the ConvergenceTest object failed in test()
StaticAnalysis::analyze() - the Algorithm failed at step: 0 with domain at load factor -3.04714e+70
OpenSees > analyze failed, returned: -3 error flag
WARNING ZeroLength::setDomain(): Element 5000186 has L= 34.2674, which is greater than the tolerance
WARNING ZeroLength::setDomain(): Element 5000187 has L= 55.9513, which is greater than the tolerance
WARNING ZeroLength::setDomain(): Element 5000188 has L= 29.2227, which is greater than the tolerance
