WARNING ZeroLength::setDomain(): Element 5000001 has L= 2.4888, which is greater than the tolerance
WARNING ZeroLength::setDomain(): Element 5000002 has L= 2.23537, which is greater than the tolerance
WARNING ZeroLength::setDomain(): Element 5000003 has L= 1.83012, which is greater than the tolerance
WARNING ZeroLength::setDomain(): Element 5000004 has L= 1.83177, which is greater than the tolerance
WARNING ZeroLength::setDomain(): Element 5000005 has L= 1.7671, which is greater than the tolerance
WARNING ZeroLength::setDomain(): Element 5000006 has L= 1.7671, which is greater than the tolerance
WARNING ZeroLength::setDomain(): Element 5000007 has L= 1.83177, which is greater than the tolerance
WARNING ZeroLength::setDomain(): Element 5000008 has L= 1.83012, which is greater than the tolerance
WARNING ZeroLength::setDomain(): Element 5000009 has L= 2.23537, which is greater than the tolerance
WARNING ZeroLength::setDomain(): Element 5000010 has L= 2.4888, which is greater than the tolerance
WARNING ZeroLength::setDomain(): Element 5000011 has L= 2.34209, which is greater than the tolerance
WARNING ZeroLength::setDomain(): Element 5000012 has L= 2.20375, which is greater than the tolerance
WARNING ZeroLength::setDomain(): Element 5000013 has L= 1.94501, which is greater than the tolerance
WARNING ZeroLength::setDomain(): Element 5000014 has L= 1.97065, which is greater than the tolerance
WARNING ZeroLength::setDomain(): Element 5000015 has L= 1.95835, which is greater than the tolerance
WARNING ZeroLength::setDomain(): Element 5000016 has L= 1.95835, which is greater than the tolerance
WARNING ZeroLength::setDomain(): Element 5000017 has L= 1.97065, which is greater than the tolerance
WARNING ZeroLength::setDomain(): Element 5000018 has L= 1.94501, which is greater than the tolerance
WARNING ZeroLength::setDomain(): Element 5000019 has L= 2.20375, which is greater than the tolerance
WARNING ZeroLength::setDomain(): Element 5000020 has L= 2.34209, which is greater than the tolerance
WARNING ZeroLength::setDomain(): Element 5000021 has L= 2.27704, which is greater than the tolerance
WARNING ZeroLength::setDomain(): Element 5000022 has L= 2.237, which is greater than the tolerance
WARNING ZeroLength::setDomain(): Element 5000023 has L= 2.11884, which is greater than the tolerance
WARNING ZeroLength::setDomain(): Element 5000024 has L= 2.18365, which is greater than the tolerance
WARNING ZeroLength::setDomain(): Element 5000025 has L= 2.22052, which is greater than the tolerance
WARNING ZeroLength::setDomain(): Element 5000026 has L= 2.22052, which is greater than the tolerance
WARNING ZeroLength::setDomain(): Element 5000027 has L= 2.18365, which is greater than the tolerance
WARNING ZeroLength::setDomain(): Element 5000028 has L= 2.11884, which is greater than the tolerance
WARNING ZeroLength::setDomain(): Element 5000029 has L= 2.237, which is greater than the tolerance
WARNING ZeroLength::setDomain(): Element 5000030 has L= 2.27704, which is greater than the tolerance
WARNING ZeroLength::setDomain(): Element 5000031 has L= 2.32158, which is greater than the tolerance
WARNING ZeroLength::setDomain(): Element 5000032 has L= 2.33337, which is greater than the tolerance
WARNING ZeroLength::setDomain(): Element 5000033 has L= 2.33248, which is greater than the tolerance
WARNING ZeroLength::setDomain(): Element 5000034 has L= 2.50382, which is greater than the tolerance
WARNING ZeroLength::setDomain(): Element 5000035 has L= 2.64395, which is greater than the tolerance
WARNING ZeroLength::setDomain(): Element 5000036 has L= 2.64395, which is greater than the tolerance
WARNING ZeroLength::setDomain(): Element 5000037 has L= 2.50382, which is greater than the tolerance
WARNING ZeroLength::setDomain(): Element 5000038 has L= 2.33248, which is greater than the tolerance
WARNING ZeroLength::setDomain(): Element 5000039 has L= 2.33337, which is greater than the tolerance
WARNING ZeroLength::setDomain(): Element 5000040 has L= 2.32158, which is greater than the tolerance
WARNING ZeroLength::setDomain(): Element 5000041 has L= 2.38128, which is greater than the tolerance
WARNING ZeroLength::setDomain(): Element 5000042 has L= 2.48912, which is greater than the tolerance
WARNING ZeroLength::setDomain(): Element 5000043 has L= 2.64234, which is greater than the tolerance
WARNING ZeroLength::setDomain(): Element 5000044 has L= 2.80863, which is greater than the tolerance
WARNING ZeroLength::setDomain(): Element 5000045 has L= 2.91424, which is greater than the tolerance
WARNING ZeroLength::setDomain(): Element 5000046 has L= 2.91424, which is greater than the tolerance
WARNING ZeroLength::setDomain(): Element 5000047 has L= 2.80863, which is greater than the tolerance
WARNING ZeroLength::setDomain(): Element 5000048 has L= 2.64234, which is greater than the tolerance
WARNING ZeroLength::setDomain(): Element 5000049 has L= 2.48912, which is greater than the tolerance
WARNING ZeroLength::setDomain(): Element 5000050 has L= 2.38128, which is greater than the tolerance
WARNING ZeroLength::setDomain(): Element 5000051 has L= 2.31718, which is greater than the tolerance
WARNING ZeroLength::setDomain(): Element 5000052 has L= 2.51703, which is greater than the tolerance
WARNING ZeroLength::setDomain(): Element 5000053 has L= 2.82206, which is greater than the tolerance
WARNING ZeroLength::setDomain(): Element 5000054 has L= 2.89858, which is greater than the tolerance
WARNING ZeroLength::setDomain(): Element 5000055 has L= 2.9824, which is greater than the tolerance
WARNING ZeroLength::setDomain(): Element 5000056 has L= 2.9824, which is greater than the tolerance
WARNING ZeroLength::setDomain(): Element 5000057 has L= 2.89858, which is greater than the tolerance
WARNING ZeroLength::setDomain(): Element 5000058 has L= 2.82206, which is greater than the tolerance
WARNING ZeroLength::setDomain(): Element 5000059 has L= 2.51703, which is greater than the tolerance
WARNING ZeroLength::setDomain(): Element 5000060 has L= 2.31718, which is greater than the tolerance
WARNING ZeroLength::setDomain(): Element 5000061 has L= 2.22586, which is greater than the tolerance
WARNING ZeroLength::setDomain(): Element 5000062 has L= 2.3849, which is greater than the tolerance
WARNING ZeroLength::setDomain(): Element 5000063 has L= 2.74292, which is greater than the tolerance
WARNING ZeroLength::setDomain(): Element 5000064 has L= 2.84841, which is greater than the tolerance
WARNING ZeroLength::setDomain(): Element 5000065 has L= 2.97871, which is greater than the tolerance
WARNING ZeroLength::setDomain(): Element 5000066 has L= 2.97871, which is greater than the tolerance
WARNING ZeroLength::setDomain(): Element 5000067 has L= 2.84841, which is greater than the tolerance
WARNING ZeroLength::setDomain(): Element 5000068 has L= 2.74292, which is greater than the tolerance
WARNING ZeroLength::setDomain(): Element 5000069 has L= 2.3849, which is greater than the tolerance
WARNING ZeroLength::setDomain(): Element 5000070 has L= 2.22586, which is greater than the tolerance
WARNING ZeroLength::setDomain(): Element 5000071 has L= 2.151, which is greater than the tolerance
WARNING ZeroLength::setDomain(): Element 5000072 has L= 2.31114, which is greater than the tolerance
WARNING ZeroLength::setDomain(): Element 5000073 has L= 2.68046, which is greater than the tolerance
WARNING ZeroLength::setDomain(): Element 5000074 has L= 2.83202, which is greater than the tolerance
WARNING ZeroLength::setDomain(): Element 5000075 has L= 2.94136, which is greater than the tolerance
WARNING ZeroLength::setDomain(): Element 5000076 has L= 2.94136, which is greater than the tolerance
WARNING ZeroLength::setDomain(): Element 5000077 has L= 2.83202, which is greater than the tolerance
WARNING ZeroLength::setDomain(): Element 5000078 has L= 2.68046, which is greater than the tolerance
WARNING ZeroLength::setDomain(): Element 5000079 has L= 2.31114, which is greater than the tolerance
WARNING ZeroLength::setDomain(): Element 5000080 has L= 2.151, which is greater than the tolerance
WARNING ZeroLength::setDomain(): Element 5000081 has L= 2.12227, which is greater than the tolerance
WARNING ZeroLength::setDomain(): Element 5000082 has L= 2.25549, which is greater than the tolerance
WARNING ZeroLength::setDomain(): Element 5000083 has L= 2.60712, which is greater than the tolerance
WARNING ZeroLength::setDomain(): Element 5000084 has L= 2.79393, which is greater than the tolerance
WARNING ZeroLength::setDomain(): Element 5000085 has L= 2.83998, which is greater than the tolerance
WARNING ZeroLength::setDomain(): Element 5000086 has L= 2.83998, which is greater than the tolerance
WARNING ZeroLength::setDomain(): Element 5000087 has L= 2.79393, which is greater than the tolerance
WARNING ZeroLength::setDomain(): Element 5000088 has L= 2.60712, which is greater than the tolerance
WARNING ZeroLength::setDomain(): Element 5000089 has L= 2.25549, which is greater than the tolerance
WARNING ZeroLength::setDomain(): Element 5000090 has L= 2.12227, which is greater than the tolerance
WARNING ZeroLength::setDomain(): Element 5000091 has L= 7.60734, which is greater than the tolerance
WARNING ZeroLength::setDomain(): Element 5000092 has L= 7.60734, which is greater than the tolerance
WARNING: CTestNormDispIncr::test() - failed to converge 
after: 50 iterations  current Norm: 37174.1 (max: 1e-06, Norm deltaR: 6.21247e+08)
NewtonRaphson::solveCurrentStep() -the ConvergenceTest object failed in test()
StaticAnalysis::analyze() - the Algorithm failed at step: 0 with domain at load factor 3403.96
OpenSees > analyze failed, returned: -3 error flag
WARNING: CTestNormDispIncr::test() - failed to converge 
after: 50 iterations  current Norm: 72471.2 (max: 1e-06, Norm deltaR: 7.94635e+07)
NewtonRaphson::solveCurrentStep() -the ConvergenceTest object failed in test()
StaticAnalysis::analyze() - the Algorithm failed at step: 0 with domain at load factor -408.978
OpenSees > analyze failed, returned: -3 error flag
WARNING: CTestNormDispIncr::test() - failed to converge 
after: 50 iterations  current Norm: 4242.3 (max: 1e-06, Norm deltaR: 1.19964e+08)
NewtonLineSearch::solveCurrentStep() -the ConvergenceTest object failed in test()
StaticAnalysis::analyze() - the Algorithm failed at step: 0 with domain at load factor -126.932
OpenSees > analyze failed, returned: -3 error flag
WARNING: CTestNormDispIncr::test() - failed to converge 
after: 50 iterations  current Norm: 8717.58 (max: 1e-06, Norm deltaR: 7.03035e+08)
AcceleratedNewton::solveCurrentStep() -The ConvergenceTest object failed in test()
StaticAnalysis::analyze() - the Algorithm failed at step: 0 with domain at load factor 2014.17
OpenSees > analyze failed, returned: -3 error flag
WARNING: CTestNormDispIncr::test() - failed to converge 
after: 50 iterations  current Norm: 1.86616e+69 (max: 1e-06, Norm deltaR: 5.11287e+72)
ModifiedNewton::solveCurrentStep() -the ConvergenceTest object failed in test()
StaticAnalysis::analyze() - the Algorithm failed at step: 0 with domain at load factor -8.28681e+67
OpenSees > analyze failed, returned: -3 error flag
WARNING: CTestNormDispIncr::test() - failed to converge 
after: 50 iterations  current Norm: 79362.7 (max: 1e-06, Norm deltaR: 1.86857e+09)
NewtonRaphson::solveCurrentStep() -the ConvergenceTest object failed in test()
StaticAnalysis::analyze() - the Algorithm failed at step: 0 with domain at load factor -965.931
OpenSees > analyze failed, returned: -3 error flag
WARNING: CTestNormDispIncr::test() - failed to converge 
after: 50 iterations  current Norm: 9160.24 (max: 1e-06, Norm deltaR: 1.77577e+08)
NewtonLineSearch::solveCurrentStep() -the ConvergenceTest object failed in test()
StaticAnalysis::analyze() - the Algorithm failed at step: 0 with domain at load factor -1175.56
OpenSees > analyze failed, returned: -3 error flag
WARNING: CTestNormDispIncr::test() - failed to converge 
after: 50 iterations  current Norm: 24762 (max: 1e-06, Norm deltaR: 1.52963e+08)
AcceleratedNewton::solveCurrentStep() -The ConvergenceTest object failed in test()
StaticAnalysis::analyze() - the Algorithm failed at step: 0 with domain at load factor -677.334
OpenSees > analyze failed, returned: -3 error flag
WARNING: CTestNormDispIncr::test() - failed to converge 
after: 50 iterations  current Norm: 5.73239e+69 (max: 1e-06, Norm deltaR: 1.7887e+73)
ModifiedNewton::solveCurrentStep() -the ConvergenceTest object failed in test()
StaticAnalysis::analyze() - the Algorithm failed at step: 0 with domain at load factor 1.27403e+68
OpenSees > analyze failed, returned: -3 error flag
WARNING: CTestNormDispIncr::test() - failed to converge 
after: 50 iterations  current Norm: 114942 (max: 1e-06, Norm deltaR: 7.27921e+07)
NewtonRaphson::solveCurrentStep() -the ConvergenceTest object failed in test()
StaticAnalysis::analyze() - the Algorithm failed at step: 0 with domain at load factor -477.383
OpenSees > analyze failed, returned: -3 error flag
WARNING: CTestNormDispIncr::test() - failed to converge 
after: 50 iterations  current Norm: 1570.78 (max: 1e-06, Norm deltaR: 8.91857e+07)
NewtonLineSearch::solveCurrentStep() -the ConvergenceTest object failed in test()
StaticAnalysis::analyze() - the Algorithm failed at step: 0 with domain at load factor -1185.15
OpenSees > analyze failed, returned: -3 error flag
WARNING: CTestNormDispIncr::test() - failed to converge 
after: 50 iterations  current Norm: 590879 (max: 1e-06, Norm deltaR: 2.77605e+09)
AcceleratedNewton::solveCurrentStep() -The ConvergenceTest object failed in test()
StaticAnalysis::analyze() - the Algorithm failed at step: 0 with domain at load factor 18531.8
OpenSees > analyze failed, returned: -3 error flag
WARNING: CTestNormDispIncr::test() - failed to converge 
after: 50 iterations  current Norm: 1.65027e+68 (max: 1e-06, Norm deltaR: 5.26079e+71)
ModifiedNewton::solveCurrentStep() -the ConvergenceTest object failed in test()
StaticAnalysis::analyze() - the Algorithm failed at step: 0 with domain at load factor 5.37665e+66
OpenSees > analyze failed, returned: -3 error flag
WARNING: CTestNormDispIncr::test() - failed to converge 
after: 50 iterations  current Norm: 21154.4 (max: 1e-06, Norm deltaR: 3.98392e+08)
NewtonRaphson::solveCurrentStep() -the ConvergenceTest object failed in test()
StaticAnalysis::analyze() - the Algorithm failed at step: 0 with domain at load factor -6643.29
OpenSees > analyze failed, returned: -3 error flag
WARNING ZeroLength::setDomain(): Element 5000093 has L= 7.95357, which is greater than the tolerance
WARNING ZeroLength::setDomain(): Element 5000094 has L= 8.11145, which is greater than the tolerance
WARNING ZeroLength::setDomain(): Element 5000095 has L= 7.8077, which is greater than the tolerance
WARNING ZeroLength::setDomain(): Element 5000096 has L= 55.7602, which is greater than the tolerance
WARNING ZeroLength::setDomain(): Element 5000097 has L= 8.26395, which is greater than the tolerance
WARNING ZeroLength::setDomain(): Element 5000098 has L= 54.0859, which is greater than the tolerance
WARNING ZeroLength::setDomain(): Element 5000099 has L= 11.0401, which is greater than the tolerance
WARNING ZeroLength::setDomain(): Element 5000100 has L= 7.95357, which is greater than the tolerance
WARNING ZeroLength::setDomain(): Element 5000101 has L= 10.5484, which is greater than the tolerance
WARNING: CTestNormDispIncr::test() - failed to converge 
after: 50 iterations  current Norm: 39191.4 (max: 1e-06, Norm deltaR: 6.14504e+08)
NewtonRaphson::solveCurrentStep() -the ConvergenceTest object failed in test()
StaticAnalysis::analyze() - the Algorithm failed at step: 0 with domain at load factor 8963.87
OpenSees > analyze failed, returned: -3 error flag
WARNING: CTestNormDispIncr::test() - failed to converge 
after: 50 iterations  current Norm: 2048.18 (max: 1e-06, Norm deltaR: 1.0031e+08)
NewtonLineSearch::solveCurrentStep() -the ConvergenceTest object failed in test()
StaticAnalysis::analyze() - the Algorithm failed at step: 0 with domain at load factor -623.633
OpenSees > analyze failed, returned: -3 error flag
WARNING: CTestNormDispIncr::test() - failed to converge 
after: 50 iterations  current Norm: 6.82199 (max: 1e-06, Norm deltaR: 510655)
AcceleratedNewton::solveCurrentStep() -The ConvergenceTest object failed in test()
StaticAnalysis::analyze() - the Algorithm failed at step: 0 with domain at load factor 347.879
OpenSees > analyze failed, returned: -3 error flag
WARNING: CTestNormDispIncr::test() - failed to converge 
after: 50 iterations  current Norm: 4.88902e+93 (max: 1e-06, Norm deltaR: 1.81088e+98)
ModifiedNewton::solveCurrentStep() -the ConvergenceTest object failed in test()
StaticAnalysis::analyze() - the Algorithm failed at step: 0 with domain at load factor 2.06173e+92
OpenSees > analyze failed, returned: -3 error flag
WARNING: CTestNormDispIncr::test() - failed to converge 
after: 50 iterations  current Norm: 139825 (max: 1e-06, Norm deltaR: 5.38713e+09)
NewtonRaphson::solveCurrentStep() -the ConvergenceTest object failed in test()
StaticAnalysis::analyze() - the Algorithm failed at step: 0 with domain at load factor -8712.79
OpenSees > analyze failed, returned: -3 error flag
WARNING: CTestNormDispIncr::test() - failed to converge 
after: 50 iterations  current Norm: 4515.82 (max: 1e-06, Norm deltaR: 1.96015e+08)
NewtonLineSearch::solveCurrentStep() -the ConvergenceTest object failed in test()
StaticAnalysis::analyze() - the Algorithm failed at step: 0 with domain at load factor -3944.58
OpenSees > analyze failed, returned: -3 error flag
WARNING: CTestNormDispIncr::test() - failed to converge 
after: 50 iterations  current Norm: 1460.81 (max: 1e-06, Norm deltaR: 5.83781e+08)
AcceleratedNewton::solveCurrentStep() -The ConvergenceTest object failed in test()
StaticAnalysis::analyze() - the Algorithm failed at step: 0 with domain at load factor -1505.17
OpenSees > analyze failed, returned: -3 error flag
WARNING: CTestNormDispIncr::test() - failed to converge 
after: 26 iterations  current Norm: inf (max: 1e-06, Norm deltaR: nan)
ModifiedNewton::solveCurrentStep() -the ConvergenceTest object failed in test()
StaticAnalysis::analyze() - the Algorithm failed at step: 0 with domain at load factor 1.91524e+158
OpenSees > analyze failed, returned: -3 error flag
WARNING ZeroLength::setDomain(): Element 5000102 has L= 21.1125, which is greater than the tolerance
WARNING: CTestNormDispIncr::test() - failed to converge 
after: 50 iterations  current Norm: 31224.3 (max: 1e-06, Norm deltaR: 8.67397e+08)
NewtonRaphson::solveCurrentStep() -the ConvergenceTest object failed in test()
StaticAnalysis::analyze() - the Algorithm failed at step: 0 with domain at load factor 2329.66
OpenSees > analyze failed, returned: -3 error flag
WARNING: CTestNormDispIncr::test() - failed to converge 
after: 50 iterations  current Norm: 1479.46 (max: 1e-06, Norm deltaR: 1.16225e+08)
NewtonLineSearch::solveCurrentStep() -the ConvergenceTest object failed in test()
StaticAnalysis::analyze() - the Algorithm failed at step: 0 with domain at load factor 132.913
OpenSees > analyze failed, returned: -3 error flag
WARNING: CTestNormDispIncr::test() - failed to converge 
after: 50 iterations  current Norm: 101307 (max: 1e-06, Norm deltaR: 4.41248e+09)
AcceleratedNewton::solveCurrentStep() -The ConvergenceTest object failed in test()
StaticAnalysis::analyze() - the Algorithm failed at step: 0 with domain at load factor 18397.6
OpenSees > analyze failed, returned: -3 error flag
WARNING: CTestNormDispIncr::test() - failed to converge 
after: 50 iterations  current Norm: 1.34092e+84 (max: 1e-06, Norm deltaR: 1.055e+88)
ModifiedNewton::solveCurrentStep() -the ConvergenceTest object failed in test()
StaticAnalysis::analyze() - the Algorithm failed at step: 0 with domain at load factor 1.3673e+83
OpenSees > analyze failed, returned: -3 error flag
WARNING ZeroLength::setDomain(): Element 5000103 has L= 21.5166, which is greater than the tolerance
WARNING ZeroLength::setDomain(): Element 5000104 has L= 7.65268, which is greater than the tolerance
WARNING: CTestNormDispIncr::test() - failed to converge 
after: 50 iterations  current Norm: 17583.7 (max: 1e-06, Norm deltaR: 6.11908e+08)
NewtonRaphson::solveCurrentStep() -the ConvergenceTest object failed in test()
StaticAnalysis::analyze() - the Algorithm failed at step: 0 with domain at load factor 3203.96
OpenSees > analyze failed, returned: -3 error flag
WARNING ZeroLength::setDomain(): Element 5000105 has L= 17.0456, which is greater than the tolerance
WARNING ZeroLength::setDomain(): Element 5000106 has L= 52.6931, which is greater than the tolerance
WARNING ZeroLength::setDomain(): Element 5000107 has L= 55.7618, which is greater than the tolerance
WARNING ZeroLength::setDomain(): Element 5000108 has L= 16.3542, which is greater than the tolerance
WARNING ZeroLength::setDomain(): Element 5000109 has L= 52.1027, which is greater than the tolerance
WARNING ZeroLength::setDomain(): Element 5000110 has L= 53.539, which is greater than the tolerance
WARNING ZeroLength::setDomain(): Element 5000111 has L= 55.0131, which is greater than the tolerance
WARNING ZeroLength::setDomain(): Element 5000112 has L= 56.3172, which is greater than the tolerance
WARNING ZeroLength::setDomain(): Element 5000113 has L= 20.7192, which is greater than the tolerance
WARNING ZeroLength::setDomain(): Element 5000114 has L= 10.7981, which is greater than the tolerance
WARNING ZeroLength::setDomain(): Element 5000115 has L= 7.8077, which is greater than the tolerance
WARNING ZeroLength::setDomain(): Element 5000116 has L= 7.65268, which is greater than the tolerance
WARNING ZeroLength::setDomain(): Element 5000117 has L= 7.47837, which is greater than the tolerance
WARNING ZeroLength::setDomain(): Element 5000118 has L= 10.2803, which is greater than the tolerance
WARNING ZeroLength::setDomain(): Element 5000119 has L= 10.0262, which is greater than the tolerance
WARNING: CTestNormDispIncr::test() - failed to converge 
after: 50 iterations  current Norm: 61210.9 (max: 1e-06, Norm deltaR: 1.07272e+09)
NewtonRaphson::solveCurrentStep() -the ConvergenceTest object failed in test()
StaticAnalysis::analyze() - the Algorithm failed at step: 0 with domain at load factor -4098.44
OpenSees > analyze failed, returned: -3 error flag
WARNING ZeroLength::setDomain(): Element 5000120 has L= 17.4541, which is greater than the tolerance
WARNING ZeroLength::setDomain(): Element 5000121 has L= 16.6971, which is greater than the tolerance
WARNING ZeroLength::setDomain(): Element 5000122 has L= 58.6032, which is greater than the tolerance
WARNING ZeroLength::setDomain(): Element 5000123 has L= 57.7794, which is greater than the tolerance
WARNING: CTestNormDispIncr::test() - failed to converge 
after: 50 iterations  current Norm: 621261 (max: 1e-06, Norm deltaR: 1.358e+10)
NewtonRaphson::solveCurrentStep() -the ConvergenceTest object failed in test()
StaticAnalysis::analyze() - the Algorithm failed at step: 0 with domain at load factor -25624.1
OpenSees > analyze failed, returned: -3 error flag
WARNING ZeroLength::setDomain(): Element 5000124 has L= 17.8588, which is greater than the tolerance
WARNING: CTestNormDispIncr::test() - failed to converge 
after: 50 iterations  current Norm: 60263.6 (max: 1e-06, Norm deltaR: 1.66315e+09)
NewtonRaphson::solveCurrentStep() -the ConvergenceTest object failed in test()
StaticAnalysis::analyze() - the Algorithm failed at step: 0 with domain at load factor -5039.76
OpenSees > analyze failed, returned: -3 error flag
WARNING: CTestNormDispIncr::test() - failed to converge 
after: 50 iterations  current Norm: 3318.98 (max: 1e-06, Norm deltaR: 1.67962e+08)
NewtonLineSearch::solveCurrentStep() -the ConvergenceTest object failed in test()
StaticAnalysis::analyze() - the Algorithm failed at step: 0 with domain at load factor -2756.72
OpenSees > analyze failed, returned: -3 error flag
WARNING: CTestNormDispIncr::test() - failed to converge 
after: 50 iterations  current Norm: 3253.38 (max: 1e-06, Norm deltaR: 1.05936e+09)
AcceleratedNewton::solveCurrentStep() -The ConvergenceTest object failed in test()
StaticAnalysis::analyze() - the Algorithm failed at step: 0 with domain at load factor 2010.14
OpenSees > analyze failed, returned: -3 error flag
WARNING: CTestNormDispIncr::test() - failed to converge 
after: 50 iterations  current Norm: 5.10673e+76 (max: 1e-06, Norm deltaR: 5.47462e+80)
ModifiedNewton::solveCurrentStep() -the ConvergenceTest object failed in test()
StaticAnalysis::analyze() - the Algorithm failed at step: 0 with domain at load factor 2.08026e+75
OpenSees > analyze failed, returned: -3 error flag
WARNING: CTestNormDispIncr::test() - failed to converge 
after: 50 iterations  current Norm: 45856.9 (max: 1e-06, Norm deltaR: 4.95744e+08)
NewtonRaphson::solveCurrentStep() -the ConvergenceTest object failed in test()
StaticAnalysis::analyze() - the Algorithm failed at step: 0 with domain at load factor 11239.2
OpenSees > analyze failed, returned: -3 error flag
WARNING ZeroLength::setDomain(): Element 5000125 has L= 22.4749, which is greater than the tolerance
WARNING ZeroLength::setDomain(): Element 5000126 has L= 21.9653, which is greater than the tolerance
WARNING ZeroLength::setDomain(): Element 5000127 has L= 7.47837, which is greater than the tolerance
WARNING ZeroLength::setDomain(): Element 5000128 has L= 18.2346, which is greater than the tolerance
WARNING ZeroLength::setDomain(): Element 5000129 has L= 16.0483, which is greater than the tolerance
WARNING ZeroLength::setDomain(): Element 5000130 has L= 10.0262, which is greater than the tolerance
WARNING ZeroLength::setDomain(): Element 5000131 has L= 8.11145, which is greater than the tolerance
WARNING ZeroLength::setDomain(): Element 5000132 has L= 10.7981, which is greater than the tolerance
WARNING ZeroLength::setDomain(): Element 5000133 has L= 7.32312, which is greater than the tolerance
WARNING ZeroLength::setDomain(): Element 5000134 has L= 8.43225, which is greater than the tolerance
WARNING ZeroLength::setDomain(): Element 5000135 has L= 16.6971, which is greater than the tolerance
WARNING ZeroLength::setDomain(): Element 5000136 has L= 16.3542, which is greater than the tolerance
WARNING ZeroLength::setDomain(): Element 5000137 has L= 21.9653, which is greater than the tolerance
WARNING ZeroLength::setDomain(): Element 5000138 has L= 9.799, which is greater than the tolerance
WARNING ZeroLength::setDomain(): Element 5000139 has L= 18.571, which is greater than the tolerance
WARNING ZeroLength::setDomain(): Element 5000140 has L= 21.1125, which is greater than the tolerance
WARNING ZeroLength::setDomain(): Element 5000141 has L= 21.5166, which is greater than the tolerance
WARNING ZeroLength::setDomain(): Element 5000142 has L= 20.7192, which is greater than the tolerance
WARNING ZeroLength::setDomain(): Element 5000143 has L= 7.20552, which is greater than the tolerance
WARNING ZeroLength::setDomain(): Element 5000144 has L= 17.0456, which is greater than the tolerance
WARNING ZeroLength::setDomain(): Element 5000145 has L= 9.799, which is greater than the tolerance
WARNING: CTestNormDispIncr::test() - failed to converge 
after: 50 iterations  current Norm: 30609.5 (max: 1e-06, Norm deltaR: 2.82809e+08)
NewtonRaphson::solveCurrentStep() -the ConvergenceTest object failed in test()
StaticAnalysis::analyze() - the Algorithm failed at step: 0 with domain at load factor -652.943
OpenSees > analyze failed, returned: -3 error flag
WARNING ZeroLength::setDomain(): Element 5000146 has L= 28.8293, which is greater than the tolerance
WARNING ZeroLength::setDomain(): Element 5000147 has L= 28.1188, which is greater than the tolerance
WARNING ZeroLength::setDomain(): Element 5000148 has L= 57.4858, which is greater than the tolerance
WARNING ZeroLength::setDomain(): Element 5000149 has L= 60.5824, which is greater than the tolerance
WARNING ZeroLength::setDomain(): Element 5000150 has L= 16.0483, which is greater than the tolerance
WARNING ZeroLength::setDomain(): Element 5000151 has L= 10.2803, which is greater than the tolerance
WARNING ZeroLength::setDomain(): Element 5000152 has L= 7.32312, which is greater than the tolerance
WARNING ZeroLength::setDomain(): Element 5000153 has L= 9.5942, which is greater than the tolerance
WARNING: CTestNormDispIncr::test() - failed to converge 
after: 50 iterations  current Norm: 240998 (max: 1e-06, Norm deltaR: 6.37695e+09)
NewtonRaphson::solveCurrentStep() -the ConvergenceTest object failed in test()
StaticAnalysis::analyze() - the Algorithm failed at step: 0 with domain at load factor 8284.27
OpenSees > analyze failed, returned: -3 error flag
WARNING: CTestNormDispIncr::test() - failed to converge 
after: 50 iterations  current Norm: 11316.9 (max: 1e-06, Norm deltaR: 1.69691e+08)
NewtonLineSearch::solveCurrentStep() -the ConvergenceTest object failed in test()
StaticAnalysis::analyze() - the Algorithm failed at step: 0 with domain at load factor 992.441
OpenSees > analyze failed, returned: -3 error flag
WARNING ZeroLength::setDomain(): Element 5000154 has L= 8.63126, which is greater than the tolerance
WARNING ZeroLength::setDomain(): Element 5000155 has L= 59.3858, which is greater than the tolerance
WARNING ZeroLength::setDomain(): Element 5000156 has L= 10.5484, which is greater than the tolerance
WARNING ZeroLength::setDomain(): Element 5000157 has L= 20.2945, which is greater than the tolerance
WARNING ZeroLength::setDomain(): Element 5000158 has L= 58.3355, which is greater than the tolerance
WARNING ZeroLength::setDomain(): Element 5000159 has L= 35.1372, which is greater than the tolerance
WARNING ZeroLength::setDomain(): Element 5000160 has L= 34.4541, which is greater than the tolerance
WARNING ZeroLength::setDomain(): Element 5000161 has L= 65.538, which is greater than the tolerance
WARNING ZeroLength::setDomain(): Element 5000162 has L= 34.4541, which is greater than the tolerance
WARNING ZeroLength::setDomain(): Element 5000163 has L= 62.3618, which is greater than the tolerance
WARNING ZeroLength::setDomain(): Element 5000164 has L= 35.1372, which is greater than the tolerance
WARNING ZeroLength::setDomain(): Element 5000165 has L= 51.0983, which is greater than the tolerance
WARNING ZeroLength::setDomain(): Element 5000166 has L= 51.9435, which is greater than the tolerance
WARNING ZeroLength::setDomain(): Element 5000167 has L= 22.4749, which is greater than the tolerance
WARNING ZeroLength::setDomain(): Element 5000168 has L= 61.0017, which is greater than the tolerance
WARNING ZeroLength::setDomain(): Element 5000169 has L= 33.8465, which is greater than the tolerance
WARNING ZeroLength::setDomain(): Element 5000170 has L= 52.7619, which is greater than the tolerance
WARNING ZeroLength::setDomain(): Element 5000171 has L= 20.2945, which is greater than the tolerance
WARNING ZeroLength::setDomain(): Element 5000172 has L= 6.16434, which is greater than the tolerance
WARNING ZeroLength::setDomain(): Element 5000173 has L= 15.7356, which is greater than the tolerance
WARNING ZeroLength::setDomain(): Element 5000174 has L= 7.11971, which is greater than the tolerance
WARNING ZeroLength::setDomain(): Element 5000175 has L= 35.848, which is greater than the tolerance
WARNING ZeroLength::setDomain(): Element 5000176 has L= 26.9038, which is greater than the tolerance
WARNING ZeroLength::setDomain(): Element 5000177 has L= 33.8465, which is greater than the tolerance
WARNING ZeroLength::setDomain(): Element 5000178 has L= 8.8282, which is greater than the tolerance
WARNING ZeroLength::setDomain(): Element 5000179 has L= 26.3251, which is greater than the tolerance
WARNING: CTestNormDispIncr::test() - failed to converge 
after: 50 iterations  current Norm: 50445.2 (max: 1e-06, Norm deltaR: 8.40848e+08)
NewtonRaphson::solveCurrentStep() -the ConvergenceTest object failed in test()
StaticAnalysis::analyze() - the Algorithm failed at step: 0 with domain at load factor 976.923
OpenSees > analyze failed, returned: -3 error flag
WARNING ZeroLength::setDomain(): Element 5000180 has L= 29.4126, which is greater than the tolerance
WARNING ZeroLength::setDomain(): Element 5000181 has L= 17.4541, which is greater than the tolerance
WARNING ZeroLength::setDomain(): Element 5000182 has L= 55.8968, which is greater than the tolerance
WARNING ZeroLength::setDomain(): Element 5000183 has L= 35.848, which is greater than the tolerance
WARNING ZeroLength::setDomain(): Element 5000184 has L= 63.6949, which is greater than the tolerance
WARNING ZeroLength::setDomain(): Element 5000185 has L= 66.1046, which is greater than the tolerance
WARNING ZeroLength::setDomain(): Element 5000186 has L= 57.6657, which is greater than the tolerance
WARNING ZeroLength::setDomain(): Element 5000187 has L= 53.8507, which is greater than the tolerance
WARNING ZeroLength::setDomain(): Element 5000188 has L= 27.4802, which is greater than the tolerance
WARNING ZeroLength::setDomain(): Element 5000189 has L= 64.1818, which is greater than the tolerance
WARNING ZeroLength::setDomain(): Element 5000190 has L= 52.6365, which is greater than the tolerance
WARNING ZeroLength::setDomain(): Element 5000191 has L= 59.9925, which is greater than the tolerance
WARNING ZeroLength::setDomain(): Element 5000192 has L= 8.98104, which is greater than the tolerance
WARNING ZeroLength::setDomain(): Element 5000193 has L= 25.7297, which is greater than the tolerance
WARNING ZeroLength::setDomain(): Element 5000194 has L= 8.26395, which is greater than the tolerance
WARNING ZeroLength::setDomain(): Element 5000195 has L= 36.529, which is greater than the tolerance
WARNING ZeroLength::setDomain(): Element 5000196 has L= 15.7356, which is greater than the tolerance
WARNING ZeroLength::setDomain(): Element 5000197 has L= 56.3981, which is greater than the tolerance
WARNING ZeroLength::setDomain(): Element 5000198 has L= 68.8837, which is greater than the tolerance
WARNING ZeroLength::setDomain(): Element 5000199 has L= 64.0637, which is greater than the tolerance
WARNING ZeroLength::setDomain(): Element 5000200 has L= 55.2405, which is greater than the tolerance
