WARNING ZeroLength::setDomain(): Element 5000001 has L= 2.48488, which is greater than the tolerance
WARNING ZeroLength::setDomain(): Element 5000002 has L= 2.23145, which is greater than the tolerance
WARNING ZeroLength::setDomain(): Element 5000003 has L= 1.82619, which is greater than the tolerance
WARNING ZeroLength::setDomain(): Element 5000004 has L= 1.82784, which is greater than the tolerance
WARNING ZeroLength::setDomain(): Element 5000005 has L= 1.76316, which is greater than the tolerance
WARNING ZeroLength::setDomain(): Element 5000006 has L= 1.76316, which is greater than the tolerance
WARNING ZeroLength::setDomain(): Element 5000007 has L= 1.82784, which is greater than the tolerance
WARNING ZeroLength::setDomain(): Element 5000008 has L= 1.82619, which is greater than the tolerance
WARNING ZeroLength::setDomain(): Element 5000009 has L= 2.23145, which is greater than the tolerance
WARNING ZeroLength::setDomain(): Element 5000010 has L= 2.48488, which is greater than the tolerance
WARNING ZeroLength::setDomain(): Element 5000011 has L= 2.33817, which is greater than the tolerance
WARNING ZeroLength::setDomain(): Element 5000012 has L= 2.19983, which is greater than the tolerance
WARNING ZeroLength::setDomain(): Element 5000013 has L= 1.94108, which is greater than the tolerance
WARNING ZeroLength::setDomain(): Element 5000014 has L= 1.96671, which is greater than the tolerance
WARNING ZeroLength::setDomain(): Element 5000015 has L= 1.95442, which is greater than the tolerance
WARNING ZeroLength::setDomain(): Element 5000016 has L= 1.95442, which is greater than the tolerance
WARNING ZeroLength::setDomain(): Element 5000017 has L= 1.96671, which is greater than the tolerance
WARNING ZeroLength::setDomain(): Element 5000018 has L= 1.94108, which is greater than the tolerance
WARNING ZeroLength::setDomain(): Element 5000019 has L= 2.19983, which is greater than the tolerance
WARNING ZeroLength::setDomain(): Element 5000020 has L= 2.33817, which is greater than the tolerance
WARNING ZeroLength::setDomain(): Element 5000021 has L= 2.27312, which is greater than the tolerance
WARNING ZeroLength::setDomain(): Element 5000022 has L= 2.23307, which is greater than the tolerance
WARNING ZeroLength::setDomain(): Element 5000023 has L= 2.11491, which is greater than the tolerance
WARNING ZeroLength::setDomain(): Element 5000024 has L= 2.17971, which is greater than the tolerance
WARNING ZeroLength::setDomain(): Element 5000025 has L= 2.21659, which is greater than the tolerance
WARNING ZeroLength::setDomain(): Element 5000026 has L= 2.21659, which is greater than the tolerance
WARNING ZeroLength::setDomain(): Element 5000027 has L= 2.17971, which is greater than the tolerance
WARNING ZeroLength::setDomain(): Element 5000028 has L= 2.11491, which is greater than the tolerance
WARNING ZeroLength::setDomain(): Element 5000029 has L= 2.23307, which is greater than the tolerance
WARNING ZeroLength::setDomain(): Element 5000030 has L= 2.27312, which is greater than the tolerance
WARNING ZeroLength::setDomain(): Element 5000031 has L= 2.31765, which is greater than the tolerance
WARNING ZeroLength::setDomain(): Element 5000032 has L= 2.32944, which is greater than the tolerance
WARNING ZeroLength::setDomain(): Element 5000033 has L= 2.32855, which is greater than the tolerance
WARNING ZeroLength::setDomain(): Element 5000034 has L= 2.49989, which is greater than the tolerance
WARNING ZeroLength::setDomain(): Element 5000035 has L= 2.64001, which is greater than the tolerance
WARNING ZeroLength::setDomain(): Element 5000036 has L= 2.64001, which is greater than the tolerance
WARNING ZeroLength::setDomain(): Element 5000037 has L= 2.49989, which is greater than the tolerance
WARNING ZeroLength::setDomain(): Element 5000038 has L= 2.32855, which is greater than the tolerance
WARNING ZeroLength::setDomain(): Element 5000039 has L= 2.32944, which is greater than the tolerance
WARNING ZeroLength::setDomain(): Element 5000040 has L= 2.31765, which is greater than the tolerance
WARNING ZeroLength::setDomain(): Element 5000041 has L= 2.37734, which is greater than the tolerance
WARNING ZeroLength::setDomain(): Element 5000042 has L= 2.48519, which is greater than the tolerance
WARNING ZeroLength::setDomain(): Element 5000043 has L= 2.6384, which is greater than the tolerance
WARNING ZeroLength::setDomain(): Element 5000044 has L= 2.8047, which is greater than the tolerance
WARNING ZeroLength::setDomain(): Element 5000045 has L= 2.9103, which is greater than the tolerance
WARNING ZeroLength::setDomain(): Element 5000046 has L= 2.9103, which is greater than the tolerance
WARNING ZeroLength::setDomain(): Element 5000047 has L= 2.8047, which is greater than the tolerance
WARNING ZeroLength::setDomain(): Element 5000048 has L= 2.6384, which is greater than the tolerance
WARNING ZeroLength::setDomain(): Element 5000049 has L= 2.48519, which is greater than the tolerance
WARNING ZeroLength::setDomain(): Element 5000050 has L= 2.37734, which is greater than the tolerance
WARNING ZeroLength::setDomain(): Element 5000051 has L= 2.31324, which is greater than the tolerance
WARNING ZeroLength::setDomain(): Element 5000052 has L= 2.51309, which is greater than the tolerance
WARNING ZeroLength::setDomain(): Element 5000053 has L= 2.81812, which is greater than the tolerance
WARNING ZeroLength::setDomain(): Element 5000054 has L= 2.89464, which is greater than the tolerance
WARNING ZeroLength::setDomain(): Element 5000055 has L= 2.97846, which is greater than the tolerance
WARNING ZeroLength::setDomain(): Element 5000056 has L= 2.97846, which is greater than the tolerance
WARNING ZeroLength::setDomain(): Element 5000057 has L= 2.89464, which is greater than the tolerance
WARNING ZeroLength::setDomain(): Element 5000058 has L= 2.81812, which is greater than the tolerance
WARNING ZeroLength::setDomain(): Element 5000059 has L= 2.51309, which is greater than the tolerance
WARNING ZeroLength::setDomain(): Element 5000060 has L= 2.31324, which is greater than the tolerance
WARNING ZeroLength::setDomain(): Element 5000061 has L= 2.22193, which is greater than the tolerance
WARNING ZeroLength::setDomain(): Element 5000062 has L= 2.38097, which is greater than the tolerance
WARNING ZeroLength::setDomain(): Element 5000063 has L= 2.73898, which is greater than the tolerance
WARNING ZeroLength::setDomain(): Element 5000064 has L= 2.84447, which is greater than the tolerance
WARNING ZeroLength::setDomain(): Element 5000065 has L= 2.97477, which is greater than the tolerance
WARNING ZeroLength::setDomain(): Element 5000066 has L= 2.97477, which is greater than the tolerance
WARNING ZeroLength::setDomain(): Element 5000067 has L= 2.84447, which is greater than the tolerance
WARNING ZeroLength::setDomain(): Element 5000068 has L= 2.73898, which is greater than the tolerance
WARNING ZeroLength::setDomain(): Element 5000069 has L= 2.38097, which is greater than the tolerance
WARNING ZeroLength::setDomain(): Element 5000070 has L= 2.22193, which is greater than the tolerance
WARNING ZeroLength::setDomain(): Element 5000071 has L= 2.14707, which is greater than the tolerance
WARNING ZeroLength::setDomain(): Element 5000072 has L= 2.3072, which is greater than the tolerance
WARNING ZeroLength::setDomain(): Element 5000073 has L= 2.67652, which is greater than the tolerance
WARNING ZeroLength::setDomain(): Element 5000074 has L= 2.82808, which is greater than the tolerance
WARNING ZeroLength::setDomain(): Element 5000075 has L= 2.93743, which is greater than the tolerance
WARNING ZeroLength::setDomain(): Element 5000076 has L= 2.93743, which is greater than the tolerance
WARNING ZeroLength::setDomain(): Element 5000077 has L= 2.82808, which is greater than the tolerance
WARNING ZeroLength::setDomain(): Element 5000078 has L= 2.67652, which is greater than the tolerance
WARNING ZeroLength::setDomain(): Element 5000079 has L= 2.3072, which is greater than the tolerance
WARNING ZeroLength::setDomain(): Element 5000080 has L= 2.14707, which is greater than the tolerance
WARNING ZeroLength::setDomain(): Element 5000081 has L= 2.11834, which is greater than the tolerance
WARNING ZeroLength::setDomain(): Element 5000082 has L= 2.25155, which is greater than the tolerance
WARNING ZeroLength::setDomain(): Element 5000083 has L= 2.60319, which is greater than the tolerance
WARNING ZeroLength::setDomain(): Element 5000084 has L= 2.78999, which is greater than the tolerance
WARNING ZeroLength::setDomain(): Element 5000085 has L= 2.83605, which is greater than the tolerance
WARNING ZeroLength::setDomain(): Element 5000086 has L= 2.83605, which is greater than the tolerance
WARNING ZeroLength::setDomain(): Element 5000087 has L= 2.78999, which is greater than the tolerance
WARNING ZeroLength::setDomain(): Element 5000088 has L= 2.60319, which is greater than the tolerance
WARNING ZeroLength::setDomain(): Element 5000089 has L= 2.25155, which is greater than the tolerance
WARNING ZeroLength::setDomain(): Element 5000090 has L= 2.11834, which is greater than the tolerance
WARNING: CTestNormDispIncr::test() - failed to converge 
after: 50 iterations  current Norm: 41650.4 (max: 1e-06, Norm deltaR: 1.04622e+09)
NewtonRaphson::solveCurrentStep() -the ConvergenceTest object failed in test()
StaticAnalysis::analyze() - the Algorithm failed at step: 0 with domain at load factor -442.775
OpenSees > analyze failed, returned: -3 error flag
WARNING: CTestNormDispIncr::test() - failed to converge 
after: 50 iterations  current Norm: 18302.7 (max: 1e-06, Norm deltaR: 1.80904e+08)
NewtonRaphson::solveCurrentStep() -the ConvergenceTest object failed in test()
StaticAnalysis::analyze() - the Algorithm failed at step: 0 with domain at load factor -124.23
OpenSees > analyze failed, returned: -3 error flag
WARNING: CTestNormDispIncr::test() - failed to converge 
after: 50 iterations  current Norm: 23219.4 (max: 1e-06, Norm deltaR: 6.37182e+07)
NewtonLineSearch::solveCurrentStep() -the ConvergenceTest object failed in test()
StaticAnalysis::analyze() - the Algorithm failed at step: 0 with domain at load factor 241.299
OpenSees > analyze failed, returned: -3 error flag
WARNING: CTestNormDispIncr::test() - failed to converge 
after: 50 iterations  current Norm: 3743.18 (max: 1e-06, Norm deltaR: 9.76409e+07)
AcceleratedNewton::solveCurrentStep() -The ConvergenceTest object failed in test()
StaticAnalysis::analyze() - the Algorithm failed at step: 0 with domain at load factor -241.815
OpenSees > analyze failed, returned: -3 error flag
WARNING: CTestNormDispIncr::test() - failed to converge 
after: 50 iterations  current Norm: 1.6768e+68 (max: 1e-06, Norm deltaR: 4.80127e+71)
ModifiedNewton::solveCurrentStep() -the ConvergenceTest object failed in test()
StaticAnalysis::analyze() - the Algorithm failed at step: 0 with domain at load factor -1.18329e+67
OpenSees > analyze failed, returned: -3 error flag
WARNING: CTestNormDispIncr::test() - failed to converge 
after: 50 iterations  current Norm: 27055.7 (max: 1e-06, Norm deltaR: 6.25539e+08)
NewtonRaphson::solveCurrentStep() -the ConvergenceTest object failed in test()
StaticAnalysis::analyze() - the Algorithm failed at step: 0 with domain at load factor -1578.54
OpenSees > analyze failed, returned: -3 error flag
WARNING: CTestNormDispIncr::test() - failed to converge 
after: 50 iterations  current Norm: 38785.9 (max: 1e-06, Norm deltaR: 6.93188e+07)
NewtonRaphson::solveCurrentStep() -the ConvergenceTest object failed in test()
StaticAnalysis::analyze() - the Algorithm failed at step: 0 with domain at load factor -441.002
OpenSees > analyze failed, returned: -3 error flag
WARNING: CTestNormDispIncr::test() - failed to converge 
after: 50 iterations  current Norm: 13856 (max: 1e-06, Norm deltaR: 1.13577e+08)
NewtonLineSearch::solveCurrentStep() -the ConvergenceTest object failed in test()
StaticAnalysis::analyze() - the Algorithm failed at step: 0 with domain at load factor -1032.41
OpenSees > analyze failed, returned: -3 error flag
WARNING: CTestNormDispIncr::test() - failed to converge 
after: 50 iterations  current Norm: 2933.86 (max: 1e-06, Norm deltaR: 3.07279e+08)
AcceleratedNewton::solveCurrentStep() -The ConvergenceTest object failed in test()
StaticAnalysis::analyze() - the Algorithm failed at step: 0 with domain at load factor -392.632
OpenSees > analyze failed, returned: -3 error flag
WARNING: CTestNormDispIncr::test() - failed to converge 
after: 50 iterations  current Norm: 1.77662e+69 (max: 1e-06, Norm deltaR: 1.31732e+73)
ModifiedNewton::solveCurrentStep() -the ConvergenceTest object failed in test()
StaticAnalysis::analyze() - the Algorithm failed at step: 0 with domain at load factor -2.50568e+68
OpenSees > analyze failed, returned: -3 error flag
WARNING: CTestNormDispIncr::test() - failed to converge 
after: 50 iterations  current Norm: 56563.2 (max: 1e-06, Norm deltaR: 6.04031e+07)
NewtonRaphson::solveCurrentStep() -the ConvergenceTest object failed in test()
StaticAnalysis::analyze() - the Algorithm failed at step: 0 with domain at load factor -469.458
OpenSees > analyze failed, returned: -3 error flag
WARNING: CTestNormDispIncr::test() - failed to converge 
after: 50 iterations  current Norm: 77030.8 (max: 1e-06, Norm deltaR: 2.30839e+09)
NewtonRaphson::solveCurrentStep() -the ConvergenceTest object failed in test()
StaticAnalysis::analyze() - the Algorithm failed at step: 0 with domain at load factor -4965.71
OpenSees > analyze failed, returned: -3 error flag
WARNING: CTestNormDispIncr::test() - failed to converge 
after: 50 iterations  current Norm: 2049.18 (max: 1e-06, Norm deltaR: 8.26348e+07)
NewtonLineSearch::solveCurrentStep() -the ConvergenceTest object failed in test()
StaticAnalysis::analyze() - the Algorithm failed at step: 0 with domain at load factor -170.285
OpenSees > analyze failed, returned: -3 error flag
WARNING: CTestNormDispIncr::test() - failed to converge 
after: 50 iterations  current Norm: 4.64566e+06 (max: 1e-06, Norm deltaR: 5.33929e+10)
AcceleratedNewton::solveCurrentStep() -The ConvergenceTest object failed in test()
StaticAnalysis::analyze() - the Algorithm failed at step: 0 with domain at load factor -345209
OpenSees > analyze failed, returned: -3 error flag
WARNING: CTestNormDispIncr::test() - failed to converge 
after: 50 iterations  current Norm: 3.5283e+70 (max: 1e-06, Norm deltaR: 2.98844e+74)
ModifiedNewton::solveCurrentStep() -the ConvergenceTest object failed in test()
StaticAnalysis::analyze() - the Algorithm failed at step: 0 with domain at load factor 9.34975e+68
OpenSees > analyze failed, returned: -3 error flag
WARNING: CTestNormDispIncr::test() - failed to converge 
after: 50 iterations  current Norm: 1.18747e+06 (max: 1e-06, Norm deltaR: 3.23273e+10)
NewtonRaphson::solveCurrentStep() -the ConvergenceTest object failed in test()
StaticAnalysis::analyze() - the Algorithm failed at step: 0 with domain at load factor 129413
OpenSees > analyze failed, returned: -3 error flag
WARNING: CTestNormDispIncr::test() - failed to converge 
after: 50 iterations  current Norm: 29401.1 (max: 1e-06, Norm deltaR: 6.15643e+08)
NewtonRaphson::solveCurrentStep() -the ConvergenceTest object failed in test()
StaticAnalysis::analyze() - the Algorithm failed at step: 0 with domain at load factor 4005.22
OpenSees > analyze failed, returned: -3 error flag
WARNING: CTestNormDispIncr::test() - failed to converge 
after: 50 iterations  current Norm: 2136.18 (max: 1e-06, Norm deltaR: 1.16595e+08)
NewtonLineSearch::solveCurrentStep() -the ConvergenceTest object failed in test()
StaticAnalysis::analyze() - the Algorithm failed at step: 0 with domain at load factor -673.982
OpenSees > analyze failed, returned: -3 error flag
WARNING: CTestNormDispIncr::test() - failed to converge 
after: 50 iterations  current Norm: 28498.7 (max: 1e-06, Norm deltaR: 2.41975e+08)
AcceleratedNewton::solveCurrentStep() -The ConvergenceTest object failed in test()
StaticAnalysis::analyze() - the Algorithm failed at step: 0 with domain at load factor -116.825
OpenSees > analyze failed, returned: -3 error flag
WARNING: CTestNormDispIncr::test() - failed to converge 
after: 50 iterations  current Norm: 9.21211e+68 (max: 1e-06, Norm deltaR: 7.63134e+72)
ModifiedNewton::solveCurrentStep() -the ConvergenceTest object failed in test()
StaticAnalysis::analyze() - the Algorithm failed at step: 0 with domain at load factor -9.56299e+67
OpenSees > analyze failed, returned: -3 error flag
WARNING: CTestNormDispIncr::test() - failed to converge 
after: 50 iterations  current Norm: 19269.9 (max: 1e-06, Norm deltaR: 1.55903e+08)
NewtonRaphson::solveCurrentStep() -the ConvergenceTest object failed in test()
StaticAnalysis::analyze() - the Algorithm failed at step: 0 with domain at load factor -1730.7
OpenSees > analyze failed, returned: -3 error flag
WARNING: CTestNormDispIncr::test() - failed to converge 
after: 50 iterations  current Norm: 5700.02 (max: 1e-06, Norm deltaR: 2.18803e+08)
NewtonLineSearch::solveCurrentStep() -the ConvergenceTest object failed in test()
StaticAnalysis::analyze() - the Algorithm failed at step: 0 with domain at load factor -2275.27
OpenSees > analyze failed, returned: -3 error flag
WARNING: CTestNormDispIncr::test() - failed to converge 
after: 50 iterations  current Norm: 41411.5 (max: 1e-06, Norm deltaR: 5.02084e+08)
AcceleratedNewton::solveCurrentStep() -The ConvergenceTest object failed in test()
StaticAnalysis::analyze() - the Algorithm failed at step: 0 with domain at load factor -856.411
OpenSees > analyze failed, returned: -3 error flag
WARNING: CTestNormDispIncr::test() - failed to converge 
after: 50 iterations  current Norm: 3.91475e+69 (max: 1e-06, Norm deltaR: 3.20608e+73)
ModifiedNewton::solveCurrentStep() -the ConvergenceTest object failed in test()
StaticAnalysis::analyze() - the Algorithm failed at step: 0 with domain at load factor 1.19172e+69
OpenSees > analyze failed, returned: -3 error flag
WARNING: CTestNormDispIncr::test() - failed to converge 
after: 50 iterations  current Norm: 31326.4 (max: 1e-06, Norm deltaR: 5.8438e+08)
NewtonRaphson::solveCurrentStep() -the ConvergenceTest object failed in test()
StaticAnalysis::analyze() - the Algorithm failed at step: 0 with domain at load factor -7201.58
OpenSees > analyze failed, returned: -3 error flag
WARNING: CTestNormDispIncr::test() - failed to converge 
after: 50 iterations  current Norm: 1361.16 (max: 1e-06, Norm deltaR: 7.86368e+07)
NewtonLineSearch::solveCurrentStep() -the ConvergenceTest object failed in test()
StaticAnalysis::analyze() - the Algorithm failed at step: 0 with domain at load factor -62.678
OpenSees > analyze failed, returned: -3 error flag
WARNING: CTestNormDispIncr::test() - failed to converge 
after: 50 iterations  current Norm: 4137.4 (max: 1e-06, Norm deltaR: 1.03547e+09)
AcceleratedNewton::solveCurrentStep() -The ConvergenceTest object failed in test()
StaticAnalysis::analyze() - the Algorithm failed at step: 0 with domain at load factor -2041.99
OpenSees > analyze failed, returned: -3 error flag
WARNING: CTestNormDispIncr::test() - failed to converge 
after: 50 iterations  current Norm: 3.00602e+69 (max: 1e-06, Norm deltaR: 2.14774e+73)
ModifiedNewton::solveCurrentStep() -the ConvergenceTest object failed in test()
StaticAnalysis::analyze() - the Algorithm failed at step: 0 with domain at load factor -1.01546e+69
OpenSees > analyze failed, returned: -3 error flag
WARNING: CTestNormDispIncr::test() - failed to converge 
after: 50 iterations  current Norm: 42723.4 (max: 1e-06, Norm deltaR: 1.25256e+09)
NewtonRaphson::solveCurrentStep() -the ConvergenceTest object failed in test()
StaticAnalysis::analyze() - the Algorithm failed at step: 0 with domain at load factor 2763.75
OpenSees > analyze failed, returned: -3 error flag
WARNING: CTestNormDispIncr::test() - failed to converge 
after: 50 iterations  current Norm: 4822.93 (max: 1e-06, Norm deltaR: 1.12553e+08)
NewtonLineSearch::solveCurrentStep() -the ConvergenceTest object failed in test()
StaticAnalysis::analyze() - the Algorithm failed at step: 0 with domain at load factor 11943.2
OpenSees > analyze failed, returned: -3 error flag
WARNING ZeroLength::setDomain(): Element 5000091 has L= 7.7097, which is greater than the tolerance
WARNING ZeroLength::setDomain(): Element 5000092 has L= 7.86757, which is greater than the tolerance
WARNING ZeroLength::setDomain(): Element 5000093 has L= 48.4683, which is greater than the tolerance
WARNING ZeroLength::setDomain(): Element 5000094 has L= 7.56385, which is greater than the tolerance
WARNING ZeroLength::setDomain(): Element 5000095 has L= 52.1521, which is greater than the tolerance
WARNING: CTestNormDispIncr::test() - failed to converge 
after: 50 iterations  current Norm: 90193.4 (max: 1e-06, Norm deltaR: 2.40573e+09)
NewtonRaphson::solveCurrentStep() -the ConvergenceTest object failed in test()
StaticAnalysis::analyze() - the Algorithm failed at step: 0 with domain at load factor -2384.9
OpenSees > analyze failed, returned: -3 error flag
WARNING ZeroLength::setDomain(): Element 5000096 has L= 46.5006, which is greater than the tolerance
WARNING ZeroLength::setDomain(): Element 5000097 has L= 49.7327, which is greater than the tolerance
WARNING ZeroLength::setDomain(): Element 5000098 has L= 53.2241, which is greater than the tolerance
WARNING: CTestNormDispIncr::test() - failed to converge 
after: 50 iterations  current Norm: 0.788778 (max: 1e-06, Norm deltaR: 102433)
NewtonRaphson::solveCurrentStep() -the ConvergenceTest object failed in test()
StaticAnalysis::analyze() - the Algorithm failed at step: 0 with domain at load factor 278.915
OpenSees > analyze failed, returned: -3 error flag
WARNING: CTestNormDispIncr::test() - failed to converge 
after: 50 iterations  current Norm: 67149 (max: 1e-06, Norm deltaR: 1.26003e+09)
NewtonRaphson::solveCurrentStep() -the ConvergenceTest object failed in test()
StaticAnalysis::analyze() - the Algorithm failed at step: 0 with domain at load factor 1914.16
OpenSees > analyze failed, returned: -3 error flag
WARNING ZeroLength::setDomain(): Element 5000099 has L= 56.163, which is greater than the tolerance
WARNING ZeroLength::setDomain(): Element 5000100 has L= 8.02006, which is greater than the tolerance
WARNING: CTestNormDispIncr::test() - failed to converge 
after: 50 iterations  current Norm: 24772.6 (max: 1e-06, Norm deltaR: 5.10428e+08)
NewtonRaphson::solveCurrentStep() -the ConvergenceTest object failed in test()
StaticAnalysis::analyze() - the Algorithm failed at step: 0 with domain at load factor -4035.16
OpenSees > analyze failed, returned: -3 error flag
WARNING ZeroLength::setDomain(): Element 5000101 has L= 56.8584, which is greater than the tolerance
WARNING ZeroLength::setDomain(): Element 5000102 has L= 47.8254, which is greater than the tolerance
WARNING ZeroLength::setDomain(): Element 5000103 has L= 48.0899, which is greater than the tolerance
WARNING ZeroLength::setDomain(): Element 5000104 has L= 51.0626, which is greater than the tolerance
WARNING ZeroLength::setDomain(): Element 5000105 has L= 7.40887, which is greater than the tolerance
WARNING: CTestNormDispIncr::test() - failed to converge 
after: 50 iterations  current Norm: 44190.2 (max: 1e-06, Norm deltaR: 6.98063e+08)
NewtonRaphson::solveCurrentStep() -the ConvergenceTest object failed in test()
StaticAnalysis::analyze() - the Algorithm failed at step: 0 with domain at load factor -1244.31
OpenSees > analyze failed, returned: -3 error flag
WARNING ZeroLength::setDomain(): Element 5000106 has L= 52.0595, which is greater than the tolerance
WARNING ZeroLength::setDomain(): Element 5000107 has L= 20.8824, which is greater than the tolerance
WARNING ZeroLength::setDomain(): Element 5000108 has L= 56.2107, which is greater than the tolerance
WARNING ZeroLength::setDomain(): Element 5000109 has L= 21.2866, which is greater than the tolerance
WARNING ZeroLength::setDomain(): Element 5000110 has L= 60.2822, which is greater than the tolerance
WARNING ZeroLength::setDomain(): Element 5000111 has L= 7.7097, which is greater than the tolerance
WARNING ZeroLength::setDomain(): Element 5000112 has L= 7.86757, which is greater than the tolerance
WARNING ZeroLength::setDomain(): Element 5000113 has L= 16.8017, which is greater than the tolerance
WARNING ZeroLength::setDomain(): Element 5000114 has L= 49.6721, which is greater than the tolerance
WARNING ZeroLength::setDomain(): Element 5000115 has L= 17.2102, which is greater than the tolerance
WARNING: CTestNormDispIncr::test() - failed to converge 
after: 50 iterations  current Norm: 60027.3 (max: 1e-06, Norm deltaR: 6.62954e+07)
NewtonRaphson::solveCurrentStep() -the ConvergenceTest object failed in test()
StaticAnalysis::analyze() - the Algorithm failed at step: 0 with domain at load factor 31.409
OpenSees > analyze failed, returned: -3 error flag
WARNING ZeroLength::setDomain(): Element 5000116 has L= 17.6148, which is greater than the tolerance
WARNING ZeroLength::setDomain(): Element 5000117 has L= 60.7832, which is greater than the tolerance
WARNING: CTestNormDispIncr::test() - failed to converge 
after: 50 iterations  current Norm: 18785 (max: 1e-06, Norm deltaR: 1.76593e+08)
NewtonRaphson::solveCurrentStep() -the ConvergenceTest object failed in test()
StaticAnalysis::analyze() - the Algorithm failed at step: 0 with domain at load factor -405.408
OpenSees > analyze failed, returned: -3 error flag
WARNING: CTestNormDispIncr::test() - failed to converge 
after: 50 iterations  current Norm: 22925.4 (max: 1e-06, Norm deltaR: 3.13912e+08)
NewtonLineSearch::solveCurrentStep() -the ConvergenceTest object failed in test()
StaticAnalysis::analyze() - the Algorithm failed at step: 0 with domain at load factor 23739.2
OpenSees > analyze failed, returned: -3 error flag
WARNING: CTestNormDispIncr::test() - failed to converge 
after: 50 iterations  current Norm: 21601.1 (max: 1e-06, Norm deltaR: 4.63941e+08)
AcceleratedNewton::solveCurrentStep() -The ConvergenceTest object failed in test()
StaticAnalysis::analyze() - the Algorithm failed at step: 0 with domain at load factor -2848.51
OpenSees > analyze failed, returned: -3 error flag
WARNING: CTestNormDispIncr::test() - failed to converge 
after: 50 iterations  current Norm: 7.73961e+74 (max: 1e-06, Norm deltaR: 6.31808e+78)
ModifiedNewton::solveCurrentStep() -the ConvergenceTest object failed in test()
StaticAnalysis::analyze() - the Algorithm failed at step: 0 with domain at load factor -1.65944e+73
OpenSees > analyze failed, returned: -3 error flag
WARNING: CTestNormDispIncr::test() - failed to converge 
after: 50 iterations  current Norm: 43865 (max: 1e-06, Norm deltaR: 7.08828e+07)
NewtonRaphson::solveCurrentStep() -the ConvergenceTest object failed in test()
StaticAnalysis::analyze() - the Algorithm failed at step: 0 with domain at load factor 232.505
OpenSees > analyze failed, returned: -3 error flag
WARNING: CTestNormDispIncr::test() - failed to converge 
after: 50 iterations  current Norm: 0.112803 (max: 1e-06, Norm deltaR: 331465)
NewtonLineSearch::solveCurrentStep() -the ConvergenceTest object failed in test()
StaticAnalysis::analyze() - the Algorithm failed at step: 0 with domain at load factor 431.795
OpenSees > analyze failed, returned: -3 error flag
WARNING ZeroLength::setDomain(): Element 5000118 has L= 7.56385, which is greater than the tolerance
WARNING ZeroLength::setDomain(): Element 5000119 has L= 64.5559, which is greater than the tolerance
WARNING ZeroLength::setDomain(): Element 5000120 has L= 9.83977, which is greater than the tolerance
WARNING ZeroLength::setDomain(): Element 5000121 has L= 8.18836, which is greater than the tolerance
WARNING ZeroLength::setDomain(): Element 5000122 has L= 60.8085, which is greater than the tolerance
WARNING ZeroLength::setDomain(): Element 5000123 has L= 7.23458, which is greater than the tolerance
WARNING ZeroLength::setDomain(): Element 5000124 has L= 57.6564, which is greater than the tolerance
WARNING ZeroLength::setDomain(): Element 5000125 has L= 8.02006, which is greater than the tolerance
WARNING ZeroLength::setDomain(): Element 5000126 has L= 20.8824, which is greater than the tolerance
WARNING ZeroLength::setDomain(): Element 5000127 has L= 48.5937, which is greater than the tolerance
WARNING ZeroLength::setDomain(): Element 5000128 has L= 17.9907, which is greater than the tolerance
WARNING ZeroLength::setDomain(): Element 5000129 has L= 21.7356, which is greater than the tolerance
WARNING ZeroLength::setDomain(): Element 5000130 has L= 7.40887, which is greater than the tolerance
WARNING ZeroLength::setDomain(): Element 5000131 has L= 9.61159, which is greater than the tolerance
WARNING ZeroLength::setDomain(): Element 5000132 has L= 8.38739, which is greater than the tolerance
WARNING ZeroLength::setDomain(): Element 5000133 has L= 7.07937, which is greater than the tolerance
WARNING ZeroLength::setDomain(): Element 5000134 has L= 65.6415, which is greater than the tolerance
WARNING ZeroLength::setDomain(): Element 5000135 has L= 55.9568, which is greater than the tolerance
WARNING ZeroLength::setDomain(): Element 5000136 has L= 58.8751, which is greater than the tolerance
WARNING ZeroLength::setDomain(): Element 5000137 has L= 20.4888, which is greater than the tolerance
WARNING ZeroLength::setDomain(): Element 5000138 has L= 60.6704, which is greater than the tolerance
WARNING ZeroLength::setDomain(): Element 5000139 has L= 59.8129, which is greater than the tolerance
WARNING ZeroLength::setDomain(): Element 5000140 has L= 62.7274, which is greater than the tolerance
WARNING ZeroLength::setDomain(): Element 5000141 has L= 16.1103, which is greater than the tolerance
WARNING ZeroLength::setDomain(): Element 5000142 has L= 7.23458, which is greater than the tolerance
WARNING ZeroLength::setDomain(): Element 5000143 has L= 16.4532, which is greater than the tolerance
WARNING ZeroLength::setDomain(): Element 5000144 has L= 6.96179, which is greater than the tolerance
WARNING ZeroLength::setDomain(): Element 5000145 has L= 8.58435, which is greater than the tolerance
WARNING ZeroLength::setDomain(): Element 5000146 has L= 22.2453, which is greater than the tolerance
WARNING ZeroLength::setDomain(): Element 5000147 has L= 56.122, which is greater than the tolerance
WARNING ZeroLength::setDomain(): Element 5000148 has L= 15.8044, which is greater than the tolerance
WARNING ZeroLength::setDomain(): Element 5000149 has L= 10.0944, which is greater than the tolerance
WARNING ZeroLength::setDomain(): Element 5000150 has L= 57.6501, which is greater than the tolerance
WARNING ZeroLength::setDomain(): Element 5000151 has L= 63.8454, which is greater than the tolerance
WARNING ZeroLength::setDomain(): Element 5000152 has L= 21.2866, which is greater than the tolerance
WARNING ZeroLength::setDomain(): Element 5000153 has L= 20.4888, which is greater than the tolerance
WARNING ZeroLength::setDomain(): Element 5000154 has L= 56.1234, which is greater than the tolerance
WARNING ZeroLength::setDomain(): Element 5000155 has L= 53.3226, which is greater than the tolerance
WARNING ZeroLength::setDomain(): Element 5000156 has L= 10.3627, which is greater than the tolerance
WARNING ZeroLength::setDomain(): Element 5000157 has L= 16.8017, which is greater than the tolerance
WARNING ZeroLength::setDomain(): Element 5000158 has L= 20.0639, which is greater than the tolerance
WARNING ZeroLength::setDomain(): Element 5000159 has L= 60.008, which is greater than the tolerance
WARNING ZeroLength::setDomain(): Element 5000160 has L= 8.18836, which is greater than the tolerance
WARNING ZeroLength::setDomain(): Element 5000161 has L= 20.0639, which is greater than the tolerance
WARNING ZeroLength::setDomain(): Element 5000162 has L= 27.8748, which is greater than the tolerance
WARNING ZeroLength::setDomain(): Element 5000163 has L= 52.0757, which is greater than the tolerance
WARNING ZeroLength::setDomain(): Element 5000164 has L= 58.2792, which is greater than the tolerance
WARNING ZeroLength::setDomain(): Element 5000165 has L= 57.9116, which is greater than the tolerance
WARNING ZeroLength::setDomain(): Element 5000166 has L= 67.7695, which is greater than the tolerance
WARNING ZeroLength::setDomain(): Element 5000167 has L= 34.8973, which is greater than the tolerance
WARNING ZeroLength::setDomain(): Element 5000168 has L= 54.4993, which is greater than the tolerance
WARNING ZeroLength::setDomain(): Element 5000169 has L= 52.6685, which is greater than the tolerance
WARNING ZeroLength::setDomain(): Element 5000170 has L= 33.6066, which is greater than the tolerance
WARNING ZeroLength::setDomain(): Element 5000171 has L= 18.3272, which is greater than the tolerance
WARNING ZeroLength::setDomain(): Element 5000172 has L= 62.8544, which is greater than the tolerance
WARNING ZeroLength::setDomain(): Element 5000173 has L= 28.5853, which is greater than the tolerance
WARNING ZeroLength::setDomain(): Element 5000174 has L= 8.73721, which is greater than the tolerance
WARNING ZeroLength::setDomain(): Element 5000175 has L= 66.147, which is greater than the tolerance
WARNING ZeroLength::setDomain(): Element 5000176 has L= 48.1622, which is greater than the tolerance
WARNING ZeroLength::setDomain(): Element 5000177 has L= 48.3355, which is greater than the tolerance
WARNING ZeroLength::setDomain(): Element 5000178 has L= 26.0811, which is greater than the tolerance
WARNING ZeroLength::setDomain(): Element 5000179 has L= 22.6667, which is greater than the tolerance
WARNING ZeroLength::setDomain(): Element 5000180 has L= 54.3305, which is greater than the tolerance
WARNING ZeroLength::setDomain(): Element 5000181 has L= 64.0457, which is greater than the tolerance
WARNING ZeroLength::setDomain(): Element 5000182 has L= 51.2486, which is greater than the tolerance
WARNING ZeroLength::setDomain(): Element 5000183 has L= 17.2102, which is greater than the tolerance
WARNING ZeroLength::setDomain(): Element 5000184 has L= 34.8973, which is greater than the tolerance
WARNING ZeroLength::setDomain(): Element 5000185 has L= 57.523, which is greater than the tolerance
WARNING ZeroLength::setDomain(): Element 5000186 has L= 62.5433, which is greater than the tolerance
WARNING ZeroLength::setDomain(): Element 5000187 has L= 7.07937, which is greater than the tolerance
WARNING ZeroLength::setDomain(): Element 5000188 has L= 54.7988, which is greater than the tolerance
WARNING ZeroLength::setDomain(): Element 5000189 has L= 32.9569, which is greater than the tolerance
