WARNING ZeroLength::setDomain(): Element 5000001 has L= 2.55498, which is greater than the tolerance
WARNING ZeroLength::setDomain(): Element 5000002 has L= 2.30176, which is greater than the tolerance
WARNING ZeroLength::setDomain(): Element 5000003 has L= 1.89662, which is greater than the tolerance
WARNING ZeroLength::setDomain(): Element 5000004 has L= 1.89826, which is greater than the tolerance
WARNING ZeroLength::setDomain(): Element 5000005 has L= 1.83362, which is greater than the tolerance
WARNING ZeroLength::setDomain(): Element 5000006 has L= 1.83362, which is greater than the tolerance
WARNING ZeroLength::setDomain(): Element 5000007 has L= 1.89826, which is greater than the tolerance
WARNING ZeroLength::setDomain(): Element 5000008 has L= 1.89662, which is greater than the tolerance
WARNING ZeroLength::setDomain(): Element 5000009 has L= 2.30176, which is greater than the tolerance
WARNING ZeroLength::setDomain(): Element 5000010 has L= 2.55498, which is greater than the tolerance
WARNING ZeroLength::setDomain(): Element 5000011 has L= 2.40824, which is greater than the tolerance
WARNING ZeroLength::setDomain(): Element 5000012 has L= 2.27017, which is greater than the tolerance
WARNING ZeroLength::setDomain(): Element 5000013 has L= 2.01153, which is greater than the tolerance
WARNING ZeroLength::setDomain(): Element 5000014 has L= 2.03717, which is greater than the tolerance
WARNING ZeroLength::setDomain(): Element 5000015 has L= 2.02488, which is greater than the tolerance
WARNING ZeroLength::setDomain(): Element 5000016 has L= 2.02488, which is greater than the tolerance
WARNING ZeroLength::setDomain(): Element 5000017 has L= 2.03717, which is greater than the tolerance
WARNING ZeroLength::setDomain(): Element 5000018 has L= 2.01153, which is greater than the tolerance
WARNING ZeroLength::setDomain(): Element 5000019 has L= 2.27017, which is greater than the tolerance
WARNING ZeroLength::setDomain(): Element 5000020 has L= 2.40824, which is greater than the tolerance
WARNING ZeroLength::setDomain(): Element 5000021 has L= 2.34328, which is greater than the tolerance
WARNING ZeroLength::setDomain(): Element 5000022 has L= 2.30346, which is greater than the tolerance
WARNING ZeroLength::setDomain(): Element 5000023 has L= 2.18537, which is greater than the tolerance
WARNING ZeroLength::setDomain(): Element 5000024 has L= 2.25017, which is greater than the tolerance
WARNING ZeroLength::setDomain(): Element 5000025 has L= 2.28705, which is greater than the tolerance
WARNING ZeroLength::setDomain(): Element 5000026 has L= 2.28705, which is greater than the tolerance
WARNING ZeroLength::setDomain(): Element 5000027 has L= 2.25017, which is greater than the tolerance
WARNING ZeroLength::setDomain(): Element 5000028 has L= 2.18537, which is greater than the tolerance
WARNING ZeroLength::setDomain(): Element 5000029 has L= 2.30346, which is greater than the tolerance
WARNING ZeroLength::setDomain(): Element 5000030 has L= 2.34328, which is greater than the tolerance
WARNING ZeroLength::setDomain(): Element 5000031 has L= 2.38801, which is greater than the tolerance
WARNING ZeroLength::setDomain(): Element 5000032 has L= 2.39988, which is greater than the tolerance
WARNING ZeroLength::setDomain(): Element 5000033 has L= 2.39901, which is greater than the tolerance
WARNING ZeroLength::setDomain(): Element 5000034 has L= 2.57035, which is greater than the tolerance
WARNING ZeroLength::setDomain(): Element 5000035 has L= 2.71047, which is greater than the tolerance
WARNING ZeroLength::setDomain(): Element 5000036 has L= 2.71047, which is greater than the tolerance
WARNING ZeroLength::setDomain(): Element 5000037 has L= 2.57035, which is greater than the tolerance
WARNING ZeroLength::setDomain(): Element 5000038 has L= 2.39901, which is greater than the tolerance
WARNING ZeroLength::setDomain(): Element 5000039 has L= 2.39988, which is greater than the tolerance
WARNING ZeroLength::setDomain(): Element 5000040 has L= 2.38801, which is greater than the tolerance
WARNING ZeroLength::setDomain(): Element 5000041 has L= 2.44778, which is greater than the tolerance
WARNING ZeroLength::setDomain(): Element 5000042 has L= 2.55564, which is greater than the tolerance
WARNING ZeroLength::setDomain(): Element 5000043 has L= 2.70886, which is greater than the tolerance
WARNING ZeroLength::setDomain(): Element 5000044 has L= 2.87516, which is greater than the tolerance
WARNING ZeroLength::setDomain(): Element 5000045 has L= 2.98076, which is greater than the tolerance
WARNING ZeroLength::setDomain(): Element 5000046 has L= 2.98076, which is greater than the tolerance
WARNING ZeroLength::setDomain(): Element 5000047 has L= 2.87516, which is greater than the tolerance
WARNING ZeroLength::setDomain(): Element 5000048 has L= 2.70886, which is greater than the tolerance
WARNING ZeroLength::setDomain(): Element 5000049 has L= 2.55564, which is greater than the tolerance
WARNING ZeroLength::setDomain(): Element 5000050 has L= 2.44778, which is greater than the tolerance
WARNING ZeroLength::setDomain(): Element 5000051 has L= 2.38367, which is greater than the tolerance
WARNING ZeroLength::setDomain(): Element 5000052 has L= 2.58355, which is greater than the tolerance
WARNING ZeroLength::setDomain(): Element 5000053 has L= 2.88858, which is greater than the tolerance
WARNING ZeroLength::setDomain(): Element 5000054 has L= 2.9651, which is greater than the tolerance
WARNING ZeroLength::setDomain(): Element 5000055 has L= 3.04892, which is greater than the tolerance
WARNING ZeroLength::setDomain(): Element 5000056 has L= 3.04892, which is greater than the tolerance
WARNING ZeroLength::setDomain(): Element 5000057 has L= 2.9651, which is greater than the tolerance
WARNING ZeroLength::setDomain(): Element 5000058 has L= 2.88858, which is greater than the tolerance
WARNING ZeroLength::setDomain(): Element 5000059 has L= 2.58355, which is greater than the tolerance
WARNING ZeroLength::setDomain(): Element 5000060 has L= 2.38367, which is greater than the tolerance
WARNING ZeroLength::setDomain(): Element 5000061 has L= 2.29234, which is greater than the tolerance
WARNING ZeroLength::setDomain(): Element 5000062 has L= 2.45143, which is greater than the tolerance
WARNING ZeroLength::setDomain(): Element 5000063 has L= 2.80944, which is greater than the tolerance
WARNING ZeroLength::setDomain(): Element 5000064 has L= 2.91493, which is greater than the tolerance
WARNING ZeroLength::setDomain(): Element 5000065 has L= 3.04524, which is greater than the tolerance
WARNING ZeroLength::setDomain(): Element 5000066 has L= 3.04524, which is greater than the tolerance
WARNING ZeroLength::setDomain(): Element 5000067 has L= 2.91493, which is greater than the tolerance
WARNING ZeroLength::setDomain(): Element 5000068 has L= 2.80944, which is greater than the tolerance
WARNING ZeroLength::setDomain(): Element 5000069 has L= 2.45143, which is greater than the tolerance
WARNING ZeroLength::setDomain(): Element 5000070 has L= 2.29234, which is greater than the tolerance
WARNING ZeroLength::setDomain(): Element 5000071 has L= 2.21748, which is greater than the tolerance
WARNING ZeroLength::setDomain(): Element 5000072 has L= 2.37766, which is greater than the tolerance
WARNING ZeroLength::setDomain(): Element 5000073 has L= 2.74698, which is greater than the tolerance
WARNING ZeroLength::setDomain(): Element 5000074 has L= 2.89854, which is greater than the tolerance
WARNING ZeroLength::setDomain(): Element 5000075 has L= 3.00789, which is greater than the tolerance
WARNING ZeroLength::setDomain(): Element 5000076 has L= 3.00789, which is greater than the tolerance
WARNING ZeroLength::setDomain(): Element 5000077 has L= 2.89854, which is greater than the tolerance
WARNING ZeroLength::setDomain(): Element 5000078 has L= 2.74698, which is greater than the tolerance
WARNING ZeroLength::setDomain(): Element 5000079 has L= 2.37766, which is greater than the tolerance
WARNING ZeroLength::setDomain(): Element 5000080 has L= 2.21748, which is greater than the tolerance
WARNING ZeroLength::setDomain(): Element 5000081 has L= 2.18877, which is greater than the tolerance
WARNING ZeroLength::setDomain(): Element 5000082 has L= 2.32201, which is greater than the tolerance
WARNING ZeroLength::setDomain(): Element 5000083 has L= 2.67365, which is greater than the tolerance
WARNING ZeroLength::setDomain(): Element 5000084 has L= 2.86045, which is greater than the tolerance
WARNING ZeroLength::setDomain(): Element 5000085 has L= 2.90651, which is greater than the tolerance
WARNING ZeroLength::setDomain(): Element 5000086 has L= 2.90651, which is greater than the tolerance
WARNING ZeroLength::setDomain(): Element 5000087 has L= 2.86045, which is greater than the tolerance
WARNING ZeroLength::setDomain(): Element 5000088 has L= 2.67365, which is greater than the tolerance
WARNING ZeroLength::setDomain(): Element 5000089 has L= 2.32201, which is greater than the tolerance
WARNING ZeroLength::setDomain(): Element 5000090 has L= 2.18877, which is greater than the tolerance
WARNING: CTestNormDispIncr::test() - failed to converge 
after: 50 iterations  current Norm: 34251.5 (max: 1e-06, Norm deltaR: 1.14371e+09)
NewtonRaphson::solveCurrentStep() -the ConvergenceTest object failed in test()
StaticAnalysis::analyze() - the Algorithm failed at step: 0 with domain at load factor -1977.24
OpenSees > analyze failed, returned: -3 error flag
WARNING: CTestNormDispIncr::test() - failed to converge 
after: 50 iterations  current Norm: 29145.8 (max: 1e-06, Norm deltaR: 7.46435e+08)
NewtonRaphson::solveCurrentStep() -the ConvergenceTest object failed in test()
StaticAnalysis::analyze() - the Algorithm failed at step: 0 with domain at load factor 4547.63
OpenSees > analyze failed, returned: -3 error flag
WARNING: CTestNormDispIncr::test() - failed to converge 
after: 50 iterations  current Norm: 3930.16 (max: 1e-06, Norm deltaR: 1.4108e+08)
NewtonLineSearch::solveCurrentStep() -the ConvergenceTest object failed in test()
StaticAnalysis::analyze() - the Algorithm failed at step: 0 with domain at load factor -884.549
OpenSees > analyze failed, returned: -3 error flag
WARNING: CTestNormDispIncr::test() - failed to converge 
after: 50 iterations  current Norm: 28064.9 (max: 1e-06, Norm deltaR: 6.55874e+08)
AcceleratedNewton::solveCurrentStep() -The ConvergenceTest object failed in test()
StaticAnalysis::analyze() - the Algorithm failed at step: 0 with domain at load factor -4381.32
OpenSees > analyze failed, returned: -3 error flag
WARNING: CTestNormDispIncr::test() - failed to converge 
after: 50 iterations  current Norm: 7.17459e+65 (max: 1e-06, Norm deltaR: 2.58477e+69)
ModifiedNewton::solveCurrentStep() -the ConvergenceTest object failed in test()
StaticAnalysis::analyze() - the Algorithm failed at step: 0 with domain at load factor -8.54429e+64
OpenSees > analyze failed, returned: -3 error flag
WARNING: CTestNormDispIncr::test() - failed to converge 
after: 50 iterations  current Norm: 53630.4 (max: 1e-06, Norm deltaR: 1.0587e+09)
NewtonRaphson::solveCurrentStep() -the ConvergenceTest object failed in test()
StaticAnalysis::analyze() - the Algorithm failed at step: 0 with domain at load factor -15267.5
OpenSees > analyze failed, returned: -3 error flag
WARNING: CTestNormDispIncr::test() - failed to converge 
after: 50 iterations  current Norm: 44808.6 (max: 1e-06, Norm deltaR: 9.24098e+07)
NewtonRaphson::solveCurrentStep() -the ConvergenceTest object failed in test()
StaticAnalysis::analyze() - the Algorithm failed at step: 0 with domain at load factor -311.764
OpenSees > analyze failed, returned: -3 error flag
WARNING: CTestNormDispIncr::test() - failed to converge 
after: 50 iterations  current Norm: 1874.63 (max: 1e-06, Norm deltaR: 1.22459e+08)
NewtonLineSearch::solveCurrentStep() -the ConvergenceTest object failed in test()
StaticAnalysis::analyze() - the Algorithm failed at step: 0 with domain at load factor 2191.07
OpenSees > analyze failed, returned: -3 error flag
WARNING: CTestNormDispIncr::test() - failed to converge 
after: 50 iterations  current Norm: 31241 (max: 1e-06, Norm deltaR: 6.31183e+08)
AcceleratedNewton::solveCurrentStep() -The ConvergenceTest object failed in test()
StaticAnalysis::analyze() - the Algorithm failed at step: 0 with domain at load factor 7126.89
OpenSees > analyze failed, returned: -3 error flag
WARNING: CTestNormDispIncr::test() - failed to converge 
after: 50 iterations  current Norm: 1.90275e+67 (max: 1e-06, Norm deltaR: 1.58328e+71)
ModifiedNewton::solveCurrentStep() -the ConvergenceTest object failed in test()
StaticAnalysis::analyze() - the Algorithm failed at step: 0 with domain at load factor 2.56388e+66
OpenSees > analyze failed, returned: -3 error flag
WARNING: CTestNormDispIncr::test() - failed to converge 
after: 50 iterations  current Norm: 20692.6 (max: 1e-06, Norm deltaR: 5.55153e+08)
NewtonRaphson::solveCurrentStep() -the ConvergenceTest object failed in test()
StaticAnalysis::analyze() - the Algorithm failed at step: 0 with domain at load factor -3721.34
OpenSees > analyze failed, returned: -3 error flag
WARNING ZeroLength::setDomain(): Element 5000091 has L= 7.95752, which is greater than the tolerance
WARNING ZeroLength::setDomain(): Element 5000092 has L= 8.1154, which is greater than the tolerance
WARNING ZeroLength::setDomain(): Element 5000093 has L= 7.81165, which is greater than the tolerance
WARNING ZeroLength::setDomain(): Element 5000094 has L= 52.8821, which is greater than the tolerance
WARNING: CTestNormDispIncr::test() - failed to converge 
after: 50 iterations  current Norm: 18141.2 (max: 1e-06, Norm deltaR: 9.14852e+08)
NewtonRaphson::solveCurrentStep() -the ConvergenceTest object failed in test()
StaticAnalysis::analyze() - the Algorithm failed at step: 0 with domain at load factor 1465.11
OpenSees > analyze failed, returned: -3 error flag
WARNING ZeroLength::setDomain(): Element 5000095 has L= 8.26791, which is greater than the tolerance
WARNING ZeroLength::setDomain(): Element 5000096 has L= 21.1163, which is greater than the tolerance
WARNING ZeroLength::setDomain(): Element 5000097 has L= 52.4829, which is greater than the tolerance
WARNING ZeroLength::setDomain(): Element 5000098 has L= 53.6328, which is greater than the tolerance
WARNING ZeroLength::setDomain(): Element 5000099 has L= 56.9452, which is greater than the tolerance
WARNING ZeroLength::setDomain(): Element 5000100 has L= 7.95752, which is greater than the tolerance
WARNING ZeroLength::setDomain(): Element 5000101 has L= 7.65664, which is greater than the tolerance
WARNING ZeroLength::setDomain(): Element 5000102 has L= 21.5203, which is greater than the tolerance
WARNING ZeroLength::setDomain(): Element 5000103 has L= 8.1154, which is greater than the tolerance
WARNING ZeroLength::setDomain(): Element 5000104 has L= 57.2731, which is greater than the tolerance
WARNING ZeroLength::setDomain(): Element 5000105 has L= 7.81165, which is greater than the tolerance
WARNING ZeroLength::setDomain(): Element 5000106 has L= 61.076, which is greater than the tolerance
WARNING ZeroLength::setDomain(): Element 5000107 has L= 21.9691, which is greater than the tolerance
WARNING ZeroLength::setDomain(): Element 5000108 has L= 17.0496, which is greater than the tolerance
WARNING ZeroLength::setDomain(): Element 5000109 has L= 16.701, which is greater than the tolerance
WARNING ZeroLength::setDomain(): Element 5000110 has L= 16.3582, which is greater than the tolerance
WARNING ZeroLength::setDomain(): Element 5000111 has L= 53.7458, which is greater than the tolerance
WARNING ZeroLength::setDomain(): Element 5000112 has L= 54.9318, which is greater than the tolerance
WARNING ZeroLength::setDomain(): Element 5000113 has L= 17.4581, which is greater than the tolerance
WARNING ZeroLength::setDomain(): Element 5000114 has L= 21.9691, which is greater than the tolerance
WARNING ZeroLength::setDomain(): Element 5000115 has L= 51.3101, which is greater than the tolerance
WARNING ZeroLength::setDomain(): Element 5000116 has L= 20.7229, which is greater than the tolerance
WARNING ZeroLength::setDomain(): Element 5000117 has L= 7.65664, which is greater than the tolerance
WARNING ZeroLength::setDomain(): Element 5000118 has L= 22.4786, which is greater than the tolerance
WARNING ZeroLength::setDomain(): Element 5000119 has L= 21.5203, which is greater than the tolerance
WARNING ZeroLength::setDomain(): Element 5000120 has L= 21.1163, which is greater than the tolerance
WARNING ZeroLength::setDomain(): Element 5000121 has L= 10.8011, which is greater than the tolerance
WARNING ZeroLength::setDomain(): Element 5000122 has L= 10.0293, which is greater than the tolerance
WARNING ZeroLength::setDomain(): Element 5000123 has L= 17.8627, which is greater than the tolerance
WARNING ZeroLength::setDomain(): Element 5000124 has L= 8.4362, which is greater than the tolerance
WARNING ZeroLength::setDomain(): Element 5000125 has L= 17.0496, which is greater than the tolerance
WARNING ZeroLength::setDomain(): Element 5000126 has L= 60.6412, which is greater than the tolerance
WARNING ZeroLength::setDomain(): Element 5000127 has L= 56.3904, which is greater than the tolerance
WARNING ZeroLength::setDomain(): Element 5000128 has L= 16.3582, which is greater than the tolerance
WARNING ZeroLength::setDomain(): Element 5000129 has L= 10.2834, which is greater than the tolerance
WARNING ZeroLength::setDomain(): Element 5000130 has L= 7.48232, which is greater than the tolerance
WARNING ZeroLength::setDomain(): Element 5000131 has L= 22.8995, which is greater than the tolerance
WARNING ZeroLength::setDomain(): Element 5000132 has L= 16.701, which is greater than the tolerance
WARNING ZeroLength::setDomain(): Element 5000133 has L= 63.5186, which is greater than the tolerance
WARNING ZeroLength::setDomain(): Element 5000134 has L= 16.0522, which is greater than the tolerance
WARNING ZeroLength::setDomain(): Element 5000135 has L= 18.2385, which is greater than the tolerance
WARNING ZeroLength::setDomain(): Element 5000136 has L= 20.7229, which is greater than the tolerance
WARNING ZeroLength::setDomain(): Element 5000137 has L= 7.48232, which is greater than the tolerance
WARNING ZeroLength::setDomain(): Element 5000138 has L= 59.3027, which is greater than the tolerance
WARNING ZeroLength::setDomain(): Element 5000139 has L= 7.32707, which is greater than the tolerance
WARNING ZeroLength::setDomain(): Element 5000140 has L= 9.80206, which is greater than the tolerance
WARNING ZeroLength::setDomain(): Element 5000141 has L= 15.7396, which is greater than the tolerance
WARNING ZeroLength::setDomain(): Element 5000142 has L= 22.4786, which is greater than the tolerance
WARNING ZeroLength::setDomain(): Element 5000143 has L= 68.4897, which is greater than the tolerance
WARNING ZeroLength::setDomain(): Element 5000144 has L= 8.63521, which is greater than the tolerance
WARNING ZeroLength::setDomain(): Element 5000145 has L= 10.9811, which is greater than the tolerance
WARNING ZeroLength::setDomain(): Element 5000146 has L= 10.5514, which is greater than the tolerance
WARNING ZeroLength::setDomain(): Element 5000147 has L= 56.2829, which is greater than the tolerance
WARNING ZeroLength::setDomain(): Element 5000148 has L= 17.4581, which is greater than the tolerance
WARNING ZeroLength::setDomain(): Element 5000149 has L= 58.3066, which is greater than the tolerance
WARNING ZeroLength::setDomain(): Element 5000150 has L= 35.141, which is greater than the tolerance
WARNING ZeroLength::setDomain(): Element 5000151 has L= 20.2982, which is greater than the tolerance
WARNING ZeroLength::setDomain(): Element 5000152 has L= 58.7374, which is greater than the tolerance
WARNING ZeroLength::setDomain(): Element 5000153 has L= 60.6392, which is greater than the tolerance
WARNING ZeroLength::setDomain(): Element 5000154 has L= 48.9088, which is greater than the tolerance
WARNING ZeroLength::setDomain(): Element 5000155 has L= 49.321, which is greater than the tolerance
WARNING ZeroLength::setDomain(): Element 5000156 has L= 18.575, which is greater than the tolerance
WARNING ZeroLength::setDomain(): Element 5000157 has L= 16.0522, which is greater than the tolerance
WARNING ZeroLength::setDomain(): Element 5000158 has L= 7.20947, which is greater than the tolerance
WARNING ZeroLength::setDomain(): Element 5000159 has L= 57.9605, which is greater than the tolerance
WARNING ZeroLength::setDomain(): Element 5000160 has L= 49.9052, which is greater than the tolerance
WARNING ZeroLength::setDomain(): Element 5000161 has L= 7.32707, which is greater than the tolerance
WARNING ZeroLength::setDomain(): Element 5000162 has L= 28.1227, which is greater than the tolerance
WARNING ZeroLength::setDomain(): Element 5000163 has L= 10.5514, which is greater than the tolerance
WARNING ZeroLength::setDomain(): Element 5000164 has L= 20.2982, which is greater than the tolerance
WARNING ZeroLength::setDomain(): Element 5000165 has L= 34.458, which is greater than the tolerance
WARNING ZeroLength::setDomain(): Element 5000166 has L= 9.59728, which is greater than the tolerance
WARNING ZeroLength::setDomain(): Element 5000167 has L= 35.141, which is greater than the tolerance
WARNING ZeroLength::setDomain(): Element 5000168 has L= 34.458, which is greater than the tolerance
WARNING ZeroLength::setDomain(): Element 5000169 has L= 50.9871, which is greater than the tolerance
WARNING ZeroLength::setDomain(): Element 5000170 has L= 8.83215, which is greater than the tolerance
WARNING ZeroLength::setDomain(): Element 5000171 has L= 56.9061, which is greater than the tolerance
WARNING ZeroLength::setDomain(): Element 5000172 has L= 66.8802, which is greater than the tolerance
WARNING ZeroLength::setDomain(): Element 5000173 has L= 9.80206, which is greater than the tolerance
WARNING ZeroLength::setDomain(): Element 5000174 has L= 35.8519, which is greater than the tolerance
WARNING ZeroLength::setDomain(): Element 5000175 has L= 35.8519, which is greater than the tolerance
WARNING ZeroLength::setDomain(): Element 5000176 has L= 33.8504, which is greater than the tolerance
WARNING: CTestNormDispIncr::test() - failed to converge 
after: 50 iterations  current Norm: 9480.8 (max: 1e-06, Norm deltaR: 3.1944e+08)
NewtonRaphson::solveCurrentStep() -the ConvergenceTest object failed in test()
StaticAnalysis::analyze() - the Algorithm failed at step: 0 with domain at load factor -2711.79
OpenSees > analyze failed, returned: -3 error flag
WARNING ZeroLength::setDomain(): Element 5000177 has L= 57.0291, which is greater than the tolerance
WARNING ZeroLength::setDomain(): Element 5000178 has L= 59.04, which is greater than the tolerance
WARNING ZeroLength::setDomain(): Element 5000179 has L= 63.039, which is greater than the tolerance
WARNING ZeroLength::setDomain(): Element 5000180 has L= 66.0579, which is greater than the tolerance
WARNING ZeroLength::setDomain(): Element 5000181 has L= 15.7396, which is greater than the tolerance
WARNING ZeroLength::setDomain(): Element 5000182 has L= 61.503, which is greater than the tolerance
WARNING ZeroLength::setDomain(): Element 5000183 has L= 22.8995, which is greater than the tolerance
WARNING ZeroLength::setDomain(): Element 5000184 has L= 28.8332, which is greater than the tolerance
WARNING ZeroLength::setDomain(): Element 5000185 has L= 8.26791, which is greater than the tolerance
WARNING ZeroLength::setDomain(): Element 5000186 has L= 49.6913, which is greater than the tolerance
WARNING ZeroLength::setDomain(): Element 5000187 has L= 25.7336, which is greater than the tolerance
WARNING ZeroLength::setDomain(): Element 5000188 has L= 29.4165, which is greater than the tolerance
WARNING ZeroLength::setDomain(): Element 5000189 has L= 33.8504, which is greater than the tolerance
WARNING: CTestNormDispIncr::test() - failed to converge 
after: 50 iterations  current Norm: 31720.9 (max: 1e-06, Norm deltaR: 9.2098e+08)
NewtonRaphson::solveCurrentStep() -the ConvergenceTest object failed in test()
StaticAnalysis::analyze() - the Algorithm failed at step: 0 with domain at load factor -3978.85
OpenSees > analyze failed, returned: -3 error flag
WARNING ZeroLength::setDomain(): Element 5000190 has L= 64.3558, which is greater than the tolerance
WARNING ZeroLength::setDomain(): Element 5000191 has L= 64.6916, which is greater than the tolerance
WARNING ZeroLength::setDomain(): Element 5000192 has L= 26.3291, which is greater than the tolerance
WARNING ZeroLength::setDomain(): Element 5000193 has L= 33.2007, which is greater than the tolerance
WARNING: CTestNormDispIncr::test() - failed to converge 
after: 50 iterations  current Norm: 61828.5 (max: 1e-06, Norm deltaR: 1.7628e+09)
NewtonRaphson::solveCurrentStep() -the ConvergenceTest object failed in test()
StaticAnalysis::analyze() - the Algorithm failed at step: 0 with domain at load factor 11614.3
OpenSees > analyze failed, returned: -3 error flag
WARNING ZeroLength::setDomain(): Element 5000194 has L= 36.5329, which is greater than the tolerance
WARNING ZeroLength::setDomain(): Element 5000195 has L= 52.5265, which is greater than the tolerance
WARNING: CTestNormDispIncr::test() - failed to converge 
after: 50 iterations  current Norm: 53341.4 (max: 1e-06, Norm deltaR: 2.27444e+08)
NewtonRaphson::solveCurrentStep() -the ConvergenceTest object failed in test()
StaticAnalysis::analyze() - the Algorithm failed at step: 0 with domain at load factor 671.697
OpenSees > analyze failed, returned: -3 error flag
WARNING ZeroLength::setDomain(): Element 5000196 has L= 8.98499, which is greater than the tolerance
WARNING ZeroLength::setDomain(): Element 5000197 has L= 8.4362, which is greater than the tolerance
WARNING ZeroLength::setDomain(): Element 5000198 has L= 60.9606, which is greater than the tolerance
WARNING ZeroLength::setDomain(): Element 5000199 has L= 15.398, which is greater than the tolerance
