WARNING ZeroLength::setDomain(): Element 5000001 has L= 2.51386, which is greater than the tolerance
WARNING ZeroLength::setDomain(): Element 5000002 has L= 2.26051, which is greater than the tolerance
WARNING ZeroLength::setDomain(): Element 5000003 has L= 1.8553, which is greater than the tolerance
WARNING ZeroLength::setDomain(): Element 5000004 has L= 1.85695, which is greater than the tolerance
WARNING ZeroLength::setDomain(): Element 5000005 has L= 1.79229, which is greater than the tolerance
WARNING ZeroLength::setDomain(): Element 5000006 has L= 1.79229, which is greater than the tolerance
WARNING ZeroLength::setDomain(): Element 5000007 has L= 1.85695, which is greater than the tolerance
WARNING ZeroLength::setDomain(): Element 5000008 has L= 1.8553, which is greater than the tolerance
WARNING ZeroLength::setDomain(): Element 5000009 has L= 2.26051, which is greater than the tolerance
WARNING ZeroLength::setDomain(): Element 5000010 has L= 2.51386, which is greater than the tolerance
WARNING ZeroLength::setDomain(): Element 5000011 has L= 2.36713, which is greater than the tolerance
WARNING ZeroLength::setDomain(): Element 5000012 has L= 2.22891, which is greater than the tolerance
WARNING ZeroLength::setDomain(): Element 5000013 has L= 1.9702, which is greater than the tolerance
WARNING ZeroLength::setDomain(): Element 5000014 has L= 1.99584, which is greater than the tolerance
WARNING ZeroLength::setDomain(): Element 5000015 has L= 1.98355, which is greater than the tolerance
WARNING ZeroLength::setDomain(): Element 5000016 has L= 1.98355, which is greater than the tolerance
WARNING ZeroLength::setDomain(): Element 5000017 has L= 1.99584, which is greater than the tolerance
WARNING ZeroLength::setDomain(): Element 5000018 has L= 1.9702, which is greater than the tolerance
WARNING ZeroLength::setDomain(): Element 5000019 has L= 2.22891, which is greater than the tolerance
WARNING ZeroLength::setDomain(): Element 5000020 has L= 2.36713, which is greater than the tolerance
WARNING ZeroLength::setDomain(): Element 5000021 has L= 2.30212, which is greater than the tolerance
WARNING ZeroLength::setDomain(): Element 5000022 has L= 2.26217, which is greater than the tolerance
WARNING ZeroLength::setDomain(): Element 5000023 has L= 2.14404, which is greater than the tolerance
WARNING ZeroLength::setDomain(): Element 5000024 has L= 2.20884, which is greater than the tolerance
WARNING ZeroLength::setDomain(): Element 5000025 has L= 2.24572, which is greater than the tolerance
WARNING ZeroLength::setDomain(): Element 5000026 has L= 2.24572, which is greater than the tolerance
WARNING ZeroLength::setDomain(): Element 5000027 has L= 2.20884, which is greater than the tolerance
WARNING ZeroLength::setDomain(): Element 5000028 has L= 2.14404, which is greater than the tolerance
WARNING ZeroLength::setDomain(): Element 5000029 has L= 2.26217, which is greater than the tolerance
WARNING ZeroLength::setDomain(): Element 5000030 has L= 2.30212, which is greater than the tolerance
WARNING ZeroLength::setDomain(): Element 5000031 has L= 2.34674, which is greater than the tolerance
WARNING ZeroLength::setDomain(): Element 5000032 has L= 2.35856, which is greater than the tolerance
WARNING ZeroLength::setDomain(): Element 5000033 has L= 2.35768, which is greater than the tolerance
WARNING ZeroLength::setDomain(): Element 5000034 has L= 2.52902, which is greater than the tolerance
WARNING ZeroLength::setDomain(): Element 5000035 has L= 2.66914, which is greater than the tolerance
WARNING ZeroLength::setDomain(): Element 5000036 has L= 2.66914, which is greater than the tolerance
WARNING ZeroLength::setDomain(): Element 5000037 has L= 2.52902, which is greater than the tolerance
WARNING ZeroLength::setDomain(): Element 5000038 has L= 2.35768, which is greater than the tolerance
WARNING ZeroLength::setDomain(): Element 5000039 has L= 2.35856, which is greater than the tolerance
WARNING ZeroLength::setDomain(): Element 5000040 has L= 2.34674, which is greater than the tolerance
WARNING ZeroLength::setDomain(): Element 5000041 has L= 2.40646, which is greater than the tolerance
WARNING ZeroLength::setDomain(): Element 5000042 has L= 2.51431, which is greater than the tolerance
WARNING ZeroLength::setDomain(): Element 5000043 has L= 2.66753, which is greater than the tolerance
WARNING ZeroLength::setDomain(): Element 5000044 has L= 2.83382, which is greater than the tolerance
WARNING ZeroLength::setDomain(): Element 5000045 has L= 2.93943, which is greater than the tolerance
WARNING ZeroLength::setDomain(): Element 5000046 has L= 2.93943, which is greater than the tolerance
WARNING ZeroLength::setDomain(): Element 5000047 has L= 2.83382, which is greater than the tolerance
WARNING ZeroLength::setDomain(): Element 5000048 has L= 2.66753, which is greater than the tolerance
WARNING ZeroLength::setDomain(): Element 5000049 has L= 2.51431, which is greater than the tolerance
WARNING ZeroLength::setDomain(): Element 5000050 has L= 2.40646, which is greater than the tolerance
WARNING ZeroLength::setDomain(): Element 5000051 has L= 2.34236, which is greater than the tolerance
WARNING ZeroLength::setDomain(): Element 5000052 has L= 2.54222, which is greater than the tolerance
WARNING ZeroLength::setDomain(): Element 5000053 has L= 2.84725, which is greater than the tolerance
WARNING ZeroLength::setDomain(): Element 5000054 has L= 2.92377, which is greater than the tolerance
WARNING ZeroLength::setDomain(): Element 5000055 has L= 3.00759, which is greater than the tolerance
WARNING ZeroLength::setDomain(): Element 5000056 has L= 3.00759, which is greater than the tolerance
WARNING ZeroLength::setDomain(): Element 5000057 has L= 2.92377, which is greater than the tolerance
WARNING ZeroLength::setDomain(): Element 5000058 has L= 2.84725, which is greater than the tolerance
WARNING ZeroLength::setDomain(): Element 5000059 has L= 2.54222, which is greater than the tolerance
WARNING ZeroLength::setDomain(): Element 5000060 has L= 2.34236, which is greater than the tolerance
WARNING ZeroLength::setDomain(): Element 5000061 has L= 2.25103, which is greater than the tolerance
WARNING ZeroLength::setDomain(): Element 5000062 has L= 2.4101, which is greater than the tolerance
WARNING ZeroLength::setDomain(): Element 5000063 has L= 2.76811, which is greater than the tolerance
WARNING ZeroLength::setDomain(): Element 5000064 has L= 2.8736, which is greater than the tolerance
WARNING ZeroLength::setDomain(): Element 5000065 has L= 3.0039, which is greater than the tolerance
WARNING ZeroLength::setDomain(): Element 5000066 has L= 3.0039, which is greater than the tolerance
WARNING ZeroLength::setDomain(): Element 5000067 has L= 2.8736, which is greater than the tolerance
WARNING ZeroLength::setDomain(): Element 5000068 has L= 2.76811, which is greater than the tolerance
WARNING ZeroLength::setDomain(): Element 5000069 has L= 2.4101, which is greater than the tolerance
WARNING ZeroLength::setDomain(): Element 5000070 has L= 2.25103, which is greater than the tolerance
WARNING ZeroLength::setDomain(): Element 5000071 has L= 2.17618, which is greater than the tolerance
WARNING ZeroLength::setDomain(): Element 5000072 has L= 2.33633, which is greater than the tolerance
WARNING ZeroLength::setDomain(): Element 5000073 has L= 2.70565, which is greater than the tolerance
WARNING ZeroLength::setDomain(): Element 5000074 has L= 2.85721, which is greater than the tolerance
WARNING ZeroLength::setDomain(): Element 5000075 has L= 2.96655, which is greater than the tolerance
WARNING ZeroLength::setDomain(): Element 5000076 has L= 2.96655, which is greater than the tolerance
WARNING ZeroLength::setDomain(): Element 5000077 has L= 2.85721, which is greater than the tolerance
WARNING ZeroLength::setDomain(): Element 5000078 has L= 2.70565, which is greater than the tolerance
WARNING ZeroLength::setDomain(): Element 5000079 has L= 2.33633, which is greater than the tolerance
WARNING ZeroLength::setDomain(): Element 5000080 has L= 2.17618, which is greater than the tolerance
WARNING ZeroLength::setDomain(): Element 5000081 has L= 2.14745, which is greater than the tolerance
WARNING ZeroLength::setDomain(): Element 5000082 has L= 2.28068, which is greater than the tolerance
WARNING ZeroLength::setDomain(): Element 5000083 has L= 2.63232, which is greater than the tolerance
WARNING ZeroLength::setDomain(): Element 5000084 has L= 2.81912, which is greater than the tolerance
WARNING ZeroLength::setDomain(): Element 5000085 has L= 2.86518, which is greater than the tolerance
WARNING ZeroLength::setDomain(): Element 5000086 has L= 2.86518, which is greater than the tolerance
WARNING ZeroLength::setDomain(): Element 5000087 has L= 2.81912, which is greater than the tolerance
WARNING ZeroLength::setDomain(): Element 5000088 has L= 2.63232, which is greater than the tolerance
WARNING ZeroLength::setDomain(): Element 5000089 has L= 2.28068, which is greater than the tolerance
WARNING ZeroLength::setDomain(): Element 5000090 has L= 2.14745, which is greater than the tolerance
WARNING: CTestNormDispIncr::test() - failed to converge 
after: 50 iterations  current Norm: 114243 (max: 1e-06, Norm deltaR: 1.91194e+09)
NewtonRaphson::solveCurrentStep() -the ConvergenceTest object failed in test()
StaticAnalysis::analyze() - the Algorithm failed at step: 0 with domain at load factor 45347.6
OpenSees > analyze failed, returned: -3 error flag
WARNING: CTestNormDispIncr::test() - failed to converge 
after: 50 iterations  current Norm: 32070.9 (max: 1e-06, Norm deltaR: 4.77891e+08)
NewtonRaphson::solveCurrentStep() -the ConvergenceTest object failed in test()
StaticAnalysis::analyze() - the Algorithm failed at step: 0 with domain at load factor 2105.99
OpenSees > analyze failed, returned: -3 error flag
WARNING: CTestNormDispIncr::test() - failed to converge 
after: 50 iterations  current Norm: 24127 (max: 1e-06, Norm deltaR: 6.2194e+08)
NewtonLineSearch::solveCurrentStep() -the ConvergenceTest object failed in test()
StaticAnalysis::analyze() - the Algorithm failed at step: 0 with domain at load factor -32217.9
OpenSees > analyze failed, returned: -3 error flag
WARNING: CTestNormDispIncr::test() - failed to converge 
after: 50 iterations  current Norm: 5861.13 (max: 1e-06, Norm deltaR: 1.1364e+09)
AcceleratedNewton::solveCurrentStep() -The ConvergenceTest object failed in test()
StaticAnalysis::analyze() - the Algorithm failed at step: 0 with domain at load factor 7119.07
OpenSees > analyze failed, returned: -3 error flag
WARNING: CTestNormDispIncr::test() - failed to converge 
after: 50 iterations  current Norm: 1.0909e+65 (max: 1e-06, Norm deltaR: 5.59063e+68)
ModifiedNewton::solveCurrentStep() -the ConvergenceTest object failed in test()
StaticAnalysis::analyze() - the Algorithm failed at step: 0 with domain at load factor -1.11457e+63
OpenSees > analyze failed, returned: -3 error flag
WARNING: CTestNormDispIncr::test() - failed to converge 
after: 50 iterations  current Norm: 44410.6 (max: 1e-06, Norm deltaR: 8.76136e+08)
NewtonRaphson::solveCurrentStep() -the ConvergenceTest object failed in test()
StaticAnalysis::analyze() - the Algorithm failed at step: 0 with domain at load factor -16825.8
OpenSees > analyze failed, returned: -3 error flag
WARNING: CTestNormDispIncr::test() - failed to converge 
after: 50 iterations  current Norm: 2399.47 (max: 1e-06, Norm deltaR: 1.20875e+08)
NewtonLineSearch::solveCurrentStep() -the ConvergenceTest object failed in test()
StaticAnalysis::analyze() - the Algorithm failed at step: 0 with domain at load factor -2118.08
OpenSees > analyze failed, returned: -3 error flag
WARNING: CTestNormDispIncr::test() - failed to converge 
after: 50 iterations  current Norm: 194308 (max: 1e-06, Norm deltaR: 3.07373e+09)
AcceleratedNewton::solveCurrentStep() -The ConvergenceTest object failed in test()
StaticAnalysis::analyze() - the Algorithm failed at step: 0 with domain at load factor -5877.65
OpenSees > analyze failed, returned: -3 error flag
WARNING: CTestNormDispIncr::test() - failed to converge 
after: 50 iterations  current Norm: 9.71592e+63 (max: 1e-06, Norm deltaR: 8.76052e+67)
ModifiedNewton::solveCurrentStep() -the ConvergenceTest object failed in test()
StaticAnalysis::analyze() - the Algorithm failed at step: 0 with domain at load factor -1.18558e+62
OpenSees > analyze failed, returned: -3 error flag
WARNING ZeroLength::setDomain(): Element 5000091 has L= 7.96319, which is greater than the tolerance
WARNING ZeroLength::setDomain(): Element 5000092 has L= 8.12107, which is greater than the tolerance
WARNING ZeroLength::setDomain(): Element 5000093 has L= 50.9756, which is greater than the tolerance
WARNING ZeroLength::setDomain(): Element 5000094 has L= 7.81732, which is greater than the tolerance
WARNING: CTestNormDispIncr::test() - failed to converge 
after: 50 iterations  current Norm: 16829 (max: 1e-06, Norm deltaR: 2.46504e+08)
NewtonRaphson::solveCurrentStep() -the ConvergenceTest object failed in test()
StaticAnalysis::analyze() - the Algorithm failed at step: 0 with domain at load factor 2863.63
OpenSees > analyze failed, returned: -3 error flag
WARNING ZeroLength::setDomain(): Element 5000095 has L= 8.27358, which is greater than the tolerance
WARNING ZeroLength::setDomain(): Element 5000096 has L= 49.1629, which is greater than the tolerance
WARNING ZeroLength::setDomain(): Element 5000097 has L= 49.6615, which is greater than the tolerance
WARNING ZeroLength::setDomain(): Element 5000098 has L= 50.3832, which is greater than the tolerance
WARNING ZeroLength::setDomain(): Element 5000099 has L= 53.7671, which is greater than the tolerance
WARNING: CTestNormDispIncr::test() - failed to converge 
after: 50 iterations  current Norm: 26988.3 (max: 1e-06, Norm deltaR: 5.17649e+08)
NewtonRaphson::solveCurrentStep() -the ConvergenceTest object failed in test()
StaticAnalysis::analyze() - the Algorithm failed at step: 0 with domain at load factor -1192.56
OpenSees > analyze failed, returned: -3 error flag
WARNING ZeroLength::setDomain(): Element 5000100 has L= 54.8374, which is greater than the tolerance
WARNING ZeroLength::setDomain(): Element 5000101 has L= 21.1216, which is greater than the tolerance
WARNING ZeroLength::setDomain(): Element 5000102 has L= 7.96319, which is greater than the tolerance
WARNING ZeroLength::setDomain(): Element 5000103 has L= 21.5257, which is greater than the tolerance
WARNING ZeroLength::setDomain(): Element 5000104 has L= 8.12107, which is greater than the tolerance
WARNING ZeroLength::setDomain(): Element 5000105 has L= 52.7138, which is greater than the tolerance
WARNING ZeroLength::setDomain(): Element 5000106 has L= 7.81732, which is greater than the tolerance
WARNING ZeroLength::setDomain(): Element 5000107 has L= 58.9359, which is greater than the tolerance
WARNING ZeroLength::setDomain(): Element 5000108 has L= 7.6623, which is greater than the tolerance
WARNING ZeroLength::setDomain(): Element 5000109 has L= 21.9744, which is greater than the tolerance
WARNING ZeroLength::setDomain(): Element 5000110 has L= 17.0552, which is greater than the tolerance
WARNING ZeroLength::setDomain(): Element 5000111 has L= 22.4839, which is greater than the tolerance
WARNING ZeroLength::setDomain(): Element 5000112 has L= 17.4637, which is greater than the tolerance
WARNING ZeroLength::setDomain(): Element 5000113 has L= 21.5257, which is greater than the tolerance
WARNING ZeroLength::setDomain(): Element 5000114 has L= 21.1216, which is greater than the tolerance
WARNING ZeroLength::setDomain(): Element 5000115 has L= 7.6623, which is greater than the tolerance
WARNING ZeroLength::setDomain(): Element 5000116 has L= 10.0336, which is greater than the tolerance
WARNING: CTestNormDispIncr::test() - failed to converge 
after: 50 iterations  current Norm: 30477.4 (max: 1e-06, Norm deltaR: 8.06494e+07)
NewtonRaphson::solveCurrentStep() -the ConvergenceTest object failed in test()
StaticAnalysis::analyze() - the Algorithm failed at step: 0 with domain at load factor 830.972
OpenSees > analyze failed, returned: -3 error flag
WARNING ZeroLength::setDomain(): Element 5000117 has L= 21.9744, which is greater than the tolerance
WARNING ZeroLength::setDomain(): Element 5000118 has L= 16.7067, which is greater than the tolerance
WARNING ZeroLength::setDomain(): Element 5000119 has L= 58.4058, which is greater than the tolerance
WARNING ZeroLength::setDomain(): Element 5000120 has L= 16.3639, which is greater than the tolerance
WARNING ZeroLength::setDomain(): Element 5000121 has L= 17.8684, which is greater than the tolerance
WARNING ZeroLength::setDomain(): Element 5000122 has L= 51.266, which is greater than the tolerance
WARNING ZeroLength::setDomain(): Element 5000123 has L= 7.48799, which is greater than the tolerance
WARNING ZeroLength::setDomain(): Element 5000124 has L= 20.7283, which is greater than the tolerance
WARNING ZeroLength::setDomain(): Element 5000125 has L= 8.44187, which is greater than the tolerance
WARNING ZeroLength::setDomain(): Element 5000126 has L= 16.3639, which is greater than the tolerance
WARNING ZeroLength::setDomain(): Element 5000127 has L= 10.8054, which is greater than the tolerance
WARNING ZeroLength::setDomain(): Element 5000128 has L= 17.0552, which is greater than the tolerance
WARNING ZeroLength::setDomain(): Element 5000129 has L= 61.4478, which is greater than the tolerance
WARNING ZeroLength::setDomain(): Element 5000130 has L= 20.7283, which is greater than the tolerance
WARNING ZeroLength::setDomain(): Element 5000131 has L= 9.80644, which is greater than the tolerance
WARNING ZeroLength::setDomain(): Element 5000132 has L= 16.7067, which is greater than the tolerance
WARNING ZeroLength::setDomain(): Element 5000133 has L= 51.4638, which is greater than the tolerance
WARNING ZeroLength::setDomain(): Element 5000134 has L= 7.33274, which is greater than the tolerance
WARNING ZeroLength::setDomain(): Element 5000135 has L= 16.0579, which is greater than the tolerance
WARNING ZeroLength::setDomain(): Element 5000136 has L= 18.2442, which is greater than the tolerance
WARNING ZeroLength::setDomain(): Element 5000137 has L= 7.48799, which is greater than the tolerance
WARNING ZeroLength::setDomain(): Element 5000138 has L= 10.2877, which is greater than the tolerance
WARNING ZeroLength::setDomain(): Element 5000139 has L= 8.64088, which is greater than the tolerance
WARNING ZeroLength::setDomain(): Element 5000140 has L= 22.4839, which is greater than the tolerance
WARNING: CTestNormDispIncr::test() - failed to converge 
after: 50 iterations  current Norm: 147221 (max: 1e-06, Norm deltaR: 5.58535e+09)
NewtonRaphson::solveCurrentStep() -the ConvergenceTest object failed in test()
StaticAnalysis::analyze() - the Algorithm failed at step: 0 with domain at load factor -5830.9
OpenSees > analyze failed, returned: -3 error flag
WARNING: CTestNormDispIncr::test() - failed to converge 
after: 50 iterations  current Norm: 2389.79 (max: 1e-06, Norm deltaR: 1.08338e+08)
NewtonLineSearch::solveCurrentStep() -the ConvergenceTest object failed in test()
StaticAnalysis::analyze() - the Algorithm failed at step: 0 with domain at load factor 96.7299
OpenSees > analyze failed, returned: -3 error flag
WARNING: CTestNormDispIncr::test() - failed to converge 
after: 50 iterations  current Norm: 16225.5 (max: 1e-06, Norm deltaR: 1.37945e+09)
AcceleratedNewton::solveCurrentStep() -The ConvergenceTest object failed in test()
StaticAnalysis::analyze() - the Algorithm failed at step: 0 with domain at load factor 280.023
OpenSees > analyze failed, returned: -3 error flag
WARNING: CTestNormDispIncr::test() - failed to converge 
after: 42 iterations  current Norm: inf (max: 1e-06, Norm deltaR: nan)
ModifiedNewton::solveCurrentStep() -the ConvergenceTest object failed in test()
StaticAnalysis::analyze() - the Algorithm failed at step: 0 with domain at load factor -1.77686e+154
OpenSees > analyze failed, returned: -3 error flag
WARNING: CTestNormDispIncr::test() - failed to converge 
after: 50 iterations  current Norm: 16016.3 (max: 1e-06, Norm deltaR: 3.65395e+08)
NewtonRaphson::solveCurrentStep() -the ConvergenceTest object failed in test()
StaticAnalysis::analyze() - the Algorithm failed at step: 0 with domain at load factor -157.11
OpenSees > analyze failed, returned: -3 error flag
WARNING: CTestNormDispIncr::test() - failed to converge 
after: 50 iterations  current Norm: 5059.19 (max: 1e-06, Norm deltaR: 1.6311e+08)
NewtonLineSearch::solveCurrentStep() -the ConvergenceTest object failed in test()
StaticAnalysis::analyze() - the Algorithm failed at step: 0 with domain at load factor -3395.42
OpenSees > analyze failed, returned: -3 error flag
WARNING: CTestNormDispIncr::test() - failed to converge 
after: 50 iterations  current Norm: 27.0694 (max: 1e-06, Norm deltaR: 146342)
AcceleratedNewton::solveCurrentStep() -The ConvergenceTest object failed in test()
StaticAnalysis::analyze() - the Algorithm failed at step: 0 with domain at load factor 545.484
OpenSees > analyze failed, returned: -3 error flag
WARNING: CTestNormDispIncr::test() - failed to converge 
after: 50 iterations  current Norm: 9.39044e+103 (max: 1e-06, Norm deltaR: 7.71519e+107)
ModifiedNewton::solveCurrentStep() -the ConvergenceTest object failed in test()
StaticAnalysis::analyze() - the Algorithm failed at step: 0 with domain at load factor -9.21558e+102
OpenSees > analyze failed, returned: -3 error flag
WARNING: CTestNormDispIncr::test() - failed to converge 
after: 50 iterations  current Norm: 40734.1 (max: 1e-06, Norm deltaR: 3.96974e+08)
NewtonRaphson::solveCurrentStep() -the ConvergenceTest object failed in test()
StaticAnalysis::analyze() - the Algorithm failed at step: 0 with domain at load factor -1205.58
OpenSees > analyze failed, returned: -3 error flag
WARNING ZeroLength::setDomain(): Element 5000141 has L= 8.83782, which is greater than the tolerance
WARNING ZeroLength::setDomain(): Element 5000142 has L= 17.4637, which is greater than the tolerance
WARNING ZeroLength::setDomain(): Element 5000143 has L= 57.7486, which is greater than the tolerance
WARNING ZeroLength::setDomain(): Element 5000144 has L= 59.9367, which is greater than the tolerance
WARNING ZeroLength::setDomain(): Element 5000145 has L= 35.8575, which is greater than the tolerance
WARNING ZeroLength::setDomain(): Element 5000146 has L= 73.81, which is greater than the tolerance
WARNING ZeroLength::setDomain(): Element 5000147 has L= 35.1466, which is greater than the tolerance
WARNING ZeroLength::setDomain(): Element 5000148 has L= 60.067, which is greater than the tolerance
WARNING ZeroLength::setDomain(): Element 5000149 has L= 35.1466, which is greater than the tolerance
WARNING ZeroLength::setDomain(): Element 5000150 has L= 34.4635, which is greater than the tolerance
WARNING ZeroLength::setDomain(): Element 5000151 has L= 20.3036, which is greater than the tolerance
WARNING ZeroLength::setDomain(): Element 5000152 has L= 15.7453, which is greater than the tolerance
WARNING: CTestNormDispIncr::test() - failed to converge 
after: 50 iterations  current Norm: 28680.9 (max: 1e-06, Norm deltaR: 1.71676e+08)
NewtonRaphson::solveCurrentStep() -the ConvergenceTest object failed in test()
StaticAnalysis::analyze() - the Algorithm failed at step: 0 with domain at load factor 738.612
OpenSees > analyze failed, returned: -3 error flag
WARNING: CTestNormDispIncr::test() - failed to converge 
after: 50 iterations  current Norm: 1087.14 (max: 1e-06, Norm deltaR: 1.1047e+08)
NewtonLineSearch::solveCurrentStep() -the ConvergenceTest object failed in test()
StaticAnalysis::analyze() - the Algorithm failed at step: 0 with domain at load factor 1622.72
OpenSees > analyze failed, returned: -3 error flag
WARNING ZeroLength::setDomain(): Element 5000153 has L= 62.4992, which is greater than the tolerance
WARNING ZeroLength::setDomain(): Element 5000154 has L= 62.134, which is greater than the tolerance
WARNING ZeroLength::setDomain(): Element 5000155 has L= 71.7771, which is greater than the tolerance
WARNING ZeroLength::setDomain(): Element 5000156 has L= 28.1284, which is greater than the tolerance
WARNING ZeroLength::setDomain(): Element 5000157 has L= 8.27358, which is greater than the tolerance
WARNING ZeroLength::setDomain(): Element 5000158 has L= 7.21513, which is greater than the tolerance
WARNING ZeroLength::setDomain(): Element 5000159 has L= 9.6017, which is greater than the tolerance
WARNING ZeroLength::setDomain(): Element 5000160 has L= 33.856, which is greater than the tolerance
WARNING ZeroLength::setDomain(): Element 5000161 has L= 18.5807, which is greater than the tolerance
WARNING ZeroLength::setDomain(): Element 5000162 has L= 22.9049, which is greater than the tolerance
WARNING ZeroLength::setDomain(): Element 5000163 has L= 27.4899, which is greater than the tolerance
WARNING ZeroLength::setDomain(): Element 5000164 has L= 54.4771, which is greater than the tolerance
WARNING ZeroLength::setDomain(): Element 5000165 has L= 16.0579, which is greater than the tolerance
WARNING ZeroLength::setDomain(): Element 5000166 has L= 15.7453, which is greater than the tolerance
WARNING ZeroLength::setDomain(): Element 5000167 has L= 7.33274, which is greater than the tolerance
WARNING ZeroLength::setDomain(): Element 5000168 has L= 10.5557, which is greater than the tolerance
WARNING ZeroLength::setDomain(): Element 5000169 has L= 20.3036, which is greater than the tolerance
WARNING ZeroLength::setDomain(): Element 5000170 has L= 28.8389, which is greater than the tolerance
WARNING ZeroLength::setDomain(): Element 5000171 has L= 15.4037, which is greater than the tolerance
WARNING ZeroLength::setDomain(): Element 5000172 has L= 51.1959, which is greater than the tolerance
WARNING: CTestNormDispIncr::test() - failed to converge 
after: 50 iterations  current Norm: 14742.5 (max: 1e-06, Norm deltaR: 3.84523e+08)
NewtonRaphson::solveCurrentStep() -the ConvergenceTest object failed in test()
StaticAnalysis::analyze() - the Algorithm failed at step: 0 with domain at load factor 3121.38
OpenSees > analyze failed, returned: -3 error flag
WARNING: CTestNormDispIncr::test() - failed to converge 
after: 50 iterations  current Norm: 648.684 (max: 1e-06, Norm deltaR: 1.40797e+08)
NewtonLineSearch::solveCurrentStep() -the ConvergenceTest object failed in test()
StaticAnalysis::analyze() - the Algorithm failed at step: 0 with domain at load factor 540.002
OpenSees > analyze failed, returned: -3 error flag
WARNING: CTestNormDispIncr::test() - failed to converge 
after: 50 iterations  current Norm: 27.5674 (max: 1e-06, Norm deltaR: 49921.5)
AcceleratedNewton::solveCurrentStep() -The ConvergenceTest object failed in test()
StaticAnalysis::analyze() - the Algorithm failed at step: 0 with domain at load factor 842.853
OpenSees > analyze failed, returned: -3 error flag
WARNING: CTestNormDispIncr::test() - failed to converge 
after: 50 iterations  current Norm: 4.64413e+78 (max: 1e-06, Norm deltaR: 4.55162e+82)
ModifiedNewton::solveCurrentStep() -the ConvergenceTest object failed in test()
StaticAnalysis::analyze() - the Algorithm failed at step: 0 with domain at load factor -7.16231e+76
OpenSees > analyze failed, returned: -3 error flag
WARNING: CTestNormDispIncr::test() - failed to converge 
after: 50 iterations  current Norm: 55668.8 (max: 1e-06, Norm deltaR: 2.2192e+09)
NewtonRaphson::solveCurrentStep() -the ConvergenceTest object failed in test()
StaticAnalysis::analyze() - the Algorithm failed at step: 0 with domain at load factor -15675.9
OpenSees > analyze failed, returned: -3 error flag
WARNING ZeroLength::setDomain(): Element 5000173 has L= 56.5088, which is greater than the tolerance
WARNING ZeroLength::setDomain(): Element 5000174 has L= 33.856, which is greater than the tolerance
WARNING ZeroLength::setDomain(): Element 5000175 has L= 50.2814, which is greater than the tolerance
WARNING ZeroLength::setDomain(): Element 5000176 has L= 51.3439, which is greater than the tolerance
WARNING ZeroLength::setDomain(): Element 5000177 has L= 54.2067, which is greater than the tolerance
WARNING ZeroLength::setDomain(): Element 5000178 has L= 53.002, which is greater than the tolerance
WARNING ZeroLength::setDomain(): Element 5000179 has L= 45.631, which is greater than the tolerance
WARNING ZeroLength::setDomain(): Element 5000180 has L= 45.4352, which is greater than the tolerance
WARNING ZeroLength::setDomain(): Element 5000181 has L= 45.6833, which is greater than the tolerance
WARNING ZeroLength::setDomain(): Element 5000182 has L= 44.963, which is greater than the tolerance
WARNING ZeroLength::setDomain(): Element 5000183 has L= 45.0647, which is greater than the tolerance
WARNING ZeroLength::setDomain(): Element 5000184 has L= 29.4222, which is greater than the tolerance
WARNING ZeroLength::setDomain(): Element 5000185 has L= 36.5385, which is greater than the tolerance
WARNING ZeroLength::setDomain(): Element 5000186 has L= 33.2063, which is greater than the tolerance
WARNING ZeroLength::setDomain(): Element 5000187 has L= 55.9647, which is greater than the tolerance
WARNING ZeroLength::setDomain(): Element 5000188 has L= 65.356, which is greater than the tolerance
WARNING ZeroLength::setDomain(): Element 5000189 has L= 54.2753, which is greater than the tolerance
