WARNING ZeroLength::setDomain(): Element 5000001 has L= 2.46847, which is greater than the tolerance
WARNING ZeroLength::setDomain(): Element 5000002 has L= 2.21498, which is greater than the tolerance
WARNING ZeroLength::setDomain(): Element 5000003 has L= 1.80969, which is greater than the tolerance
WARNING ZeroLength::setDomain(): Element 5000004 has L= 1.81134, which is greater than the tolerance
WARNING ZeroLength::setDomain(): Element 5000005 has L= 1.74666, which is greater than the tolerance
WARNING ZeroLength::setDomain(): Element 5000006 has L= 1.74666, which is greater than the tolerance
WARNING ZeroLength::setDomain(): Element 5000007 has L= 1.81134, which is greater than the tolerance
WARNING ZeroLength::setDomain(): Element 5000008 has L= 1.80969, which is greater than the tolerance
WARNING ZeroLength::setDomain(): Element 5000009 has L= 2.21498, which is greater than the tolerance
WARNING ZeroLength::setDomain(): Element 5000010 has L= 2.46847, which is greater than the tolerance
WARNING ZeroLength::setDomain(): Element 5000011 has L= 2.32176, which is greater than the tolerance
WARNING ZeroLength::setDomain(): Element 5000012 has L= 2.18335, which is greater than the tolerance
WARNING ZeroLength::setDomain(): Element 5000013 has L= 1.92458, which is greater than the tolerance
WARNING ZeroLength::setDomain(): Element 5000014 has L= 1.95021, which is greater than the tolerance
WARNING ZeroLength::setDomain(): Element 5000015 has L= 1.93791, which is greater than the tolerance
WARNING ZeroLength::setDomain(): Element 5000016 has L= 1.93791, which is greater than the tolerance
WARNING ZeroLength::setDomain(): Element 5000017 has L= 1.95021, which is greater than the tolerance
WARNING ZeroLength::setDomain(): Element 5000018 has L= 1.92458, which is greater than the tolerance
WARNING ZeroLength::setDomain(): Element 5000019 has L= 2.18335, which is greater than the tolerance
WARNING ZeroLength::setDomain(): Element 5000020 has L= 2.32176, which is greater than the tolerance
WARNING ZeroLength::setDomain(): Element 5000021 has L= 2.25669, which is greater than the tolerance
WARNING ZeroLength::setDomain(): Element 5000022 has L= 2.21658, which is greater than the tolerance
WARNING ZeroLength::setDomain(): Element 5000023 has L= 2.09841, which is greater than the tolerance
WARNING ZeroLength::setDomain(): Element 5000024 has L= 2.16321, which is greater than the tolerance
WARNING ZeroLength::setDomain(): Element 5000025 has L= 2.20008, which is greater than the tolerance
WARNING ZeroLength::setDomain(): Element 5000026 has L= 2.20008, which is greater than the tolerance
WARNING ZeroLength::setDomain(): Element 5000027 has L= 2.16321, which is greater than the tolerance
WARNING ZeroLength::setDomain(): Element 5000028 has L= 2.09841, which is greater than the tolerance
WARNING ZeroLength::setDomain(): Element 5000029 has L= 2.21658, which is greater than the tolerance
WARNING ZeroLength::setDomain(): Element 5000030 has L= 2.25669, which is greater than the tolerance
WARNING ZeroLength::setDomain(): Element 5000031 has L= 2.30117, which is greater than the tolerance
WARNING ZeroLength::setDomain(): Element 5000032 has L= 2.31294, which is greater than the tolerance
WARNING ZeroLength::setDomain(): Element 5000033 has L= 2.31204, which is greater than the tolerance
WARNING ZeroLength::setDomain(): Element 5000034 has L= 2.48338, which is greater than the tolerance
WARNING ZeroLength::setDomain(): Element 5000035 has L= 2.6235, which is greater than the tolerance
WARNING ZeroLength::setDomain(): Element 5000036 has L= 2.6235, which is greater than the tolerance
WARNING ZeroLength::setDomain(): Element 5000037 has L= 2.48338, which is greater than the tolerance
WARNING ZeroLength::setDomain(): Element 5000038 has L= 2.31204, which is greater than the tolerance
WARNING ZeroLength::setDomain(): Element 5000039 has L= 2.31294, which is greater than the tolerance
WARNING ZeroLength::setDomain(): Element 5000040 has L= 2.30117, which is greater than the tolerance
WARNING ZeroLength::setDomain(): Element 5000041 has L= 2.36085, which is greater than the tolerance
WARNING ZeroLength::setDomain(): Element 5000042 has L= 2.46868, which is greater than the tolerance
WARNING ZeroLength::setDomain(): Element 5000043 has L= 2.6219, which is greater than the tolerance
WARNING ZeroLength::setDomain(): Element 5000044 has L= 2.78819, which is greater than the tolerance
WARNING ZeroLength::setDomain(): Element 5000045 has L= 2.8938, which is greater than the tolerance
WARNING ZeroLength::setDomain(): Element 5000046 has L= 2.8938, which is greater than the tolerance
WARNING ZeroLength::setDomain(): Element 5000047 has L= 2.78819, which is greater than the tolerance
WARNING ZeroLength::setDomain(): Element 5000048 has L= 2.6219, which is greater than the tolerance
WARNING ZeroLength::setDomain(): Element 5000049 has L= 2.46868, which is greater than the tolerance
WARNING ZeroLength::setDomain(): Element 5000050 has L= 2.36085, which is greater than the tolerance
WARNING ZeroLength::setDomain(): Element 5000051 has L= 2.29675, which is greater than the tolerance
WARNING ZeroLength::setDomain(): Element 5000052 has L= 2.49659, which is greater than the tolerance
WARNING ZeroLength::setDomain(): Element 5000053 has L= 2.80162, which is greater than the tolerance
WARNING ZeroLength::setDomain(): Element 5000054 has L= 2.87813, which is greater than the tolerance
WARNING ZeroLength::setDomain(): Element 5000055 has L= 2.96196, which is greater than the tolerance
WARNING ZeroLength::setDomain(): Element 5000056 has L= 2.96196, which is greater than the tolerance
WARNING ZeroLength::setDomain(): Element 5000057 has L= 2.87813, which is greater than the tolerance
WARNING ZeroLength::setDomain(): Element 5000058 has L= 2.80162, which is greater than the tolerance
WARNING ZeroLength::setDomain(): Element 5000059 has L= 2.49659, which is greater than the tolerance
WARNING ZeroLength::setDomain(): Element 5000060 has L= 2.29675, which is greater than the tolerance
WARNING ZeroLength::setDomain(): Element 5000061 has L= 2.20543, which is greater than the tolerance
WARNING ZeroLength::setDomain(): Element 5000062 has L= 2.36446, which is greater than the tolerance
WARNING ZeroLength::setDomain(): Element 5000063 has L= 2.72248, which is greater than the tolerance
WARNING ZeroLength::setDomain(): Element 5000064 has L= 2.82797, which is greater than the tolerance
WARNING ZeroLength::setDomain(): Element 5000065 has L= 2.95827, which is greater than the tolerance
WARNING ZeroLength::setDomain(): Element 5000066 has L= 2.95827, which is greater than the tolerance
WARNING ZeroLength::setDomain(): Element 5000067 has L= 2.82797, which is greater than the tolerance
WARNING ZeroLength::setDomain(): Element 5000068 has L= 2.72248, which is greater than the tolerance
WARNING ZeroLength::setDomain(): Element 5000069 has L= 2.36446, which is greater than the tolerance
WARNING ZeroLength::setDomain(): Element 5000070 has L= 2.20543, which is greater than the tolerance
WARNING ZeroLength::setDomain(): Element 5000071 has L= 2.13058, which is greater than the tolerance
WARNING ZeroLength::setDomain(): Element 5000072 has L= 2.29069, which is greater than the tolerance
WARNING ZeroLength::setDomain(): Element 5000073 has L= 2.66002, which is greater than the tolerance
WARNING ZeroLength::setDomain(): Element 5000074 has L= 2.81158, which is greater than the tolerance
WARNING ZeroLength::setDomain(): Element 5000075 has L= 2.92092, which is greater than the tolerance
WARNING ZeroLength::setDomain(): Element 5000076 has L= 2.92092, which is greater than the tolerance
WARNING ZeroLength::setDomain(): Element 5000077 has L= 2.81158, which is greater than the tolerance
WARNING ZeroLength::setDomain(): Element 5000078 has L= 2.66002, which is greater than the tolerance
WARNING ZeroLength::setDomain(): Element 5000079 has L= 2.29069, which is greater than the tolerance
WARNING ZeroLength::setDomain(): Element 5000080 has L= 2.13058, which is greater than the tolerance
WARNING ZeroLength::setDomain(): Element 5000081 has L= 2.10184, which is greater than the tolerance
WARNING ZeroLength::setDomain(): Element 5000082 has L= 2.23505, which is greater than the tolerance
WARNING ZeroLength::setDomain(): Element 5000083 has L= 2.58668, which is greater than the tolerance
WARNING ZeroLength::setDomain(): Element 5000084 has L= 2.77348, which is greater than the tolerance
WARNING ZeroLength::setDomain(): Element 5000085 has L= 2.81954, which is greater than the tolerance
WARNING ZeroLength::setDomain(): Element 5000086 has L= 2.81954, which is greater than the tolerance
WARNING ZeroLength::setDomain(): Element 5000087 has L= 2.77348, which is greater than the tolerance
WARNING ZeroLength::setDomain(): Element 5000088 has L= 2.58668, which is greater than the tolerance
WARNING ZeroLength::setDomain(): Element 5000089 has L= 2.23505, which is greater than the tolerance
WARNING ZeroLength::setDomain(): Element 5000090 has L= 2.10184, which is greater than the tolerance
WARNING: CTestNormDispIncr::test() - failed to converge 
after: 50 iterations  current Norm: 69953.5 (max: 1e-06, Norm deltaR: 1.27824e+09)
NewtonRaphson::solveCurrentStep() -the ConvergenceTest object failed in test()
StaticAnalysis::analyze() - the Algorithm failed at step: 0 with domain at load factor -2299.65
OpenSees > analyze failed, returned: -3 error flag
WARNING: CTestNormDispIncr::test() - failed to converge 
after: 50 iterations  current Norm: 1.51475 (max: 1e-06, Norm deltaR: 10888.6)
NewtonLineSearch::solveCurrentStep() -the ConvergenceTest object failed in test()
StaticAnalysis::analyze() - the Algorithm failed at step: 0 with domain at load factor 368.577
OpenSees > analyze failed, returned: -3 error flag
WARNING: CTestNormDispIncr::test() - failed to converge 
after: 50 iterations  current Norm: 41.6323 (max: 1e-06, Norm deltaR: 115506)
AcceleratedNewton::solveCurrentStep() -The ConvergenceTest object failed in test()
StaticAnalysis::analyze() - the Algorithm failed at step: 0 with domain at load factor 369.471
OpenSees > analyze failed, returned: -3 error flag
WARNING: CTestNormDispIncr::test() - failed to converge 
after: 50 iterations  current Norm: 3.17008e+72 (max: 1e-06, Norm deltaR: 2.85926e+76)
ModifiedNewton::solveCurrentStep() -the ConvergenceTest object failed in test()
StaticAnalysis::analyze() - the Algorithm failed at step: 0 with domain at load factor -6.49658e+71
OpenSees > analyze failed, returned: -3 error flag
WARNING: CTestNormDispIncr::test() - failed to converge 
after: 50 iterations  current Norm: 28153.9 (max: 1e-06, Norm deltaR: 1.76834e+08)
NewtonRaphson::solveCurrentStep() -the ConvergenceTest object failed in test()
StaticAnalysis::analyze() - the Algorithm failed at step: 0 with domain at load factor -247.947
OpenSees > analyze failed, returned: -3 error flag
WARNING: CTestNormDispIncr::test() - failed to converge 
after: 50 iterations  current Norm: 102329 (max: 1e-06, Norm deltaR: 7.53314e+07)
NewtonLineSearch::solveCurrentStep() -the ConvergenceTest object failed in test()
StaticAnalysis::analyze() - the Algorithm failed at step: 0 with domain at load factor -104.702
OpenSees > analyze failed, returned: -3 error flag
WARNING: CTestNormDispIncr::test() - failed to converge 
after: 50 iterations  current Norm: 12.3351 (max: 1e-06, Norm deltaR: 109965)
AcceleratedNewton::solveCurrentStep() -The ConvergenceTest object failed in test()
StaticAnalysis::analyze() - the Algorithm failed at step: 0 with domain at load factor 363.34
OpenSees > analyze failed, returned: -3 error flag
WARNING: CTestNormDispIncr::test() - failed to converge 
after: 50 iterations  current Norm: 2.03555e+62 (max: 1e-06, Norm deltaR: 1.61059e+66)
ModifiedNewton::solveCurrentStep() -the ConvergenceTest object failed in test()
StaticAnalysis::analyze() - the Algorithm failed at step: 0 with domain at load factor 2.16463e+61
OpenSees > analyze failed, returned: -3 error flag
WARNING: CTestNormDispIncr::test() - failed to converge 
after: 50 iterations  current Norm: 2.7017e+07 (max: 1e-06, Norm deltaR: 6.06921e+11)
NewtonRaphson::solveCurrentStep() -the ConvergenceTest object failed in test()
StaticAnalysis::analyze() - the Algorithm failed at step: 0 with domain at load factor -6.64516e+06
OpenSees > analyze failed, returned: -3 error flag
WARNING: CTestNormDispIncr::test() - failed to converge 
after: 50 iterations  current Norm: 1760.47 (max: 1e-06, Norm deltaR: 1.00512e+08)
NewtonLineSearch::solveCurrentStep() -the ConvergenceTest object failed in test()
StaticAnalysis::analyze() - the Algorithm failed at step: 0 with domain at load factor 128.796
OpenSees > analyze failed, returned: -3 error flag
WARNING: CTestNormDispIncr::test() - failed to converge 
after: 50 iterations  current Norm: 5608.85 (max: 1e-06, Norm deltaR: 6.8904e+07)
AcceleratedNewton::solveCurrentStep() -The ConvergenceTest object failed in test()
StaticAnalysis::analyze() - the Algorithm failed at step: 0 with domain at load factor 291.427
OpenSees > analyze failed, returned: -3 error flag
WARNING: CTestNormDispIncr::test() - failed to converge 
after: 50 iterations  current Norm: 8.69092e+69 (max: 1e-06, Norm deltaR: 3.05292e+73)
ModifiedNewton::solveCurrentStep() -the ConvergenceTest object failed in test()
StaticAnalysis::analyze() - the Algorithm failed at step: 0 with domain at load factor -8.95648e+68
OpenSees > analyze failed, returned: -3 error flag
WARNING: CTestNormDispIncr::test() - failed to converge 
after: 50 iterations  current Norm: 1.22425e+06 (max: 1e-06, Norm deltaR: 2.44318e+10)
NewtonRaphson::solveCurrentStep() -the ConvergenceTest object failed in test()
StaticAnalysis::analyze() - the Algorithm failed at step: 0 with domain at load factor -279488
OpenSees > analyze failed, returned: -3 error flag
WARNING ZeroLength::setDomain(): Element 5000091 has L= 7.99417, which is greater than the tolerance
WARNING ZeroLength::setDomain(): Element 5000092 has L= 8.15205, which is greater than the tolerance
WARNING ZeroLength::setDomain(): Element 5000093 has L= 51.7039, which is greater than the tolerance
WARNING ZeroLength::setDomain(): Element 5000094 has L= 7.8483, which is greater than the tolerance
WARNING: CTestNormDispIncr::test() - failed to converge 
after: 50 iterations  current Norm: 20535.1 (max: 1e-06, Norm deltaR: 9.75449e+07)
NewtonRaphson::solveCurrentStep() -the ConvergenceTest object failed in test()
StaticAnalysis::analyze() - the Algorithm failed at step: 0 with domain at load factor -483.442
OpenSees > analyze failed, returned: -3 error flag
WARNING ZeroLength::setDomain(): Element 5000095 has L= 8.30456, which is greater than the tolerance
WARNING ZeroLength::setDomain(): Element 5000096 has L= 21.1509, which is greater than the tolerance
WARNING ZeroLength::setDomain(): Element 5000097 has L= 51.9598, which is greater than the tolerance
WARNING ZeroLength::setDomain(): Element 5000098 has L= 55.6591, which is greater than the tolerance
WARNING ZeroLength::setDomain(): Element 5000099 has L= 7.99417, which is greater than the tolerance
WARNING ZeroLength::setDomain(): Element 5000100 has L= 7.69327, which is greater than the tolerance
WARNING ZeroLength::setDomain(): Element 5000101 has L= 21.5549, which is greater than the tolerance
WARNING ZeroLength::setDomain(): Element 5000102 has L= 7.8483, which is greater than the tolerance
WARNING ZeroLength::setDomain(): Element 5000103 has L= 8.15205, which is greater than the tolerance
WARNING ZeroLength::setDomain(): Element 5000104 has L= 59.327, which is greater than the tolerance
WARNING ZeroLength::setDomain(): Element 5000105 has L= 10.3115, which is greater than the tolerance
WARNING ZeroLength::setDomain(): Element 5000106 has L= 16.3948, which is greater than the tolerance
WARNING ZeroLength::setDomain(): Element 5000107 has L= 17.4947, which is greater than the tolerance
WARNING ZeroLength::setDomain(): Element 5000108 has L= 17.0862, which is greater than the tolerance
WARNING ZeroLength::setDomain(): Element 5000109 has L= 7.69327, which is greater than the tolerance
WARNING ZeroLength::setDomain(): Element 5000110 has L= 17.8994, which is greater than the tolerance
WARNING ZeroLength::setDomain(): Element 5000111 has L= 22.0036, which is greater than the tolerance
WARNING ZeroLength::setDomain(): Element 5000112 has L= 16.7377, which is greater than the tolerance
WARNING ZeroLength::setDomain(): Element 5000113 has L= 16.0889, which is greater than the tolerance
WARNING ZeroLength::setDomain(): Element 5000114 has L= 20.7576, which is greater than the tolerance
WARNING: CTestNormDispIncr::test() - failed to converge 
after: 50 iterations  current Norm: 1.04831e+07 (max: 1e-06, Norm deltaR: 7.71801e+07)
NewtonRaphson::solveCurrentStep() -the ConvergenceTest object failed in test()
StaticAnalysis::analyze() - the Algorithm failed at step: 0 with domain at load factor -167.703
OpenSees > analyze failed, returned: -3 error flag
WARNING: CTestNormDispIncr::test() - failed to converge 
after: 50 iterations  current Norm: 0.223276 (max: 1e-06, Norm deltaR: 15143.3)
NewtonLineSearch::solveCurrentStep() -the ConvergenceTest object failed in test()
StaticAnalysis::analyze() - the Algorithm failed at step: 0 with domain at load factor 413.769
OpenSees > analyze failed, returned: -3 error flag
WARNING: CTestNormDispIncr::test() - failed to converge 
after: 50 iterations  current Norm: 16202.3 (max: 1e-06, Norm deltaR: 1.13359e+09)
AcceleratedNewton::solveCurrentStep() -The ConvergenceTest object failed in test()
StaticAnalysis::analyze() - the Algorithm failed at step: 0 with domain at load factor -290.177
OpenSees > analyze failed, returned: -3 error flag
WARNING: CTestNormDispIncr::test() - failed to converge 
after: 50 iterations  current Norm: 1.81718e+82 (max: 1e-06, Norm deltaR: 1.91154e+86)
ModifiedNewton::solveCurrentStep() -the ConvergenceTest object failed in test()
StaticAnalysis::analyze() - the Algorithm failed at step: 0 with domain at load factor 1.83185e+81
OpenSees > analyze failed, returned: -3 error flag
WARNING ZeroLength::setDomain(): Element 5000115 has L= 22.5131, which is greater than the tolerance
WARNING ZeroLength::setDomain(): Element 5000116 has L= 54.1324, which is greater than the tolerance
WARNING ZeroLength::setDomain(): Element 5000117 has L= 16.3948, which is greater than the tolerance
WARNING ZeroLength::setDomain(): Element 5000118 has L= 10.8291, which is greater than the tolerance
WARNING ZeroLength::setDomain(): Element 5000119 has L= 7.51895, which is greater than the tolerance
WARNING ZeroLength::setDomain(): Element 5000120 has L= 10.0575, which is greater than the tolerance
WARNING: CTestNormDispIncr::test() - failed to converge 
after: 50 iterations  current Norm: 15551.6 (max: 1e-06, Norm deltaR: 1.60595e+08)
NewtonRaphson::solveCurrentStep() -the ConvergenceTest object failed in test()
StaticAnalysis::analyze() - the Algorithm failed at step: 0 with domain at load factor 115.146
OpenSees > analyze failed, returned: -3 error flag
WARNING ZeroLength::setDomain(): Element 5000121 has L= 18.2752, which is greater than the tolerance
WARNING ZeroLength::setDomain(): Element 5000122 has L= 22.934, which is greater than the tolerance
WARNING ZeroLength::setDomain(): Element 5000123 has L= 22.0036, which is greater than the tolerance
WARNING ZeroLength::setDomain(): Element 5000124 has L= 58.5342, which is greater than the tolerance
WARNING ZeroLength::setDomain(): Element 5000125 has L= 7.51895, which is greater than the tolerance
WARNING ZeroLength::setDomain(): Element 5000126 has L= 8.47285, which is greater than the tolerance
WARNING ZeroLength::setDomain(): Element 5000127 has L= 17.0862, which is greater than the tolerance
WARNING ZeroLength::setDomain(): Element 5000128 has L= 21.1509, which is greater than the tolerance
WARNING ZeroLength::setDomain(): Element 5000129 has L= 16.0889, which is greater than the tolerance
WARNING ZeroLength::setDomain(): Element 5000130 has L= 10.5795, which is greater than the tolerance
WARNING ZeroLength::setDomain(): Element 5000131 has L= 11.071, which is greater than the tolerance
WARNING ZeroLength::setDomain(): Element 5000132 has L= 59.2464, which is greater than the tolerance
WARNING ZeroLength::setDomain(): Element 5000133 has L= 16.7377, which is greater than the tolerance
WARNING ZeroLength::setDomain(): Element 5000134 has L= 61.2846, which is greater than the tolerance
WARNING ZeroLength::setDomain(): Element 5000135 has L= 10.0575, which is greater than the tolerance
WARNING ZeroLength::setDomain(): Element 5000136 has L= 21.5549, which is greater than the tolerance
WARNING ZeroLength::setDomain(): Element 5000137 has L= 20.7576, which is greater than the tolerance
WARNING ZeroLength::setDomain(): Element 5000138 has L= 7.3637, which is greater than the tolerance
WARNING ZeroLength::setDomain(): Element 5000139 has L= 55.7088, which is greater than the tolerance
WARNING ZeroLength::setDomain(): Element 5000140 has L= 57.3467, which is greater than the tolerance
WARNING ZeroLength::setDomain(): Element 5000141 has L= 62.2407, which is greater than the tolerance
WARNING ZeroLength::setDomain(): Element 5000142 has L= 34.494, which is greater than the tolerance
WARNING ZeroLength::setDomain(): Element 5000143 has L= 9.83044, which is greater than the tolerance
WARNING ZeroLength::setDomain(): Element 5000144 has L= 66.1427, which is greater than the tolerance
WARNING ZeroLength::setDomain(): Element 5000145 has L= 10.5795, which is greater than the tolerance
WARNING ZeroLength::setDomain(): Element 5000146 has L= 35.1771, which is greater than the tolerance
WARNING ZeroLength::setDomain(): Element 5000147 has L= 57.0701, which is greater than the tolerance
WARNING ZeroLength::setDomain(): Element 5000148 has L= 18.6116, which is greater than the tolerance
WARNING ZeroLength::setDomain(): Element 5000149 has L= 10.3115, which is greater than the tolerance
WARNING ZeroLength::setDomain(): Element 5000150 has L= 7.3637, which is greater than the tolerance
WARNING ZeroLength::setDomain(): Element 5000151 has L= 9.83044, which is greater than the tolerance
WARNING ZeroLength::setDomain(): Element 5000152 has L= 8.67186, which is greater than the tolerance
WARNING ZeroLength::setDomain(): Element 5000153 has L= 20.3329, which is greater than the tolerance
WARNING ZeroLength::setDomain(): Element 5000154 has L= 7.24609, which is greater than the tolerance
WARNING ZeroLength::setDomain(): Element 5000155 has L= 22.5131, which is greater than the tolerance
WARNING ZeroLength::setDomain(): Element 5000156 has L= 28.8699, which is greater than the tolerance
WARNING ZeroLength::setDomain(): Element 5000157 has L= 50.404, which is greater than the tolerance
WARNING ZeroLength::setDomain(): Element 5000158 has L= 15.7762, which is greater than the tolerance
WARNING ZeroLength::setDomain(): Element 5000159 has L= 28.1594, which is greater than the tolerance
WARNING ZeroLength::setDomain(): Element 5000160 has L= 51.0767, which is greater than the tolerance
WARNING ZeroLength::setDomain(): Element 5000161 has L= 60.8779, which is greater than the tolerance
WARNING ZeroLength::setDomain(): Element 5000162 has L= 20.3329, which is greater than the tolerance
WARNING ZeroLength::setDomain(): Element 5000163 has L= 54.8683, which is greater than the tolerance
WARNING ZeroLength::setDomain(): Element 5000164 has L= 35.1771, which is greater than the tolerance
WARNING ZeroLength::setDomain(): Element 5000165 has L= 34.494, which is greater than the tolerance
WARNING ZeroLength::setDomain(): Element 5000166 has L= 33.8865, which is greater than the tolerance
WARNING ZeroLength::setDomain(): Element 5000167 has L= 9.62585, which is greater than the tolerance
WARNING ZeroLength::setDomain(): Element 5000168 has L= 35.888, which is greater than the tolerance
WARNING ZeroLength::setDomain(): Element 5000169 has L= 49.8284, which is greater than the tolerance
WARNING ZeroLength::setDomain(): Element 5000170 has L= 56.5781, which is greater than the tolerance
WARNING ZeroLength::setDomain(): Element 5000171 has L= 52.1615, which is greater than the tolerance
WARNING ZeroLength::setDomain(): Element 5000172 has L= 7.83386, which is greater than the tolerance
WARNING ZeroLength::setDomain(): Element 5000173 has L= 8.86879, which is greater than the tolerance
WARNING ZeroLength::setDomain(): Element 5000174 has L= 26.9445, which is greater than the tolerance
WARNING ZeroLength::setDomain(): Element 5000175 has L= 15.7762, which is greater than the tolerance
WARNING ZeroLength::setDomain(): Element 5000176 has L= 64.6793, which is greater than the tolerance
WARNING ZeroLength::setDomain(): Element 5000177 has L= 33.8865, which is greater than the tolerance
WARNING ZeroLength::setDomain(): Element 5000178 has L= 27.5209, which is greater than the tolerance
WARNING ZeroLength::setDomain(): Element 5000179 has L= 17.4947, which is greater than the tolerance
WARNING ZeroLength::setDomain(): Element 5000180 has L= 58.7391, which is greater than the tolerance
WARNING ZeroLength::setDomain(): Element 5000181 has L= 35.888, which is greater than the tolerance
WARNING ZeroLength::setDomain(): Element 5000182 has L= 67.433, which is greater than the tolerance
WARNING ZeroLength::setDomain(): Element 5000183 has L= 7.16028, which is greater than the tolerance
WARNING ZeroLength::setDomain(): Element 5000184 has L= 29.4532, which is greater than the tolerance
WARNING ZeroLength::setDomain(): Element 5000185 has L= 50.9003, which is greater than the tolerance
WARNING ZeroLength::setDomain(): Element 5000186 has L= 25.7703, which is greater than the tolerance
WARNING: CTestNormDispIncr::test() - failed to converge 
after: 50 iterations  current Norm: 37057.2 (max: 1e-06, Norm deltaR: 3.90175e+08)
NewtonRaphson::solveCurrentStep() -the ConvergenceTest object failed in test()
StaticAnalysis::analyze() - the Algorithm failed at step: 0 with domain at load factor 780.754
OpenSees > analyze failed, returned: -3 error flag
WARNING ZeroLength::setDomain(): Element 5000187 has L= 61.1321, which is greater than the tolerance
WARNING ZeroLength::setDomain(): Element 5000188 has L= 26.3657, which is greater than the tolerance
WARNING ZeroLength::setDomain(): Element 5000189 has L= 60.1732, which is greater than the tolerance
WARNING ZeroLength::setDomain(): Element 5000190 has L= 60.1883, which is greater than the tolerance
WARNING ZeroLength::setDomain(): Element 5000191 has L= 8.30456, which is greater than the tolerance
WARNING ZeroLength::setDomain(): Element 5000192 has L= 65.8044, which is greater than the tolerance
WARNING ZeroLength::setDomain(): Element 5000193 has L= 59.8551, which is greater than the tolerance
WARNING: CTestNormDispIncr::test() - failed to converge 
after: 50 iterations  current Norm: 18164.8 (max: 1e-06, Norm deltaR: 3.82988e+08)
NewtonRaphson::solveCurrentStep() -the ConvergenceTest object failed in test()
StaticAnalysis::analyze() - the Algorithm failed at step: 0 with domain at load factor -200.259
OpenSees > analyze failed, returned: -3 error flag
WARNING ZeroLength::setDomain(): Element 5000194 has L= 22.934, which is greater than the tolerance
WARNING ZeroLength::setDomain(): Element 5000195 has L= 36.5689, which is greater than the tolerance
WARNING ZeroLength::setDomain(): Element 5000196 has L= 59.1382, which is greater than the tolerance
WARNING ZeroLength::setDomain(): Element 5000197 has L= 61.5785, which is greater than the tolerance
WARNING ZeroLength::setDomain(): Element 5000198 has L= 9.02163, which is greater than the tolerance
WARNING ZeroLength::setDomain(): Element 5000199 has L= 64.3076, which is greater than the tolerance
WARNING ZeroLength::setDomain(): Element 5000200 has L= 64.2827, which is greater than the tolerance
WARNING ZeroLength::setDomain(): Element 5000201 has L= 59.9868, which is greater than the tolerance
WARNING ZeroLength::setDomain(): Element 5000202 has L= 62.9033, which is greater than the tolerance
WARNING ZeroLength::setDomain(): Element 5000203 has L= 60.3558, which is greater than the tolerance
WARNING ZeroLength::setDomain(): Element 5000204 has L= 53.6485, which is greater than the tolerance
WARNING: CTestNormDispIncr::test() - failed to converge 
after: 50 iterations  current Norm: 120849 (max: 1e-06, Norm deltaR: 9.39633e+07)
NewtonRaphson::solveCurrentStep() -the ConvergenceTest object failed in test()
StaticAnalysis::analyze() - the Algorithm failed at step: 0 with domain at load factor 1134.55
OpenSees > analyze failed, returned: -3 error flag
