WARNING ZeroLength::setDomain(): Element 5000001 has L= 2.47526, which is greater than the tolerance
WARNING ZeroLength::setDomain(): Element 5000002 has L= 2.2218, which is greater than the tolerance
WARNING ZeroLength::setDomain(): Element 5000003 has L= 1.81652, which is greater than the tolerance
WARNING ZeroLength::setDomain(): Element 5000004 has L= 1.81817, which is greater than the tolerance
WARNING ZeroLength::setDomain(): Element 5000005 has L= 1.75349, which is greater than the tolerance
WARNING ZeroLength::setDomain(): Element 5000006 has L= 1.75349, which is greater than the tolerance
WARNING ZeroLength::setDomain(): Element 5000007 has L= 1.81817, which is greater than the tolerance
WARNING ZeroLength::setDomain(): Element 5000008 has L= 1.81652, which is greater than the tolerance
WARNING ZeroLength::setDomain(): Element 5000009 has L= 2.2218, which is greater than the tolerance
WARNING ZeroLength::setDomain(): Element 5000010 has L= 2.47526, which is greater than the tolerance
WARNING ZeroLength::setDomain(): Element 5000011 has L= 2.32856, which is greater than the tolerance
WARNING ZeroLength::setDomain(): Element 5000012 has L= 2.19017, which is greater than the tolerance
WARNING ZeroLength::setDomain(): Element 5000013 has L= 1.93141, which is greater than the tolerance
WARNING ZeroLength::setDomain(): Element 5000014 has L= 1.95704, which is greater than the tolerance
WARNING ZeroLength::setDomain(): Element 5000015 has L= 1.94475, which is greater than the tolerance
WARNING ZeroLength::setDomain(): Element 5000016 has L= 1.94475, which is greater than the tolerance
WARNING ZeroLength::setDomain(): Element 5000017 has L= 1.95704, which is greater than the tolerance
WARNING ZeroLength::setDomain(): Element 5000018 has L= 1.93141, which is greater than the tolerance
WARNING ZeroLength::setDomain(): Element 5000019 has L= 2.19017, which is greater than the tolerance
WARNING ZeroLength::setDomain(): Element 5000020 has L= 2.32856, which is greater than the tolerance
WARNING ZeroLength::setDomain(): Element 5000021 has L= 2.2635, which is greater than the tolerance
WARNING ZeroLength::setDomain(): Element 5000022 has L= 2.22341, which is greater than the tolerance
WARNING ZeroLength::setDomain(): Element 5000023 has L= 2.10524, which is greater than the tolerance
WARNING ZeroLength::setDomain(): Element 5000024 has L= 2.17004, which is greater than the tolerance
WARNING ZeroLength::setDomain(): Element 5000025 has L= 2.20692, which is greater than the tolerance
WARNING ZeroLength::setDomain(): Element 5000026 has L= 2.20692, which is greater than the tolerance
WARNING ZeroLength::setDomain(): Element 5000027 has L= 2.17004, which is greater than the tolerance
WARNING ZeroLength::setDomain(): Element 5000028 has L= 2.10524, which is greater than the tolerance
WARNING ZeroLength::setDomain(): Element 5000029 has L= 2.22341, which is greater than the tolerance
WARNING ZeroLength::setDomain(): Element 5000030 has L= 2.2635, which is greater than the tolerance
WARNING ZeroLength::setDomain(): Element 5000031 has L= 2.308, which is greater than the tolerance
WARNING ZeroLength::setDomain(): Element 5000032 has L= 2.31977, which is greater than the tolerance
WARNING ZeroLength::setDomain(): Element 5000033 has L= 2.31888, which is greater than the tolerance
WARNING ZeroLength::setDomain(): Element 5000034 has L= 2.49022, which is greater than the tolerance
WARNING ZeroLength::setDomain(): Element 5000035 has L= 2.63034, which is greater than the tolerance
WARNING ZeroLength::setDomain(): Element 5000036 has L= 2.63034, which is greater than the tolerance
WARNING ZeroLength::setDomain(): Element 5000037 has L= 2.49022, which is greater than the tolerance
WARNING ZeroLength::setDomain(): Element 5000038 has L= 2.31888, which is greater than the tolerance
WARNING ZeroLength::setDomain(): Element 5000039 has L= 2.31977, which is greater than the tolerance
WARNING ZeroLength::setDomain(): Element 5000040 has L= 2.308, which is greater than the tolerance
WARNING ZeroLength::setDomain(): Element 5000041 has L= 2.36768, which is greater than the tolerance
WARNING ZeroLength::setDomain(): Element 5000042 has L= 2.47552, which is greater than the tolerance
WARNING ZeroLength::setDomain(): Element 5000043 has L= 2.62873, which is greater than the tolerance
WARNING ZeroLength::setDomain(): Element 5000044 has L= 2.79502, which is greater than the tolerance
WARNING ZeroLength::setDomain(): Element 5000045 has L= 2.90063, which is greater than the tolerance
WARNING ZeroLength::setDomain(): Element 5000046 has L= 2.90063, which is greater than the tolerance
WARNING ZeroLength::setDomain(): Element 5000047 has L= 2.79502, which is greater than the tolerance
WARNING ZeroLength::setDomain(): Element 5000048 has L= 2.62873, which is greater than the tolerance
WARNING ZeroLength::setDomain(): Element 5000049 has L= 2.47552, which is greater than the tolerance
WARNING ZeroLength::setDomain(): Element 5000050 has L= 2.36768, which is greater than the tolerance
WARNING ZeroLength::setDomain(): Element 5000051 has L= 2.30358, which is greater than the tolerance
WARNING ZeroLength::setDomain(): Element 5000052 has L= 2.50342, which is greater than the tolerance
WARNING ZeroLength::setDomain(): Element 5000053 has L= 2.80845, which is greater than the tolerance
WARNING ZeroLength::setDomain(): Element 5000054 has L= 2.88497, which is greater than the tolerance
WARNING ZeroLength::setDomain(): Element 5000055 has L= 2.96879, which is greater than the tolerance
WARNING ZeroLength::setDomain(): Element 5000056 has L= 2.96879, which is greater than the tolerance
WARNING ZeroLength::setDomain(): Element 5000057 has L= 2.88497, which is greater than the tolerance
WARNING ZeroLength::setDomain(): Element 5000058 has L= 2.80845, which is greater than the tolerance
WARNING ZeroLength::setDomain(): Element 5000059 has L= 2.50342, which is greater than the tolerance
WARNING ZeroLength::setDomain(): Element 5000060 has L= 2.30358, which is greater than the tolerance
WARNING ZeroLength::setDomain(): Element 5000061 has L= 2.21226, which is greater than the tolerance
WARNING ZeroLength::setDomain(): Element 5000062 has L= 2.3713, which is greater than the tolerance
WARNING ZeroLength::setDomain(): Element 5000063 has L= 2.72931, which is greater than the tolerance
WARNING ZeroLength::setDomain(): Element 5000064 has L= 2.8348, which is greater than the tolerance
WARNING ZeroLength::setDomain(): Element 5000065 has L= 2.9651, which is greater than the tolerance
WARNING ZeroLength::setDomain(): Element 5000066 has L= 2.9651, which is greater than the tolerance
WARNING ZeroLength::setDomain(): Element 5000067 has L= 2.8348, which is greater than the tolerance
WARNING ZeroLength::setDomain(): Element 5000068 has L= 2.72931, which is greater than the tolerance
WARNING ZeroLength::setDomain(): Element 5000069 has L= 2.3713, which is greater than the tolerance
WARNING ZeroLength::setDomain(): Element 5000070 has L= 2.21226, which is greater than the tolerance
WARNING ZeroLength::setDomain(): Element 5000071 has L= 2.13741, which is greater than the tolerance
WARNING ZeroLength::setDomain(): Element 5000072 has L= 2.29753, which is greater than the tolerance
WARNING ZeroLength::setDomain(): Element 5000073 has L= 2.66685, which is greater than the tolerance
WARNING ZeroLength::setDomain(): Element 5000074 has L= 2.81841, which is greater than the tolerance
WARNING ZeroLength::setDomain(): Element 5000075 has L= 2.92775, which is greater than the tolerance
WARNING ZeroLength::setDomain(): Element 5000076 has L= 2.92775, which is greater than the tolerance
WARNING ZeroLength::setDomain(): Element 5000077 has L= 2.81841, which is greater than the tolerance
WARNING ZeroLength::setDomain(): Element 5000078 has L= 2.66685, which is greater than the tolerance
WARNING ZeroLength::setDomain(): Element 5000079 has L= 2.29753, which is greater than the tolerance
WARNING ZeroLength::setDomain(): Element 5000080 has L= 2.13741, which is greater than the tolerance
WARNING ZeroLength::setDomain(): Element 5000081 has L= 2.10867, which is greater than the tolerance
WARNING ZeroLength::setDomain(): Element 5000082 has L= 2.24188, which is greater than the tolerance
WARNING ZeroLength::setDomain(): Element 5000083 has L= 2.59352, which is greater than the tolerance
WARNING ZeroLength::setDomain(): Element 5000084 has L= 2.78032, which is greater than the tolerance
WARNING ZeroLength::setDomain(): Element 5000085 has L= 2.82638, which is greater than the tolerance
WARNING ZeroLength::setDomain(): Element 5000086 has L= 2.82638, which is greater than the tolerance
WARNING ZeroLength::setDomain(): Element 5000087 has L= 2.78032, which is greater than the tolerance
WARNING ZeroLength::setDomain(): Element 5000088 has L= 2.59352, which is greater than the tolerance
WARNING ZeroLength::setDomain(): Element 5000089 has L= 2.24188, which is greater than the tolerance
WARNING ZeroLength::setDomain(): Element 5000090 has L= 2.10867, which is greater than the tolerance
WARNING ZeroLength::setDomain(): Element 5000091 has L= 7.62706, which is greater than the tolerance
WARNING ZeroLength::setDomain(): Element 5000092 has L= 7.62706, which is greater than the tolerance
WARNING: CTestNormDispIncr::test() - failed to converge 
after: 50 iterations  current Norm: 20704.8 (max: 1e-06, Norm deltaR: 1.89466e+08)
NewtonRaphson::solveCurrentStep() -the ConvergenceTest object failed in test()
StaticAnalysis::analyze() - the Algorithm failed at step: 0 with domain at load factor -1704.5
OpenSees > analyze failed, returned: -3 error flag
WARNING: CTestNormDispIncr::test() - failed to converge 
after: 50 iterations  current Norm: 3.10847 (max: 1e-06, Norm deltaR: 1.39113e+06)
NewtonLineSearch::solveCurrentStep() -the ConvergenceTest object failed in test()
StaticAnalysis::analyze() - the Algorithm failed at step: 0 with domain at load factor 343.802
OpenSees > analyze failed, returned: -3 error flag
WARNING: CTestNormDispIncr::test() - failed to converge 
after: 50 iterations  current Norm: 25603.4 (max: 1e-06, Norm deltaR: 6.42732e+08)
AcceleratedNewton::solveCurrentStep() -The ConvergenceTest object failed in test()
StaticAnalysis::analyze() - the Algorithm failed at step: 0 with domain at load factor -5223.21
OpenSees > analyze failed, returned: -3 error flag
WARNING: CTestNormDispIncr::test() - failed to converge 
after: 50 iterations  current Norm: 4.71407e+70 (max: 1e-06, Norm deltaR: 1.62761e+74)
ModifiedNewton::solveCurrentStep() -the ConvergenceTest object failed in test()
StaticAnalysis::analyze() - the Algorithm failed at step: 0 with domain at load factor 3.90549e+69
OpenSees > analyze failed, returned: -3 error flag
WARNING: CTestNormDispIncr::test() - failed to converge 
after: 50 iterations  current Norm: 137514 (max: 1e-06, Norm deltaR: 8.41094e+07)
NewtonRaphson::solveCurrentStep() -the ConvergenceTest object failed in test()
StaticAnalysis::analyze() - the Algorithm failed at step: 0 with domain at load factor -235.159
OpenSees > analyze failed, returned: -3 error flag
WARNING: CTestNormDispIncr::test() - failed to converge 
after: 50 iterations  current Norm: 44830.7 (max: 1e-06, Norm deltaR: 2.21884e+08)
NewtonRaphson::solveCurrentStep() -the ConvergenceTest object failed in test()
StaticAnalysis::analyze() - the Algorithm failed at step: 0 with domain at load factor -597.365
OpenSees > analyze failed, returned: -3 error flag
WARNING: CTestNormDispIncr::test() - failed to converge 
after: 50 iterations  current Norm: 3340.18 (max: 1e-06, Norm deltaR: 1.00268e+08)
NewtonLineSearch::solveCurrentStep() -the ConvergenceTest object failed in test()
StaticAnalysis::analyze() - the Algorithm failed at step: 0 with domain at load factor -5142.34
OpenSees > analyze failed, returned: -3 error flag
WARNING: CTestNormDispIncr::test() - failed to converge 
after: 50 iterations  current Norm: 12357.5 (max: 1e-06, Norm deltaR: 4.91556e+08)
AcceleratedNewton::solveCurrentStep() -The ConvergenceTest object failed in test()
StaticAnalysis::analyze() - the Algorithm failed at step: 0 with domain at load factor -1130.11
OpenSees > analyze failed, returned: -3 error flag
WARNING: CTestNormDispIncr::test() - failed to converge 
after: 50 iterations  current Norm: 3.46932e+71 (max: 1e-06, Norm deltaR: 1.10727e+75)
ModifiedNewton::solveCurrentStep() -the ConvergenceTest object failed in test()
StaticAnalysis::analyze() - the Algorithm failed at step: 0 with domain at load factor -2.32454e+70
OpenSees > analyze failed, returned: -3 error flag
WARNING: CTestNormDispIncr::test() - failed to converge 
after: 50 iterations  current Norm: 28850.6 (max: 1e-06, Norm deltaR: 4.68957e+08)
NewtonRaphson::solveCurrentStep() -the ConvergenceTest object failed in test()
StaticAnalysis::analyze() - the Algorithm failed at step: 0 with domain at load factor 7957.16
OpenSees > analyze failed, returned: -3 error flag
WARNING: CTestNormDispIncr::test() - failed to converge 
after: 50 iterations  current Norm: 4535.11 (max: 1e-06, Norm deltaR: 1.27889e+08)
NewtonLineSearch::solveCurrentStep() -the ConvergenceTest object failed in test()
StaticAnalysis::analyze() - the Algorithm failed at step: 0 with domain at load factor 4382.51
OpenSees > analyze failed, returned: -3 error flag
WARNING: CTestNormDispIncr::test() - failed to converge 
after: 50 iterations  current Norm: 6025.79 (max: 1e-06, Norm deltaR: 1.71575e+08)
AcceleratedNewton::solveCurrentStep() -The ConvergenceTest object failed in test()
StaticAnalysis::analyze() - the Algorithm failed at step: 0 with domain at load factor -1944.17
OpenSees > analyze failed, returned: -3 error flag
WARNING: CTestNormDispIncr::test() - failed to converge 
after: 50 iterations  current Norm: 1.13679e+72 (max: 1e-06, Norm deltaR: 3.3849e+75)
ModifiedNewton::solveCurrentStep() -the ConvergenceTest object failed in test()
StaticAnalysis::analyze() - the Algorithm failed at step: 0 with domain at load factor -2.97182e+70
OpenSees > analyze failed, returned: -3 error flag
WARNING: CTestNormDispIncr::test() - failed to converge 
after: 50 iterations  current Norm: 33947.3 (max: 1e-06, Norm deltaR: 8.28302e+07)
NewtonRaphson::solveCurrentStep() -the ConvergenceTest object failed in test()
StaticAnalysis::analyze() - the Algorithm failed at step: 0 with domain at load factor -713.809
OpenSees > analyze failed, returned: -3 error flag
WARNING: CTestNormDispIncr::test() - failed to converge 
after: 50 iterations  current Norm: 112454 (max: 1e-06, Norm deltaR: 1.68026e+09)
NewtonRaphson::solveCurrentStep() -the ConvergenceTest object failed in test()
StaticAnalysis::analyze() - the Algorithm failed at step: 0 with domain at load factor -11416.5
OpenSees > analyze failed, returned: -3 error flag
WARNING: CTestNormDispIncr::test() - failed to converge 
after: 50 iterations  current Norm: 4137.83 (max: 1e-06, Norm deltaR: 1.14845e+08)
NewtonLineSearch::solveCurrentStep() -the ConvergenceTest object failed in test()
StaticAnalysis::analyze() - the Algorithm failed at step: 0 with domain at load factor -5487.35
OpenSees > analyze failed, returned: -3 error flag
WARNING ZeroLength::setDomain(): Element 5000093 has L= 7.90821, which is greater than the tolerance
WARNING ZeroLength::setDomain(): Element 5000094 has L= 8.06609, which is greater than the tolerance
WARNING ZeroLength::setDomain(): Element 5000095 has L= 7.76234, which is greater than the tolerance
WARNING ZeroLength::setDomain(): Element 5000096 has L= 57.0502, which is greater than the tolerance
WARNING ZeroLength::setDomain(): Element 5000097 has L= 11.0056, which is greater than the tolerance
WARNING: CTestNormDispIncr::test() - failed to converge 
after: 50 iterations  current Norm: 286779 (max: 1e-06, Norm deltaR: 7.71468e+07)
NewtonRaphson::solveCurrentStep() -the ConvergenceTest object failed in test()
StaticAnalysis::analyze() - the Algorithm failed at step: 0 with domain at load factor -129.988
OpenSees > analyze failed, returned: -3 error flag
WARNING ZeroLength::setDomain(): Element 5000098 has L= 8.21859, which is greater than the tolerance
WARNING ZeroLength::setDomain(): Element 5000099 has L= 21.4738, which is greater than the tolerance
WARNING ZeroLength::setDomain(): Element 5000100 has L= 53.4363, which is greater than the tolerance
WARNING ZeroLength::setDomain(): Element 5000101 has L= 55.1073, which is greater than the tolerance
WARNING ZeroLength::setDomain(): Element 5000102 has L= 21.0697, which is greater than the tolerance
WARNING ZeroLength::setDomain(): Element 5000103 has L= 51.1406, which is greater than the tolerance
WARNING ZeroLength::setDomain(): Element 5000104 has L= 52.2747, which is greater than the tolerance
WARNING ZeroLength::setDomain(): Element 5000105 has L= 53.5064, which is greater than the tolerance
WARNING ZeroLength::setDomain(): Element 5000106 has L= 7.90821, which is greater than the tolerance
WARNING ZeroLength::setDomain(): Element 5000107 has L= 10.7635, which is greater than the tolerance
WARNING ZeroLength::setDomain(): Element 5000108 has L= 7.60733, which is greater than the tolerance
WARNING: CTestNormDispIncr::test() - failed to converge 
after: 50 iterations  current Norm: 105276 (max: 1e-06, Norm deltaR: 7.34037e+07)
NewtonRaphson::solveCurrentStep() -the ConvergenceTest object failed in test()
StaticAnalysis::analyze() - the Algorithm failed at step: 0 with domain at load factor -25.5091
OpenSees > analyze failed, returned: -3 error flag
WARNING ZeroLength::setDomain(): Element 5000109 has L= 53.39, which is greater than the tolerance
WARNING ZeroLength::setDomain(): Element 5000110 has L= 57.0267, which is greater than the tolerance
WARNING ZeroLength::setDomain(): Element 5000111 has L= 10.5136, which is greater than the tolerance
WARNING ZeroLength::setDomain(): Element 5000112 has L= 17.4087, which is greater than the tolerance
WARNING ZeroLength::setDomain(): Element 5000113 has L= 17.0002, which is greater than the tolerance
WARNING ZeroLength::setDomain(): Element 5000114 has L= 7.76234, which is greater than the tolerance
WARNING: CTestNormDispIncr::test() - failed to converge 
after: 50 iterations  current Norm: 15096.2 (max: 1e-06, Norm deltaR: 4.27104e+08)
NewtonRaphson::solveCurrentStep() -the ConvergenceTest object failed in test()
StaticAnalysis::analyze() - the Algorithm failed at step: 0 with domain at load factor -1573.6
OpenSees > analyze failed, returned: -3 error flag
WARNING ZeroLength::setDomain(): Element 5000115 has L= 17.8134, which is greater than the tolerance
WARNING ZeroLength::setDomain(): Element 5000116 has L= 7.60733, which is greater than the tolerance
WARNING ZeroLength::setDomain(): Element 5000117 has L= 10.2456, which is greater than the tolerance
WARNING: CTestNormDispIncr::test() - failed to converge 
after: 50 iterations  current Norm: 79217.9 (max: 1e-06, Norm deltaR: 1.73887e+09)
NewtonRaphson::solveCurrentStep() -the ConvergenceTest object failed in test()
StaticAnalysis::analyze() - the Algorithm failed at step: 0 with domain at load factor -9116.31
OpenSees > analyze failed, returned: -3 error flag
WARNING: CTestNormDispIncr::test() - failed to converge 
after: 50 iterations  current Norm: 0.46559 (max: 1e-06, Norm deltaR: 24771.2)
NewtonLineSearch::solveCurrentStep() -the ConvergenceTest object failed in test()
StaticAnalysis::analyze() - the Algorithm failed at step: 0 with domain at load factor 369.975
OpenSees > analyze failed, returned: -3 error flag
WARNING: CTestNormDispIncr::test() - failed to converge 
after: 50 iterations  current Norm: 1487.62 (max: 1e-06, Norm deltaR: 1.17234e+09)
AcceleratedNewton::solveCurrentStep() -The ConvergenceTest object failed in test()
StaticAnalysis::analyze() - the Algorithm failed at step: 0 with domain at load factor 5639.14
OpenSees > analyze failed, returned: -3 error flag
WARNING: CTestNormDispIncr::test() - failed to converge 
after: 50 iterations  current Norm: 7.94901e+71 (max: 1e-06, Norm deltaR: 7.20207e+75)
ModifiedNewton::solveCurrentStep() -the ConvergenceTest object failed in test()
StaticAnalysis::analyze() - the Algorithm failed at step: 0 with domain at load factor -2.06686e+68
OpenSees > analyze failed, returned: -3 error flag
WARNING: CTestNormDispIncr::test() - failed to converge 
after: 50 iterations  current Norm: 61689.9 (max: 1e-06, Norm deltaR: 2.9741e+09)
NewtonRaphson::solveCurrentStep() -the ConvergenceTest object failed in test()
StaticAnalysis::analyze() - the Algorithm failed at step: 0 with domain at load factor 13106.1
OpenSees > analyze failed, returned: -3 error flag
WARNING ZeroLength::setDomain(): Element 5000118 has L= 22.4321, which is greater than the tolerance
WARNING ZeroLength::setDomain(): Element 5000119 has L= 18.1892, which is greater than the tolerance
WARNING ZeroLength::setDomain(): Element 5000120 has L= 21.9226, which is greater than the tolerance
WARNING ZeroLength::setDomain(): Element 5000121 has L= 7.43302, which is greater than the tolerance
WARNING ZeroLength::setDomain(): Element 5000122 has L= 16.3089, which is greater than the tolerance
WARNING ZeroLength::setDomain(): Element 5000123 has L= 9.99136, which is greater than the tolerance
WARNING: CTestNormDispIncr::test() - failed to converge 
after: 50 iterations  current Norm: 105810 (max: 1e-06, Norm deltaR: 2.14321e+09)
NewtonRaphson::solveCurrentStep() -the ConvergenceTest object failed in test()
StaticAnalysis::analyze() - the Algorithm failed at step: 0 with domain at load factor -4723.51
OpenSees > analyze failed, returned: -3 error flag
WARNING ZeroLength::setDomain(): Element 5000124 has L= 7.43302, which is greater than the tolerance
WARNING ZeroLength::setDomain(): Element 5000125 has L= 7.27778, which is greater than the tolerance
WARNING ZeroLength::setDomain(): Element 5000126 has L= 16.6517, which is greater than the tolerance
WARNING ZeroLength::setDomain(): Element 5000127 has L= 20.6763, which is greater than the tolerance
WARNING ZeroLength::setDomain(): Element 5000128 has L= 56.1329, which is greater than the tolerance
WARNING ZeroLength::setDomain(): Element 5000129 has L= 57.003, which is greater than the tolerance
WARNING ZeroLength::setDomain(): Element 5000130 has L= 8.38688, which is greater than the tolerance
WARNING ZeroLength::setDomain(): Element 5000131 has L= 61.1825, which is greater than the tolerance
WARNING ZeroLength::setDomain(): Element 5000132 has L= 21.9226, which is greater than the tolerance
WARNING ZeroLength::setDomain(): Element 5000133 has L= 8.06609, which is greater than the tolerance
WARNING ZeroLength::setDomain(): Element 5000134 has L= 16.0029, which is greater than the tolerance
WARNING ZeroLength::setDomain(): Element 5000135 has L= 9.76395, which is greater than the tolerance
WARNING ZeroLength::setDomain(): Element 5000136 has L= 54.6749, which is greater than the tolerance
WARNING ZeroLength::setDomain(): Element 5000137 has L= 10.7635, which is greater than the tolerance
WARNING ZeroLength::setDomain(): Element 5000138 has L= 16.3089, which is greater than the tolerance
WARNING ZeroLength::setDomain(): Element 5000139 has L= 17.0002, which is greater than the tolerance
WARNING ZeroLength::setDomain(): Element 5000140 has L= 16.6517, which is greater than the tolerance
WARNING ZeroLength::setDomain(): Element 5000141 has L= 21.0697, which is greater than the tolerance
WARNING ZeroLength::setDomain(): Element 5000142 has L= 9.99136, which is greater than the tolerance
WARNING: CTestNormDispIncr::test() - failed to converge 
after: 50 iterations  current Norm: 116756 (max: 1e-06, Norm deltaR: 7.40101e+07)
NewtonRaphson::solveCurrentStep() -the ConvergenceTest object failed in test()
StaticAnalysis::analyze() - the Algorithm failed at step: 0 with domain at load factor 596.687
OpenSees > analyze failed, returned: -3 error flag
WARNING ZeroLength::setDomain(): Element 5000143 has L= 18.5257, which is greater than the tolerance
WARNING ZeroLength::setDomain(): Element 5000144 has L= 60.7523, which is greater than the tolerance
WARNING ZeroLength::setDomain(): Element 5000145 has L= 20.6763, which is greater than the tolerance
WARNING ZeroLength::setDomain(): Element 5000146 has L= 7.16018, which is greater than the tolerance
WARNING ZeroLength::setDomain(): Element 5000147 has L= 21.4738, which is greater than the tolerance
WARNING ZeroLength::setDomain(): Element 5000148 has L= 8.5859, which is greater than the tolerance
WARNING ZeroLength::setDomain(): Element 5000149 has L= 63.6165, which is greater than the tolerance
WARNING ZeroLength::setDomain(): Element 5000150 has L= 54.9796, which is greater than the tolerance
WARNING ZeroLength::setDomain(): Element 5000151 has L= 10.2456, which is greater than the tolerance
WARNING ZeroLength::setDomain(): Element 5000152 has L= 9.76395, which is greater than the tolerance
WARNING ZeroLength::setDomain(): Element 5000153 has L= 9.55892, which is greater than the tolerance
WARNING ZeroLength::setDomain(): Element 5000154 has L= 28.0734, which is greater than the tolerance
WARNING ZeroLength::setDomain(): Element 5000155 has L= 16.0029, which is greater than the tolerance
WARNING ZeroLength::setDomain(): Element 5000156 has L= 7.27778, which is greater than the tolerance
WARNING ZeroLength::setDomain(): Element 5000157 has L= 28.7839, which is greater than the tolerance
WARNING ZeroLength::setDomain(): Element 5000158 has L= 22.4321, which is greater than the tolerance
WARNING ZeroLength::setDomain(): Element 5000159 has L= 10.5136, which is greater than the tolerance
WARNING: CTestNormDispIncr::test() - failed to converge 
after: 50 iterations  current Norm: 195956 (max: 1e-06, Norm deltaR: 5.27773e+09)
NewtonRaphson::solveCurrentStep() -the ConvergenceTest object failed in test()
StaticAnalysis::analyze() - the Algorithm failed at step: 0 with domain at load factor 36748.5
OpenSees > analyze failed, returned: -3 error flag
WARNING ZeroLength::setDomain(): Element 5000160 has L= 8.78284, which is greater than the tolerance
WARNING ZeroLength::setDomain(): Element 5000161 has L= 17.4087, which is greater than the tolerance
WARNING ZeroLength::setDomain(): Element 5000162 has L= 35.8034, which is greater than the tolerance
WARNING ZeroLength::setDomain(): Element 5000163 has L= 63.2888, which is greater than the tolerance
WARNING ZeroLength::setDomain(): Element 5000164 has L= 67.4854, which is greater than the tolerance
WARNING ZeroLength::setDomain(): Element 5000165 has L= 35.0925, which is greater than the tolerance
WARNING ZeroLength::setDomain(): Element 5000166 has L= 62.2839, which is greater than the tolerance
WARNING ZeroLength::setDomain(): Element 5000167 has L= 35.0925, which is greater than the tolerance
WARNING ZeroLength::setDomain(): Element 5000168 has L= 34.4095, which is greater than the tolerance
WARNING ZeroLength::setDomain(): Element 5000169 has L= 34.4095, which is greater than the tolerance
WARNING ZeroLength::setDomain(): Element 5000170 has L= 26.8584, which is greater than the tolerance
WARNING: CTestNormDispIncr::test() - failed to converge 
after: 50 iterations  current Norm: 56578.9 (max: 1e-06, Norm deltaR: 1.87206e+09)
NewtonRaphson::solveCurrentStep() -the ConvergenceTest object failed in test()
StaticAnalysis::analyze() - the Algorithm failed at step: 0 with domain at load factor 1818.66
OpenSees > analyze failed, returned: -3 error flag
WARNING ZeroLength::setDomain(): Element 5000171 has L= 33.8019, which is greater than the tolerance
WARNING ZeroLength::setDomain(): Element 5000172 has L= 59.0506, which is greater than the tolerance
WARNING ZeroLength::setDomain(): Element 5000173 has L= 26.2797, which is greater than the tolerance
WARNING ZeroLength::setDomain(): Element 5000174 has L= 7.07438, which is greater than the tolerance
WARNING ZeroLength::setDomain(): Element 5000175 has L= 57.0286, which is greater than the tolerance
WARNING ZeroLength::setDomain(): Element 5000176 has L= 58.8482, which is greater than the tolerance
WARNING ZeroLength::setDomain(): Element 5000177 has L= 57.7131, which is greater than the tolerance
WARNING ZeroLength::setDomain(): Element 5000178 has L= 15.6903, which is greater than the tolerance
WARNING ZeroLength::setDomain(): Element 5000179 has L= 20.2516, which is greater than the tolerance
WARNING ZeroLength::setDomain(): Element 5000180 has L= 61.5198, which is greater than the tolerance
WARNING ZeroLength::setDomain(): Element 5000181 has L= 35.8034, which is greater than the tolerance
WARNING ZeroLength::setDomain(): Element 5000182 has L= 20.2516, which is greater than the tolerance
WARNING ZeroLength::setDomain(): Element 5000183 has L= 27.4349, which is greater than the tolerance
WARNING ZeroLength::setDomain(): Element 5000184 has L= 29.3672, which is greater than the tolerance
WARNING ZeroLength::setDomain(): Element 5000185 has L= 33.8019, which is greater than the tolerance
WARNING ZeroLength::setDomain(): Element 5000186 has L= 51.8729, which is greater than the tolerance
WARNING: CTestNormDispIncr::test() - failed to converge 
after: 50 iterations  current Norm: 75385.9 (max: 1e-06, Norm deltaR: 7.38913e+07)
NewtonRaphson::solveCurrentStep() -the ConvergenceTest object failed in test()
StaticAnalysis::analyze() - the Algorithm failed at step: 0 with domain at load factor 1142.9
OpenSees > analyze failed, returned: -3 error flag
WARNING: CTestNormDispIncr::test() - failed to converge 
after: 50 iterations  current Norm: 2020.58 (max: 1e-06, Norm deltaR: 1.30982e+08)
NewtonLineSearch::solveCurrentStep() -the ConvergenceTest object failed in test()
StaticAnalysis::analyze() - the Algorithm failed at step: 0 with domain at load factor -6701.88
OpenSees > analyze failed, returned: -3 error flag
WARNING: CTestNormDispIncr::test() - failed to converge 
after: 50 iterations  current Norm: 13166.6 (max: 1e-06, Norm deltaR: 6.47818e+08)
AcceleratedNewton::solveCurrentStep() -The ConvergenceTest object failed in test()
StaticAnalysis::analyze() - the Algorithm failed at step: 0 with domain at load factor 103.51
OpenSees > analyze failed, returned: -3 error flag
WARNING: CTestNormDispIncr::test() - failed to converge 
after: 50 iterations  current Norm: 9.55561e+75 (max: 1e-06, Norm deltaR: 8.73252e+79)
ModifiedNewton::solveCurrentStep() -the ConvergenceTest object failed in test()
StaticAnalysis::analyze() - the Algorithm failed at step: 0 with domain at load factor 4.68876e+73
OpenSees > analyze failed, returned: -3 error flag
WARNING: CTestNormDispIncr::test() - failed to converge 
after: 50 iterations  current Norm: 85953.4 (max: 1e-06, Norm deltaR: 7.75689e+07)
NewtonRaphson::solveCurrentStep() -the ConvergenceTest object failed in test()
StaticAnalysis::analyze() - the Algorithm failed at step: 0 with domain at load factor 1001.74
OpenSees > analyze failed, returned: -3 error flag
WARNING ZeroLength::setDomain(): Element 5000187 has L= 8.93568, which is greater than the tolerance
WARNING ZeroLength::setDomain(): Element 5000188 has L= 51.0298, which is greater than the tolerance
WARNING ZeroLength::setDomain(): Element 5000189 has L= 52.6901, which is greater than the tolerance
WARNING ZeroLength::setDomain(): Element 5000190 has L= 52.3873, which is greater than the tolerance
WARNING ZeroLength::setDomain(): Element 5000191 has L= 52.5626, which is greater than the tolerance
WARNING ZeroLength::setDomain(): Element 5000192 has L= 46.4355, which is greater than the tolerance
WARNING ZeroLength::setDomain(): Element 5000193 has L= 45.7418, which is greater than the tolerance
WARNING ZeroLength::setDomain(): Element 5000194 has L= 22.8532, which is greater than the tolerance
WARNING ZeroLength::setDomain(): Element 5000195 has L= 45.844, which is greater than the tolerance
WARNING ZeroLength::setDomain(): Element 5000196 has L= 25.6843, which is greater than the tolerance
WARNING ZeroLength::setDomain(): Element 5000197 has L= 36.4844, which is greater than the tolerance
WARNING ZeroLength::setDomain(): Element 5000198 has L= 8.21859, which is greater than the tolerance
WARNING ZeroLength::setDomain(): Element 5000199 has L= 15.6903, which is greater than the tolerance
