WARNING ZeroLength::setDomain(): Element 5000001 has L= 2.4728, which is greater than the tolerance
WARNING ZeroLength::setDomain(): Element 5000002 has L= 2.21933, which is greater than the tolerance
WARNING ZeroLength::setDomain(): Element 5000003 has L= 1.81405, which is greater than the tolerance
WARNING ZeroLength::setDomain(): Element 5000004 has L= 1.8157, which is greater than the tolerance
WARNING ZeroLength::setDomain(): Element 5000005 has L= 1.75102, which is greater than the tolerance
WARNING ZeroLength::setDomain(): Element 5000006 has L= 1.75102, which is greater than the tolerance
WARNING ZeroLength::setDomain(): Element 5000007 has L= 1.8157, which is greater than the tolerance
WARNING ZeroLength::setDomain(): Element 5000008 has L= 1.81405, which is greater than the tolerance
WARNING ZeroLength::setDomain(): Element 5000009 has L= 2.21933, which is greater than the tolerance
WARNING ZeroLength::setDomain(): Element 5000010 has L= 2.4728, which is greater than the tolerance
WARNING ZeroLength::setDomain(): Element 5000011 has L= 2.3261, which is greater than the tolerance
WARNING ZeroLength::setDomain(): Element 5000012 has L= 2.1877, which is greater than the tolerance
WARNING ZeroLength::setDomain(): Element 5000013 has L= 1.92894, which is greater than the tolerance
WARNING ZeroLength::setDomain(): Element 5000014 has L= 1.95457, which is greater than the tolerance
WARNING ZeroLength::setDomain(): Element 5000015 has L= 1.94227, which is greater than the tolerance
WARNING ZeroLength::setDomain(): Element 5000016 has L= 1.94227, which is greater than the tolerance
WARNING ZeroLength::setDomain(): Element 5000017 has L= 1.95457, which is greater than the tolerance
WARNING ZeroLength::setDomain(): Element 5000018 has L= 1.92894, which is greater than the tolerance
WARNING ZeroLength::setDomain(): Element 5000019 has L= 2.1877, which is greater than the tolerance
WARNING ZeroLength::setDomain(): Element 5000020 has L= 2.3261, which is greater than the tolerance
WARNING ZeroLength::setDomain(): Element 5000021 has L= 2.26104, which is greater than the tolerance
WARNING ZeroLength::setDomain(): Element 5000022 has L= 2.22094, which is greater than the tolerance
WARNING ZeroLength::setDomain(): Element 5000023 has L= 2.10277, which is greater than the tolerance
WARNING ZeroLength::setDomain(): Element 5000024 has L= 2.16757, which is greater than the tolerance
WARNING ZeroLength::setDomain(): Element 5000025 has L= 2.20444, which is greater than the tolerance
WARNING ZeroLength::setDomain(): Element 5000026 has L= 2.20444, which is greater than the tolerance
WARNING ZeroLength::setDomain(): Element 5000027 has L= 2.16757, which is greater than the tolerance
WARNING ZeroLength::setDomain(): Element 5000028 has L= 2.10277, which is greater than the tolerance
WARNING ZeroLength::setDomain(): Element 5000029 has L= 2.22094, which is greater than the tolerance
WARNING ZeroLength::setDomain(): Element 5000030 has L= 2.26104, which is greater than the tolerance
WARNING ZeroLength::setDomain(): Element 5000031 has L= 2.30553, which is greater than the tolerance
WARNING ZeroLength::setDomain(): Element 5000032 has L= 2.3173, which is greater than the tolerance
WARNING ZeroLength::setDomain(): Element 5000033 has L= 2.31641, which is greater than the tolerance
WARNING ZeroLength::setDomain(): Element 5000034 has L= 2.48774, which is greater than the tolerance
WARNING ZeroLength::setDomain(): Element 5000035 has L= 2.62787, which is greater than the tolerance
WARNING ZeroLength::setDomain(): Element 5000036 has L= 2.62787, which is greater than the tolerance
WARNING ZeroLength::setDomain(): Element 5000037 has L= 2.48774, which is greater than the tolerance
WARNING ZeroLength::setDomain(): Element 5000038 has L= 2.31641, which is greater than the tolerance
WARNING ZeroLength::setDomain(): Element 5000039 has L= 2.3173, which is greater than the tolerance
WARNING ZeroLength::setDomain(): Element 5000040 has L= 2.30553, which is greater than the tolerance
WARNING ZeroLength::setDomain(): Element 5000041 has L= 2.36521, which is greater than the tolerance
WARNING ZeroLength::setDomain(): Element 5000042 has L= 2.47304, which is greater than the tolerance
WARNING ZeroLength::setDomain(): Element 5000043 has L= 2.62626, which is greater than the tolerance
WARNING ZeroLength::setDomain(): Element 5000044 has L= 2.79255, which is greater than the tolerance
WARNING ZeroLength::setDomain(): Element 5000045 has L= 2.89816, which is greater than the tolerance
WARNING ZeroLength::setDomain(): Element 5000046 has L= 2.89816, which is greater than the tolerance
WARNING ZeroLength::setDomain(): Element 5000047 has L= 2.79255, which is greater than the tolerance
WARNING ZeroLength::setDomain(): Element 5000048 has L= 2.62626, which is greater than the tolerance
WARNING ZeroLength::setDomain(): Element 5000049 has L= 2.47304, which is greater than the tolerance
WARNING ZeroLength::setDomain(): Element 5000050 has L= 2.36521, which is greater than the tolerance
WARNING ZeroLength::setDomain(): Element 5000051 has L= 2.30111, which is greater than the tolerance
WARNING ZeroLength::setDomain(): Element 5000052 has L= 2.50095, which is greater than the tolerance
WARNING ZeroLength::setDomain(): Element 5000053 has L= 2.80598, which is greater than the tolerance
WARNING ZeroLength::setDomain(): Element 5000054 has L= 2.8825, which is greater than the tolerance
WARNING ZeroLength::setDomain(): Element 5000055 has L= 2.96632, which is greater than the tolerance
WARNING ZeroLength::setDomain(): Element 5000056 has L= 2.96632, which is greater than the tolerance
WARNING ZeroLength::setDomain(): Element 5000057 has L= 2.8825, which is greater than the tolerance
WARNING ZeroLength::setDomain(): Element 5000058 has L= 2.80598, which is greater than the tolerance
WARNING ZeroLength::setDomain(): Element 5000059 has L= 2.50095, which is greater than the tolerance
WARNING ZeroLength::setDomain(): Element 5000060 has L= 2.30111, which is greater than the tolerance
WARNING ZeroLength::setDomain(): Element 5000061 has L= 2.20979, which is greater than the tolerance
WARNING ZeroLength::setDomain(): Element 5000062 has L= 2.36883, which is greater than the tolerance
WARNING ZeroLength::setDomain(): Element 5000063 has L= 2.72684, which is greater than the tolerance
WARNING ZeroLength::setDomain(): Element 5000064 has L= 2.83233, which is greater than the tolerance
WARNING ZeroLength::setDomain(): Element 5000065 has L= 2.96263, which is greater than the tolerance
WARNING ZeroLength::setDomain(): Element 5000066 has L= 2.96263, which is greater than the tolerance
WARNING ZeroLength::setDomain(): Element 5000067 has L= 2.83233, which is greater than the tolerance
WARNING ZeroLength::setDomain(): Element 5000068 has L= 2.72684, which is greater than the tolerance
WARNING ZeroLength::setDomain(): Element 5000069 has L= 2.36883, which is greater than the tolerance
WARNING ZeroLength::setDomain(): Element 5000070 has L= 2.20979, which is greater than the tolerance
WARNING ZeroLength::setDomain(): Element 5000071 has L= 2.13494, which is greater than the tolerance
WARNING ZeroLength::setDomain(): Element 5000072 has L= 2.29506, which is greater than the tolerance
WARNING ZeroLength::setDomain(): Element 5000073 has L= 2.66438, which is greater than the tolerance
WARNING ZeroLength::setDomain(): Element 5000074 has L= 2.81594, which is greater than the tolerance
WARNING ZeroLength::setDomain(): Element 5000075 has L= 2.92528, which is greater than the tolerance
WARNING ZeroLength::setDomain(): Element 5000076 has L= 2.92528, which is greater than the tolerance
WARNING ZeroLength::setDomain(): Element 5000077 has L= 2.81594, which is greater than the tolerance
WARNING ZeroLength::setDomain(): Element 5000078 has L= 2.66438, which is greater than the tolerance
WARNING ZeroLength::setDomain(): Element 5000079 has L= 2.29506, which is greater than the tolerance
WARNING ZeroLength::setDomain(): Element 5000080 has L= 2.13494, which is greater than the tolerance
WARNING ZeroLength::setDomain(): Element 5000081 has L= 2.1062, which is greater than the tolerance
WARNING ZeroLength::setDomain(): Element 5000082 has L= 2.23941, which is greater than the tolerance
WARNING ZeroLength::setDomain(): Element 5000083 has L= 2.59104, which is greater than the tolerance
WARNING ZeroLength::setDomain(): Element 5000084 has L= 2.77785, which is greater than the tolerance
WARNING ZeroLength::setDomain(): Element 5000085 has L= 2.82391, which is greater than the tolerance
WARNING ZeroLength::setDomain(): Element 5000086 has L= 2.82391, which is greater than the tolerance
WARNING ZeroLength::setDomain(): Element 5000087 has L= 2.77785, which is greater than the tolerance
WARNING ZeroLength::setDomain(): Element 5000088 has L= 2.59104, which is greater than the tolerance
WARNING ZeroLength::setDomain(): Element 5000089 has L= 2.23941, which is greater than the tolerance
WARNING ZeroLength::setDomain(): Element 5000090 has L= 2.1062, which is greater than the tolerance
WARNING: CTestNormDispIncr::test() - failed to converge 
after: 50 iterations  current Norm: 40445.2 (max: 1e-06, Norm deltaR: 8.0638e+08)
NewtonRaphson::solveCurrentStep() -the ConvergenceTest object failed in test()
StaticAnalysis::analyze() - the Algorithm failed at step: 0 with domain at load factor 2416.88
OpenSees > analyze failed, returned: -3 error flag
WARNING: CTestNormDispIncr::test() - failed to converge 
after: 50 iterations  current Norm: 76137.8 (max: 1e-06, Norm deltaR: 3.89835e+09)
NewtonRaphson::solveCurrentStep() -the ConvergenceTest object failed in test()
StaticAnalysis::analyze() - the Algorithm failed at step: 0 with domain at load factor -22772.3
OpenSees > analyze failed, returned: -3 error flag
WARNING: CTestNormDispIncr::test() - failed to converge 
after: 50 iterations  current Norm: 1760.47 (max: 1e-06, Norm deltaR: 1.26409e+08)
NewtonLineSearch::solveCurrentStep() -the ConvergenceTest object failed in test()
StaticAnalysis::analyze() - the Algorithm failed at step: 0 with domain at load factor 143.059
OpenSees > analyze failed, returned: -3 error flag
WARNING: CTestNormDispIncr::test() - failed to converge 
after: 50 iterations  current Norm: 6199.2 (max: 1e-06, Norm deltaR: 2.23387e+08)
AcceleratedNewton::solveCurrentStep() -The ConvergenceTest object failed in test()
StaticAnalysis::analyze() - the Algorithm failed at step: 0 with domain at load factor 1901.99
OpenSees > analyze failed, returned: -3 error flag
WARNING: CTestNormDispIncr::test() - failed to converge 
after: 50 iterations  current Norm: 1.17309e+67 (max: 1e-06, Norm deltaR: 5.0146e+70)
ModifiedNewton::solveCurrentStep() -the ConvergenceTest object failed in test()
StaticAnalysis::analyze() - the Algorithm failed at step: 0 with domain at load factor 5.71955e+65
OpenSees > analyze failed, returned: -3 error flag
WARNING: CTestNormDispIncr::test() - failed to converge 
after: 50 iterations  current Norm: 461636 (max: 1e-06, Norm deltaR: 1.532e+10)
NewtonRaphson::solveCurrentStep() -the ConvergenceTest object failed in test()
StaticAnalysis::analyze() - the Algorithm failed at step: 0 with domain at load factor 32299.5
OpenSees > analyze failed, returned: -3 error flag
WARNING: CTestNormDispIncr::test() - failed to converge 
after: 50 iterations  current Norm: 109970 (max: 1e-06, Norm deltaR: 1.15694e+08)
NewtonRaphson::solveCurrentStep() -the ConvergenceTest object failed in test()
StaticAnalysis::analyze() - the Algorithm failed at step: 0 with domain at load factor -968.718
OpenSees > analyze failed, returned: -3 error flag
WARNING: CTestNormDispIncr::test() - failed to converge 
after: 50 iterations  current Norm: 19821.4 (max: 1e-06, Norm deltaR: 2.56764e+08)
NewtonLineSearch::solveCurrentStep() -the ConvergenceTest object failed in test()
StaticAnalysis::analyze() - the Algorithm failed at step: 0 with domain at load factor -2879.7
OpenSees > analyze failed, returned: -3 error flag
WARNING: CTestNormDispIncr::test() - failed to converge 
after: 50 iterations  current Norm: 36671.5 (max: 1e-06, Norm deltaR: 2.40798e+08)
AcceleratedNewton::solveCurrentStep() -The ConvergenceTest object failed in test()
StaticAnalysis::analyze() - the Algorithm failed at step: 0 with domain at load factor -3158.08
OpenSees > analyze failed, returned: -3 error flag
WARNING: CTestNormDispIncr::test() - failed to converge 
after: 50 iterations  current Norm: 8.82642e+65 (max: 1e-06, Norm deltaR: 3.53212e+69)
ModifiedNewton::solveCurrentStep() -the ConvergenceTest object failed in test()
StaticAnalysis::analyze() - the Algorithm failed at step: 0 with domain at load factor 1.73991e+64
OpenSees > analyze failed, returned: -3 error flag
WARNING: CTestNormDispIncr::test() - failed to converge 
after: 50 iterations  current Norm: 22548.7 (max: 1e-06, Norm deltaR: 1.59811e+08)
NewtonRaphson::solveCurrentStep() -the ConvergenceTest object failed in test()
StaticAnalysis::analyze() - the Algorithm failed at step: 0 with domain at load factor -1144.78
OpenSees > analyze failed, returned: -3 error flag
WARNING: CTestNormDispIncr::test() - failed to converge 
after: 50 iterations  current Norm: 9839.59 (max: 1e-06, Norm deltaR: 1.06098e+08)
NewtonLineSearch::solveCurrentStep() -the ConvergenceTest object failed in test()
StaticAnalysis::analyze() - the Algorithm failed at step: 0 with domain at load factor -455.826
OpenSees > analyze failed, returned: -3 error flag
WARNING: CTestNormDispIncr::test() - failed to converge 
after: 50 iterations  current Norm: 21739.6 (max: 1e-06, Norm deltaR: 1.3006e+09)
AcceleratedNewton::solveCurrentStep() -The ConvergenceTest object failed in test()
StaticAnalysis::analyze() - the Algorithm failed at step: 0 with domain at load factor 14964.7
OpenSees > analyze failed, returned: -3 error flag
WARNING: CTestNormDispIncr::test() - failed to converge 
after: 50 iterations  current Norm: 5.12424e+68 (max: 1e-06, Norm deltaR: 4.51324e+72)
ModifiedNewton::solveCurrentStep() -the ConvergenceTest object failed in test()
StaticAnalysis::analyze() - the Algorithm failed at step: 0 with domain at load factor -5.06309e+67
OpenSees > analyze failed, returned: -3 error flag
WARNING ZeroLength::setDomain(): Element 5000091 has L= 7.87466, which is greater than the tolerance
WARNING ZeroLength::setDomain(): Element 5000092 has L= 8.03253, which is greater than the tolerance
WARNING ZeroLength::setDomain(): Element 5000093 has L= 7.7288, which is greater than the tolerance
WARNING ZeroLength::setDomain(): Element 5000094 has L= 53.5705, which is greater than the tolerance
WARNING ZeroLength::setDomain(): Element 5000095 has L= 8.18504, which is greater than the tolerance
WARNING ZeroLength::setDomain(): Element 5000096 has L= 50.0899, which is greater than the tolerance
WARNING ZeroLength::setDomain(): Element 5000097 has L= 50.9303, which is greater than the tolerance
WARNING ZeroLength::setDomain(): Element 5000098 has L= 51.7751, which is greater than the tolerance
WARNING ZeroLength::setDomain(): Element 5000099 has L= 52.9625, which is greater than the tolerance
WARNING ZeroLength::setDomain(): Element 5000100 has L= 21.038, which is greater than the tolerance
WARNING ZeroLength::setDomain(): Element 5000101 has L= 55.3871, which is greater than the tolerance
WARNING ZeroLength::setDomain(): Element 5000102 has L= 21.4421, which is greater than the tolerance
WARNING ZeroLength::setDomain(): Element 5000103 has L= 57.7273, which is greater than the tolerance
WARNING ZeroLength::setDomain(): Element 5000104 has L= 7.57379, which is greater than the tolerance
WARNING ZeroLength::setDomain(): Element 5000105 has L= 7.87466, which is greater than the tolerance
WARNING ZeroLength::setDomain(): Element 5000106 has L= 8.03253, which is greater than the tolerance
WARNING ZeroLength::setDomain(): Element 5000107 has L= 7.7288, which is greater than the tolerance
WARNING ZeroLength::setDomain(): Element 5000108 has L= 61.8692, which is greater than the tolerance
WARNING ZeroLength::setDomain(): Element 5000109 has L= 21.891, which is greater than the tolerance
WARNING ZeroLength::setDomain(): Element 5000110 has L= 16.9667, which is greater than the tolerance
WARNING ZeroLength::setDomain(): Element 5000111 has L= 22.4005, which is greater than the tolerance
WARNING ZeroLength::setDomain(): Element 5000112 has L= 17.3752, which is greater than the tolerance
WARNING ZeroLength::setDomain(): Element 5000113 has L= 21.891, which is greater than the tolerance
WARNING ZeroLength::setDomain(): Element 5000114 has L= 66.039, which is greater than the tolerance
WARNING ZeroLength::setDomain(): Element 5000115 has L= 21.4421, which is greater than the tolerance
WARNING ZeroLength::setDomain(): Element 5000116 has L= 54.4156, which is greater than the tolerance
WARNING ZeroLength::setDomain(): Element 5000117 has L= 21.038, which is greater than the tolerance
WARNING ZeroLength::setDomain(): Element 5000118 has L= 7.57379, which is greater than the tolerance
WARNING ZeroLength::setDomain(): Element 5000119 has L= 9.96563, which is greater than the tolerance
WARNING ZeroLength::setDomain(): Element 5000120 has L= 8.35333, which is greater than the tolerance
WARNING ZeroLength::setDomain(): Element 5000121 has L= 16.2753, which is greater than the tolerance
WARNING: CTestNormDispIncr::test() - failed to converge 
after: 50 iterations  current Norm: 43480.7 (max: 1e-06, Norm deltaR: 1.20553e+09)
NewtonRaphson::solveCurrentStep() -the ConvergenceTest object failed in test()
StaticAnalysis::analyze() - the Algorithm failed at step: 0 with domain at load factor 1650.07
OpenSees > analyze failed, returned: -3 error flag
WARNING: CTestNormDispIncr::test() - failed to converge 
after: 50 iterations  current Norm: 18267 (max: 1e-06, Norm deltaR: 3.79896e+08)
NewtonLineSearch::solveCurrentStep() -the ConvergenceTest object failed in test()
StaticAnalysis::analyze() - the Algorithm failed at step: 0 with domain at load factor -11250.7
OpenSees > analyze failed, returned: -3 error flag
WARNING: CTestNormDispIncr::test() - failed to converge 
after: 50 iterations  current Norm: 17.1997 (max: 1e-06, Norm deltaR: 30906.1)
AcceleratedNewton::solveCurrentStep() -The ConvergenceTest object failed in test()
StaticAnalysis::analyze() - the Algorithm failed at step: 0 with domain at load factor 429.712
OpenSees > analyze failed, returned: -3 error flag
WARNING: CTestNormDispIncr::test() - failed to converge 
after: 50 iterations  current Norm: 4.0114e+74 (max: 1e-06, Norm deltaR: 2.67915e+78)
ModifiedNewton::solveCurrentStep() -the ConvergenceTest object failed in test()
StaticAnalysis::analyze() - the Algorithm failed at step: 0 with domain at load factor 3.05244e+73
OpenSees > analyze failed, returned: -3 error flag
WARNING ZeroLength::setDomain(): Element 5000122 has L= 7.39948, which is greater than the tolerance
WARNING: CTestNormDispIncr::test() - failed to converge 
after: 50 iterations  current Norm: 106109 (max: 1e-06, Norm deltaR: 3.58137e+09)
NewtonRaphson::solveCurrentStep() -the ConvergenceTest object failed in test()
StaticAnalysis::analyze() - the Algorithm failed at step: 0 with domain at load factor -7215.89
OpenSees > analyze failed, returned: -3 error flag
WARNING ZeroLength::setDomain(): Element 5000123 has L= 17.7798, which is greater than the tolerance
WARNING ZeroLength::setDomain(): Element 5000124 has L= 58.5475, which is greater than the tolerance
WARNING ZeroLength::setDomain(): Element 5000125 has L= 61.3419, which is greater than the tolerance
WARNING ZeroLength::setDomain(): Element 5000126 has L= 16.6181, which is greater than the tolerance
WARNING ZeroLength::setDomain(): Element 5000127 has L= 64.2628, which is greater than the tolerance
WARNING ZeroLength::setDomain(): Element 5000128 has L= 51.9261, which is greater than the tolerance
WARNING ZeroLength::setDomain(): Element 5000129 has L= 16.2753, which is greater than the tolerance
WARNING ZeroLength::setDomain(): Element 5000130 has L= 20.6446, which is greater than the tolerance
WARNING: CTestNormDispIncr::test() - failed to converge 
after: 50 iterations  current Norm: 19815.1 (max: 1e-06, Norm deltaR: 4.51582e+08)
NewtonRaphson::solveCurrentStep() -the ConvergenceTest object failed in test()
StaticAnalysis::analyze() - the Algorithm failed at step: 0 with domain at load factor -7120.29
OpenSees > analyze failed, returned: -3 error flag
WARNING ZeroLength::setDomain(): Element 5000131 has L= 20.6446, which is greater than the tolerance
WARNING ZeroLength::setDomain(): Element 5000132 has L= 10.2199, which is greater than the tolerance
WARNING ZeroLength::setDomain(): Element 5000133 has L= 16.9667, which is greater than the tolerance
WARNING ZeroLength::setDomain(): Element 5000134 has L= 16.6181, which is greater than the tolerance
WARNING ZeroLength::setDomain(): Element 5000135 has L= 7.24424, which is greater than the tolerance
WARNING ZeroLength::setDomain(): Element 5000136 has L= 9.73808, which is greater than the tolerance
WARNING ZeroLength::setDomain(): Element 5000137 has L= 8.55235, which is greater than the tolerance
WARNING ZeroLength::setDomain(): Element 5000138 has L= 15.9694, which is greater than the tolerance
WARNING ZeroLength::setDomain(): Element 5000139 has L= 22.4005, which is greater than the tolerance
WARNING ZeroLength::setDomain(): Element 5000140 has L= 65.9952, which is greater than the tolerance
WARNING ZeroLength::setDomain(): Element 5000141 has L= 18.1557, which is greater than the tolerance
WARNING ZeroLength::setDomain(): Element 5000142 has L= 15.9694, which is greater than the tolerance
WARNING ZeroLength::setDomain(): Element 5000143 has L= 7.39948, which is greater than the tolerance
WARNING: CTestNormDispIncr::test() - failed to converge 
after: 50 iterations  current Norm: 93112.4 (max: 1e-06, Norm deltaR: 8.3303e+07)
NewtonRaphson::solveCurrentStep() -the ConvergenceTest object failed in test()
StaticAnalysis::analyze() - the Algorithm failed at step: 0 with domain at load factor 1540
OpenSees > analyze failed, returned: -3 error flag
WARNING ZeroLength::setDomain(): Element 5000144 has L= 50.7653, which is greater than the tolerance
WARNING ZeroLength::setDomain(): Element 5000145 has L= 52.0209, which is greater than the tolerance
WARNING ZeroLength::setDomain(): Element 5000146 has L= 53.0915, which is greater than the tolerance
WARNING ZeroLength::setDomain(): Element 5000147 has L= 54.0315, which is greater than the tolerance
WARNING ZeroLength::setDomain(): Element 5000148 has L= 55.123, which is greater than the tolerance
WARNING ZeroLength::setDomain(): Element 5000149 has L= 20.2198, which is greater than the tolerance
WARNING ZeroLength::setDomain(): Element 5000150 has L= 61.0844, which is greater than the tolerance
WARNING ZeroLength::setDomain(): Element 5000151 has L= 57.4638, which is greater than the tolerance
WARNING ZeroLength::setDomain(): Element 5000152 has L= 10.488, which is greater than the tolerance
WARNING ZeroLength::setDomain(): Element 5000153 has L= 20.2198, which is greater than the tolerance
WARNING ZeroLength::setDomain(): Element 5000154 has L= 7.12665, which is greater than the tolerance
WARNING ZeroLength::setDomain(): Element 5000155 has L= 8.7493, which is greater than the tolerance
WARNING ZeroLength::setDomain(): Element 5000156 has L= 66.1062, which is greater than the tolerance
WARNING ZeroLength::setDomain(): Element 5000157 has L= 15.6567, which is greater than the tolerance
WARNING ZeroLength::setDomain(): Element 5000158 has L= 59.5618, which is greater than the tolerance
WARNING ZeroLength::setDomain(): Element 5000159 has L= 61.468, which is greater than the tolerance
WARNING ZeroLength::setDomain(): Element 5000160 has L= 35.0595, which is greater than the tolerance
WARNING ZeroLength::setDomain(): Element 5000161 has L= 34.3765, which is greater than the tolerance
WARNING ZeroLength::setDomain(): Element 5000162 has L= 58.9566, which is greater than the tolerance
WARNING ZeroLength::setDomain(): Element 5000163 has L= 61.4221, which is greater than the tolerance
WARNING ZeroLength::setDomain(): Element 5000164 has L= 8.18504, which is greater than the tolerance
WARNING ZeroLength::setDomain(): Element 5000165 has L= 57.6426, which is greater than the tolerance
WARNING ZeroLength::setDomain(): Element 5000166 has L= 9.53288, which is greater than the tolerance
WARNING ZeroLength::setDomain(): Element 5000167 has L= 64.14, which is greater than the tolerance
WARNING ZeroLength::setDomain(): Element 5000168 has L= 68.8675, which is greater than the tolerance
WARNING ZeroLength::setDomain(): Element 5000169 has L= 7.24424, which is greater than the tolerance
WARNING ZeroLength::setDomain(): Element 5000170 has L= 18.4921, which is greater than the tolerance
WARNING ZeroLength::setDomain(): Element 5000171 has L= 28.0398, which is greater than the tolerance
WARNING ZeroLength::setDomain(): Element 5000172 has L= 55.6124, which is greater than the tolerance
WARNING ZeroLength::setDomain(): Element 5000173 has L= 27.4013, which is greater than the tolerance
WARNING ZeroLength::setDomain(): Element 5000174 has L= 17.3752, which is greater than the tolerance
WARNING ZeroLength::setDomain(): Element 5000175 has L= 33.7689, which is greater than the tolerance
WARNING ZeroLength::setDomain(): Element 5000176 has L= 22.8216, which is greater than the tolerance
WARNING ZeroLength::setDomain(): Element 5000177 has L= 28.7503, which is greater than the tolerance
WARNING ZeroLength::setDomain(): Element 5000178 has L= 69.0784, which is greater than the tolerance
WARNING ZeroLength::setDomain(): Element 5000179 has L= 56.1206, which is greater than the tolerance
WARNING ZeroLength::setDomain(): Element 5000180 has L= 63.6965, which is greater than the tolerance
WARNING ZeroLength::setDomain(): Element 5000181 has L= 29.3336, which is greater than the tolerance
WARNING ZeroLength::setDomain(): Element 5000182 has L= 15.6567, which is greater than the tolerance
WARNING ZeroLength::setDomain(): Element 5000183 has L= 46.9237, which is greater than the tolerance
WARNING ZeroLength::setDomain(): Element 5000184 has L= 67.003, which is greater than the tolerance
WARNING ZeroLength::setDomain(): Element 5000185 has L= 47.2979, which is greater than the tolerance
WARNING ZeroLength::setDomain(): Element 5000186 has L= 8.90214, which is greater than the tolerance
WARNING ZeroLength::setDomain(): Element 5000187 has L= 35.7704, which is greater than the tolerance
WARNING ZeroLength::setDomain(): Element 5000188 has L= 46.6337, which is greater than the tolerance
WARNING ZeroLength::setDomain(): Element 5000189 has L= 46.8632, which is greater than the tolerance
WARNING ZeroLength::setDomain(): Element 5000190 has L= 35.0595, which is greater than the tolerance
WARNING ZeroLength::setDomain(): Element 5000191 has L= 33.1192, which is greater than the tolerance
WARNING ZeroLength::setDomain(): Element 5000192 has L= 67.4793, which is greater than the tolerance
WARNING ZeroLength::setDomain(): Element 5000193 has L= 52.9465, which is greater than the tolerance
WARNING ZeroLength::setDomain(): Element 5000194 has L= 53.2153, which is greater than the tolerance
WARNING ZeroLength::setDomain(): Element 5000195 has L= 56.0776, which is greater than the tolerance
WARNING ZeroLength::setDomain(): Element 5000196 has L= 46.7363, which is greater than the tolerance
