WARNING ZeroLength::setDomain(): Element 5000001 has L= 2.50674, which is greater than the tolerance
WARNING ZeroLength::setDomain(): Element 5000002 has L= 2.25337, which is greater than the tolerance
WARNING ZeroLength::setDomain(): Element 5000003 has L= 1.84815, which is greater than the tolerance
WARNING ZeroLength::setDomain(): Element 5000004 has L= 1.84979, which is greater than the tolerance
WARNING ZeroLength::setDomain(): Element 5000005 has L= 1.78513, which is greater than the tolerance
WARNING ZeroLength::setDomain(): Element 5000006 has L= 1.78513, which is greater than the tolerance
WARNING ZeroLength::setDomain(): Element 5000007 has L= 1.84979, which is greater than the tolerance
WARNING ZeroLength::setDomain(): Element 5000008 has L= 1.84815, which is greater than the tolerance
WARNING ZeroLength::setDomain(): Element 5000009 has L= 2.25337, which is greater than the tolerance
WARNING ZeroLength::setDomain(): Element 5000010 has L= 2.50674, which is greater than the tolerance
WARNING ZeroLength::setDomain(): Element 5000011 has L= 2.36002, which is greater than the tolerance
WARNING ZeroLength::setDomain(): Element 5000012 has L= 2.22176, which is greater than the tolerance
WARNING ZeroLength::setDomain(): Element 5000013 has L= 1.96305, which is greater than the tolerance
WARNING ZeroLength::setDomain(): Element 5000014 has L= 1.98868, which is greater than the tolerance
WARNING ZeroLength::setDomain(): Element 5000015 has L= 1.97639, which is greater than the tolerance
WARNING ZeroLength::setDomain(): Element 5000016 has L= 1.97639, which is greater than the tolerance
WARNING ZeroLength::setDomain(): Element 5000017 has L= 1.98868, which is greater than the tolerance
WARNING ZeroLength::setDomain(): Element 5000018 has L= 1.96305, which is greater than the tolerance
WARNING ZeroLength::setDomain(): Element 5000019 has L= 2.22176, which is greater than the tolerance
WARNING ZeroLength::setDomain(): Element 5000020 has L= 2.36002, which is greater than the tolerance
WARNING ZeroLength::setDomain(): Element 5000021 has L= 2.295, which is greater than the tolerance
WARNING ZeroLength::setDomain(): Element 5000022 has L= 2.25502, which is greater than the tolerance
WARNING ZeroLength::setDomain(): Element 5000023 has L= 2.13688, which is greater than the tolerance
WARNING ZeroLength::setDomain(): Element 5000024 has L= 2.20168, which is greater than the tolerance
WARNING ZeroLength::setDomain(): Element 5000025 has L= 2.23856, which is greater than the tolerance
WARNING ZeroLength::setDomain(): Element 5000026 has L= 2.23856, which is greater than the tolerance
WARNING ZeroLength::setDomain(): Element 5000027 has L= 2.20168, which is greater than the tolerance
WARNING ZeroLength::setDomain(): Element 5000028 has L= 2.13688, which is greater than the tolerance
WARNING ZeroLength::setDomain(): Element 5000029 has L= 2.25502, which is greater than the tolerance
WARNING ZeroLength::setDomain(): Element 5000030 has L= 2.295, which is greater than the tolerance
WARNING ZeroLength::setDomain(): Element 5000031 has L= 2.33959, which is greater than the tolerance
WARNING ZeroLength::setDomain(): Element 5000032 has L= 2.3514, which is greater than the tolerance
WARNING ZeroLength::setDomain(): Element 5000033 has L= 2.35052, which is greater than the tolerance
WARNING ZeroLength::setDomain(): Element 5000034 has L= 2.52186, which is greater than the tolerance
WARNING ZeroLength::setDomain(): Element 5000035 has L= 2.66198, which is greater than the tolerance
WARNING ZeroLength::setDomain(): Element 5000036 has L= 2.66198, which is greater than the tolerance
WARNING ZeroLength::setDomain(): Element 5000037 has L= 2.52186, which is greater than the tolerance
WARNING ZeroLength::setDomain(): Element 5000038 has L= 2.35052, which is greater than the tolerance
WARNING ZeroLength::setDomain(): Element 5000039 has L= 2.3514, which is greater than the tolerance
WARNING ZeroLength::setDomain(): Element 5000040 has L= 2.33959, which is greater than the tolerance
WARNING ZeroLength::setDomain(): Element 5000041 has L= 2.3993, which is greater than the tolerance
WARNING ZeroLength::setDomain(): Element 5000042 has L= 2.50716, which is greater than the tolerance
WARNING ZeroLength::setDomain(): Element 5000043 has L= 2.66037, which is greater than the tolerance
WARNING ZeroLength::setDomain(): Element 5000044 has L= 2.82667, which is greater than the tolerance
WARNING ZeroLength::setDomain(): Element 5000045 has L= 2.93227, which is greater than the tolerance
WARNING ZeroLength::setDomain(): Element 5000046 has L= 2.93227, which is greater than the tolerance
WARNING ZeroLength::setDomain(): Element 5000047 has L= 2.82667, which is greater than the tolerance
WARNING ZeroLength::setDomain(): Element 5000048 has L= 2.66037, which is greater than the tolerance
WARNING ZeroLength::setDomain(): Element 5000049 has L= 2.50716, which is greater than the tolerance
WARNING ZeroLength::setDomain(): Element 5000050 has L= 2.3993, which is greater than the tolerance
WARNING ZeroLength::setDomain(): Element 5000051 has L= 2.3352, which is greater than the tolerance
WARNING ZeroLength::setDomain(): Element 5000052 has L= 2.53506, which is greater than the tolerance
WARNING ZeroLength::setDomain(): Element 5000053 has L= 2.84009, which is greater than the tolerance
WARNING ZeroLength::setDomain(): Element 5000054 has L= 2.91661, which is greater than the tolerance
WARNING ZeroLength::setDomain(): Element 5000055 has L= 3.00043, which is greater than the tolerance
WARNING ZeroLength::setDomain(): Element 5000056 has L= 3.00043, which is greater than the tolerance
WARNING ZeroLength::setDomain(): Element 5000057 has L= 2.91661, which is greater than the tolerance
WARNING ZeroLength::setDomain(): Element 5000058 has L= 2.84009, which is greater than the tolerance
WARNING ZeroLength::setDomain(): Element 5000059 has L= 2.53506, which is greater than the tolerance
WARNING ZeroLength::setDomain(): Element 5000060 has L= 2.3352, which is greater than the tolerance
WARNING ZeroLength::setDomain(): Element 5000061 has L= 2.24388, which is greater than the tolerance
WARNING ZeroLength::setDomain(): Element 5000062 has L= 2.40294, which is greater than the tolerance
WARNING ZeroLength::setDomain(): Element 5000063 has L= 2.76095, which is greater than the tolerance
WARNING ZeroLength::setDomain(): Element 5000064 has L= 2.86644, which is greater than the tolerance
WARNING ZeroLength::setDomain(): Element 5000065 has L= 2.99674, which is greater than the tolerance
WARNING ZeroLength::setDomain(): Element 5000066 has L= 2.99674, which is greater than the tolerance
WARNING ZeroLength::setDomain(): Element 5000067 has L= 2.86644, which is greater than the tolerance
WARNING ZeroLength::setDomain(): Element 5000068 has L= 2.76095, which is greater than the tolerance
WARNING ZeroLength::setDomain(): Element 5000069 has L= 2.40294, which is greater than the tolerance
WARNING ZeroLength::setDomain(): Element 5000070 has L= 2.24388, which is greater than the tolerance
WARNING ZeroLength::setDomain(): Element 5000071 has L= 2.16903, which is greater than the tolerance
WARNING ZeroLength::setDomain(): Element 5000072 has L= 2.32917, which is greater than the tolerance
WARNING ZeroLength::setDomain(): Element 5000073 has L= 2.69849, which is greater than the tolerance
WARNING ZeroLength::setDomain(): Element 5000074 has L= 2.85005, which is greater than the tolerance
WARNING ZeroLength::setDomain(): Element 5000075 has L= 2.9594, which is greater than the tolerance
WARNING ZeroLength::setDomain(): Element 5000076 has L= 2.9594, which is greater than the tolerance
WARNING ZeroLength::setDomain(): Element 5000077 has L= 2.85005, which is greater than the tolerance
WARNING ZeroLength::setDomain(): Element 5000078 has L= 2.69849, which is greater than the tolerance
WARNING ZeroLength::setDomain(): Element 5000079 has L= 2.32917, which is greater than the tolerance
WARNING ZeroLength::setDomain(): Element 5000080 has L= 2.16903, which is greater than the tolerance
WARNING ZeroLength::setDomain(): Element 5000081 has L= 2.1403, which is greater than the tolerance
WARNING ZeroLength::setDomain(): Element 5000082 has L= 2.27352, which is greater than the tolerance
WARNING ZeroLength::setDomain(): Element 5000083 has L= 2.62516, which is greater than the tolerance
WARNING ZeroLength::setDomain(): Element 5000084 has L= 2.81196, which is greater than the tolerance
WARNING ZeroLength::setDomain(): Element 5000085 has L= 2.85802, which is greater than the tolerance
WARNING ZeroLength::setDomain(): Element 5000086 has L= 2.85802, which is greater than the tolerance
WARNING ZeroLength::setDomain(): Element 5000087 has L= 2.81196, which is greater than the tolerance
WARNING ZeroLength::setDomain(): Element 5000088 has L= 2.62516, which is greater than the tolerance
WARNING ZeroLength::setDomain(): Element 5000089 has L= 2.27352, which is greater than the tolerance
WARNING ZeroLength::setDomain(): Element 5000090 has L= 2.1403, which is greater than the tolerance
WARNING: CTestNormDispIncr::test() - failed to converge 
after: 50 iterations  current Norm: 41950.1 (max: 1e-06, Norm deltaR: 7.40551e+07)
NewtonRaphson::solveCurrentStep() -the ConvergenceTest object failed in test()
StaticAnalysis::analyze() - the Algorithm failed at step: 0 with domain at load factor -642.019
OpenSees > analyze failed, returned: -3 error flag
WARNING: CTestNormDispIncr::test() - failed to converge 
after: 50 iterations  current Norm: 3138.95 (max: 1e-06, Norm deltaR: 2.19486e+08)
NewtonLineSearch::solveCurrentStep() -the ConvergenceTest object failed in test()
StaticAnalysis::analyze() - the Algorithm failed at step: 0 with domain at load factor 3155.17
OpenSees > analyze failed, returned: -3 error flag
WARNING: CTestNormDispIncr::test() - failed to converge 
after: 50 iterations  current Norm: 113.45 (max: 1e-06, Norm deltaR: 411283)
AcceleratedNewton::solveCurrentStep() -The ConvergenceTest object failed in test()
StaticAnalysis::analyze() - the Algorithm failed at step: 0 with domain at load factor 310.549
OpenSees > analyze failed, returned: -3 error flag
WARNING: CTestNormDispIncr::test() - failed to converge 
after: 50 iterations  current Norm: 7.15657e+67 (max: 1e-06, Norm deltaR: 5.18167e+71)
ModifiedNewton::solveCurrentStep() -the ConvergenceTest object failed in test()
StaticAnalysis::analyze() - the Algorithm failed at step: 0 with domain at load factor 2.8937e+66
OpenSees > analyze failed, returned: -3 error flag
WARNING: CTestNormDispIncr::test() - failed to converge 
after: 50 iterations  current Norm: 18695.8 (max: 1e-06, Norm deltaR: 1.6985e+08)
NewtonRaphson::solveCurrentStep() -the ConvergenceTest object failed in test()
StaticAnalysis::analyze() - the Algorithm failed at step: 0 with domain at load factor -1694.33
OpenSees > analyze failed, returned: -3 error flag
WARNING: CTestNormDispIncr::test() - failed to converge 
after: 50 iterations  current Norm: 2975.37 (max: 1e-06, Norm deltaR: 1.71992e+08)
NewtonLineSearch::solveCurrentStep() -the ConvergenceTest object failed in test()
StaticAnalysis::analyze() - the Algorithm failed at step: 0 with domain at load factor -2875.22
OpenSees > analyze failed, returned: -3 error flag
WARNING: CTestNormDispIncr::test() - failed to converge 
after: 50 iterations  current Norm: 1.05158e+06 (max: 1e-06, Norm deltaR: 6.37332e+09)
AcceleratedNewton::solveCurrentStep() -The ConvergenceTest object failed in test()
StaticAnalysis::analyze() - the Algorithm failed at step: 0 with domain at load factor 2030.36
OpenSees > analyze failed, returned: -3 error flag
WARNING: CTestNormDispIncr::test() - failed to converge 
after: 50 iterations  current Norm: 6.46019e+65 (max: 1e-06, Norm deltaR: 1.84498e+69)
ModifiedNewton::solveCurrentStep() -the ConvergenceTest object failed in test()
StaticAnalysis::analyze() - the Algorithm failed at step: 0 with domain at load factor -5.11149e+64
OpenSees > analyze failed, returned: -3 error flag
WARNING: CTestNormDispIncr::test() - failed to converge 
after: 50 iterations  current Norm: 0.533341 (max: 1e-06, Norm deltaR: 324104)
NewtonRaphson::solveCurrentStep() -the ConvergenceTest object failed in test()
StaticAnalysis::analyze() - the Algorithm failed at step: 0 with domain at load factor 298.82
OpenSees > analyze failed, returned: -3 error flag
WARNING: CTestNormDispIncr::test() - failed to converge 
after: 50 iterations  current Norm: 1587.54 (max: 1e-06, Norm deltaR: 8.22461e+07)
NewtonLineSearch::solveCurrentStep() -the ConvergenceTest object failed in test()
StaticAnalysis::analyze() - the Algorithm failed at step: 0 with domain at load factor 2366.9
OpenSees > analyze failed, returned: -3 error flag
WARNING: CTestNormDispIncr::test() - failed to converge 
after: 50 iterations  current Norm: 52270.4 (max: 1e-06, Norm deltaR: 9.32909e+07)
NewtonRaphson::solveCurrentStep() -the ConvergenceTest object failed in test()
StaticAnalysis::analyze() - the Algorithm failed at step: 0 with domain at load factor -750.271
OpenSees > analyze failed, returned: -3 error flag
WARNING: CTestNormDispIncr::test() - failed to converge 
after: 50 iterations  current Norm: 1371.1 (max: 1e-06, Norm deltaR: 7.51395e+07)
NewtonLineSearch::solveCurrentStep() -the ConvergenceTest object failed in test()
StaticAnalysis::analyze() - the Algorithm failed at step: 0 with domain at load factor -310.356
OpenSees > analyze failed, returned: -3 error flag
WARNING: CTestNormDispIncr::test() - failed to converge 
after: 50 iterations  current Norm: 114807 (max: 1e-06, Norm deltaR: 2.09975e+08)
AcceleratedNewton::solveCurrentStep() -The ConvergenceTest object failed in test()
StaticAnalysis::analyze() - the Algorithm failed at step: 0 with domain at load factor 468.677
OpenSees > analyze failed, returned: -3 error flag
WARNING: CTestNormDispIncr::test() - failed to converge 
after: 50 iterations  current Norm: 2.54119e+66 (max: 1e-06, Norm deltaR: 2.28081e+70)
ModifiedNewton::solveCurrentStep() -the ConvergenceTest object failed in test()
StaticAnalysis::analyze() - the Algorithm failed at step: 0 with domain at load factor -3.88455e+65
OpenSees > analyze failed, returned: -3 error flag
WARNING: CTestNormDispIncr::test() - failed to converge 
after: 50 iterations  current Norm: 46041.2 (max: 1e-06, Norm deltaR: 7.06447e+08)
NewtonRaphson::solveCurrentStep() -the ConvergenceTest object failed in test()
StaticAnalysis::analyze() - the Algorithm failed at step: 0 with domain at load factor 862.889
OpenSees > analyze failed, returned: -3 error flag
WARNING: CTestNormDispIncr::test() - failed to converge 
after: 50 iterations  current Norm: 16708.4 (max: 1e-06, Norm deltaR: 4.84929e+08)
NewtonLineSearch::solveCurrentStep() -the ConvergenceTest object failed in test()
StaticAnalysis::analyze() - the Algorithm failed at step: 0 with domain at load factor -20171.3
OpenSees > analyze failed, returned: -3 error flag
WARNING: CTestNormDispIncr::test() - failed to converge 
after: 50 iterations  current Norm: 34097.4 (max: 1e-06, Norm deltaR: 9.37985e+08)
AcceleratedNewton::solveCurrentStep() -The ConvergenceTest object failed in test()
StaticAnalysis::analyze() - the Algorithm failed at step: 0 with domain at load factor -5944.59
OpenSees > analyze failed, returned: -3 error flag
WARNING: CTestNormDispIncr::test() - failed to converge 
after: 50 iterations  current Norm: 6.71387e+69 (max: 1e-06, Norm deltaR: 5.94767e+73)
ModifiedNewton::solveCurrentStep() -the ConvergenceTest object failed in test()
StaticAnalysis::analyze() - the Algorithm failed at step: 0 with domain at load factor -2.77217e+67
OpenSees > analyze failed, returned: -3 error flag
WARNING: CTestNormDispIncr::test() - failed to converge 
after: 50 iterations  current Norm: 68008.2 (max: 1e-06, Norm deltaR: 9.52019e+08)
NewtonRaphson::solveCurrentStep() -the ConvergenceTest object failed in test()
StaticAnalysis::analyze() - the Algorithm failed at step: 0 with domain at load factor 9352.71
OpenSees > analyze failed, returned: -3 error flag
WARNING: CTestNormDispIncr::test() - failed to converge 
after: 50 iterations  current Norm: 16936.3 (max: 1e-06, Norm deltaR: 3.80432e+08)
NewtonRaphson::solveCurrentStep() -the ConvergenceTest object failed in test()
StaticAnalysis::analyze() - the Algorithm failed at step: 0 with domain at load factor 1740.79
OpenSees > analyze failed, returned: -3 error flag
WARNING ZeroLength::setDomain(): Element 5000091 has L= 7.81832, which is greater than the tolerance
WARNING ZeroLength::setDomain(): Element 5000092 has L= 47.2424, which is greater than the tolerance
WARNING ZeroLength::setDomain(): Element 5000093 has L= 7.97619, which is greater than the tolerance
WARNING ZeroLength::setDomain(): Element 5000094 has L= 50.6206, which is greater than the tolerance
WARNING ZeroLength::setDomain(): Element 5000095 has L= 7.67246, which is greater than the tolerance
WARNING: CTestNormDispIncr::test() - failed to converge 
after: 50 iterations  current Norm: 25648 (max: 1e-06, Norm deltaR: 6.76805e+08)
NewtonRaphson::solveCurrentStep() -the ConvergenceTest object failed in test()
StaticAnalysis::analyze() - the Algorithm failed at step: 0 with domain at load factor -336.748
OpenSees > analyze failed, returned: -3 error flag
WARNING ZeroLength::setDomain(): Element 5000096 has L= 46.0362, which is greater than the tolerance
WARNING ZeroLength::setDomain(): Element 5000097 has L= 49.1339, which is greater than the tolerance
WARNING ZeroLength::setDomain(): Element 5000098 has L= 52.5434, which is greater than the tolerance
WARNING ZeroLength::setDomain(): Element 5000099 has L= 54.4456, which is greater than the tolerance
WARNING ZeroLength::setDomain(): Element 5000100 has L= 8.12869, which is greater than the tolerance
WARNING ZeroLength::setDomain(): Element 5000101 has L= 7.73932, which is greater than the tolerance
WARNING: CTestNormDispIncr::test() - failed to converge 
after: 50 iterations  current Norm: 31550.1 (max: 1e-06, Norm deltaR: 1.06785e+09)
NewtonRaphson::solveCurrentStep() -the ConvergenceTest object failed in test()
StaticAnalysis::analyze() - the Algorithm failed at step: 0 with domain at load factor 90.0648
OpenSees > analyze failed, returned: -3 error flag
WARNING ZeroLength::setDomain(): Element 5000102 has L= 56.1674, which is greater than the tolerance
WARNING ZeroLength::setDomain(): Element 5000103 has L= 43.6027, which is greater than the tolerance
WARNING ZeroLength::setDomain(): Element 5000104 has L= 48.8097, which is greater than the tolerance
WARNING ZeroLength::setDomain(): Element 5000105 has L= 49.088, which is greater than the tolerance
WARNING ZeroLength::setDomain(): Element 5000106 has L= 52.2325, which is greater than the tolerance
WARNING ZeroLength::setDomain(): Element 5000107 has L= 7.51746, which is greater than the tolerance
WARNING ZeroLength::setDomain(): Element 5000108 has L= 7.81832, which is greater than the tolerance
WARNING ZeroLength::setDomain(): Element 5000109 has L= 58.5377, which is greater than the tolerance
WARNING ZeroLength::setDomain(): Element 5000110 has L= 7.97619, which is greater than the tolerance
WARNING ZeroLength::setDomain(): Element 5000111 has L= 20.9849, which is greater than the tolerance
WARNING ZeroLength::setDomain(): Element 5000112 has L= 55.4887, which is greater than the tolerance
WARNING ZeroLength::setDomain(): Element 5000113 has L= 21.389, which is greater than the tolerance
WARNING: CTestNormDispIncr::test() - failed to converge 
after: 50 iterations  current Norm: 71016.7 (max: 1e-06, Norm deltaR: 9.98001e+08)
NewtonRaphson::solveCurrentStep() -the ConvergenceTest object failed in test()
StaticAnalysis::analyze() - the Algorithm failed at step: 0 with domain at load factor -7233.68
OpenSees > analyze failed, returned: -3 error flag
WARNING ZeroLength::setDomain(): Element 5000114 has L= 60.0071, which is greater than the tolerance
WARNING ZeroLength::setDomain(): Element 5000115 has L= 62.9486, which is greater than the tolerance
WARNING ZeroLength::setDomain(): Element 5000116 has L= 7.67246, which is greater than the tolerance
WARNING ZeroLength::setDomain(): Element 5000117 has L= 20.9849, which is greater than the tolerance
WARNING ZeroLength::setDomain(): Element 5000118 has L= 17.3188, which is greater than the tolerance
WARNING ZeroLength::setDomain(): Element 5000119 has L= 17.7235, which is greater than the tolerance
WARNING ZeroLength::setDomain(): Element 5000120 has L= 16.9103, which is greater than the tolerance
WARNING ZeroLength::setDomain(): Element 5000121 has L= 60.1814, which is greater than the tolerance
WARNING: CTestNormDispIncr::test() - failed to converge 
after: 50 iterations  current Norm: 16290.1 (max: 1e-06, Norm deltaR: 9.90269e+07)
NewtonRaphson::solveCurrentStep() -the ConvergenceTest object failed in test()
StaticAnalysis::analyze() - the Algorithm failed at step: 0 with domain at load factor 732.635
OpenSees > analyze failed, returned: -3 error flag
WARNING ZeroLength::setDomain(): Element 5000122 has L= 64.6413, which is greater than the tolerance
WARNING ZeroLength::setDomain(): Element 5000123 has L= 46.173, which is greater than the tolerance
WARNING ZeroLength::setDomain(): Element 5000124 has L= 8.29699, which is greater than the tolerance
WARNING ZeroLength::setDomain(): Element 5000125 has L= 18.0993, which is greater than the tolerance
WARNING ZeroLength::setDomain(): Element 5000126 has L= 21.8379, which is greater than the tolerance
WARNING ZeroLength::setDomain(): Element 5000127 has L= 8.12869, which is greater than the tolerance
WARNING ZeroLength::setDomain(): Element 5000128 has L= 58.2238, which is greater than the tolerance
WARNING ZeroLength::setDomain(): Element 5000129 has L= 7.51746, which is greater than the tolerance
WARNING ZeroLength::setDomain(): Element 5000130 has L= 7.34316, which is greater than the tolerance
WARNING ZeroLength::setDomain(): Element 5000131 has L= 55.2335, which is greater than the tolerance
WARNING ZeroLength::setDomain(): Element 5000132 has L= 50.9034, which is greater than the tolerance
WARNING ZeroLength::setDomain(): Element 5000133 has L= 57.9889, which is greater than the tolerance
WARNING ZeroLength::setDomain(): Element 5000134 has L= 61.0605, which is greater than the tolerance
WARNING ZeroLength::setDomain(): Element 5000135 has L= 20.5914, which is greater than the tolerance
WARNING ZeroLength::setDomain(): Element 5000136 has L= 9.92251, which is greater than the tolerance
WARNING ZeroLength::setDomain(): Element 5000137 has L= 9.69475, which is greater than the tolerance
WARNING ZeroLength::setDomain(): Element 5000138 has L= 8.49601, which is greater than the tolerance
WARNING ZeroLength::setDomain(): Element 5000139 has L= 7.18793, which is greater than the tolerance
WARNING ZeroLength::setDomain(): Element 5000140 has L= 21.389, which is greater than the tolerance
WARNING ZeroLength::setDomain(): Element 5000141 has L= 22.3475, which is greater than the tolerance
WARNING ZeroLength::setDomain(): Element 5000142 has L= 64.698, which is greater than the tolerance
WARNING ZeroLength::setDomain(): Element 5000143 has L= 16.219, which is greater than the tolerance
WARNING ZeroLength::setDomain(): Element 5000144 has L= 61.541, which is greater than the tolerance
WARNING ZeroLength::setDomain(): Element 5000145 has L= 16.5618, which is greater than the tolerance
WARNING ZeroLength::setDomain(): Element 5000146 has L= 7.34316, which is greater than the tolerance
WARNING ZeroLength::setDomain(): Element 5000147 has L= 54.4754, which is greater than the tolerance
WARNING ZeroLength::setDomain(): Element 5000148 has L= 52.678, which is greater than the tolerance
WARNING ZeroLength::setDomain(): Element 5000149 has L= 15.913, which is greater than the tolerance
WARNING ZeroLength::setDomain(): Element 5000150 has L= 49.2321, which is greater than the tolerance
WARNING ZeroLength::setDomain(): Element 5000151 has L= 7.73932, which is greater than the tolerance
WARNING ZeroLength::setDomain(): Element 5000152 has L= 8.69296, which is greater than the tolerance
WARNING ZeroLength::setDomain(): Element 5000153 has L= 16.9103, which is greater than the tolerance
WARNING ZeroLength::setDomain(): Element 5000154 has L= 66.4, which is greater than the tolerance
WARNING ZeroLength::setDomain(): Element 5000155 has L= 59.8056, which is greater than the tolerance
WARNING ZeroLength::setDomain(): Element 5000156 has L= 20.5914, which is greater than the tolerance
WARNING: CTestNormDispIncr::test() - failed to converge 
after: 50 iterations  current Norm: 218774 (max: 1e-06, Norm deltaR: 8.69003e+07)
NewtonRaphson::solveCurrentStep() -the ConvergenceTest object failed in test()
StaticAnalysis::analyze() - the Algorithm failed at step: 0 with domain at load factor 1756.48
OpenSees > analyze failed, returned: -3 error flag
WARNING ZeroLength::setDomain(): Element 5000157 has L= 61.4094, which is greater than the tolerance
WARNING ZeroLength::setDomain(): Element 5000158 has L= 69.2431, which is greater than the tolerance
WARNING ZeroLength::setDomain(): Element 5000159 has L= 67.5746, which is greater than the tolerance
WARNING ZeroLength::setDomain(): Element 5000160 has L= 56.0933, which is greater than the tolerance
WARNING ZeroLength::setDomain(): Element 5000161 has L= 53.778, which is greater than the tolerance
WARNING ZeroLength::setDomain(): Element 5000162 has L= 63.528, which is greater than the tolerance
WARNING ZeroLength::setDomain(): Element 5000163 has L= 49.8217, which is greater than the tolerance
WARNING: CTestNormDispIncr::test() - failed to converge 
after: 50 iterations  current Norm: 41608.4 (max: 1e-06, Norm deltaR: 1.68051e+08)
NewtonRaphson::solveCurrentStep() -the ConvergenceTest object failed in test()
StaticAnalysis::analyze() - the Algorithm failed at step: 0 with domain at load factor 1060.22
OpenSees > analyze failed, returned: -3 error flag
WARNING ZeroLength::setDomain(): Element 5000164 has L= 27.9834, which is greater than the tolerance
WARNING ZeroLength::setDomain(): Element 5000165 has L= 7.07035, which is greater than the tolerance
WARNING ZeroLength::setDomain(): Element 5000166 has L= 10.4451, which is greater than the tolerance
WARNING ZeroLength::setDomain(): Element 5000167 has L= 18.4358, which is greater than the tolerance
WARNING ZeroLength::setDomain(): Element 5000168 has L= 35.0041, which is greater than the tolerance
WARNING ZeroLength::setDomain(): Element 5000169 has L= 51.5687, which is greater than the tolerance
WARNING ZeroLength::setDomain(): Element 5000170 has L= 34.321, which is greater than the tolerance
WARNING ZeroLength::setDomain(): Element 5000171 has L= 10.1769, which is greater than the tolerance
WARNING ZeroLength::setDomain(): Element 5000172 has L= 20.1665, which is greater than the tolerance
WARNING ZeroLength::setDomain(): Element 5000173 has L= 20.1665, which is greater than the tolerance
WARNING ZeroLength::setDomain(): Element 5000174 has L= 62.2927, which is greater than the tolerance
WARNING ZeroLength::setDomain(): Element 5000175 has L= 15.913, which is greater than the tolerance
WARNING ZeroLength::setDomain(): Element 5000176 has L= 8.29699, which is greater than the tolerance
WARNING ZeroLength::setDomain(): Element 5000177 has L= 64.7521, which is greater than the tolerance
WARNING ZeroLength::setDomain(): Element 5000178 has L= 53.8229, which is greater than the tolerance
WARNING ZeroLength::setDomain(): Element 5000179 has L= 57.4983, which is greater than the tolerance
WARNING ZeroLength::setDomain(): Element 5000180 has L= 22.7687, which is greater than the tolerance
WARNING ZeroLength::setDomain(): Element 5000181 has L= 17.3188, which is greater than the tolerance
WARNING ZeroLength::setDomain(): Element 5000182 has L= 64.1199, which is greater than the tolerance
WARNING ZeroLength::setDomain(): Element 5000183 has L= 62.0156, which is greater than the tolerance
WARNING ZeroLength::setDomain(): Element 5000184 has L= 56.8562, which is greater than the tolerance
WARNING ZeroLength::setDomain(): Element 5000185 has L= 33.7135, which is greater than the tolerance
WARNING ZeroLength::setDomain(): Element 5000186 has L= 28.6939, which is greater than the tolerance
WARNING ZeroLength::setDomain(): Element 5000187 has L= 54.0559, which is greater than the tolerance
WARNING ZeroLength::setDomain(): Element 5000188 has L= 49.6051, which is greater than the tolerance
WARNING ZeroLength::setDomain(): Element 5000189 has L= 52.4343, which is greater than the tolerance
WARNING ZeroLength::setDomain(): Element 5000190 has L= 52.9911, which is greater than the tolerance
WARNING ZeroLength::setDomain(): Element 5000191 has L= 56.5194, which is greater than the tolerance
WARNING ZeroLength::setDomain(): Element 5000192 has L= 59.6708, which is greater than the tolerance
WARNING ZeroLength::setDomain(): Element 5000193 has L= 35.715, which is greater than the tolerance
WARNING ZeroLength::setDomain(): Element 5000194 has L= 56.9024, which is greater than the tolerance
WARNING ZeroLength::setDomain(): Element 5000195 has L= 8.84581, which is greater than the tolerance
WARNING ZeroLength::setDomain(): Element 5000196 has L= 72.4311, which is greater than the tolerance
WARNING ZeroLength::setDomain(): Element 5000197 has L= 26.7685, which is greater than the tolerance
WARNING ZeroLength::setDomain(): Element 5000198 has L= 66.9829, which is greater than the tolerance
WARNING ZeroLength::setDomain(): Element 5000199 has L= 35.0041, which is greater than the tolerance
WARNING ZeroLength::setDomain(): Element 5000200 has L= 15.6004, which is greater than the tolerance
