WARNING ZeroLength::setDomain(): Element 5000001 has L= 2.45657, which is greater than the tolerance
WARNING ZeroLength::setDomain(): Element 5000002 has L= 2.20305, which is greater than the tolerance
WARNING ZeroLength::setDomain(): Element 5000003 has L= 1.79773, which is greater than the tolerance
WARNING ZeroLength::setDomain(): Element 5000004 has L= 1.79939, which is greater than the tolerance
WARNING ZeroLength::setDomain(): Element 5000005 has L= 1.7347, which is greater than the tolerance
WARNING ZeroLength::setDomain(): Element 5000006 has L= 1.7347, which is greater than the tolerance
WARNING ZeroLength::setDomain(): Element 5000007 has L= 1.79939, which is greater than the tolerance
WARNING ZeroLength::setDomain(): Element 5000008 has L= 1.79773, which is greater than the tolerance
WARNING ZeroLength::setDomain(): Element 5000009 has L= 2.20305, which is greater than the tolerance
WARNING ZeroLength::setDomain(): Element 5000010 has L= 2.45657, which is greater than the tolerance
WARNING ZeroLength::setDomain(): Element 5000011 has L= 2.30988, which is greater than the tolerance
WARNING ZeroLength::setDomain(): Element 5000012 has L= 2.17141, which is greater than the tolerance
WARNING ZeroLength::setDomain(): Element 5000013 has L= 1.91262, which is greater than the tolerance
WARNING ZeroLength::setDomain(): Element 5000014 has L= 1.93825, which is greater than the tolerance
WARNING ZeroLength::setDomain(): Element 5000015 has L= 1.92595, which is greater than the tolerance
WARNING ZeroLength::setDomain(): Element 5000016 has L= 1.92595, which is greater than the tolerance
WARNING ZeroLength::setDomain(): Element 5000017 has L= 1.93825, which is greater than the tolerance
WARNING ZeroLength::setDomain(): Element 5000018 has L= 1.91262, which is greater than the tolerance
WARNING ZeroLength::setDomain(): Element 5000019 has L= 2.17141, which is greater than the tolerance
WARNING ZeroLength::setDomain(): Element 5000020 has L= 2.30988, which is greater than the tolerance
WARNING ZeroLength::setDomain(): Element 5000021 has L= 2.24479, which is greater than the tolerance
WARNING ZeroLength::setDomain(): Element 5000022 has L= 2.20463, which is greater than the tolerance
WARNING ZeroLength::setDomain(): Element 5000023 has L= 2.08645, which is greater than the tolerance
WARNING ZeroLength::setDomain(): Element 5000024 has L= 2.15125, which is greater than the tolerance
WARNING ZeroLength::setDomain(): Element 5000025 has L= 2.18812, which is greater than the tolerance
WARNING ZeroLength::setDomain(): Element 5000026 has L= 2.18812, which is greater than the tolerance
WARNING ZeroLength::setDomain(): Element 5000027 has L= 2.15125, which is greater than the tolerance
WARNING ZeroLength::setDomain(): Element 5000028 has L= 2.08645, which is greater than the tolerance
WARNING ZeroLength::setDomain(): Element 5000029 has L= 2.20463, which is greater than the tolerance
WARNING ZeroLength::setDomain(): Element 5000030 has L= 2.24479, which is greater than the tolerance
WARNING ZeroLength::setDomain(): Element 5000031 has L= 2.28923, which is greater than the tolerance
WARNING ZeroLength::setDomain(): Element 5000032 has L= 2.30098, which is greater than the tolerance
WARNING ZeroLength::setDomain(): Element 5000033 has L= 2.30008, which is greater than the tolerance
WARNING ZeroLength::setDomain(): Element 5000034 has L= 2.47142, which is greater than the tolerance
WARNING ZeroLength::setDomain(): Element 5000035 has L= 2.61155, which is greater than the tolerance
WARNING ZeroLength::setDomain(): Element 5000036 has L= 2.61155, which is greater than the tolerance
WARNING ZeroLength::setDomain(): Element 5000037 has L= 2.47142, which is greater than the tolerance
WARNING ZeroLength::setDomain(): Element 5000038 has L= 2.30008, which is greater than the tolerance
WARNING ZeroLength::setDomain(): Element 5000039 has L= 2.30098, which is greater than the tolerance
WARNING ZeroLength::setDomain(): Element 5000040 has L= 2.28923, which is greater than the tolerance
WARNING ZeroLength::setDomain(): Element 5000041 has L= 2.34889, which is greater than the tolerance
WARNING ZeroLength::setDomain(): Element 5000042 has L= 2.45672, which is greater than the tolerance
WARNING ZeroLength::setDomain(): Element 5000043 has L= 2.60994, which is greater than the tolerance
WARNING ZeroLength::setDomain(): Element 5000044 has L= 2.77623, which is greater than the tolerance
WARNING ZeroLength::setDomain(): Element 5000045 has L= 2.88184, which is greater than the tolerance
WARNING ZeroLength::setDomain(): Element 5000046 has L= 2.88184, which is greater than the tolerance
WARNING ZeroLength::setDomain(): Element 5000047 has L= 2.77623, which is greater than the tolerance
WARNING ZeroLength::setDomain(): Element 5000048 has L= 2.60994, which is greater than the tolerance
WARNING ZeroLength::setDomain(): Element 5000049 has L= 2.45672, which is greater than the tolerance
WARNING ZeroLength::setDomain(): Element 5000050 has L= 2.34889, which is greater than the tolerance
WARNING ZeroLength::setDomain(): Element 5000051 has L= 2.28479, which is greater than the tolerance
WARNING ZeroLength::setDomain(): Element 5000052 has L= 2.48463, which is greater than the tolerance
WARNING ZeroLength::setDomain(): Element 5000053 has L= 2.78966, which is greater than the tolerance
WARNING ZeroLength::setDomain(): Element 5000054 has L= 2.86618, which is greater than the tolerance
WARNING ZeroLength::setDomain(): Element 5000055 has L= 2.95, which is greater than the tolerance
WARNING ZeroLength::setDomain(): Element 5000056 has L= 2.95, which is greater than the tolerance
WARNING ZeroLength::setDomain(): Element 5000057 has L= 2.86618, which is greater than the tolerance
WARNING ZeroLength::setDomain(): Element 5000058 has L= 2.78966, which is greater than the tolerance
WARNING ZeroLength::setDomain(): Element 5000059 has L= 2.48463, which is greater than the tolerance
WARNING ZeroLength::setDomain(): Element 5000060 has L= 2.28479, which is greater than the tolerance
WARNING ZeroLength::setDomain(): Element 5000061 has L= 2.19348, which is greater than the tolerance
WARNING ZeroLength::setDomain(): Element 5000062 has L= 2.35251, which is greater than the tolerance
WARNING ZeroLength::setDomain(): Element 5000063 has L= 2.71052, which is greater than the tolerance
WARNING ZeroLength::setDomain(): Element 5000064 has L= 2.81601, which is greater than the tolerance
WARNING ZeroLength::setDomain(): Element 5000065 has L= 2.94631, which is greater than the tolerance
WARNING ZeroLength::setDomain(): Element 5000066 has L= 2.94631, which is greater than the tolerance
WARNING ZeroLength::setDomain(): Element 5000067 has L= 2.81601, which is greater than the tolerance
WARNING ZeroLength::setDomain(): Element 5000068 has L= 2.71052, which is greater than the tolerance
WARNING ZeroLength::setDomain(): Element 5000069 has L= 2.35251, which is greater than the tolerance
WARNING ZeroLength::setDomain(): Element 5000070 has L= 2.19348, which is greater than the tolerance
WARNING ZeroLength::setDomain(): Element 5000071 has L= 2.11863, which is greater than the tolerance
WARNING ZeroLength::setDomain(): Element 5000072 has L= 2.27874, which is greater than the tolerance
WARNING ZeroLength::setDomain(): Element 5000073 has L= 2.64806, which is greater than the tolerance
WARNING ZeroLength::setDomain(): Element 5000074 has L= 2.79962, which is greater than the tolerance
WARNING ZeroLength::setDomain(): Element 5000075 has L= 2.90896, which is greater than the tolerance
WARNING ZeroLength::setDomain(): Element 5000076 has L= 2.90896, which is greater than the tolerance
WARNING ZeroLength::setDomain(): Element 5000077 has L= 2.79962, which is greater than the tolerance
WARNING ZeroLength::setDomain(): Element 5000078 has L= 2.64806, which is greater than the tolerance
WARNING ZeroLength::setDomain(): Element 5000079 has L= 2.27874, which is greater than the tolerance
WARNING ZeroLength::setDomain(): Element 5000080 has L= 2.11863, which is greater than the tolerance
WARNING ZeroLength::setDomain(): Element 5000081 has L= 2.08988, which is greater than the tolerance
WARNING ZeroLength::setDomain(): Element 5000082 has L= 2.22309, which is greater than the tolerance
WARNING ZeroLength::setDomain(): Element 5000083 has L= 2.57472, which is greater than the tolerance
WARNING ZeroLength::setDomain(): Element 5000084 has L= 2.76153, which is greater than the tolerance
WARNING ZeroLength::setDomain(): Element 5000085 has L= 2.80758, which is greater than the tolerance
WARNING ZeroLength::setDomain(): Element 5000086 has L= 2.80758, which is greater than the tolerance
WARNING ZeroLength::setDomain(): Element 5000087 has L= 2.76153, which is greater than the tolerance
WARNING ZeroLength::setDomain(): Element 5000088 has L= 2.57472, which is greater than the tolerance
WARNING ZeroLength::setDomain(): Element 5000089 has L= 2.22309, which is greater than the tolerance
WARNING ZeroLength::setDomain(): Element 5000090 has L= 2.08988, which is greater than the tolerance
WARNING: CTestNormDispIncr::test() - failed to converge 
after: 50 iterations  current Norm: 1.01814e+06 (max: 1e-06, Norm deltaR: 6.83764e+07)
NewtonRaphson::solveCurrentStep() -the ConvergenceTest object failed in test()
StaticAnalysis::analyze() - the Algorithm failed at step: 0 with domain at load factor -541.718
OpenSees > analyze failed, returned: -3 error flag
WARNING: CTestNormDispIncr::test() - failed to converge 
after: 50 iterations  current Norm: 1216.71 (max: 1e-06, Norm deltaR: 9.63114e+07)
NewtonLineSearch::solveCurrentStep() -the ConvergenceTest object failed in test()
StaticAnalysis::analyze() - the Algorithm failed at step: 0 with domain at load factor -2397.5
OpenSees > analyze failed, returned: -3 error flag
WARNING: CTestNormDispIncr::test() - failed to converge 
after: 50 iterations  current Norm: 5184.59 (max: 1e-06, Norm deltaR: 1.24131e+08)
AcceleratedNewton::solveCurrentStep() -The ConvergenceTest object failed in test()
StaticAnalysis::analyze() - the Algorithm failed at step: 0 with domain at load factor -3418.87
OpenSees > analyze failed, returned: -3 error flag
WARNING: CTestNormDispIncr::test() - failed to converge 
after: 50 iterations  current Norm: 5.07969e+68 (max: 1e-06, Norm deltaR: 1.38127e+72)
ModifiedNewton::solveCurrentStep() -the ConvergenceTest object failed in test()
StaticAnalysis::analyze() - the Algorithm failed at step: 0 with domain at load factor -3.29617e+67
OpenSees > analyze failed, returned: -3 error flag
WARNING: CTestNormDispIncr::test() - failed to converge 
after: 50 iterations  current Norm: 25416.7 (max: 1e-06, Norm deltaR: 5.40489e+08)
NewtonRaphson::solveCurrentStep() -the ConvergenceTest object failed in test()
StaticAnalysis::analyze() - the Algorithm failed at step: 0 with domain at load factor -2000.01
OpenSees > analyze failed, returned: -3 error flag
WARNING: CTestNormDispIncr::test() - failed to converge 
after: 50 iterations  current Norm: 13255.9 (max: 1e-06, Norm deltaR: 2.20475e+08)
NewtonLineSearch::solveCurrentStep() -the ConvergenceTest object failed in test()
StaticAnalysis::analyze() - the Algorithm failed at step: 0 with domain at load factor 22068.9
OpenSees > analyze failed, returned: -3 error flag
WARNING: CTestNormDispIncr::test() - failed to converge 
after: 50 iterations  current Norm: 6594.36 (max: 1e-06, Norm deltaR: 3.32827e+08)
AcceleratedNewton::solveCurrentStep() -The ConvergenceTest object failed in test()
StaticAnalysis::analyze() - the Algorithm failed at step: 0 with domain at load factor 1092.7
OpenSees > analyze failed, returned: -3 error flag
WARNING: CTestNormDispIncr::test() - failed to converge 
after: 50 iterations  current Norm: 3.47993e+64 (max: 1e-06, Norm deltaR: 1.00341e+68)
ModifiedNewton::solveCurrentStep() -the ConvergenceTest object failed in test()
StaticAnalysis::analyze() - the Algorithm failed at step: 0 with domain at load factor -2.17415e+63
OpenSees > analyze failed, returned: -3 error flag
WARNING: CTestNormDispIncr::test() - failed to converge 
after: 50 iterations  current Norm: 57091.1 (max: 1e-06, Norm deltaR: 7.76266e+08)
NewtonRaphson::solveCurrentStep() -the ConvergenceTest object failed in test()
StaticAnalysis::analyze() - the Algorithm failed at step: 0 with domain at load factor -2712.44
OpenSees > analyze failed, returned: -3 error flag
WARNING: CTestNormDispIncr::test() - failed to converge 
after: 50 iterations  current Norm: 2117.16 (max: 1e-06, Norm deltaR: 1.02198e+08)
NewtonLineSearch::solveCurrentStep() -the ConvergenceTest object failed in test()
StaticAnalysis::analyze() - the Algorithm failed at step: 0 with domain at load factor 2252.98
OpenSees > analyze failed, returned: -3 error flag
WARNING: CTestNormDispIncr::test() - failed to converge 
after: 50 iterations  current Norm: 7349.04 (max: 1e-06, Norm deltaR: 2.18762e+08)
AcceleratedNewton::solveCurrentStep() -The ConvergenceTest object failed in test()
StaticAnalysis::analyze() - the Algorithm failed at step: 0 with domain at load factor 168.985
OpenSees > analyze failed, returned: -3 error flag
WARNING: CTestNormDispIncr::test() - failed to converge 
after: 50 iterations  current Norm: 5.0986e+72 (max: 1e-06, Norm deltaR: 8.89641e+76)
ModifiedNewton::solveCurrentStep() -the ConvergenceTest object failed in test()
StaticAnalysis::analyze() - the Algorithm failed at step: 0 with domain at load factor -2.84894e+72
OpenSees > analyze failed, returned: -3 error flag
WARNING: CTestNormDispIncr::test() - failed to converge 
after: 50 iterations  current Norm: 15448.6 (max: 1e-06, Norm deltaR: 2.99632e+08)
NewtonRaphson::solveCurrentStep() -the ConvergenceTest object failed in test()
StaticAnalysis::analyze() - the Algorithm failed at step: 0 with domain at load factor -1982.92
OpenSees > analyze failed, returned: -3 error flag
WARNING: CTestNormDispIncr::test() - failed to converge 
after: 50 iterations  current Norm: 15770 (max: 1e-06, Norm deltaR: 1.51002e+08)
NewtonLineSearch::solveCurrentStep() -the ConvergenceTest object failed in test()
StaticAnalysis::analyze() - the Algorithm failed at step: 0 with domain at load factor -339.778
OpenSees > analyze failed, returned: -3 error flag
WARNING: CTestNormDispIncr::test() - failed to converge 
after: 50 iterations  current Norm: 36289.6 (max: 1e-06, Norm deltaR: 4.20079e+08)
AcceleratedNewton::solveCurrentStep() -The ConvergenceTest object failed in test()
StaticAnalysis::analyze() - the Algorithm failed at step: 0 with domain at load factor 179.727
OpenSees > analyze failed, returned: -3 error flag
WARNING: CTestNormDispIncr::test() - failed to converge 
after: 50 iterations  current Norm: 1.25575e+68 (max: 1e-06, Norm deltaR: 6.37337e+71)
ModifiedNewton::solveCurrentStep() -the ConvergenceTest object failed in test()
StaticAnalysis::analyze() - the Algorithm failed at step: 0 with domain at load factor -2.17338e+66
OpenSees > analyze failed, returned: -3 error flag
WARNING: CTestNormDispIncr::test() - failed to converge 
after: 50 iterations  current Norm: 17620.7 (max: 1e-06, Norm deltaR: 2.62974e+08)
NewtonRaphson::solveCurrentStep() -the ConvergenceTest object failed in test()
StaticAnalysis::analyze() - the Algorithm failed at step: 0 with domain at load factor -921.031
OpenSees > analyze failed, returned: -3 error flag
WARNING: CTestNormDispIncr::test() - failed to converge 
after: 50 iterations  current Norm: 6950.12 (max: 1e-06, Norm deltaR: 8.85665e+07)
NewtonLineSearch::solveCurrentStep() -the ConvergenceTest object failed in test()
StaticAnalysis::analyze() - the Algorithm failed at step: 0 with domain at load factor 294.646
OpenSees > analyze failed, returned: -3 error flag
WARNING: CTestNormDispIncr::test() - failed to converge 
after: 50 iterations  current Norm: 440322 (max: 1e-06, Norm deltaR: 1.17153e+10)
NewtonRaphson::solveCurrentStep() -the ConvergenceTest object failed in test()
StaticAnalysis::analyze() - the Algorithm failed at step: 0 with domain at load factor 66045.9
OpenSees > analyze failed, returned: -3 error flag
WARNING: CTestNormDispIncr::test() - failed to converge 
after: 50 iterations  current Norm: 3073.6 (max: 1e-06, Norm deltaR: 9.65599e+07)
NewtonLineSearch::solveCurrentStep() -the ConvergenceTest object failed in test()
StaticAnalysis::analyze() - the Algorithm failed at step: 0 with domain at load factor 848.992
OpenSees > analyze failed, returned: -3 error flag
WARNING: CTestNormDispIncr::test() - failed to converge 
after: 50 iterations  current Norm: 57250.7 (max: 1e-06, Norm deltaR: 1.5347e+09)
NewtonRaphson::solveCurrentStep() -the ConvergenceTest object failed in test()
StaticAnalysis::analyze() - the Algorithm failed at step: 0 with domain at load factor -15469.9
OpenSees > analyze failed, returned: -3 error flag
WARNING: CTestNormDispIncr::test() - failed to converge 
after: 50 iterations  current Norm: 1779.86 (max: 1e-06, Norm deltaR: 1.15256e+08)
NewtonLineSearch::solveCurrentStep() -the ConvergenceTest object failed in test()
StaticAnalysis::analyze() - the Algorithm failed at step: 0 with domain at load factor -2559.55
OpenSees > analyze failed, returned: -3 error flag
WARNING: CTestNormDispIncr::test() - failed to converge 
after: 50 iterations  current Norm: 35.762 (max: 1e-06, Norm deltaR: 7.40598e+06)
AcceleratedNewton::solveCurrentStep() -The ConvergenceTest object failed in test()
StaticAnalysis::analyze() - the Algorithm failed at step: 0 with domain at load factor 305.316
OpenSees > analyze failed, returned: -3 error flag
WARNING: CTestNormDispIncr::test() - failed to converge 
after: 50 iterations  current Norm: 7.57971e+66 (max: 1e-06, Norm deltaR: 6.27838e+70)
ModifiedNewton::solveCurrentStep() -the ConvergenceTest object failed in test()
StaticAnalysis::analyze() - the Algorithm failed at step: 0 with domain at load factor -1.6542e+66
OpenSees > analyze failed, returned: -3 error flag
WARNING: CTestNormDispIncr::test() - failed to converge 
after: 50 iterations  current Norm: 76715.1 (max: 1e-06, Norm deltaR: 2.52164e+08)
NewtonRaphson::solveCurrentStep() -the ConvergenceTest object failed in test()
StaticAnalysis::analyze() - the Algorithm failed at step: 0 with domain at load factor 32.9714
OpenSees > analyze failed, returned: -3 error flag
WARNING: CTestNormDispIncr::test() - failed to converge 
after: 50 iterations  current Norm: 8588.45 (max: 1e-06, Norm deltaR: 2.49982e+08)
NewtonLineSearch::solveCurrentStep() -the ConvergenceTest object failed in test()
StaticAnalysis::analyze() - the Algorithm failed at step: 0 with domain at load factor -15970.9
OpenSees > analyze failed, returned: -3 error flag
WARNING: CTestNormDispIncr::test() - failed to converge 
after: 50 iterations  current Norm: 10615 (max: 1e-06, Norm deltaR: 4.24829e+08)
AcceleratedNewton::solveCurrentStep() -The ConvergenceTest object failed in test()
StaticAnalysis::analyze() - the Algorithm failed at step: 0 with domain at load factor 591.173
OpenSees > analyze failed, returned: -3 error flag
WARNING: CTestNormDispIncr::test() - failed to converge 
after: 50 iterations  current Norm: 2.354e+70 (max: 1e-06, Norm deltaR: 1.79451e+74)
ModifiedNewton::solveCurrentStep() -the ConvergenceTest object failed in test()
StaticAnalysis::analyze() - the Algorithm failed at step: 0 with domain at load factor 6.11784e+69
OpenSees > analyze failed, returned: -3 error flag
WARNING: CTestNormDispIncr::test() - failed to converge 
after: 50 iterations  current Norm: 24923.2 (max: 1e-06, Norm deltaR: 4.2336e+08)
NewtonRaphson::solveCurrentStep() -the ConvergenceTest object failed in test()
StaticAnalysis::analyze() - the Algorithm failed at step: 0 with domain at load factor -1764.34
OpenSees > analyze failed, returned: -3 error flag
WARNING: CTestNormDispIncr::test() - failed to converge 
after: 50 iterations  current Norm: 46737.6 (max: 1e-06, Norm deltaR: 1.67018e+08)
NewtonRaphson::solveCurrentStep() -the ConvergenceTest object failed in test()
StaticAnalysis::analyze() - the Algorithm failed at step: 0 with domain at load factor -225.703
OpenSees > analyze failed, returned: -3 error flag
WARNING: CTestNormDispIncr::test() - failed to converge 
after: 50 iterations  current Norm: 1510.71 (max: 1e-06, Norm deltaR: 8.39347e+07)
NewtonLineSearch::solveCurrentStep() -the ConvergenceTest object failed in test()
StaticAnalysis::analyze() - the Algorithm failed at step: 0 with domain at load factor 572.008
OpenSees > analyze failed, returned: -3 error flag
WARNING ZeroLength::setDomain(): Element 5000091 has L= 7.89463, which is greater than the tolerance
WARNING ZeroLength::setDomain(): Element 5000092 has L= 8.05251, which is greater than the tolerance
WARNING ZeroLength::setDomain(): Element 5000093 has L= 7.74876, which is greater than the tolerance
WARNING ZeroLength::setDomain(): Element 5000094 has L= 51.5911, which is greater than the tolerance
WARNING ZeroLength::setDomain(): Element 5000095 has L= 55.257, which is greater than the tolerance
WARNING ZeroLength::setDomain(): Element 5000096 has L= 8.20501, which is greater than the tolerance
WARNING ZeroLength::setDomain(): Element 5000097 has L= 53.8843, which is greater than the tolerance
WARNING ZeroLength::setDomain(): Element 5000098 has L= 21.0569, which is greater than the tolerance
WARNING ZeroLength::setDomain(): Element 5000099 has L= 7.89463, which is greater than the tolerance
WARNING ZeroLength::setDomain(): Element 5000100 has L= 21.461, which is greater than the tolerance
WARNING ZeroLength::setDomain(): Element 5000101 has L= 58.0564, which is greater than the tolerance
WARNING ZeroLength::setDomain(): Element 5000102 has L= 7.59375, which is greater than the tolerance
WARNING ZeroLength::setDomain(): Element 5000103 has L= 7.66323, which is greater than the tolerance
WARNING ZeroLength::setDomain(): Element 5000104 has L= 58.9197, which is greater than the tolerance
WARNING ZeroLength::setDomain(): Element 5000105 has L= 7.74876, which is greater than the tolerance
WARNING ZeroLength::setDomain(): Element 5000106 has L= 10.2352, which is greater than the tolerance
WARNING ZeroLength::setDomain(): Element 5000107 has L= 8.05251, which is greater than the tolerance
WARNING ZeroLength::setDomain(): Element 5000108 has L= 16.2953, which is greater than the tolerance
WARNING ZeroLength::setDomain(): Element 5000109 has L= 16.6381, which is greater than the tolerance
WARNING ZeroLength::setDomain(): Element 5000110 has L= 58.1096, which is greater than the tolerance
WARNING ZeroLength::setDomain(): Element 5000111 has L= 20.6635, which is greater than the tolerance
WARNING ZeroLength::setDomain(): Element 5000112 has L= 7.59375, which is greater than the tolerance
WARNING ZeroLength::setDomain(): Element 5000113 has L= 17.3952, which is greater than the tolerance
WARNING ZeroLength::setDomain(): Element 5000114 has L= 21.9098, which is greater than the tolerance
WARNING ZeroLength::setDomain(): Element 5000115 has L= 16.9867, which is greater than the tolerance
WARNING ZeroLength::setDomain(): Element 5000116 has L= 10.7531, which is greater than the tolerance
WARNING ZeroLength::setDomain(): Element 5000117 has L= 7.41944, which is greater than the tolerance
WARNING ZeroLength::setDomain(): Element 5000118 has L= 9.98094, which is greater than the tolerance
WARNING ZeroLength::setDomain(): Element 5000119 has L= 21.9098, which is greater than the tolerance
WARNING ZeroLength::setDomain(): Element 5000120 has L= 17.7998, which is greater than the tolerance
WARNING ZeroLength::setDomain(): Element 5000121 has L= 8.3733, which is greater than the tolerance
WARNING ZeroLength::setDomain(): Element 5000122 has L= 22.4193, which is greater than the tolerance
WARNING ZeroLength::setDomain(): Element 5000123 has L= 60.8871, which is greater than the tolerance
WARNING ZeroLength::setDomain(): Element 5000124 has L= 21.0569, which is greater than the tolerance
WARNING ZeroLength::setDomain(): Element 5000125 has L= 16.2953, which is greater than the tolerance
WARNING ZeroLength::setDomain(): Element 5000126 has L= 22.8404, which is greater than the tolerance
WARNING ZeroLength::setDomain(): Element 5000127 has L= 18.1756, which is greater than the tolerance
WARNING ZeroLength::setDomain(): Element 5000128 has L= 16.9867, which is greater than the tolerance
WARNING ZeroLength::setDomain(): Element 5000129 has L= 15.9893, which is greater than the tolerance
WARNING ZeroLength::setDomain(): Element 5000130 has L= 21.461, which is greater than the tolerance
WARNING ZeroLength::setDomain(): Element 5000131 has L= 20.6635, which is greater than the tolerance
WARNING ZeroLength::setDomain(): Element 5000132 has L= 7.41944, which is greater than the tolerance
WARNING ZeroLength::setDomain(): Element 5000133 has L= 7.26421, which is greater than the tolerance
WARNING ZeroLength::setDomain(): Element 5000134 has L= 9.75347, which is greater than the tolerance
WARNING ZeroLength::setDomain(): Element 5000135 has L= 61.8154, which is greater than the tolerance
WARNING ZeroLength::setDomain(): Element 5000136 has L= 65.7953, which is greater than the tolerance
WARNING ZeroLength::setDomain(): Element 5000137 has L= 6.0377, which is greater than the tolerance
WARNING ZeroLength::setDomain(): Element 5000138 has L= 10.5033, which is greater than the tolerance
WARNING ZeroLength::setDomain(): Element 5000139 has L= 16.6381, which is greater than the tolerance
WARNING ZeroLength::setDomain(): Element 5000140 has L= 64.6016, which is greater than the tolerance
WARNING ZeroLength::setDomain(): Element 5000141 has L= 47.8666, which is greater than the tolerance
WARNING ZeroLength::setDomain(): Element 5000142 has L= 8.57232, which is greater than the tolerance
WARNING ZeroLength::setDomain(): Element 5000143 has L= 22.4193, which is greater than the tolerance
WARNING ZeroLength::setDomain(): Element 5000144 has L= 53.7914, which is greater than the tolerance
WARNING ZeroLength::setDomain(): Element 5000145 has L= 56.6465, which is greater than the tolerance
WARNING ZeroLength::setDomain(): Element 5000146 has L= 47.6983, which is greater than the tolerance
WARNING ZeroLength::setDomain(): Element 5000147 has L= 48.3187, which is greater than the tolerance
WARNING ZeroLength::setDomain(): Element 5000148 has L= 15.6767, which is greater than the tolerance
WARNING ZeroLength::setDomain(): Element 5000149 has L= 7.66323, which is greater than the tolerance
WARNING: CTestNormDispIncr::test() - failed to converge 
after: 50 iterations  current Norm: 32522.3 (max: 1e-06, Norm deltaR: 6.90335e+07)
NewtonRaphson::solveCurrentStep() -the ConvergenceTest object failed in test()
StaticAnalysis::analyze() - the Algorithm failed at step: 0 with domain at load factor 661.68
OpenSees > analyze failed, returned: -3 error flag
WARNING ZeroLength::setDomain(): Element 5000150 has L= 55.0021, which is greater than the tolerance
WARNING ZeroLength::setDomain(): Element 5000151 has L= 56.9408, which is greater than the tolerance
WARNING ZeroLength::setDomain(): Element 5000152 has L= 59.0986, which is greater than the tolerance
WARNING ZeroLength::setDomain(): Element 5000153 has L= 61.5044, which is greater than the tolerance
WARNING ZeroLength::setDomain(): Element 5000154 has L= 59.9082, which is greater than the tolerance
WARNING ZeroLength::setDomain(): Element 5000155 has L= 55.9279, which is greater than the tolerance
WARNING ZeroLength::setDomain(): Element 5000156 has L= 34.3961, which is greater than the tolerance
WARNING ZeroLength::setDomain(): Element 5000157 has L= 35.0792, which is greater than the tolerance
WARNING ZeroLength::setDomain(): Element 5000158 has L= 69.4004, which is greater than the tolerance
WARNING ZeroLength::setDomain(): Element 5000159 has L= 49.3963, which is greater than the tolerance
WARNING ZeroLength::setDomain(): Element 5000160 has L= 7.14661, which is greater than the tolerance
WARNING ZeroLength::setDomain(): Element 5000161 has L= 28.0598, which is greater than the tolerance
WARNING ZeroLength::setDomain(): Element 5000162 has L= 7.26421, which is greater than the tolerance
WARNING ZeroLength::setDomain(): Element 5000163 has L= 9.54837, which is greater than the tolerance
WARNING ZeroLength::setDomain(): Element 5000164 has L= 10.5033, which is greater than the tolerance
WARNING ZeroLength::setDomain(): Element 5000165 has L= 18.5121, which is greater than the tolerance
WARNING ZeroLength::setDomain(): Element 5000166 has L= 55.3149, which is greater than the tolerance
WARNING ZeroLength::setDomain(): Element 5000167 has L= 20.2387, which is greater than the tolerance
WARNING ZeroLength::setDomain(): Element 5000168 has L= 64.3257, which is greater than the tolerance
WARNING ZeroLength::setDomain(): Element 5000169 has L= 34.3961, which is greater than the tolerance
WARNING ZeroLength::setDomain(): Element 5000170 has L= 20.2387, which is greater than the tolerance
WARNING ZeroLength::setDomain(): Element 5000171 has L= 8.76926, which is greater than the tolerance
WARNING ZeroLength::setDomain(): Element 5000172 has L= 63.9071, which is greater than the tolerance
WARNING ZeroLength::setDomain(): Element 5000173 has L= 35.0792, which is greater than the tolerance
WARNING ZeroLength::setDomain(): Element 5000174 has L= 15.9893, which is greater than the tolerance
WARNING ZeroLength::setDomain(): Element 5000175 has L= 35.7901, which is greater than the tolerance
WARNING ZeroLength::setDomain(): Element 5000176 has L= 48.0509, which is greater than the tolerance
WARNING ZeroLength::setDomain(): Element 5000177 has L= 33.7886, which is greater than the tolerance
WARNING ZeroLength::setDomain(): Element 5000178 has L= 15.6767, which is greater than the tolerance
WARNING ZeroLength::setDomain(): Element 5000179 has L= 17.3952, which is greater than the tolerance
WARNING ZeroLength::setDomain(): Element 5000180 has L= 28.7703, which is greater than the tolerance
WARNING ZeroLength::setDomain(): Element 5000181 has L= 57.9779, which is greater than the tolerance
WARNING ZeroLength::setDomain(): Element 5000182 has L= 25.6707, which is greater than the tolerance
WARNING ZeroLength::setDomain(): Element 5000183 has L= 35.7901, which is greater than the tolerance
WARNING ZeroLength::setDomain(): Element 5000184 has L= 7.06081, which is greater than the tolerance
WARNING ZeroLength::setDomain(): Element 5000185 has L= 67.8068, which is greater than the tolerance
WARNING ZeroLength::setDomain(): Element 5000186 has L= 66.8594, which is greater than the tolerance
WARNING ZeroLength::setDomain(): Element 5000187 has L= 8.20501, which is greater than the tolerance
WARNING ZeroLength::setDomain(): Element 5000188 has L= 62.9979, which is greater than the tolerance
WARNING ZeroLength::setDomain(): Element 5000189 has L= 22.8404, which is greater than the tolerance
WARNING ZeroLength::setDomain(): Element 5000190 has L= 60.2946, which is greater than the tolerance
WARNING ZeroLength::setDomain(): Element 5000191 has L= 29.3536, which is greater than the tolerance
WARNING ZeroLength::setDomain(): Element 5000192 has L= 65.8493, which is greater than the tolerance
WARNING ZeroLength::setDomain(): Element 5000193 has L= 8.92211, which is greater than the tolerance
WARNING ZeroLength::setDomain(): Element 5000194 has L= 36.4711, which is greater than the tolerance
WARNING: CTestNormDispIncr::test() - failed to converge 
after: 50 iterations  current Norm: 142024 (max: 1e-06, Norm deltaR: 2.37869e+09)
NewtonRaphson::solveCurrentStep() -the ConvergenceTest object failed in test()
StaticAnalysis::analyze() - the Algorithm failed at step: 0 with domain at load factor 15803.6
OpenSees > analyze failed, returned: -3 error flag
WARNING ZeroLength::setDomain(): Element 5000195 has L= 51.0166, which is greater than the tolerance
WARNING ZeroLength::setDomain(): Element 5000196 has L= 33.7886, which is greater than the tolerance
WARNING ZeroLength::setDomain(): Element 5000197 has L= 65.5098, which is greater than the tolerance
WARNING ZeroLength::setDomain(): Element 5000198 has L= 27.4213, which is greater than the tolerance
WARNING ZeroLength::setDomain(): Element 5000199 has L= 68.7184, which is greater than the tolerance
WARNING ZeroLength::setDomain(): Element 5000200 has L= 61.6505, which is greater than the tolerance
