WARNING ZeroLength::setDomain(): Element 5000001 has L= 2.55011, which is greater than the tolerance
WARNING ZeroLength::setDomain(): Element 5000002 has L= 2.29687, which is greater than the tolerance
WARNING ZeroLength::setDomain(): Element 5000003 has L= 1.89173, which is greater than the tolerance
WARNING ZeroLength::setDomain(): Element 5000004 has L= 1.89337, which is greater than the tolerance
WARNING ZeroLength::setDomain(): Element 5000005 has L= 1.82872, which is greater than the tolerance
WARNING ZeroLength::setDomain(): Element 5000006 has L= 1.82872, which is greater than the tolerance
WARNING ZeroLength::setDomain(): Element 5000007 has L= 1.89337, which is greater than the tolerance
WARNING ZeroLength::setDomain(): Element 5000008 has L= 1.89173, which is greater than the tolerance
WARNING ZeroLength::setDomain(): Element 5000009 has L= 2.29687, which is greater than the tolerance
WARNING ZeroLength::setDomain(): Element 5000010 has L= 2.55011, which is greater than the tolerance
WARNING ZeroLength::setDomain(): Element 5000011 has L= 2.40337, which is greater than the tolerance
WARNING ZeroLength::setDomain(): Element 5000012 has L= 2.26528, which is greater than the tolerance
WARNING ZeroLength::setDomain(): Element 5000013 has L= 2.00663, which is greater than the tolerance
WARNING ZeroLength::setDomain(): Element 5000014 has L= 2.03227, which is greater than the tolerance
WARNING ZeroLength::setDomain(): Element 5000015 has L= 2.01998, which is greater than the tolerance
WARNING ZeroLength::setDomain(): Element 5000016 has L= 2.01998, which is greater than the tolerance
WARNING ZeroLength::setDomain(): Element 5000017 has L= 2.03227, which is greater than the tolerance
WARNING ZeroLength::setDomain(): Element 5000018 has L= 2.00663, which is greater than the tolerance
WARNING ZeroLength::setDomain(): Element 5000019 has L= 2.26528, which is greater than the tolerance
WARNING ZeroLength::setDomain(): Element 5000020 has L= 2.40337, which is greater than the tolerance
WARNING ZeroLength::setDomain(): Element 5000021 has L= 2.3384, which is greater than the tolerance
WARNING ZeroLength::setDomain(): Element 5000022 has L= 2.29857, which is greater than the tolerance
WARNING ZeroLength::setDomain(): Element 5000023 has L= 2.18047, which is greater than the tolerance
WARNING ZeroLength::setDomain(): Element 5000024 has L= 2.24528, which is greater than the tolerance
WARNING ZeroLength::setDomain(): Element 5000025 has L= 2.28215, which is greater than the tolerance
WARNING ZeroLength::setDomain(): Element 5000026 has L= 2.28215, which is greater than the tolerance
WARNING ZeroLength::setDomain(): Element 5000027 has L= 2.24528, which is greater than the tolerance
WARNING ZeroLength::setDomain(): Element 5000028 has L= 2.18047, which is greater than the tolerance
WARNING ZeroLength::setDomain(): Element 5000029 has L= 2.29857, which is greater than the tolerance
WARNING ZeroLength::setDomain(): Element 5000030 has L= 2.3384, which is greater than the tolerance
WARNING ZeroLength::setDomain(): Element 5000031 has L= 2.38312, which is greater than the tolerance
WARNING ZeroLength::setDomain(): Element 5000032 has L= 2.39498, which is greater than the tolerance
WARNING ZeroLength::setDomain(): Element 5000033 has L= 2.39411, which is greater than the tolerance
WARNING ZeroLength::setDomain(): Element 5000034 has L= 2.56545, which is greater than the tolerance
WARNING ZeroLength::setDomain(): Element 5000035 has L= 2.70558, which is greater than the tolerance
WARNING ZeroLength::setDomain(): Element 5000036 has L= 2.70558, which is greater than the tolerance
WARNING ZeroLength::setDomain(): Element 5000037 has L= 2.56545, which is greater than the tolerance
WARNING ZeroLength::setDomain(): Element 5000038 has L= 2.39411, which is greater than the tolerance
WARNING ZeroLength::setDomain(): Element 5000039 has L= 2.39498, which is greater than the tolerance
WARNING ZeroLength::setDomain(): Element 5000040 has L= 2.38312, which is greater than the tolerance
WARNING ZeroLength::setDomain(): Element 5000041 has L= 2.44288, which is greater than the tolerance
WARNING ZeroLength::setDomain(): Element 5000042 has L= 2.55075, which is greater than the tolerance
WARNING ZeroLength::setDomain(): Element 5000043 has L= 2.70397, which is greater than the tolerance
WARNING ZeroLength::setDomain(): Element 5000044 has L= 2.87026, which is greater than the tolerance
WARNING ZeroLength::setDomain(): Element 5000045 has L= 2.97587, which is greater than the tolerance
WARNING ZeroLength::setDomain(): Element 5000046 has L= 2.97587, which is greater than the tolerance
WARNING ZeroLength::setDomain(): Element 5000047 has L= 2.87026, which is greater than the tolerance
WARNING ZeroLength::setDomain(): Element 5000048 has L= 2.70397, which is greater than the tolerance
WARNING ZeroLength::setDomain(): Element 5000049 has L= 2.55075, which is greater than the tolerance
WARNING ZeroLength::setDomain(): Element 5000050 has L= 2.44288, which is greater than the tolerance
WARNING ZeroLength::setDomain(): Element 5000051 has L= 2.37878, which is greater than the tolerance
WARNING ZeroLength::setDomain(): Element 5000052 has L= 2.57866, which is greater than the tolerance
WARNING ZeroLength::setDomain(): Element 5000053 has L= 2.88369, which is greater than the tolerance
WARNING ZeroLength::setDomain(): Element 5000054 has L= 2.96021, which is greater than the tolerance
WARNING ZeroLength::setDomain(): Element 5000055 has L= 3.04403, which is greater than the tolerance
WARNING ZeroLength::setDomain(): Element 5000056 has L= 3.04403, which is greater than the tolerance
WARNING ZeroLength::setDomain(): Element 5000057 has L= 2.96021, which is greater than the tolerance
WARNING ZeroLength::setDomain(): Element 5000058 has L= 2.88369, which is greater than the tolerance
WARNING ZeroLength::setDomain(): Element 5000059 has L= 2.57866, which is greater than the tolerance
WARNING ZeroLength::setDomain(): Element 5000060 has L= 2.37878, which is greater than the tolerance
WARNING ZeroLength::setDomain(): Element 5000061 has L= 2.28745, which is greater than the tolerance
WARNING ZeroLength::setDomain(): Element 5000062 has L= 2.44653, which is greater than the tolerance
WARNING ZeroLength::setDomain(): Element 5000063 has L= 2.80455, which is greater than the tolerance
WARNING ZeroLength::setDomain(): Element 5000064 has L= 2.91004, which is greater than the tolerance
WARNING ZeroLength::setDomain(): Element 5000065 has L= 3.04034, which is greater than the tolerance
WARNING ZeroLength::setDomain(): Element 5000066 has L= 3.04034, which is greater than the tolerance
WARNING ZeroLength::setDomain(): Element 5000067 has L= 2.91004, which is greater than the tolerance
WARNING ZeroLength::setDomain(): Element 5000068 has L= 2.80455, which is greater than the tolerance
WARNING ZeroLength::setDomain(): Element 5000069 has L= 2.44653, which is greater than the tolerance
WARNING ZeroLength::setDomain(): Element 5000070 has L= 2.28745, which is greater than the tolerance
WARNING ZeroLength::setDomain(): Element 5000071 has L= 2.21258, which is greater than the tolerance
WARNING ZeroLength::setDomain(): Element 5000072 has L= 2.37277, which is greater than the tolerance
WARNING ZeroLength::setDomain(): Element 5000073 has L= 2.74209, which is greater than the tolerance
WARNING ZeroLength::setDomain(): Element 5000074 has L= 2.89365, which is greater than the tolerance
WARNING ZeroLength::setDomain(): Element 5000075 has L= 3.00299, which is greater than the tolerance
WARNING ZeroLength::setDomain(): Element 5000076 has L= 3.00299, which is greater than the tolerance
WARNING ZeroLength::setDomain(): Element 5000077 has L= 2.89365, which is greater than the tolerance
WARNING ZeroLength::setDomain(): Element 5000078 has L= 2.74209, which is greater than the tolerance
WARNING ZeroLength::setDomain(): Element 5000079 has L= 2.37277, which is greater than the tolerance
WARNING ZeroLength::setDomain(): Element 5000080 has L= 2.21258, which is greater than the tolerance
WARNING ZeroLength::setDomain(): Element 5000081 has L= 2.18387, which is greater than the tolerance
WARNING ZeroLength::setDomain(): Element 5000082 has L= 2.31712, which is greater than the tolerance
WARNING ZeroLength::setDomain(): Element 5000083 has L= 2.66875, which is greater than the tolerance
WARNING ZeroLength::setDomain(): Element 5000084 has L= 2.85556, which is greater than the tolerance
WARNING ZeroLength::setDomain(): Element 5000085 has L= 2.90161, which is greater than the tolerance
WARNING ZeroLength::setDomain(): Element 5000086 has L= 2.90161, which is greater than the tolerance
WARNING ZeroLength::setDomain(): Element 5000087 has L= 2.85556, which is greater than the tolerance
WARNING ZeroLength::setDomain(): Element 5000088 has L= 2.66875, which is greater than the tolerance
WARNING ZeroLength::setDomain(): Element 5000089 has L= 2.31712, which is greater than the tolerance
WARNING ZeroLength::setDomain(): Element 5000090 has L= 2.18387, which is greater than the tolerance
WARNING: CTestNormDispIncr::test() - failed to converge 
after: 50 iterations  current Norm: 40844.1 (max: 1e-06, Norm deltaR: 8.2602e+08)
NewtonRaphson::solveCurrentStep() -the ConvergenceTest object failed in test()
StaticAnalysis::analyze() - the Algorithm failed at step: 0 with domain at load factor 4793.67
OpenSees > analyze failed, returned: -3 error flag
WARNING: CTestNormDispIncr::test() - failed to converge 
after: 50 iterations  current Norm: 600704 (max: 1e-06, Norm deltaR: 7.02838e+07)
NewtonRaphson::solveCurrentStep() -the ConvergenceTest object failed in test()
StaticAnalysis::analyze() - the Algorithm failed at step: 0 with domain at load factor -230.574
OpenSees > analyze failed, returned: -3 error flag
WARNING: CTestNormDispIncr::test() - failed to converge 
after: 50 iterations  current Norm: 150352 (max: 1e-06, Norm deltaR: 7.33088e+07)
NewtonRaphson::solveCurrentStep() -the ConvergenceTest object failed in test()
StaticAnalysis::analyze() - the Algorithm failed at step: 0 with domain at load factor -458.086
OpenSees > analyze failed, returned: -3 error flag
WARNING: CTestNormDispIncr::test() - failed to converge 
after: 50 iterations  current Norm: 5276.14 (max: 1e-06, Norm deltaR: 1.29989e+08)
NewtonLineSearch::solveCurrentStep() -the ConvergenceTest object failed in test()
StaticAnalysis::analyze() - the Algorithm failed at step: 0 with domain at load factor -11642
OpenSees > analyze failed, returned: -3 error flag
WARNING: CTestNormDispIncr::test() - failed to converge 
after: 50 iterations  current Norm: 0.212405 (max: 1e-06, Norm deltaR: 99765.9)
AcceleratedNewton::solveCurrentStep() -The ConvergenceTest object failed in test()
StaticAnalysis::analyze() - the Algorithm failed at step: 0 with domain at load factor 345.752
OpenSees > analyze failed, returned: -3 error flag
WARNING: CTestNormDispIncr::test() - failed to converge 
after: 50 iterations  current Norm: 1.05218e+62 (max: 1e-06, Norm deltaR: 5.22948e+65)
ModifiedNewton::solveCurrentStep() -the ConvergenceTest object failed in test()
StaticAnalysis::analyze() - the Algorithm failed at step: 0 with domain at load factor 1.16388e+61
OpenSees > analyze failed, returned: -3 error flag
WARNING: CTestNormDispIncr::test() - failed to converge 
after: 50 iterations  current Norm: 98532.2 (max: 1e-06, Norm deltaR: 1.9291e+09)
NewtonRaphson::solveCurrentStep() -the ConvergenceTest object failed in test()
StaticAnalysis::analyze() - the Algorithm failed at step: 0 with domain at load factor 7371.43
OpenSees > analyze failed, returned: -3 error flag
WARNING: CTestNormDispIncr::test() - failed to converge 
after: 50 iterations  current Norm: 8040.95 (max: 1e-06, Norm deltaR: 7.42833e+07)
NewtonLineSearch::solveCurrentStep() -the ConvergenceTest object failed in test()
StaticAnalysis::analyze() - the Algorithm failed at step: 0 with domain at load factor -1047.9
OpenSees > analyze failed, returned: -3 error flag
WARNING: CTestNormDispIncr::test() - failed to converge 
after: 50 iterations  current Norm: 6526.19 (max: 1e-06, Norm deltaR: 3.62804e+08)
AcceleratedNewton::solveCurrentStep() -The ConvergenceTest object failed in test()
StaticAnalysis::analyze() - the Algorithm failed at step: 0 with domain at load factor -1154.92
OpenSees > analyze failed, returned: -3 error flag
WARNING: CTestNormDispIncr::test() - failed to converge 
after: 50 iterations  current Norm: 6.86484e+62 (max: 1e-06, Norm deltaR: 5.15474e+66)
ModifiedNewton::solveCurrentStep() -the ConvergenceTest object failed in test()
StaticAnalysis::analyze() - the Algorithm failed at step: 0 with domain at load factor 1.57508e+61
OpenSees > analyze failed, returned: -3 error flag
WARNING ZeroLength::setDomain(): Element 5000091 has L= 8.00886, which is greater than the tolerance
WARNING ZeroLength::setDomain(): Element 5000092 has L= 8.16674, which is greater than the tolerance
WARNING ZeroLength::setDomain(): Element 5000093 has L= 7.86298, which is greater than the tolerance
WARNING ZeroLength::setDomain(): Element 5000094 has L= 52.6649, which is greater than the tolerance
WARNING ZeroLength::setDomain(): Element 5000095 has L= 8.31925, which is greater than the tolerance
WARNING: CTestNormDispIncr::test() - failed to converge 
after: 50 iterations  current Norm: 14231.1 (max: 1e-06, Norm deltaR: 9.50559e+07)
NewtonRaphson::solveCurrentStep() -the ConvergenceTest object failed in test()
StaticAnalysis::analyze() - the Algorithm failed at step: 0 with domain at load factor -547.68
OpenSees > analyze failed, returned: -3 error flag
WARNING: CTestNormDispIncr::test() - failed to converge 
after: 50 iterations  current Norm: 2401.92 (max: 1e-06, Norm deltaR: 1.19422e+08)
NewtonLineSearch::solveCurrentStep() -the ConvergenceTest object failed in test()
StaticAnalysis::analyze() - the Algorithm failed at step: 0 with domain at load factor 1706.68
OpenSees > analyze failed, returned: -3 error flag
WARNING: CTestNormDispIncr::test() - failed to converge 
after: 50 iterations  current Norm: 0.365631 (max: 1e-06, Norm deltaR: 91484)
AcceleratedNewton::solveCurrentStep() -The ConvergenceTest object failed in test()
StaticAnalysis::analyze() - the Algorithm failed at step: 0 with domain at load factor 358.416
OpenSees > analyze failed, returned: -3 error flag
WARNING: CTestNormDispIncr::test() - failed to converge 
after: 50 iterations  current Norm: 2.45577e+82 (max: 1e-06, Norm deltaR: 1.69835e+86)
ModifiedNewton::solveCurrentStep() -the ConvergenceTest object failed in test()
StaticAnalysis::analyze() - the Algorithm failed at step: 0 with domain at load factor 2.28183e+81
OpenSees > analyze failed, returned: -3 error flag
WARNING ZeroLength::setDomain(): Element 5000096 has L= 56.6976, which is greater than the tolerance
WARNING ZeroLength::setDomain(): Element 5000097 has L= 21.5687, which is greater than the tolerance
WARNING ZeroLength::setDomain(): Element 5000098 has L= 21.1648, which is greater than the tolerance
WARNING ZeroLength::setDomain(): Element 5000099 has L= 50.1668, which is greater than the tolerance
WARNING ZeroLength::setDomain(): Element 5000100 has L= 55.3001, which is greater than the tolerance
WARNING ZeroLength::setDomain(): Element 5000101 has L= 54.3243, which is greater than the tolerance
WARNING ZeroLength::setDomain(): Element 5000102 has L= 8.00886, which is greater than the tolerance
WARNING ZeroLength::setDomain(): Element 5000103 has L= 7.70796, which is greater than the tolerance
WARNING: CTestNormDispIncr::test() - failed to converge 
after: 50 iterations  current Norm: 37101.8 (max: 1e-06, Norm deltaR: 1.0888e+08)
NewtonRaphson::solveCurrentStep() -the ConvergenceTest object failed in test()
StaticAnalysis::analyze() - the Algorithm failed at step: 0 with domain at load factor -11.3205
OpenSees > analyze failed, returned: -3 error flag
WARNING ZeroLength::setDomain(): Element 5000104 has L= 8.16674, which is greater than the tolerance
WARNING ZeroLength::setDomain(): Element 5000105 has L= 7.86298, which is greater than the tolerance
WARNING ZeroLength::setDomain(): Element 5000106 has L= 10.3228, which is greater than the tolerance
WARNING ZeroLength::setDomain(): Element 5000107 has L= 16.4095, which is greater than the tolerance
WARNING ZeroLength::setDomain(): Element 5000108 has L= 7.70796, which is greater than the tolerance
WARNING ZeroLength::setDomain(): Element 5000109 has L= 17.1009, which is greater than the tolerance
WARNING ZeroLength::setDomain(): Element 5000110 has L= 17.5094, which is greater than the tolerance
WARNING ZeroLength::setDomain(): Element 5000111 has L= 22.0175, which is greater than the tolerance
WARNING ZeroLength::setDomain(): Element 5000112 has L= 16.7524, which is greater than the tolerance
WARNING ZeroLength::setDomain(): Element 5000113 has L= 20.7714, which is greater than the tolerance
WARNING: CTestNormDispIncr::test() - failed to converge 
after: 50 iterations  current Norm: 318168 (max: 1e-06, Norm deltaR: 9.3955e+08)
NewtonRaphson::solveCurrentStep() -the ConvergenceTest object failed in test()
StaticAnalysis::analyze() - the Algorithm failed at step: 0 with domain at load factor 4313.49
OpenSees > analyze failed, returned: -3 error flag
WARNING ZeroLength::setDomain(): Element 5000114 has L= 22.5269, which is greater than the tolerance
WARNING ZeroLength::setDomain(): Element 5000115 has L= 22.0175, which is greater than the tolerance
WARNING ZeroLength::setDomain(): Element 5000116 has L= 16.4095, which is greater than the tolerance
WARNING ZeroLength::setDomain(): Element 5000117 has L= 10.0689, which is greater than the tolerance
WARNING ZeroLength::setDomain(): Element 5000118 has L= 17.9141, which is greater than the tolerance
WARNING ZeroLength::setDomain(): Element 5000119 has L= 52.8715, which is greater than the tolerance
WARNING ZeroLength::setDomain(): Element 5000120 has L= 21.1648, which is greater than the tolerance
WARNING ZeroLength::setDomain(): Element 5000121 has L= 16.1036, which is greater than the tolerance
WARNING ZeroLength::setDomain(): Element 5000122 has L= 7.53364, which is greater than the tolerance
WARNING ZeroLength::setDomain(): Element 5000123 has L= 21.5687, which is greater than the tolerance
WARNING ZeroLength::setDomain(): Element 5000124 has L= 10.8404, which is greater than the tolerance
WARNING ZeroLength::setDomain(): Element 5000125 has L= 22.9478, which is greater than the tolerance
WARNING ZeroLength::setDomain(): Element 5000126 has L= 8.48754, which is greater than the tolerance
WARNING ZeroLength::setDomain(): Element 5000127 has L= 17.1009, which is greater than the tolerance
WARNING ZeroLength::setDomain(): Element 5000128 has L= 60.3792, which is greater than the tolerance
WARNING ZeroLength::setDomain(): Element 5000129 has L= 16.1036, which is greater than the tolerance
WARNING ZeroLength::setDomain(): Element 5000130 has L= 18.2899, which is greater than the tolerance
WARNING ZeroLength::setDomain(): Element 5000131 has L= 16.7524, which is greater than the tolerance
WARNING ZeroLength::setDomain(): Element 5000132 has L= 50.9321, which is greater than the tolerance
WARNING ZeroLength::setDomain(): Element 5000133 has L= 51.8683, which is greater than the tolerance
WARNING ZeroLength::setDomain(): Element 5000134 has L= 63.2835, which is greater than the tolerance
WARNING ZeroLength::setDomain(): Element 5000135 has L= 20.7714, which is greater than the tolerance
WARNING ZeroLength::setDomain(): Element 5000136 has L= 7.53364, which is greater than the tolerance
WARNING ZeroLength::setDomain(): Element 5000137 has L= 53.1215, which is greater than the tolerance
WARNING ZeroLength::setDomain(): Element 5000138 has L= 15.7909, which is greater than the tolerance
WARNING ZeroLength::setDomain(): Element 5000139 has L= 7.37838, which is greater than the tolerance
WARNING ZeroLength::setDomain(): Element 5000140 has L= 9.84183, which is greater than the tolerance
WARNING ZeroLength::setDomain(): Element 5000141 has L= 10.5908, which is greater than the tolerance
WARNING ZeroLength::setDomain(): Element 5000142 has L= 8.68655, which is greater than the tolerance
WARNING ZeroLength::setDomain(): Element 5000143 has L= 22.5269, which is greater than the tolerance
WARNING ZeroLength::setDomain(): Element 5000144 has L= 61.9437, which is greater than the tolerance
WARNING ZeroLength::setDomain(): Element 5000145 has L= 20.3468, which is greater than the tolerance
WARNING ZeroLength::setDomain(): Element 5000146 has L= 35.1915, which is greater than the tolerance
WARNING ZeroLength::setDomain(): Element 5000147 has L= 58.4762, which is greater than the tolerance
WARNING ZeroLength::setDomain(): Element 5000148 has L= 68.3053, which is greater than the tolerance
WARNING ZeroLength::setDomain(): Element 5000149 has L= 10.0689, which is greater than the tolerance
WARNING ZeroLength::setDomain(): Element 5000150 has L= 18.6263, which is greater than the tolerance
WARNING ZeroLength::setDomain(): Element 5000151 has L= 17.5094, which is greater than the tolerance
WARNING ZeroLength::setDomain(): Element 5000152 has L= 34.5085, which is greater than the tolerance
WARNING ZeroLength::setDomain(): Element 5000153 has L= 7.26078, which is greater than the tolerance
WARNING ZeroLength::setDomain(): Element 5000154 has L= 57.7448, which is greater than the tolerance
WARNING ZeroLength::setDomain(): Element 5000155 has L= 34.5085, which is greater than the tolerance
WARNING ZeroLength::setDomain(): Element 5000156 has L= 10.5908, which is greater than the tolerance
WARNING ZeroLength::setDomain(): Element 5000157 has L= 7.37838, which is greater than the tolerance
WARNING ZeroLength::setDomain(): Element 5000158 has L= 60.0574, which is greater than the tolerance
WARNING ZeroLength::setDomain(): Element 5000159 has L= 35.1915, which is greater than the tolerance
WARNING ZeroLength::setDomain(): Element 5000160 has L= 9.84183, which is greater than the tolerance
WARNING ZeroLength::setDomain(): Element 5000161 has L= 56.0177, which is greater than the tolerance
WARNING ZeroLength::setDomain(): Element 5000162 has L= 9.63732, which is greater than the tolerance
WARNING ZeroLength::setDomain(): Element 5000163 has L= 8.88348, which is greater than the tolerance
WARNING ZeroLength::setDomain(): Element 5000164 has L= 35.9024, which is greater than the tolerance
WARNING ZeroLength::setDomain(): Element 5000165 has L= 33.9009, which is greater than the tolerance
WARNING ZeroLength::setDomain(): Element 5000166 has L= 28.1741, which is greater than the tolerance
WARNING ZeroLength::setDomain(): Element 5000167 has L= 49.5707, which is greater than the tolerance
WARNING ZeroLength::setDomain(): Element 5000168 has L= 15.7909, which is greater than the tolerance
WARNING ZeroLength::setDomain(): Element 5000169 has L= 20.3468, which is greater than the tolerance
WARNING ZeroLength::setDomain(): Element 5000170 has L= 25.785, which is greater than the tolerance
WARNING ZeroLength::setDomain(): Element 5000171 has L= 28.8846, which is greater than the tolerance
WARNING ZeroLength::setDomain(): Element 5000172 has L= 35.9024, which is greater than the tolerance
WARNING ZeroLength::setDomain(): Element 5000173 has L= 62.5477, which is greater than the tolerance
WARNING ZeroLength::setDomain(): Element 5000174 has L= 55.9129, which is greater than the tolerance
WARNING ZeroLength::setDomain(): Element 5000175 has L= 50.1704, which is greater than the tolerance
WARNING ZeroLength::setDomain(): Element 5000176 has L= 56.6735, which is greater than the tolerance
WARNING ZeroLength::setDomain(): Element 5000177 has L= 57.4053, which is greater than the tolerance
WARNING: CTestNormDispIncr::test() - failed to converge 
after: 50 iterations  current Norm: 165770 (max: 1e-06, Norm deltaR: 8.97787e+07)
NewtonRaphson::solveCurrentStep() -the ConvergenceTest object failed in test()
StaticAnalysis::analyze() - the Algorithm failed at step: 0 with domain at load factor 915.57
OpenSees > analyze failed, returned: -3 error flag
WARNING ZeroLength::setDomain(): Element 5000178 has L= 64.9538, which is greater than the tolerance
WARNING ZeroLength::setDomain(): Element 5000179 has L= 66.6925, which is greater than the tolerance
WARNING ZeroLength::setDomain(): Element 5000180 has L= 52.8527, which is greater than the tolerance
WARNING ZeroLength::setDomain(): Element 5000181 has L= 51.2529, which is greater than the tolerance
WARNING ZeroLength::setDomain(): Element 5000182 has L= 26.3804, which is greater than the tolerance
WARNING ZeroLength::setDomain(): Element 5000183 has L= 8.31925, which is greater than the tolerance
WARNING ZeroLength::setDomain(): Element 5000184 has L= 33.9009, which is greater than the tolerance
WARNING: CTestNormDispIncr::test() - failed to converge 
after: 50 iterations  current Norm: 46200.4 (max: 1e-06, Norm deltaR: 1.10495e+09)
NewtonRaphson::solveCurrentStep() -the ConvergenceTest object failed in test()
StaticAnalysis::analyze() - the Algorithm failed at step: 0 with domain at load factor 6184.31
OpenSees > analyze failed, returned: -3 error flag
WARNING ZeroLength::setDomain(): Element 5000185 has L= 22.9478, which is greater than the tolerance
WARNING ZeroLength::setDomain(): Element 5000186 has L= 59.9527, which is greater than the tolerance
WARNING ZeroLength::setDomain(): Element 5000187 has L= 62.5698, which is greater than the tolerance
WARNING ZeroLength::setDomain(): Element 5000188 has L= 67.8292, which is greater than the tolerance
WARNING ZeroLength::setDomain(): Element 5000189 has L= 49.9652, which is greater than the tolerance
WARNING ZeroLength::setDomain(): Element 5000190 has L= 65.3731, which is greater than the tolerance
WARNING ZeroLength::setDomain(): Element 5000191 has L= 10.3228, which is greater than the tolerance
WARNING ZeroLength::setDomain(): Element 5000192 has L= 29.4679, which is greater than the tolerance
WARNING ZeroLength::setDomain(): Element 5000193 has L= 33.2512, which is greater than the tolerance
WARNING ZeroLength::setDomain(): Element 5000194 has L= 36.5834, which is greater than the tolerance
WARNING ZeroLength::setDomain(): Element 5000195 has L= 9.03632, which is greater than the tolerance
WARNING: CTestNormDispIncr::test() - failed to converge 
after: 50 iterations  current Norm: 16712.8 (max: 1e-06, Norm deltaR: 5.87619e+08)
NewtonRaphson::solveCurrentStep() -the ConvergenceTest object failed in test()
StaticAnalysis::analyze() - the Algorithm failed at step: 0 with domain at load factor -2024.3
OpenSees > analyze failed, returned: -3 error flag
WARNING ZeroLength::setDomain(): Element 5000196 has L= 66.4993, which is greater than the tolerance
WARNING ZeroLength::setDomain(): Element 5000197 has L= 52.7853, which is greater than the tolerance
WARNING: CTestNormDispIncr::test() - failed to converge 
after: 50 iterations  current Norm: 39829 (max: 1e-06, Norm deltaR: 8.97543e+08)
NewtonRaphson::solveCurrentStep() -the ConvergenceTest object failed in test()
StaticAnalysis::analyze() - the Algorithm failed at step: 0 with domain at load factor 707.889
OpenSees > analyze failed, returned: -3 error flag
