WARNING ZeroLength::setDomain(): Element 5000001 has L= 2.49896, which is greater than the tolerance
WARNING ZeroLength::setDomain(): Element 5000002 has L= 2.24557, which is greater than the tolerance
WARNING ZeroLength::setDomain(): Element 5000003 has L= 1.84033, which is greater than the tolerance
WARNING ZeroLength::setDomain(): Element 5000004 has L= 1.84198, which is greater than the tolerance
WARNING ZeroLength::setDomain(): Element 5000005 has L= 1.77731, which is greater than the tolerance
WARNING ZeroLength::setDomain(): Element 5000006 has L= 1.77731, which is greater than the tolerance
WARNING ZeroLength::setDomain(): Element 5000007 has L= 1.84198, which is greater than the tolerance
WARNING ZeroLength::setDomain(): Element 5000008 has L= 1.84033, which is greater than the tolerance
WARNING ZeroLength::setDomain(): Element 5000009 has L= 2.24557, which is greater than the tolerance
WARNING ZeroLength::setDomain(): Element 5000010 has L= 2.49896, which is greater than the tolerance
WARNING ZeroLength::setDomain(): Element 5000011 has L= 2.35224, which is greater than the tolerance
WARNING ZeroLength::setDomain(): Element 5000012 has L= 2.21395, which is greater than the tolerance
WARNING ZeroLength::setDomain(): Element 5000013 has L= 1.95523, which is greater than the tolerance
WARNING ZeroLength::setDomain(): Element 5000014 has L= 1.98086, which is greater than the tolerance
WARNING ZeroLength::setDomain(): Element 5000015 has L= 1.96857, which is greater than the tolerance
WARNING ZeroLength::setDomain(): Element 5000016 has L= 1.96857, which is greater than the tolerance
WARNING ZeroLength::setDomain(): Element 5000017 has L= 1.98086, which is greater than the tolerance
WARNING ZeroLength::setDomain(): Element 5000018 has L= 1.95523, which is greater than the tolerance
WARNING ZeroLength::setDomain(): Element 5000019 has L= 2.21395, which is greater than the tolerance
WARNING ZeroLength::setDomain(): Element 5000020 has L= 2.35224, which is greater than the tolerance
WARNING ZeroLength::setDomain(): Element 5000021 has L= 2.28721, which is greater than the tolerance
WARNING ZeroLength::setDomain(): Element 5000022 has L= 2.2472, which is greater than the tolerance
WARNING ZeroLength::setDomain(): Element 5000023 has L= 2.12906, which is greater than the tolerance
WARNING ZeroLength::setDomain(): Element 5000024 has L= 2.19386, which is greater than the tolerance
WARNING ZeroLength::setDomain(): Element 5000025 has L= 2.23074, which is greater than the tolerance
WARNING ZeroLength::setDomain(): Element 5000026 has L= 2.23074, which is greater than the tolerance
WARNING ZeroLength::setDomain(): Element 5000027 has L= 2.19386, which is greater than the tolerance
WARNING ZeroLength::setDomain(): Element 5000028 has L= 2.12906, which is greater than the tolerance
WARNING ZeroLength::setDomain(): Element 5000029 has L= 2.2472, which is greater than the tolerance
WARNING ZeroLength::setDomain(): Element 5000030 has L= 2.28721, which is greater than the tolerance
WARNING ZeroLength::setDomain(): Element 5000031 has L= 2.33178, which is greater than the tolerance
WARNING ZeroLength::setDomain(): Element 5000032 has L= 2.34358, which is greater than the tolerance
WARNING ZeroLength::setDomain(): Element 5000033 has L= 2.3427, which is greater than the tolerance
WARNING ZeroLength::setDomain(): Element 5000034 has L= 2.51404, which is greater than the tolerance
WARNING ZeroLength::setDomain(): Element 5000035 has L= 2.65416, which is greater than the tolerance
WARNING ZeroLength::setDomain(): Element 5000036 has L= 2.65416, which is greater than the tolerance
WARNING ZeroLength::setDomain(): Element 5000037 has L= 2.51404, which is greater than the tolerance
WARNING ZeroLength::setDomain(): Element 5000038 has L= 2.3427, which is greater than the tolerance
WARNING ZeroLength::setDomain(): Element 5000039 has L= 2.34358, which is greater than the tolerance
WARNING ZeroLength::setDomain(): Element 5000040 has L= 2.33178, which is greater than the tolerance
WARNING ZeroLength::setDomain(): Element 5000041 has L= 2.39149, which is greater than the tolerance
WARNING ZeroLength::setDomain(): Element 5000042 has L= 2.49933, which is greater than the tolerance
WARNING ZeroLength::setDomain(): Element 5000043 has L= 2.65255, which is greater than the tolerance
WARNING ZeroLength::setDomain(): Element 5000044 has L= 2.81884, which is greater than the tolerance
WARNING ZeroLength::setDomain(): Element 5000045 has L= 2.92445, which is greater than the tolerance
WARNING ZeroLength::setDomain(): Element 5000046 has L= 2.92445, which is greater than the tolerance
WARNING ZeroLength::setDomain(): Element 5000047 has L= 2.81884, which is greater than the tolerance
WARNING ZeroLength::setDomain(): Element 5000048 has L= 2.65255, which is greater than the tolerance
WARNING ZeroLength::setDomain(): Element 5000049 has L= 2.49933, which is greater than the tolerance
WARNING ZeroLength::setDomain(): Element 5000050 has L= 2.39149, which is greater than the tolerance
WARNING ZeroLength::setDomain(): Element 5000051 has L= 2.32739, which is greater than the tolerance
WARNING ZeroLength::setDomain(): Element 5000052 has L= 2.52724, which is greater than the tolerance
WARNING ZeroLength::setDomain(): Element 5000053 has L= 2.83227, which is greater than the tolerance
WARNING ZeroLength::setDomain(): Element 5000054 has L= 2.90879, which is greater than the tolerance
WARNING ZeroLength::setDomain(): Element 5000055 has L= 2.99261, which is greater than the tolerance
WARNING ZeroLength::setDomain(): Element 5000056 has L= 2.99261, which is greater than the tolerance
WARNING ZeroLength::setDomain(): Element 5000057 has L= 2.90879, which is greater than the tolerance
WARNING ZeroLength::setDomain(): Element 5000058 has L= 2.83227, which is greater than the tolerance
WARNING ZeroLength::setDomain(): Element 5000059 has L= 2.52724, which is greater than the tolerance
WARNING ZeroLength::setDomain(): Element 5000060 has L= 2.32739, which is greater than the tolerance
WARNING ZeroLength::setDomain(): Element 5000061 has L= 2.23606, which is greater than the tolerance
WARNING ZeroLength::setDomain(): Element 5000062 has L= 2.39512, which is greater than the tolerance
WARNING ZeroLength::setDomain(): Element 5000063 has L= 2.75313, which is greater than the tolerance
WARNING ZeroLength::setDomain(): Element 5000064 has L= 2.85862, which is greater than the tolerance
WARNING ZeroLength::setDomain(): Element 5000065 has L= 2.98892, which is greater than the tolerance
WARNING ZeroLength::setDomain(): Element 5000066 has L= 2.98892, which is greater than the tolerance
WARNING ZeroLength::setDomain(): Element 5000067 has L= 2.85862, which is greater than the tolerance
WARNING ZeroLength::setDomain(): Element 5000068 has L= 2.75313, which is greater than the tolerance
WARNING ZeroLength::setDomain(): Element 5000069 has L= 2.39512, which is greater than the tolerance
WARNING ZeroLength::setDomain(): Element 5000070 has L= 2.23606, which is greater than the tolerance
WARNING ZeroLength::setDomain(): Element 5000071 has L= 2.16121, which is greater than the tolerance
WARNING ZeroLength::setDomain(): Element 5000072 has L= 2.32135, which is greater than the tolerance
WARNING ZeroLength::setDomain(): Element 5000073 has L= 2.69067, which is greater than the tolerance
WARNING ZeroLength::setDomain(): Element 5000074 has L= 2.84223, which is greater than the tolerance
WARNING ZeroLength::setDomain(): Element 5000075 has L= 2.95157, which is greater than the tolerance
WARNING ZeroLength::setDomain(): Element 5000076 has L= 2.95157, which is greater than the tolerance
WARNING ZeroLength::setDomain(): Element 5000077 has L= 2.84223, which is greater than the tolerance
WARNING ZeroLength::setDomain(): Element 5000078 has L= 2.69067, which is greater than the tolerance
WARNING ZeroLength::setDomain(): Element 5000079 has L= 2.32135, which is greater than the tolerance
WARNING ZeroLength::setDomain(): Element 5000080 has L= 2.16121, which is greater than the tolerance
WARNING ZeroLength::setDomain(): Element 5000081 has L= 2.13248, which is greater than the tolerance
WARNING ZeroLength::setDomain(): Element 5000082 has L= 2.2657, which is greater than the tolerance
WARNING ZeroLength::setDomain(): Element 5000083 has L= 2.61733, which is greater than the tolerance
WARNING ZeroLength::setDomain(): Element 5000084 has L= 2.80414, which is greater than the tolerance
WARNING ZeroLength::setDomain(): Element 5000085 has L= 2.8502, which is greater than the tolerance
WARNING ZeroLength::setDomain(): Element 5000086 has L= 2.8502, which is greater than the tolerance
WARNING ZeroLength::setDomain(): Element 5000087 has L= 2.80414, which is greater than the tolerance
WARNING ZeroLength::setDomain(): Element 5000088 has L= 2.61733, which is greater than the tolerance
WARNING ZeroLength::setDomain(): Element 5000089 has L= 2.2657, which is greater than the tolerance
WARNING ZeroLength::setDomain(): Element 5000090 has L= 2.13248, which is greater than the tolerance
WARNING: CTestNormDispIncr::test() - failed to converge 
after: 50 iterations  current Norm: 39233.1 (max: 1e-06, Norm deltaR: 6.46438e+07)
NewtonRaphson::solveCurrentStep() -the ConvergenceTest object failed in test()
StaticAnalysis::analyze() - the Algorithm failed at step: 0 with domain at load factor -465.468
OpenSees > analyze failed, returned: -3 error flag
WARNING: CTestNormDispIncr::test() - failed to converge 
after: 50 iterations  current Norm: 49092 (max: 1e-06, Norm deltaR: 7.36504e+07)
NewtonRaphson::solveCurrentStep() -the ConvergenceTest object failed in test()
StaticAnalysis::analyze() - the Algorithm failed at step: 0 with domain at load factor -281.018
OpenSees > analyze failed, returned: -3 error flag
WARNING: CTestNormDispIncr::test() - failed to converge 
after: 50 iterations  current Norm: 6865.56 (max: 1e-06, Norm deltaR: 2.44282e+08)
NewtonLineSearch::solveCurrentStep() -the ConvergenceTest object failed in test()
StaticAnalysis::analyze() - the Algorithm failed at step: 0 with domain at load factor 6633.23
OpenSees > analyze failed, returned: -3 error flag
WARNING: CTestNormDispIncr::test() - failed to converge 
after: 50 iterations  current Norm: 1615.31 (max: 1e-06, Norm deltaR: 2.57947e+08)
AcceleratedNewton::solveCurrentStep() -The ConvergenceTest object failed in test()
StaticAnalysis::analyze() - the Algorithm failed at step: 0 with domain at load factor 965.224
OpenSees > analyze failed, returned: -3 error flag
WARNING: CTestNormDispIncr::test() - failed to converge 
after: 50 iterations  current Norm: 7.29595e+67 (max: 1e-06, Norm deltaR: 2.17607e+71)
ModifiedNewton::solveCurrentStep() -the ConvergenceTest object failed in test()
StaticAnalysis::analyze() - the Algorithm failed at step: 0 with domain at load factor -5.6494e+66
OpenSees > analyze failed, returned: -3 error flag
WARNING: CTestNormDispIncr::test() - failed to converge 
after: 50 iterations  current Norm: 27800.9 (max: 1e-06, Norm deltaR: 1.17221e+08)
NewtonRaphson::solveCurrentStep() -the ConvergenceTest object failed in test()
StaticAnalysis::analyze() - the Algorithm failed at step: 0 with domain at load factor 1247.95
OpenSees > analyze failed, returned: -3 error flag
WARNING: CTestNormDispIncr::test() - failed to converge 
after: 50 iterations  current Norm: 894.367 (max: 1e-06, Norm deltaR: 7.33265e+07)
NewtonLineSearch::solveCurrentStep() -the ConvergenceTest object failed in test()
StaticAnalysis::analyze() - the Algorithm failed at step: 0 with domain at load factor 258.03
OpenSees > analyze failed, returned: -3 error flag
WARNING: CTestNormDispIncr::test() - failed to converge 
after: 50 iterations  current Norm: 34467.3 (max: 1e-06, Norm deltaR: 9.87236e+08)
NewtonRaphson::solveCurrentStep() -the ConvergenceTest object failed in test()
StaticAnalysis::analyze() - the Algorithm failed at step: 0 with domain at load factor -6.03605
OpenSees > analyze failed, returned: -3 error flag
WARNING: CTestNormDispIncr::test() - failed to converge 
after: 50 iterations  current Norm: 1809.91 (max: 1e-06, Norm deltaR: 1.19251e+08)
NewtonLineSearch::solveCurrentStep() -the ConvergenceTest object failed in test()
StaticAnalysis::analyze() - the Algorithm failed at step: 0 with domain at load factor -3393.85
OpenSees > analyze failed, returned: -3 error flag
WARNING: CTestNormDispIncr::test() - failed to converge 
after: 50 iterations  current Norm: 10735.4 (max: 1e-06, Norm deltaR: 1.09944e+09)
AcceleratedNewton::solveCurrentStep() -The ConvergenceTest object failed in test()
StaticAnalysis::analyze() - the Algorithm failed at step: 0 with domain at load factor -7072.79
OpenSees > analyze failed, returned: -3 error flag
WARNING: CTestNormDispIncr::test() - failed to converge 
after: 50 iterations  current Norm: 1.2242e+69 (max: 1e-06, Norm deltaR: 1.04379e+73)
ModifiedNewton::solveCurrentStep() -the ConvergenceTest object failed in test()
StaticAnalysis::analyze() - the Algorithm failed at step: 0 with domain at load factor -5.47337e+67
OpenSees > analyze failed, returned: -3 error flag
WARNING: CTestNormDispIncr::test() - failed to converge 
after: 50 iterations  current Norm: 13440.8 (max: 1e-06, Norm deltaR: 4.13535e+08)
NewtonRaphson::solveCurrentStep() -the ConvergenceTest object failed in test()
StaticAnalysis::analyze() - the Algorithm failed at step: 0 with domain at load factor -2842.06
OpenSees > analyze failed, returned: -3 error flag
WARNING ZeroLength::setDomain(): Element 5000091 has L= 7.80132, which is greater than the tolerance
WARNING ZeroLength::setDomain(): Element 5000092 has L= 7.95919, which is greater than the tolerance
WARNING ZeroLength::setDomain(): Element 5000093 has L= 7.65546, which is greater than the tolerance
WARNING ZeroLength::setDomain(): Element 5000094 has L= 53.3573, which is greater than the tolerance
WARNING ZeroLength::setDomain(): Element 5000095 has L= 50.3358, which is greater than the tolerance
WARNING ZeroLength::setDomain(): Element 5000096 has L= 8.11169, which is greater than the tolerance
WARNING ZeroLength::setDomain(): Element 5000097 has L= 57.4905, which is greater than the tolerance
WARNING ZeroLength::setDomain(): Element 5000098 has L= 53.8833, which is greater than the tolerance
WARNING ZeroLength::setDomain(): Element 5000099 has L= 21.373, which is greater than the tolerance
WARNING ZeroLength::setDomain(): Element 5000100 has L= 20.9688, which is greater than the tolerance
WARNING ZeroLength::setDomain(): Element 5000101 has L= 7.80132, which is greater than the tolerance
WARNING ZeroLength::setDomain(): Element 5000102 has L= 61.6291, which is greater than the tolerance
WARNING: CTestNormDispIncr::test() - failed to converge 
after: 50 iterations  current Norm: 28974.6 (max: 1e-06, Norm deltaR: 7.83287e+08)
NewtonRaphson::solveCurrentStep() -the ConvergenceTest object failed in test()
StaticAnalysis::analyze() - the Algorithm failed at step: 0 with domain at load factor -847.15
OpenSees > analyze failed, returned: -3 error flag
WARNING ZeroLength::setDomain(): Element 5000103 has L= 7.95919, which is greater than the tolerance
WARNING ZeroLength::setDomain(): Element 5000104 has L= 7.50046, which is greater than the tolerance
WARNING ZeroLength::setDomain(): Element 5000105 has L= 7.65546, which is greater than the tolerance
WARNING ZeroLength::setDomain(): Element 5000106 has L= 21.8219, which is greater than the tolerance
WARNING ZeroLength::setDomain(): Element 5000107 has L= 21.8219, which is greater than the tolerance
WARNING ZeroLength::setDomain(): Element 5000108 has L= 16.8933, which is greater than the tolerance
WARNING ZeroLength::setDomain(): Element 5000109 has L= 65.8164, which is greater than the tolerance
WARNING ZeroLength::setDomain(): Element 5000110 has L= 22.3315, which is greater than the tolerance
WARNING ZeroLength::setDomain(): Element 5000111 has L= 17.3018, which is greater than the tolerance
WARNING ZeroLength::setDomain(): Element 5000112 has L= 8.27998, which is greater than the tolerance
WARNING ZeroLength::setDomain(): Element 5000113 has L= 16.202, which is greater than the tolerance
WARNING ZeroLength::setDomain(): Element 5000114 has L= 9.90953, which is greater than the tolerance
WARNING ZeroLength::setDomain(): Element 5000115 has L= 17.7065, which is greater than the tolerance
WARNING ZeroLength::setDomain(): Element 5000116 has L= 16.5448, which is greater than the tolerance
WARNING ZeroLength::setDomain(): Element 5000117 has L= 64.0325, which is greater than the tolerance
WARNING ZeroLength::setDomain(): Element 5000118 has L= 7.50046, which is greater than the tolerance
WARNING: CTestNormDispIncr::test() - failed to converge 
after: 50 iterations  current Norm: 52573.2 (max: 1e-06, Norm deltaR: 7.28354e+07)
NewtonRaphson::solveCurrentStep() -the ConvergenceTest object failed in test()
StaticAnalysis::analyze() - the Algorithm failed at step: 0 with domain at load factor 138.304
OpenSees > analyze failed, returned: -3 error flag
WARNING ZeroLength::setDomain(): Element 5000119 has L= 54.7993, which is greater than the tolerance
WARNING ZeroLength::setDomain(): Element 5000120 has L= 56.558, which is greater than the tolerance
WARNING ZeroLength::setDomain(): Element 5000121 has L= 61.2303, which is greater than the tolerance
WARNING: CTestNormDispIncr::test() - failed to converge 
after: 50 iterations  current Norm: 1.59687 (max: 1e-06, Norm deltaR: 222285)
NewtonRaphson::solveCurrentStep() -the ConvergenceTest object failed in test()
StaticAnalysis::analyze() - the Algorithm failed at step: 0 with domain at load factor 401.765
OpenSees > analyze failed, returned: -3 error flag
WARNING ZeroLength::setDomain(): Element 5000122 has L= 20.9688, which is greater than the tolerance
WARNING ZeroLength::setDomain(): Element 5000123 has L= 20.5753, which is greater than the tolerance
WARNING ZeroLength::setDomain(): Element 5000124 has L= 7.32616, which is greater than the tolerance
WARNING ZeroLength::setDomain(): Element 5000125 has L= 21.373, which is greater than the tolerance
WARNING ZeroLength::setDomain(): Element 5000126 has L= 55.1966, which is greater than the tolerance
WARNING ZeroLength::setDomain(): Element 5000127 has L= 56.656, which is greater than the tolerance
WARNING: CTestNormDispIncr::test() - failed to converge 
after: 50 iterations  current Norm: 16748.8 (max: 1e-06, Norm deltaR: 5.36896e+08)
NewtonRaphson::solveCurrentStep() -the ConvergenceTest object failed in test()
StaticAnalysis::analyze() - the Algorithm failed at step: 0 with domain at load factor 1103.64
OpenSees > analyze failed, returned: -3 error flag
WARNING ZeroLength::setDomain(): Element 5000128 has L= 18.0823, which is greater than the tolerance
WARNING ZeroLength::setDomain(): Element 5000129 has L= 57.5272, which is greater than the tolerance
WARNING ZeroLength::setDomain(): Element 5000130 has L= 48.5089, which is greater than the tolerance
WARNING ZeroLength::setDomain(): Element 5000131 has L= 49.0207, which is greater than the tolerance
WARNING ZeroLength::setDomain(): Element 5000132 has L= 50.1158, which is greater than the tolerance
WARNING ZeroLength::setDomain(): Element 5000133 has L= 51.1983, which is greater than the tolerance
WARNING ZeroLength::setDomain(): Element 5000134 has L= 7.32616, which is greater than the tolerance
WARNING ZeroLength::setDomain(): Element 5000135 has L= 59.5296, which is greater than the tolerance
WARNING ZeroLength::setDomain(): Element 5000136 has L= 16.8933, which is greater than the tolerance
WARNING ZeroLength::setDomain(): Element 5000137 has L= 15.896, which is greater than the tolerance
WARNING ZeroLength::setDomain(): Element 5000138 has L= 10.1639, which is greater than the tolerance
WARNING ZeroLength::setDomain(): Element 5000139 has L= 7.17094, which is greater than the tolerance
WARNING ZeroLength::setDomain(): Element 5000140 has L= 9.6817, which is greater than the tolerance
WARNING ZeroLength::setDomain(): Element 5000141 has L= 8.47901, which is greater than the tolerance
WARNING ZeroLength::setDomain(): Element 5000142 has L= 59.3123, which is greater than the tolerance
WARNING ZeroLength::setDomain(): Element 5000143 has L= 61.2178, which is greater than the tolerance
WARNING ZeroLength::setDomain(): Element 5000144 has L= 16.202, which is greater than the tolerance
WARNING ZeroLength::setDomain(): Element 5000145 has L= 20.5753, which is greater than the tolerance
WARNING ZeroLength::setDomain(): Element 5000146 has L= 68.8856, which is greater than the tolerance
WARNING ZeroLength::setDomain(): Element 5000147 has L= 58.7453, which is greater than the tolerance
WARNING ZeroLength::setDomain(): Element 5000148 has L= 22.3315, which is greater than the tolerance
WARNING ZeroLength::setDomain(): Element 5000149 has L= 55.4235, which is greater than the tolerance
WARNING ZeroLength::setDomain(): Element 5000150 has L= 10.4322, which is greater than the tolerance
WARNING ZeroLength::setDomain(): Element 5000151 has L= 7.05335, which is greater than the tolerance
WARNING ZeroLength::setDomain(): Element 5000152 has L= 61.1383, which is greater than the tolerance
WARNING ZeroLength::setDomain(): Element 5000153 has L= 57.4147, which is greater than the tolerance
WARNING ZeroLength::setDomain(): Element 5000154 has L= 15.896, which is greater than the tolerance
WARNING ZeroLength::setDomain(): Element 5000155 has L= 20.1505, which is greater than the tolerance
WARNING ZeroLength::setDomain(): Element 5000156 has L= 8.67596, which is greater than the tolerance
WARNING ZeroLength::setDomain(): Element 5000157 has L= 9.47611, which is greater than the tolerance
WARNING ZeroLength::setDomain(): Element 5000158 has L= 34.9874, which is greater than the tolerance
WARNING ZeroLength::setDomain(): Element 5000159 has L= 20.1505, which is greater than the tolerance
WARNING ZeroLength::setDomain(): Element 5000160 has L= 8.11169, which is greater than the tolerance
WARNING ZeroLength::setDomain(): Element 5000161 has L= 67.2831, which is greater than the tolerance
WARNING ZeroLength::setDomain(): Element 5000162 has L= 27.9664, which is greater than the tolerance
WARNING ZeroLength::setDomain(): Element 5000163 has L= 53.9704, which is greater than the tolerance
WARNING ZeroLength::setDomain(): Element 5000164 has L= 34.3043, which is greater than the tolerance
WARNING ZeroLength::setDomain(): Element 5000165 has L= 7.17094, which is greater than the tolerance
WARNING ZeroLength::setDomain(): Element 5000166 has L= 18.4188, which is greater than the tolerance
WARNING ZeroLength::setDomain(): Element 5000167 has L= 15.5834, which is greater than the tolerance
WARNING ZeroLength::setDomain(): Element 5000168 has L= 64.2873, which is greater than the tolerance
WARNING ZeroLength::setDomain(): Element 5000169 has L= 63.2105, which is greater than the tolerance
WARNING ZeroLength::setDomain(): Element 5000170 has L= 28.6769, which is greater than the tolerance
WARNING ZeroLength::setDomain(): Element 5000171 has L= 27.3279, which is greater than the tolerance
WARNING ZeroLength::setDomain(): Element 5000172 has L= 52.6352, which is greater than the tolerance
WARNING: CTestNormDispIncr::test() - failed to converge 
after: 50 iterations  current Norm: 333321 (max: 1e-06, Norm deltaR: 8.53517e+09)
NewtonRaphson::solveCurrentStep() -the ConvergenceTest object failed in test()
StaticAnalysis::analyze() - the Algorithm failed at step: 0 with domain at load factor -29071.1
OpenSees > analyze failed, returned: -3 error flag
WARNING ZeroLength::setDomain(): Element 5000173 has L= 60.4327, which is greater than the tolerance
WARNING: CTestNormDispIncr::test() - failed to converge 
after: 50 iterations  current Norm: 125840 (max: 1e-06, Norm deltaR: 4.62698e+08)
NewtonRaphson::solveCurrentStep() -the ConvergenceTest object failed in test()
StaticAnalysis::analyze() - the Algorithm failed at step: 0 with domain at load factor 1176.53
OpenSees > analyze failed, returned: -3 error flag
WARNING ZeroLength::setDomain(): Element 5000174 has L= 33.6968, which is greater than the tolerance
WARNING ZeroLength::setDomain(): Element 5000175 has L= 29.2602, which is greater than the tolerance
WARNING ZeroLength::setDomain(): Element 5000176 has L= 66.1031, which is greater than the tolerance
WARNING ZeroLength::setDomain(): Element 5000177 has L= 15.5834, which is greater than the tolerance
WARNING ZeroLength::setDomain(): Element 5000178 has L= 22.7527, which is greater than the tolerance
WARNING ZeroLength::setDomain(): Element 5000179 has L= 17.3018, which is greater than the tolerance
WARNING ZeroLength::setDomain(): Element 5000180 has L= 34.9874, which is greater than the tolerance
WARNING ZeroLength::setDomain(): Element 5000181 has L= 58.1926, which is greater than the tolerance
WARNING ZeroLength::setDomain(): Element 5000182 has L= 49.9088, which is greater than the tolerance
WARNING ZeroLength::setDomain(): Element 5000183 has L= 6.96757, which is greater than the tolerance
WARNING ZeroLength::setDomain(): Element 5000184 has L= 8.82881, which is greater than the tolerance
WARNING ZeroLength::setDomain(): Element 5000185 has L= 49.7347, which is greater than the tolerance
WARNING ZeroLength::setDomain(): Element 5000186 has L= 55.5164, which is greater than the tolerance
WARNING ZeroLength::setDomain(): Element 5000187 has L= 46.2391, which is greater than the tolerance
WARNING ZeroLength::setDomain(): Element 5000188 has L= 62.7087, which is greater than the tolerance
WARNING ZeroLength::setDomain(): Element 5000189 has L= 35.6983, which is greater than the tolerance
WARNING ZeroLength::setDomain(): Element 5000190 has L= 53.5576, which is greater than the tolerance
WARNING ZeroLength::setDomain(): Element 5000191 has L= 46.5582, which is greater than the tolerance
WARNING ZeroLength::setDomain(): Element 5000192 has L= 34.3043, which is greater than the tolerance
WARNING ZeroLength::setDomain(): Element 5000193 has L= 26.7515, which is greater than the tolerance
WARNING ZeroLength::setDomain(): Element 5000194 has L= 33.047, which is greater than the tolerance
WARNING ZeroLength::setDomain(): Element 5000195 has L= 60.2124, which is greater than the tolerance
WARNING ZeroLength::setDomain(): Element 5000196 has L= 45.8688, which is greater than the tolerance
WARNING ZeroLength::setDomain(): Element 5000197 has L= 7.91377, which is greater than the tolerance
