WARNING ZeroLength::setDomain(): Element 5000001 has L= 2.56009, which is greater than the tolerance
WARNING ZeroLength::setDomain(): Element 5000002 has L= 2.30688, which is greater than the tolerance
WARNING ZeroLength::setDomain(): Element 5000003 has L= 1.90175, which is greater than the tolerance
WARNING ZeroLength::setDomain(): Element 5000004 has L= 1.90339, which is greater than the tolerance
WARNING ZeroLength::setDomain(): Element 5000005 has L= 1.83875, which is greater than the tolerance
WARNING ZeroLength::setDomain(): Element 5000006 has L= 1.83875, which is greater than the tolerance
WARNING ZeroLength::setDomain(): Element 5000007 has L= 1.90339, which is greater than the tolerance
WARNING ZeroLength::setDomain(): Element 5000008 has L= 1.90175, which is greater than the tolerance
WARNING ZeroLength::setDomain(): Element 5000009 has L= 2.30688, which is greater than the tolerance
WARNING ZeroLength::setDomain(): Element 5000010 has L= 2.56009, which is greater than the tolerance
WARNING ZeroLength::setDomain(): Element 5000011 has L= 2.41334, which is greater than the tolerance
WARNING ZeroLength::setDomain(): Element 5000012 has L= 2.2753, which is greater than the tolerance
WARNING ZeroLength::setDomain(): Element 5000013 has L= 2.01666, which is greater than the tolerance
WARNING ZeroLength::setDomain(): Element 5000014 has L= 2.0423, which is greater than the tolerance
WARNING ZeroLength::setDomain(): Element 5000015 has L= 2.03001, which is greater than the tolerance
WARNING ZeroLength::setDomain(): Element 5000016 has L= 2.03001, which is greater than the tolerance
WARNING ZeroLength::setDomain(): Element 5000017 has L= 2.0423, which is greater than the tolerance
WARNING ZeroLength::setDomain(): Element 5000018 has L= 2.01666, which is greater than the tolerance
WARNING ZeroLength::setDomain(): Element 5000019 has L= 2.2753, which is greater than the tolerance
WARNING ZeroLength::setDomain(): Element 5000020 has L= 2.41334, which is greater than the tolerance
WARNING ZeroLength::setDomain(): Element 5000021 has L= 2.34839, which is greater than the tolerance
WARNING ZeroLength::setDomain(): Element 5000022 has L= 2.30859, which is greater than the tolerance
WARNING ZeroLength::setDomain(): Element 5000023 has L= 2.1905, which is greater than the tolerance
WARNING ZeroLength::setDomain(): Element 5000024 has L= 2.25531, which is greater than the tolerance
WARNING ZeroLength::setDomain(): Element 5000025 has L= 2.29218, which is greater than the tolerance
WARNING ZeroLength::setDomain(): Element 5000026 has L= 2.29218, which is greater than the tolerance
WARNING ZeroLength::setDomain(): Element 5000027 has L= 2.25531, which is greater than the tolerance
WARNING ZeroLength::setDomain(): Element 5000028 has L= 2.1905, which is greater than the tolerance
WARNING ZeroLength::setDomain(): Element 5000029 has L= 2.30859, which is greater than the tolerance
WARNING ZeroLength::setDomain(): Element 5000030 has L= 2.34839, which is greater than the tolerance
WARNING ZeroLength::setDomain(): Element 5000031 has L= 2.39313, which is greater than the tolerance
WARNING ZeroLength::setDomain(): Element 5000032 has L= 2.40501, which is greater than the tolerance
WARNING ZeroLength::setDomain(): Element 5000033 has L= 2.40414, which is greater than the tolerance
WARNING ZeroLength::setDomain(): Element 5000034 has L= 2.57548, which is greater than the tolerance
WARNING ZeroLength::setDomain(): Element 5000035 has L= 2.71561, which is greater than the tolerance
WARNING ZeroLength::setDomain(): Element 5000036 has L= 2.71561, which is greater than the tolerance
WARNING ZeroLength::setDomain(): Element 5000037 has L= 2.57548, which is greater than the tolerance
WARNING ZeroLength::setDomain(): Element 5000038 has L= 2.40414, which is greater than the tolerance
WARNING ZeroLength::setDomain(): Element 5000039 has L= 2.40501, which is greater than the tolerance
WARNING ZeroLength::setDomain(): Element 5000040 has L= 2.39313, which is greater than the tolerance
WARNING ZeroLength::setDomain(): Element 5000041 has L= 2.45291, which is greater than the tolerance
WARNING ZeroLength::setDomain(): Element 5000042 has L= 2.56078, which is greater than the tolerance
WARNING ZeroLength::setDomain(): Element 5000043 has L= 2.714, which is greater than the tolerance
WARNING ZeroLength::setDomain(): Element 5000044 has L= 2.88029, which is greater than the tolerance
WARNING ZeroLength::setDomain(): Element 5000045 has L= 2.9859, which is greater than the tolerance
WARNING ZeroLength::setDomain(): Element 5000046 has L= 2.9859, which is greater than the tolerance
WARNING ZeroLength::setDomain(): Element 5000047 has L= 2.88029, which is greater than the tolerance
WARNING ZeroLength::setDomain(): Element 5000048 has L= 2.714, which is greater than the tolerance
WARNING ZeroLength::setDomain(): Element 5000049 has L= 2.56078, which is greater than the tolerance
WARNING ZeroLength::setDomain(): Element 5000050 has L= 2.45291, which is greater than the tolerance
WARNING ZeroLength::setDomain(): Element 5000051 has L= 2.38881, which is greater than the tolerance
WARNING ZeroLength::setDomain(): Element 5000052 has L= 2.58869, which is greater than the tolerance
WARNING ZeroLength::setDomain(): Element 5000053 has L= 2.89372, which is greater than the tolerance
WARNING ZeroLength::setDomain(): Element 5000054 has L= 2.97024, which is greater than the tolerance
WARNING ZeroLength::setDomain(): Element 5000055 has L= 3.05406, which is greater than the tolerance
WARNING ZeroLength::setDomain(): Element 5000056 has L= 3.05406, which is greater than the tolerance
WARNING ZeroLength::setDomain(): Element 5000057 has L= 2.97024, which is greater than the tolerance
WARNING ZeroLength::setDomain(): Element 5000058 has L= 2.89372, which is greater than the tolerance
WARNING ZeroLength::setDomain(): Element 5000059 has L= 2.58869, which is greater than the tolerance
WARNING ZeroLength::setDomain(): Element 5000060 has L= 2.38881, which is greater than the tolerance
WARNING ZeroLength::setDomain(): Element 5000061 has L= 2.29747, which is greater than the tolerance
WARNING ZeroLength::setDomain(): Element 5000062 has L= 2.45657, which is greater than the tolerance
WARNING ZeroLength::setDomain(): Element 5000063 has L= 2.81458, which is greater than the tolerance
WARNING ZeroLength::setDomain(): Element 5000064 has L= 2.92007, which is greater than the tolerance
WARNING ZeroLength::setDomain(): Element 5000065 has L= 3.05037, which is greater than the tolerance
WARNING ZeroLength::setDomain(): Element 5000066 has L= 3.05037, which is greater than the tolerance
WARNING ZeroLength::setDomain(): Element 5000067 has L= 2.92007, which is greater than the tolerance
WARNING ZeroLength::setDomain(): Element 5000068 has L= 2.81458, which is greater than the tolerance
WARNING ZeroLength::setDomain(): Element 5000069 has L= 2.45657, which is greater than the tolerance
WARNING ZeroLength::setDomain(): Element 5000070 has L= 2.29747, which is greater than the tolerance
WARNING ZeroLength::setDomain(): Element 5000071 has L= 2.22261, which is greater than the tolerance
WARNING ZeroLength::setDomain(): Element 5000072 has L= 2.3828, which is greater than the tolerance
WARNING ZeroLength::setDomain(): Element 5000073 has L= 2.75212, which is greater than the tolerance
WARNING ZeroLength::setDomain(): Element 5000074 has L= 2.90368, which is greater than the tolerance
WARNING ZeroLength::setDomain(): Element 5000075 has L= 3.01302, which is greater than the tolerance
WARNING ZeroLength::setDomain(): Element 5000076 has L= 3.01302, which is greater than the tolerance
WARNING ZeroLength::setDomain(): Element 5000077 has L= 2.90368, which is greater than the tolerance
WARNING ZeroLength::setDomain(): Element 5000078 has L= 2.75212, which is greater than the tolerance
WARNING ZeroLength::setDomain(): Element 5000079 has L= 2.3828, which is greater than the tolerance
WARNING ZeroLength::setDomain(): Element 5000080 has L= 2.22261, which is greater than the tolerance
WARNING ZeroLength::setDomain(): Element 5000081 has L= 2.1939, which is greater than the tolerance
WARNING ZeroLength::setDomain(): Element 5000082 has L= 2.32715, which is greater than the tolerance
WARNING ZeroLength::setDomain(): Element 5000083 has L= 2.67878, which is greater than the tolerance
WARNING ZeroLength::setDomain(): Element 5000084 has L= 2.86559, which is greater than the tolerance
WARNING ZeroLength::setDomain(): Element 5000085 has L= 2.91164, which is greater than the tolerance
WARNING ZeroLength::setDomain(): Element 5000086 has L= 2.91164, which is greater than the tolerance
WARNING ZeroLength::setDomain(): Element 5000087 has L= 2.86559, which is greater than the tolerance
WARNING ZeroLength::setDomain(): Element 5000088 has L= 2.67878, which is greater than the tolerance
WARNING ZeroLength::setDomain(): Element 5000089 has L= 2.32715, which is greater than the tolerance
WARNING ZeroLength::setDomain(): Element 5000090 has L= 2.1939, which is greater than the tolerance
WARNING: CTestNormDispIncr::test() - failed to converge 
after: 50 iterations  current Norm: 19155.1 (max: 1e-06, Norm deltaR: 5.44022e+08)
NewtonRaphson::solveCurrentStep() -the ConvergenceTest object failed in test()
StaticAnalysis::analyze() - the Algorithm failed at step: 0 with domain at load factor -1081.8
OpenSees > analyze failed, returned: -3 error flag
WARNING: CTestNormDispIncr::test() - failed to converge 
after: 50 iterations  current Norm: 2.01481e+06 (max: 1e-06, Norm deltaR: 3.8091e+10)
NewtonRaphson::solveCurrentStep() -the ConvergenceTest object failed in test()
StaticAnalysis::analyze() - the Algorithm failed at step: 0 with domain at load factor 220945
OpenSees > analyze failed, returned: -3 error flag
WARNING: CTestNormDispIncr::test() - failed to converge 
after: 50 iterations  current Norm: 103083 (max: 1e-06, Norm deltaR: 2.28859e+09)
NewtonRaphson::solveCurrentStep() -the ConvergenceTest object failed in test()
StaticAnalysis::analyze() - the Algorithm failed at step: 0 with domain at load factor 19216.6
OpenSees > analyze failed, returned: -3 error flag
WARNING: CTestNormDispIncr::test() - failed to converge 
after: 50 iterations  current Norm: 3406.02 (max: 1e-06, Norm deltaR: 1.29243e+08)
NewtonLineSearch::solveCurrentStep() -the ConvergenceTest object failed in test()
StaticAnalysis::analyze() - the Algorithm failed at step: 0 with domain at load factor 1230.08
OpenSees > analyze failed, returned: -3 error flag
WARNING: CTestNormDispIncr::test() - failed to converge 
after: 50 iterations  current Norm: 26532.4 (max: 1e-06, Norm deltaR: 1.18263e+09)
AcceleratedNewton::solveCurrentStep() -The ConvergenceTest object failed in test()
StaticAnalysis::analyze() - the Algorithm failed at step: 0 with domain at load factor 224.65
OpenSees > analyze failed, returned: -3 error flag
WARNING: CTestNormDispIncr::test() - failed to converge 
after: 50 iterations  current Norm: 1.58403e+66 (max: 1e-06, Norm deltaR: 6.75367e+69)
ModifiedNewton::solveCurrentStep() -the ConvergenceTest object failed in test()
StaticAnalysis::analyze() - the Algorithm failed at step: 0 with domain at load factor -1.88423e+65
OpenSees > analyze failed, returned: -3 error flag
WARNING: CTestNormDispIncr::test() - failed to converge 
after: 50 iterations  current Norm: 78618.6 (max: 1e-06, Norm deltaR: 2.10255e+09)
NewtonRaphson::solveCurrentStep() -the ConvergenceTest object failed in test()
StaticAnalysis::analyze() - the Algorithm failed at step: 0 with domain at load factor -14028.5
OpenSees > analyze failed, returned: -3 error flag
WARNING: CTestNormDispIncr::test() - failed to converge 
after: 50 iterations  current Norm: 3182.99 (max: 1e-06, Norm deltaR: 1.44748e+08)
NewtonLineSearch::solveCurrentStep() -the ConvergenceTest object failed in test()
StaticAnalysis::analyze() - the Algorithm failed at step: 0 with domain at load factor -9106.66
OpenSees > analyze failed, returned: -3 error flag
WARNING: CTestNormDispIncr::test() - failed to converge 
after: 50 iterations  current Norm: 31621.6 (max: 1e-06, Norm deltaR: 8.4836e+08)
NewtonRaphson::solveCurrentStep() -the ConvergenceTest object failed in test()
StaticAnalysis::analyze() - the Algorithm failed at step: 0 with domain at load factor 448.645
OpenSees > analyze failed, returned: -3 error flag
WARNING: CTestNormDispIncr::test() - failed to converge 
after: 50 iterations  current Norm: 4.91758 (max: 1e-06, Norm deltaR: 1.64801e+06)
NewtonLineSearch::solveCurrentStep() -the ConvergenceTest object failed in test()
StaticAnalysis::analyze() - the Algorithm failed at step: 0 with domain at load factor 357.342
OpenSees > analyze failed, returned: -3 error flag
WARNING: CTestNormDispIncr::test() - failed to converge 
after: 50 iterations  current Norm: 5403.18 (max: 1e-06, Norm deltaR: 3.14444e+08)
AcceleratedNewton::solveCurrentStep() -The ConvergenceTest object failed in test()
StaticAnalysis::analyze() - the Algorithm failed at step: 0 with domain at load factor -1069.03
OpenSees > analyze failed, returned: -3 error flag
WARNING: CTestNormDispIncr::test() - failed to converge 
after: 50 iterations  current Norm: 4.73728e+61 (max: 1e-06, Norm deltaR: 3.25785e+65)
ModifiedNewton::solveCurrentStep() -the ConvergenceTest object failed in test()
StaticAnalysis::analyze() - the Algorithm failed at step: 0 with domain at load factor 2.68015e+60
OpenSees > analyze failed, returned: -3 error flag
WARNING: CTestNormDispIncr::test() - failed to converge 
after: 50 iterations  current Norm: 289954 (max: 1e-06, Norm deltaR: 3.05612e+09)
NewtonRaphson::solveCurrentStep() -the ConvergenceTest object failed in test()
StaticAnalysis::analyze() - the Algorithm failed at step: 0 with domain at load factor -34912.7
OpenSees > analyze failed, returned: -3 error flag
WARNING ZeroLength::setDomain(): Element 5000091 has L= 8.04789, which is greater than the tolerance
WARNING ZeroLength::setDomain(): Element 5000092 has L= 8.20578, which is greater than the tolerance
WARNING ZeroLength::setDomain(): Element 5000093 has L= 7.90201, which is greater than the tolerance
WARNING ZeroLength::setDomain(): Element 5000094 has L= 53.8622, which is greater than the tolerance
WARNING ZeroLength::setDomain(): Element 5000095 has L= 8.35828, which is greater than the tolerance
WARNING ZeroLength::setDomain(): Element 5000096 has L= 8.04789, which is greater than the tolerance
WARNING ZeroLength::setDomain(): Element 5000097 has L= 21.6056, which is greater than the tolerance
WARNING ZeroLength::setDomain(): Element 5000098 has L= 58.0256, which is greater than the tolerance
WARNING ZeroLength::setDomain(): Element 5000099 has L= 21.2016, which is greater than the tolerance
WARNING ZeroLength::setDomain(): Element 5000100 has L= 8.20578, which is greater than the tolerance
WARNING ZeroLength::setDomain(): Element 5000101 has L= 7.90201, which is greater than the tolerance
WARNING ZeroLength::setDomain(): Element 5000102 has L= 7.74698, which is greater than the tolerance
WARNING ZeroLength::setDomain(): Element 5000103 has L= 51.0792, which is greater than the tolerance
WARNING ZeroLength::setDomain(): Element 5000104 has L= 10.3529, which is greater than the tolerance
WARNING: CTestNormDispIncr::test() - failed to converge 
after: 50 iterations  current Norm: 35683.3 (max: 1e-06, Norm deltaR: 3.1972e+08)
NewtonRaphson::solveCurrentStep() -the ConvergenceTest object failed in test()
StaticAnalysis::analyze() - the Algorithm failed at step: 0 with domain at load factor -1116.59
OpenSees > analyze failed, returned: -3 error flag
WARNING ZeroLength::setDomain(): Element 5000105 has L= 16.4486, which is greater than the tolerance
WARNING ZeroLength::setDomain(): Element 5000106 has L= 50.2783, which is greater than the tolerance
WARNING ZeroLength::setDomain(): Element 5000107 has L= 52.0439, which is greater than the tolerance
WARNING ZeroLength::setDomain(): Element 5000108 has L= 53.0631, which is greater than the tolerance
WARNING ZeroLength::setDomain(): Element 5000109 has L= 16.7914, which is greater than the tolerance
WARNING ZeroLength::setDomain(): Element 5000110 has L= 7.74698, which is greater than the tolerance
WARNING ZeroLength::setDomain(): Element 5000111 has L= 22.0543, which is greater than the tolerance
WARNING ZeroLength::setDomain(): Element 5000112 has L= 17.14, which is greater than the tolerance
WARNING ZeroLength::setDomain(): Element 5000113 has L= 20.8084, which is greater than the tolerance
WARNING ZeroLength::setDomain(): Element 5000114 has L= 17.5485, which is greater than the tolerance
WARNING ZeroLength::setDomain(): Element 5000115 has L= 22.0543, which is greater than the tolerance
WARNING ZeroLength::setDomain(): Element 5000116 has L= 54.5165, which is greater than the tolerance
WARNING ZeroLength::setDomain(): Element 5000117 has L= 16.4486, which is greater than the tolerance
WARNING ZeroLength::setDomain(): Element 5000118 has L= 16.1426, which is greater than the tolerance
WARNING ZeroLength::setDomain(): Element 5000119 has L= 17.14, which is greater than the tolerance
WARNING ZeroLength::setDomain(): Element 5000120 has L= 16.7914, which is greater than the tolerance
WARNING ZeroLength::setDomain(): Element 5000121 has L= 10.8703, which is greater than the tolerance
WARNING ZeroLength::setDomain(): Element 5000122 has L= 8.52658, which is greater than the tolerance
WARNING ZeroLength::setDomain(): Element 5000123 has L= 22.5637, which is greater than the tolerance
WARNING ZeroLength::setDomain(): Element 5000124 has L= 21.6056, which is greater than the tolerance
WARNING ZeroLength::setDomain(): Element 5000125 has L= 21.2016, which is greater than the tolerance
WARNING ZeroLength::setDomain(): Element 5000126 has L= 16.1426, which is greater than the tolerance
WARNING ZeroLength::setDomain(): Element 5000127 has L= 7.57265, which is greater than the tolerance
WARNING ZeroLength::setDomain(): Element 5000128 has L= 10.099, which is greater than the tolerance
WARNING ZeroLength::setDomain(): Element 5000129 has L= 17.9531, which is greater than the tolerance
WARNING ZeroLength::setDomain(): Element 5000130 has L= 22.9845, which is greater than the tolerance
WARNING ZeroLength::setDomain(): Element 5000131 has L= 61.7829, which is greater than the tolerance
WARNING ZeroLength::setDomain(): Element 5000132 has L= 11.1121, which is greater than the tolerance
WARNING ZeroLength::setDomain(): Element 5000133 has L= 20.8084, which is greater than the tolerance
WARNING ZeroLength::setDomain(): Element 5000134 has L= 64.5777, which is greater than the tolerance
WARNING ZeroLength::setDomain(): Element 5000135 has L= 10.6208, which is greater than the tolerance
WARNING ZeroLength::setDomain(): Element 5000136 has L= 7.57265, which is greater than the tolerance
WARNING ZeroLength::setDomain(): Element 5000137 has L= 18.3289, which is greater than the tolerance
WARNING ZeroLength::setDomain(): Element 5000138 has L= 10.6934, which is greater than the tolerance
WARNING ZeroLength::setDomain(): Element 5000139 has L= 7.4174, which is greater than the tolerance
WARNING ZeroLength::setDomain(): Element 5000140 has L= 9.87214, which is greater than the tolerance
WARNING ZeroLength::setDomain(): Element 5000141 has L= 35.2299, which is greater than the tolerance
WARNING ZeroLength::setDomain(): Element 5000142 has L= 69.3926, which is greater than the tolerance
WARNING ZeroLength::setDomain(): Element 5000143 has L= 8.72558, which is greater than the tolerance
WARNING ZeroLength::setDomain(): Element 5000144 has L= 22.5637, which is greater than the tolerance
WARNING ZeroLength::setDomain(): Element 5000145 has L= 54.5367, which is greater than the tolerance
WARNING ZeroLength::setDomain(): Element 5000146 has L= 59.8758, which is greater than the tolerance
WARNING ZeroLength::setDomain(): Element 5000147 has L= 20.3837, which is greater than the tolerance
WARNING ZeroLength::setDomain(): Element 5000148 has L= 56.1805, which is greater than the tolerance
WARNING ZeroLength::setDomain(): Element 5000149 has L= 10.099, which is greater than the tolerance
WARNING ZeroLength::setDomain(): Element 5000150 has L= 17.5485, which is greater than the tolerance
WARNING ZeroLength::setDomain(): Element 5000151 has L= 53.3191, which is greater than the tolerance
WARNING ZeroLength::setDomain(): Element 5000152 has L= 34.5469, which is greater than the tolerance
WARNING ZeroLength::setDomain(): Element 5000153 has L= 18.6654, which is greater than the tolerance
WARNING ZeroLength::setDomain(): Element 5000154 has L= 7.29978, which is greater than the tolerance
WARNING ZeroLength::setDomain(): Element 5000155 has L= 35.2299, which is greater than the tolerance
WARNING ZeroLength::setDomain(): Element 5000156 has L= 34.5469, which is greater than the tolerance
WARNING ZeroLength::setDomain(): Element 5000157 has L= 28.9236, which is greater than the tolerance
WARNING ZeroLength::setDomain(): Element 5000158 has L= 58.3053, which is greater than the tolerance
WARNING ZeroLength::setDomain(): Element 5000159 has L= 35.9408, which is greater than the tolerance
WARNING ZeroLength::setDomain(): Element 5000160 has L= 7.4174, which is greater than the tolerance
WARNING ZeroLength::setDomain(): Element 5000161 has L= 9.87214, which is greater than the tolerance
WARNING ZeroLength::setDomain(): Element 5000162 has L= 33.9393, which is greater than the tolerance
WARNING ZeroLength::setDomain(): Element 5000163 has L= 15.83, which is greater than the tolerance
WARNING ZeroLength::setDomain(): Element 5000164 has L= 9.66784, which is greater than the tolerance
WARNING ZeroLength::setDomain(): Element 5000165 has L= 28.2131, which is greater than the tolerance
WARNING ZeroLength::setDomain(): Element 5000166 has L= 57.9543, which is greater than the tolerance
WARNING ZeroLength::setDomain(): Element 5000167 has L= 26.9982, which is greater than the tolerance
WARNING ZeroLength::setDomain(): Element 5000168 has L= 15.83, which is greater than the tolerance
WARNING ZeroLength::setDomain(): Element 5000169 has L= 35.9408, which is greater than the tolerance
WARNING ZeroLength::setDomain(): Element 5000170 has L= 10.6208, which is greater than the tolerance
WARNING ZeroLength::setDomain(): Element 5000171 has L= 20.3837, which is greater than the tolerance
WARNING ZeroLength::setDomain(): Element 5000172 has L= 8.92251, which is greater than the tolerance
WARNING ZeroLength::setDomain(): Element 5000173 has L= 8.35828, which is greater than the tolerance
WARNING ZeroLength::setDomain(): Element 5000174 has L= 36.6218, which is greater than the tolerance
WARNING ZeroLength::setDomain(): Element 5000175 has L= 10.3529, which is greater than the tolerance
WARNING ZeroLength::setDomain(): Element 5000176 has L= 67.7989, which is greater than the tolerance
WARNING ZeroLength::setDomain(): Element 5000177 has L= 25.8241, which is greater than the tolerance
WARNING ZeroLength::setDomain(): Element 5000178 has L= 29.5069, which is greater than the tolerance
WARNING ZeroLength::setDomain(): Element 5000179 has L= 60.6966, which is greater than the tolerance
WARNING ZeroLength::setDomain(): Element 5000180 has L= 26.4195, which is greater than the tolerance
WARNING: CTestNormDispIncr::test() - failed to converge 
after: 50 iterations  current Norm: 66387.2 (max: 1e-06, Norm deltaR: 9.0197e+07)
NewtonRaphson::solveCurrentStep() -the ConvergenceTest object failed in test()
StaticAnalysis::analyze() - the Algorithm failed at step: 0 with domain at load factor 977.713
OpenSees > analyze failed, returned: -3 error flag
WARNING ZeroLength::setDomain(): Element 5000181 has L= 33.9393, which is greater than the tolerance
WARNING: CTestNormDispIncr::test() - failed to converge 
after: 50 iterations  current Norm: 52233.2 (max: 1e-06, Norm deltaR: 3.80658e+08)
NewtonRaphson::solveCurrentStep() -the ConvergenceTest object failed in test()
StaticAnalysis::analyze() - the Algorithm failed at step: 0 with domain at load factor 1664.92
OpenSees > analyze failed, returned: -3 error flag
WARNING ZeroLength::setDomain(): Element 5000182 has L= 22.9845, which is greater than the tolerance
WARNING ZeroLength::setDomain(): Element 5000183 has L= 57.579, which is greater than the tolerance
WARNING ZeroLength::setDomain(): Element 5000184 has L= 59.6896, which is greater than the tolerance
WARNING ZeroLength::setDomain(): Element 5000185 has L= 62.2089, which is greater than the tolerance
WARNING ZeroLength::setDomain(): Element 5000186 has L= 59.7265, which is greater than the tolerance
WARNING ZeroLength::setDomain(): Element 5000187 has L= 56.1996, which is greater than the tolerance
WARNING: CTestNormDispIncr::test() - failed to converge 
after: 50 iterations  current Norm: 20097 (max: 1e-06, Norm deltaR: 6.82186e+08)
NewtonRaphson::solveCurrentStep() -the ConvergenceTest object failed in test()
StaticAnalysis::analyze() - the Algorithm failed at step: 0 with domain at load factor -1581.42
OpenSees > analyze failed, returned: -3 error flag
WARNING: CTestNormDispIncr::test() - failed to converge 
after: 50 iterations  current Norm: 2489.12 (max: 1e-06, Norm deltaR: 1.39598e+08)
NewtonLineSearch::solveCurrentStep() -the ConvergenceTest object failed in test()
StaticAnalysis::analyze() - the Algorithm failed at step: 0 with domain at load factor -2038.22
OpenSees > analyze failed, returned: -3 error flag
WARNING: CTestNormDispIncr::test() - failed to converge 
after: 50 iterations  current Norm: 85.8282 (max: 1e-06, Norm deltaR: 181690)
AcceleratedNewton::solveCurrentStep() -The ConvergenceTest object failed in test()
StaticAnalysis::analyze() - the Algorithm failed at step: 0 with domain at load factor 913.431
OpenSees > analyze failed, returned: -3 error flag
WARNING: CTestNormDispIncr::test() - failed to converge 
after: 50 iterations  current Norm: 4.52743e+73 (max: 1e-06, Norm deltaR: 4.18783e+77)
ModifiedNewton::solveCurrentStep() -the ConvergenceTest object failed in test()
StaticAnalysis::analyze() - the Algorithm failed at step: 0 with domain at load factor -4.8713e+70
OpenSees > analyze failed, returned: -3 error flag
WARNING: CTestNormDispIncr::test() - failed to converge 
after: 50 iterations  current Norm: 21423.4 (max: 1e-06, Norm deltaR: 1.98104e+08)
NewtonRaphson::solveCurrentStep() -the ConvergenceTest object failed in test()
StaticAnalysis::analyze() - the Algorithm failed at step: 0 with domain at load factor 1694.41
OpenSees > analyze failed, returned: -3 error flag
WARNING: CTestNormDispIncr::test() - failed to converge 
after: 50 iterations  current Norm: 2613.82 (max: 1e-06, Norm deltaR: 1.57849e+08)
NewtonLineSearch::solveCurrentStep() -the ConvergenceTest object failed in test()
StaticAnalysis::analyze() - the Algorithm failed at step: 0 with domain at load factor -841.77
OpenSees > analyze failed, returned: -3 error flag
WARNING: CTestNormDispIncr::test() - failed to converge 
after: 50 iterations  current Norm: 10.1332 (max: 1e-06, Norm deltaR: 20934.4)
AcceleratedNewton::solveCurrentStep() -The ConvergenceTest object failed in test()
StaticAnalysis::analyze() - the Algorithm failed at step: 0 with domain at load factor 902.648
OpenSees > analyze failed, returned: -3 error flag
WARNING: CTestNormDispIncr::test() - failed to converge 
after: 50 iterations  current Norm: 7.32666e+75 (max: 1e-06, Norm deltaR: 7.29339e+79)
ModifiedNewton::solveCurrentStep() -the ConvergenceTest object failed in test()
StaticAnalysis::analyze() - the Algorithm failed at step: 0 with domain at load factor -1.17089e+74
OpenSees > analyze failed, returned: -3 error flag
WARNING: CTestNormDispIncr::test() - failed to converge 
after: 50 iterations  current Norm: 147846 (max: 1e-06, Norm deltaR: 7.98968e+07)
NewtonRaphson::solveCurrentStep() -the ConvergenceTest object failed in test()
StaticAnalysis::analyze() - the Algorithm failed at step: 0 with domain at load factor 806.072
OpenSees > analyze failed, returned: -3 error flag
WARNING: CTestNormDispIncr::test() - failed to converge 
after: 50 iterations  current Norm: 5023.32 (max: 1e-06, Norm deltaR: 2.28669e+08)
NewtonLineSearch::solveCurrentStep() -the ConvergenceTest object failed in test()
StaticAnalysis::analyze() - the Algorithm failed at step: 0 with domain at load factor -11798.3
OpenSees > analyze failed, returned: -3 error flag
WARNING: CTestNormDispIncr::test() - failed to converge 
after: 50 iterations  current Norm: 1058.36 (max: 1e-06, Norm deltaR: 1.27099e+09)
AcceleratedNewton::solveCurrentStep() -The ConvergenceTest object failed in test()
StaticAnalysis::analyze() - the Algorithm failed at step: 0 with domain at load factor 9264.58
OpenSees > analyze failed, returned: -3 error flag
WARNING: CTestNormDispIncr::test() - failed to converge 
after: 50 iterations  current Norm: 4.24711e+78 (max: 1e-06, Norm deltaR: 4.16159e+82)
ModifiedNewton::solveCurrentStep() -the ConvergenceTest object failed in test()
StaticAnalysis::analyze() - the Algorithm failed at step: 0 with domain at load factor -1.73232e+77
OpenSees > analyze failed, returned: -3 error flag
WARNING: CTestNormDispIncr::test() - failed to converge 
after: 50 iterations  current Norm: 51292 (max: 1e-06, Norm deltaR: 1.52027e+08)
NewtonRaphson::solveCurrentStep() -the ConvergenceTest object failed in test()
StaticAnalysis::analyze() - the Algorithm failed at step: 0 with domain at load factor 1558.19
OpenSees > analyze failed, returned: -3 error flag
WARNING: CTestNormDispIncr::test() - failed to converge 
after: 50 iterations  current Norm: 2186.51 (max: 1e-06, Norm deltaR: 1.0594e+08)
NewtonLineSearch::solveCurrentStep() -the ConvergenceTest object failed in test()
StaticAnalysis::analyze() - the Algorithm failed at step: 0 with domain at load factor 881.779
OpenSees > analyze failed, returned: -3 error flag
WARNING: CTestNormDispIncr::test() - failed to converge 
after: 50 iterations  current Norm: 42.9849 (max: 1e-06, Norm deltaR: 120345)
AcceleratedNewton::solveCurrentStep() -The ConvergenceTest object failed in test()
StaticAnalysis::analyze() - the Algorithm failed at step: 0 with domain at load factor 908.15
OpenSees > analyze failed, returned: -3 error flag
WARNING: CTestNormDispIncr::test() - failed to converge 
after: 50 iterations  current Norm: 7.85797e+72 (max: 1e-06, Norm deltaR: 8.01037e+76)
ModifiedNewton::solveCurrentStep() -the ConvergenceTest object failed in test()
StaticAnalysis::analyze() - the Algorithm failed at step: 0 with domain at load factor -6.7154e+70
OpenSees > analyze failed, returned: -3 error flag
WARNING ZeroLength::setDomain(): Element 5000188 has L= 52.047, which is greater than the tolerance
WARNING ZeroLength::setDomain(): Element 5000189 has L= 53.0652, which is greater than the tolerance
WARNING ZeroLength::setDomain(): Element 5000190 has L= 53.977, which is greater than the tolerance
WARNING ZeroLength::setDomain(): Element 5000191 has L= 53.7104, which is greater than the tolerance
WARNING ZeroLength::setDomain(): Element 5000192 has L= 53.8863, which is greater than the tolerance
WARNING: CTestNormDispIncr::test() - failed to converge 
after: 50 iterations  current Norm: 65333.1 (max: 1e-06, Norm deltaR: 2.22513e+09)
NewtonRaphson::solveCurrentStep() -the ConvergenceTest object failed in test()
StaticAnalysis::analyze() - the Algorithm failed at step: 0 with domain at load factor 1244.4
OpenSees > analyze failed, returned: -3 error flag
WARNING: CTestNormDispIncr::test() - failed to converge 
after: 50 iterations  current Norm: 21325 (max: 1e-06, Norm deltaR: 1.21835e+08)
NewtonLineSearch::solveCurrentStep() -the ConvergenceTest object failed in test()
StaticAnalysis::analyze() - the Algorithm failed at step: 0 with domain at load factor 109.46
OpenSees > analyze failed, returned: -3 error flag
WARNING: CTestNormDispIncr::test() - failed to converge 
after: 50 iterations  current Norm: 53524.5 (max: 1e-06, Norm deltaR: 2.35934e+09)
AcceleratedNewton::solveCurrentStep() -The ConvergenceTest object failed in test()
StaticAnalysis::analyze() - the Algorithm failed at step: 0 with domain at load factor -3349.08
OpenSees > analyze failed, returned: -3 error flag
WARNING: CTestNormDispIncr::test() - failed to converge 
after: 50 iterations  current Norm: 1.91908e+79 (max: 1e-06, Norm deltaR: 1.86163e+83)
ModifiedNewton::solveCurrentStep() -the ConvergenceTest object failed in test()
StaticAnalysis::analyze() - the Algorithm failed at step: 0 with domain at load factor -2.42375e+77
OpenSees > analyze failed, returned: -3 error flag
WARNING: CTestNormDispIncr::test() - failed to converge 
after: 50 iterations  current Norm: 95224.2 (max: 1e-06, Norm deltaR: 3.14547e+09)
NewtonRaphson::solveCurrentStep() -the ConvergenceTest object failed in test()
StaticAnalysis::analyze() - the Algorithm failed at step: 0 with domain at load factor 3347.12
OpenSees > analyze failed, returned: -3 error flag
WARNING ZeroLength::setDomain(): Element 5000193 has L= 55.0684, which is greater than the tolerance
WARNING ZeroLength::setDomain(): Element 5000194 has L= 48.196, which is greater than the tolerance
WARNING ZeroLength::setDomain(): Element 5000195 has L= 47.5614, which is greater than the tolerance
WARNING ZeroLength::setDomain(): Element 5000196 has L= 47.7779, which is greater than the tolerance
