WARNING ZeroLength::setDomain(): Element 5000001 has L= 2.5413, which is greater than the tolerance
WARNING ZeroLength::setDomain(): Element 5000002 has L= 2.28804, which is greater than the tolerance
WARNING ZeroLength::setDomain(): Element 5000003 has L= 1.88288, which is greater than the tolerance
WARNING ZeroLength::setDomain(): Element 5000004 has L= 1.88452, which is greater than the tolerance
WARNING ZeroLength::setDomain(): Element 5000005 has L= 1.81987, which is greater than the tolerance
WARNING ZeroLength::setDomain(): Element 5000006 has L= 1.81987, which is greater than the tolerance
WARNING ZeroLength::setDomain(): Element 5000007 has L= 1.88452, which is greater than the tolerance
WARNING ZeroLength::setDomain(): Element 5000008 has L= 1.88288, which is greater than the tolerance
WARNING ZeroLength::setDomain(): Element 5000009 has L= 2.28804, which is greater than the tolerance
WARNING ZeroLength::setDomain(): Element 5000010 has L= 2.5413, which is greater than the tolerance
WARNING ZeroLength::setDomain(): Element 5000011 has L= 2.39456, which is greater than the tolerance
WARNING ZeroLength::setDomain(): Element 5000012 has L= 2.25644, which is greater than the tolerance
WARNING ZeroLength::setDomain(): Element 5000013 has L= 1.99778, which is greater than the tolerance
WARNING ZeroLength::setDomain(): Element 5000014 has L= 2.02342, which is greater than the tolerance
WARNING ZeroLength::setDomain(): Element 5000015 has L= 2.01113, which is greater than the tolerance
WARNING ZeroLength::setDomain(): Element 5000016 has L= 2.01113, which is greater than the tolerance
WARNING ZeroLength::setDomain(): Element 5000017 has L= 2.02342, which is greater than the tolerance
WARNING ZeroLength::setDomain(): Element 5000018 has L= 1.99778, which is greater than the tolerance
WARNING ZeroLength::setDomain(): Element 5000019 has L= 2.25644, which is greater than the tolerance
WARNING ZeroLength::setDomain(): Element 5000020 has L= 2.39456, which is greater than the tolerance
WARNING ZeroLength::setDomain(): Element 5000021 has L= 2.32959, which is greater than the tolerance
WARNING ZeroLength::setDomain(): Element 5000022 has L= 2.28973, which is greater than the tolerance
WARNING ZeroLength::setDomain(): Element 5000023 has L= 2.17162, which is greater than the tolerance
WARNING ZeroLength::setDomain(): Element 5000024 has L= 2.23642, which is greater than the tolerance
WARNING ZeroLength::setDomain(): Element 5000025 has L= 2.2733, which is greater than the tolerance
WARNING ZeroLength::setDomain(): Element 5000026 has L= 2.2733, which is greater than the tolerance
WARNING ZeroLength::setDomain(): Element 5000027 has L= 2.23642, which is greater than the tolerance
WARNING ZeroLength::setDomain(): Element 5000028 has L= 2.17162, which is greater than the tolerance
WARNING ZeroLength::setDomain(): Element 5000029 has L= 2.28973, which is greater than the tolerance
WARNING ZeroLength::setDomain(): Element 5000030 has L= 2.32959, which is greater than the tolerance
WARNING ZeroLength::setDomain(): Element 5000031 has L= 2.37428, which is greater than the tolerance
WARNING ZeroLength::setDomain(): Element 5000032 has L= 2.38613, which is greater than the tolerance
WARNING ZeroLength::setDomain(): Element 5000033 has L= 2.38526, which is greater than the tolerance
WARNING ZeroLength::setDomain(): Element 5000034 has L= 2.5566, which is greater than the tolerance
WARNING ZeroLength::setDomain(): Element 5000035 has L= 2.69672, which is greater than the tolerance
WARNING ZeroLength::setDomain(): Element 5000036 has L= 2.69672, which is greater than the tolerance
WARNING ZeroLength::setDomain(): Element 5000037 has L= 2.5566, which is greater than the tolerance
WARNING ZeroLength::setDomain(): Element 5000038 has L= 2.38526, which is greater than the tolerance
WARNING ZeroLength::setDomain(): Element 5000039 has L= 2.38613, which is greater than the tolerance
WARNING ZeroLength::setDomain(): Element 5000040 has L= 2.37428, which is greater than the tolerance
WARNING ZeroLength::setDomain(): Element 5000041 has L= 2.43403, which is greater than the tolerance
WARNING ZeroLength::setDomain(): Element 5000042 has L= 2.5419, which is greater than the tolerance
WARNING ZeroLength::setDomain(): Element 5000043 has L= 2.69511, which is greater than the tolerance
WARNING ZeroLength::setDomain(): Element 5000044 has L= 2.86141, which is greater than the tolerance
WARNING ZeroLength::setDomain(): Element 5000045 has L= 2.96701, which is greater than the tolerance
WARNING ZeroLength::setDomain(): Element 5000046 has L= 2.96701, which is greater than the tolerance
WARNING ZeroLength::setDomain(): Element 5000047 has L= 2.86141, which is greater than the tolerance
WARNING ZeroLength::setDomain(): Element 5000048 has L= 2.69511, which is greater than the tolerance
WARNING ZeroLength::setDomain(): Element 5000049 has L= 2.5419, which is greater than the tolerance
WARNING ZeroLength::setDomain(): Element 5000050 has L= 2.43403, which is greater than the tolerance
WARNING ZeroLength::setDomain(): Element 5000051 has L= 2.36993, which is greater than the tolerance
WARNING ZeroLength::setDomain(): Element 5000052 has L= 2.56981, which is greater than the tolerance
WARNING ZeroLength::setDomain(): Element 5000053 has L= 2.87483, which is greater than the tolerance
WARNING ZeroLength::setDomain(): Element 5000054 has L= 2.95135, which is greater than the tolerance
WARNING ZeroLength::setDomain(): Element 5000055 has L= 3.03518, which is greater than the tolerance
WARNING ZeroLength::setDomain(): Element 5000056 has L= 3.03518, which is greater than the tolerance
WARNING ZeroLength::setDomain(): Element 5000057 has L= 2.95135, which is greater than the tolerance
WARNING ZeroLength::setDomain(): Element 5000058 has L= 2.87483, which is greater than the tolerance
WARNING ZeroLength::setDomain(): Element 5000059 has L= 2.56981, which is greater than the tolerance
WARNING ZeroLength::setDomain(): Element 5000060 has L= 2.36993, which is greater than the tolerance
WARNING ZeroLength::setDomain(): Element 5000061 has L= 2.2786, which is greater than the tolerance
WARNING ZeroLength::setDomain(): Element 5000062 has L= 2.43768, which is greater than the tolerance
WARNING ZeroLength::setDomain(): Element 5000063 has L= 2.79569, which is greater than the tolerance
WARNING ZeroLength::setDomain(): Element 5000064 has L= 2.90119, which is greater than the tolerance
WARNING ZeroLength::setDomain(): Element 5000065 has L= 3.03149, which is greater than the tolerance
WARNING ZeroLength::setDomain(): Element 5000066 has L= 3.03149, which is greater than the tolerance
WARNING ZeroLength::setDomain(): Element 5000067 has L= 2.90119, which is greater than the tolerance
WARNING ZeroLength::setDomain(): Element 5000068 has L= 2.79569, which is greater than the tolerance
WARNING ZeroLength::setDomain(): Element 5000069 has L= 2.43768, which is greater than the tolerance
WARNING ZeroLength::setDomain(): Element 5000070 has L= 2.2786, which is greater than the tolerance
WARNING ZeroLength::setDomain(): Element 5000071 has L= 2.20374, which is greater than the tolerance
WARNING ZeroLength::setDomain(): Element 5000072 has L= 2.36391, which is greater than the tolerance
WARNING ZeroLength::setDomain(): Element 5000073 has L= 2.73323, which is greater than the tolerance
WARNING ZeroLength::setDomain(): Element 5000074 has L= 2.88479, which is greater than the tolerance
WARNING ZeroLength::setDomain(): Element 5000075 has L= 2.99414, which is greater than the tolerance
WARNING ZeroLength::setDomain(): Element 5000076 has L= 2.99414, which is greater than the tolerance
WARNING ZeroLength::setDomain(): Element 5000077 has L= 2.88479, which is greater than the tolerance
WARNING ZeroLength::setDomain(): Element 5000078 has L= 2.73323, which is greater than the tolerance
WARNING ZeroLength::setDomain(): Element 5000079 has L= 2.36391, which is greater than the tolerance
WARNING ZeroLength::setDomain(): Element 5000080 has L= 2.20374, which is greater than the tolerance
WARNING ZeroLength::setDomain(): Element 5000081 has L= 2.17502, which is greater than the tolerance
WARNING ZeroLength::setDomain(): Element 5000082 has L= 2.30827, which is greater than the tolerance
WARNING ZeroLength::setDomain(): Element 5000083 has L= 2.6599, which is greater than the tolerance
WARNING ZeroLength::setDomain(): Element 5000084 has L= 2.8467, which is greater than the tolerance
WARNING ZeroLength::setDomain(): Element 5000085 has L= 2.89276, which is greater than the tolerance
WARNING ZeroLength::setDomain(): Element 5000086 has L= 2.89276, which is greater than the tolerance
WARNING ZeroLength::setDomain(): Element 5000087 has L= 2.8467, which is greater than the tolerance
WARNING ZeroLength::setDomain(): Element 5000088 has L= 2.6599, which is greater than the tolerance
WARNING ZeroLength::setDomain(): Element 5000089 has L= 2.30827, which is greater than the tolerance
WARNING ZeroLength::setDomain(): Element 5000090 has L= 2.17502, which is greater than the tolerance
WARNING: CTestNormDispIncr::test() - failed to converge 
after: 50 iterations  current Norm: 15052 (max: 1e-06, Norm deltaR: 5.94897e+08)
NewtonRaphson::solveCurrentStep() -the ConvergenceTest object failed in test()
StaticAnalysis::analyze() - the Algorithm failed at step: 0 with domain at load factor 1032.92
OpenSees > analyze failed, returned: -3 error flag
WARNING: CTestNormDispIncr::test() - failed to converge 
after: 50 iterations  current Norm: 1865.81 (max: 1e-06, Norm deltaR: 9.38863e+07)
NewtonLineSearch::solveCurrentStep() -the ConvergenceTest object failed in test()
StaticAnalysis::analyze() - the Algorithm failed at step: 0 with domain at load factor 3039.98
OpenSees > analyze failed, returned: -3 error flag
WARNING: CTestNormDispIncr::test() - failed to converge 
after: 50 iterations  current Norm: 0.649691 (max: 1e-06, Norm deltaR: 10003.2)
AcceleratedNewton::solveCurrentStep() -The ConvergenceTest object failed in test()
StaticAnalysis::analyze() - the Algorithm failed at step: 0 with domain at load factor 334.274
OpenSees > analyze failed, returned: -3 error flag
WARNING: CTestNormDispIncr::test() - failed to converge 
after: 50 iterations  current Norm: 1.81143e+59 (max: 1e-06, Norm deltaR: 1.64843e+63)
ModifiedNewton::solveCurrentStep() -the ConvergenceTest object failed in test()
StaticAnalysis::analyze() - the Algorithm failed at step: 0 with domain at load factor -3.4871e+58
OpenSees > analyze failed, returned: -3 error flag
WARNING: CTestNormDispIncr::test() - failed to converge 
after: 50 iterations  current Norm: 47890.9 (max: 1e-06, Norm deltaR: 1.02984e+09)
NewtonRaphson::solveCurrentStep() -the ConvergenceTest object failed in test()
StaticAnalysis::analyze() - the Algorithm failed at step: 0 with domain at load factor 7107.1
OpenSees > analyze failed, returned: -3 error flag
WARNING: CTestNormDispIncr::test() - failed to converge 
after: 50 iterations  current Norm: 28713.2 (max: 1e-06, Norm deltaR: 3.50642e+08)
NewtonRaphson::solveCurrentStep() -the ConvergenceTest object failed in test()
StaticAnalysis::analyze() - the Algorithm failed at step: 0 with domain at load factor 151.81
OpenSees > analyze failed, returned: -3 error flag
WARNING: CTestNormDispIncr::test() - failed to converge 
after: 50 iterations  current Norm: 3968.18 (max: 1e-06, Norm deltaR: 1.91941e+08)
NewtonLineSearch::solveCurrentStep() -the ConvergenceTest object failed in test()
StaticAnalysis::analyze() - the Algorithm failed at step: 0 with domain at load factor -185.712
OpenSees > analyze failed, returned: -3 error flag
WARNING: CTestNormDispIncr::test() - failed to converge 
after: 50 iterations  current Norm: 21760.1 (max: 1e-06, Norm deltaR: 2.73291e+08)
AcceleratedNewton::solveCurrentStep() -The ConvergenceTest object failed in test()
StaticAnalysis::analyze() - the Algorithm failed at step: 0 with domain at load factor -319.962
OpenSees > analyze failed, returned: -3 error flag
WARNING: CTestNormDispIncr::test() - failed to converge 
after: 50 iterations  current Norm: 2.7653e+66 (max: 1e-06, Norm deltaR: 1.16397e+70)
ModifiedNewton::solveCurrentStep() -the ConvergenceTest object failed in test()
StaticAnalysis::analyze() - the Algorithm failed at step: 0 with domain at load factor 2.31859e+65
OpenSees > analyze failed, returned: -3 error flag
WARNING: CTestNormDispIncr::test() - failed to converge 
after: 50 iterations  current Norm: 2.27361e+07 (max: 1e-06, Norm deltaR: 6.31807e+07)
NewtonRaphson::solveCurrentStep() -the ConvergenceTest object failed in test()
StaticAnalysis::analyze() - the Algorithm failed at step: 0 with domain at load factor -394.191
OpenSees > analyze failed, returned: -3 error flag
WARNING: CTestNormDispIncr::test() - failed to converge 
after: 50 iterations  current Norm: 6119.5 (max: 1e-06, Norm deltaR: 2.05484e+08)
NewtonLineSearch::solveCurrentStep() -the ConvergenceTest object failed in test()
StaticAnalysis::analyze() - the Algorithm failed at step: 0 with domain at load factor -17307.5
OpenSees > analyze failed, returned: -3 error flag
WARNING: CTestNormDispIncr::test() - failed to converge 
after: 50 iterations  current Norm: 18002.7 (max: 1e-06, Norm deltaR: 4.01391e+08)
AcceleratedNewton::solveCurrentStep() -The ConvergenceTest object failed in test()
StaticAnalysis::analyze() - the Algorithm failed at step: 0 with domain at load factor 10877.3
OpenSees > analyze failed, returned: -3 error flag
WARNING: CTestNormDispIncr::test() - failed to converge 
after: 50 iterations  current Norm: 1.33074e+70 (max: 1e-06, Norm deltaR: 1.22135e+74)
ModifiedNewton::solveCurrentStep() -the ConvergenceTest object failed in test()
StaticAnalysis::analyze() - the Algorithm failed at step: 0 with domain at load factor -1.69915e+69
OpenSees > analyze failed, returned: -3 error flag
WARNING: CTestNormDispIncr::test() - failed to converge 
after: 50 iterations  current Norm: 32576.2 (max: 1e-06, Norm deltaR: 1.15399e+09)
NewtonRaphson::solveCurrentStep() -the ConvergenceTest object failed in test()
StaticAnalysis::analyze() - the Algorithm failed at step: 0 with domain at load factor 2177.56
OpenSees > analyze failed, returned: -3 error flag
WARNING: CTestNormDispIncr::test() - failed to converge 
after: 50 iterations  current Norm: 2256.66 (max: 1e-06, Norm deltaR: 1.00384e+08)
NewtonLineSearch::solveCurrentStep() -the ConvergenceTest object failed in test()
StaticAnalysis::analyze() - the Algorithm failed at step: 0 with domain at load factor 1545.23
OpenSees > analyze failed, returned: -3 error flag
WARNING: CTestNormDispIncr::test() - failed to converge 
after: 50 iterations  current Norm: 58987.2 (max: 1e-06, Norm deltaR: 2.33022e+09)
AcceleratedNewton::solveCurrentStep() -The ConvergenceTest object failed in test()
StaticAnalysis::analyze() - the Algorithm failed at step: 0 with domain at load factor 14712.5
OpenSees > analyze failed, returned: -3 error flag
WARNING: CTestNormDispIncr::test() - failed to converge 
after: 50 iterations  current Norm: 3.06858e+67 (max: 1e-06, Norm deltaR: 2.74902e+71)
ModifiedNewton::solveCurrentStep() -the ConvergenceTest object failed in test()
StaticAnalysis::analyze() - the Algorithm failed at step: 0 with domain at load factor -2.28669e+66
OpenSees > analyze failed, returned: -3 error flag
WARNING: CTestNormDispIncr::test() - failed to converge 
after: 50 iterations  current Norm: 49548.2 (max: 1e-06, Norm deltaR: 1.02087e+09)
NewtonRaphson::solveCurrentStep() -the ConvergenceTest object failed in test()
StaticAnalysis::analyze() - the Algorithm failed at step: 0 with domain at load factor -9187.73
OpenSees > analyze failed, returned: -3 error flag
WARNING: CTestNormDispIncr::test() - failed to converge 
after: 50 iterations  current Norm: 2146.31 (max: 1e-06, Norm deltaR: 1.81449e+08)
NewtonLineSearch::solveCurrentStep() -the ConvergenceTest object failed in test()
StaticAnalysis::analyze() - the Algorithm failed at step: 0 with domain at load factor 10154.4
OpenSees > analyze failed, returned: -3 error flag
WARNING ZeroLength::setDomain(): Element 5000091 has L= 7.89006, which is greater than the tolerance
WARNING ZeroLength::setDomain(): Element 5000092 has L= 8.04793, which is greater than the tolerance
WARNING ZeroLength::setDomain(): Element 5000093 has L= 51.2631, which is greater than the tolerance
WARNING ZeroLength::setDomain(): Element 5000094 has L= 7.74419, which is greater than the tolerance
WARNING ZeroLength::setDomain(): Element 5000095 has L= 47.6509, which is greater than the tolerance
WARNING ZeroLength::setDomain(): Element 5000096 has L= 55.1538, which is greater than the tolerance
WARNING ZeroLength::setDomain(): Element 5000097 has L= 8.20044, which is greater than the tolerance
WARNING ZeroLength::setDomain(): Element 5000098 has L= 7.89006, which is greater than the tolerance
WARNING ZeroLength::setDomain(): Element 5000099 has L= 8.04793, which is greater than the tolerance
WARNING ZeroLength::setDomain(): Element 5000100 has L= 21.4567, which is greater than the tolerance
WARNING ZeroLength::setDomain(): Element 5000101 has L= 59.2574, which is greater than the tolerance
WARNING ZeroLength::setDomain(): Element 5000102 has L= 21.0526, which is greater than the tolerance
WARNING ZeroLength::setDomain(): Element 5000103 has L= 7.74419, which is greater than the tolerance
WARNING ZeroLength::setDomain(): Element 5000104 has L= 63.6237, which is greater than the tolerance
WARNING ZeroLength::setDomain(): Element 5000105 has L= 21.4567, which is greater than the tolerance
WARNING ZeroLength::setDomain(): Element 5000106 has L= 7.58918, which is greater than the tolerance
WARNING ZeroLength::setDomain(): Element 5000107 has L= 21.9055, which is greater than the tolerance
WARNING ZeroLength::setDomain(): Element 5000108 has L= 21.9055, which is greater than the tolerance
WARNING ZeroLength::setDomain(): Element 5000109 has L= 58.742, which is greater than the tolerance
WARNING ZeroLength::setDomain(): Element 5000110 has L= 21.0526, which is greater than the tolerance
WARNING ZeroLength::setDomain(): Element 5000111 has L= 16.2907, which is greater than the tolerance
WARNING ZeroLength::setDomain(): Element 5000112 has L= 7.58918, which is greater than the tolerance
WARNING ZeroLength::setDomain(): Element 5000113 has L= 22.415, which is greater than the tolerance
WARNING ZeroLength::setDomain(): Element 5000114 has L= 16.9821, which is greater than the tolerance
WARNING ZeroLength::setDomain(): Element 5000115 has L= 16.6335, which is greater than the tolerance
WARNING ZeroLength::setDomain(): Element 5000116 has L= 61.761, which is greater than the tolerance
WARNING: CTestNormDispIncr::test() - failed to converge 
after: 50 iterations  current Norm: 1.13418 (max: 1e-06, Norm deltaR: 22498.4)
NewtonRaphson::solveCurrentStep() -the ConvergenceTest object failed in test()
StaticAnalysis::analyze() - the Algorithm failed at step: 0 with domain at load factor 419.469
OpenSees > analyze failed, returned: -3 error flag
WARNING ZeroLength::setDomain(): Element 5000117 has L= 8.36873, which is greater than the tolerance
WARNING ZeroLength::setDomain(): Element 5000118 has L= 17.3906, which is greater than the tolerance
WARNING ZeroLength::setDomain(): Element 5000119 has L= 7.41488, which is greater than the tolerance
WARNING ZeroLength::setDomain(): Element 5000120 has L= 9.97744, which is greater than the tolerance
WARNING ZeroLength::setDomain(): Element 5000121 has L= 16.2907, which is greater than the tolerance
WARNING ZeroLength::setDomain(): Element 5000122 has L= 20.6592, which is greater than the tolerance
WARNING ZeroLength::setDomain(): Element 5000123 has L= 17.7952, which is greater than the tolerance
WARNING ZeroLength::setDomain(): Element 5000124 has L= 16.9821, which is greater than the tolerance
WARNING ZeroLength::setDomain(): Element 5000125 has L= 9.74995, which is greater than the tolerance
WARNING ZeroLength::setDomain(): Element 5000126 has L= 10.7496, which is greater than the tolerance
WARNING ZeroLength::setDomain(): Element 5000127 has L= 20.6592, which is greater than the tolerance
WARNING ZeroLength::setDomain(): Element 5000128 has L= 7.25964, which is greater than the tolerance
WARNING: CTestNormDispIncr::test() - failed to converge 
after: 50 iterations  current Norm: 31343.8 (max: 1e-06, Norm deltaR: 6.84104e+08)
NewtonRaphson::solveCurrentStep() -the ConvergenceTest object failed in test()
StaticAnalysis::analyze() - the Algorithm failed at step: 0 with domain at load factor 5425.21
OpenSees > analyze failed, returned: -3 error flag
WARNING ZeroLength::setDomain(): Element 5000129 has L= 16.6335, which is greater than the tolerance
WARNING ZeroLength::setDomain(): Element 5000130 has L= 15.9848, which is greater than the tolerance
WARNING: CTestNormDispIncr::test() - failed to converge 
after: 50 iterations  current Norm: 95797.7 (max: 1e-06, Norm deltaR: 9.10704e+07)
NewtonRaphson::solveCurrentStep() -the ConvergenceTest object failed in test()
StaticAnalysis::analyze() - the Algorithm failed at step: 0 with domain at load factor -363.858
OpenSees > analyze failed, returned: -3 error flag
WARNING ZeroLength::setDomain(): Element 5000131 has L= 67.0005, which is greater than the tolerance
WARNING ZeroLength::setDomain(): Element 5000132 has L= 10.2317, which is greater than the tolerance
WARNING: CTestNormDispIncr::test() - failed to converge 
after: 50 iterations  current Norm: 37540.9 (max: 1e-06, Norm deltaR: 7.65764e+08)
NewtonRaphson::solveCurrentStep() -the ConvergenceTest object failed in test()
StaticAnalysis::analyze() - the Algorithm failed at step: 0 with domain at load factor -11233.6
OpenSees > analyze failed, returned: -3 error flag
WARNING ZeroLength::setDomain(): Element 5000133 has L= 8.56775, which is greater than the tolerance
WARNING ZeroLength::setDomain(): Element 5000134 has L= 22.415, which is greater than the tolerance
WARNING: CTestNormDispIncr::test() - failed to converge 
after: 50 iterations  current Norm: 60823.2 (max: 1e-06, Norm deltaR: 1.38886e+09)
NewtonRaphson::solveCurrentStep() -the ConvergenceTest object failed in test()
StaticAnalysis::analyze() - the Algorithm failed at step: 0 with domain at load factor 5949.3
OpenSees > analyze failed, returned: -3 error flag
WARNING ZeroLength::setDomain(): Element 5000135 has L= 18.1711, which is greater than the tolerance
WARNING ZeroLength::setDomain(): Element 5000136 has L= 7.41488, which is greater than the tolerance
WARNING: CTestNormDispIncr::test() - failed to converge 
after: 50 iterations  current Norm: 30270.2 (max: 1e-06, Norm deltaR: 1.59624e+08)
NewtonRaphson::solveCurrentStep() -the ConvergenceTest object failed in test()
StaticAnalysis::analyze() - the Algorithm failed at step: 0 with domain at load factor 663.81
OpenSees > analyze failed, returned: -3 error flag
WARNING ZeroLength::setDomain(): Element 5000137 has L= 17.3906, which is greater than the tolerance
WARNING ZeroLength::setDomain(): Element 5000138 has L= 54.7013, which is greater than the tolerance
WARNING ZeroLength::setDomain(): Element 5000139 has L= 66.4183, which is greater than the tolerance
WARNING ZeroLength::setDomain(): Element 5000140 has L= 35.0747, which is greater than the tolerance
WARNING ZeroLength::setDomain(): Element 5000141 has L= 35.0747, which is greater than the tolerance
WARNING ZeroLength::setDomain(): Element 5000142 has L= 34.3916, which is greater than the tolerance
WARNING ZeroLength::setDomain(): Element 5000143 has L= 65.3638, which is greater than the tolerance
WARNING ZeroLength::setDomain(): Element 5000144 has L= 20.2344, which is greater than the tolerance
WARNING ZeroLength::setDomain(): Element 5000145 has L= 15.6721, which is greater than the tolerance
WARNING ZeroLength::setDomain(): Element 5000146 has L= 9.54482, which is greater than the tolerance
WARNING ZeroLength::setDomain(): Element 5000147 has L= 8.76469, which is greater than the tolerance
WARNING ZeroLength::setDomain(): Element 5000148 has L= 7.14204, which is greater than the tolerance
WARNING ZeroLength::setDomain(): Element 5000149 has L= 15.9848, which is greater than the tolerance
WARNING ZeroLength::setDomain(): Element 5000150 has L= 35.7856, which is greater than the tolerance
WARNING ZeroLength::setDomain(): Element 5000151 has L= 8.20044, which is greater than the tolerance
WARNING ZeroLength::setDomain(): Element 5000152 has L= 53.4694, which is greater than the tolerance
WARNING ZeroLength::setDomain(): Element 5000153 has L= 52.0191, which is greater than the tolerance
WARNING ZeroLength::setDomain(): Element 5000154 has L= 52.2419, which is greater than the tolerance
WARNING ZeroLength::setDomain(): Element 5000155 has L= 33.7841, which is greater than the tolerance
WARNING ZeroLength::setDomain(): Element 5000156 has L= 61.1104, which is greater than the tolerance
WARNING ZeroLength::setDomain(): Element 5000157 has L= 58.7227, which is greater than the tolerance
WARNING ZeroLength::setDomain(): Element 5000158 has L= 55.1958, which is greater than the tolerance
WARNING: CTestNormDispIncr::test() - failed to converge 
after: 50 iterations  current Norm: 72467.1 (max: 1e-06, Norm deltaR: 3.63374e+09)
NewtonRaphson::solveCurrentStep() -the ConvergenceTest object failed in test()
StaticAnalysis::analyze() - the Algorithm failed at step: 0 with domain at load factor 374.251
OpenSees > analyze failed, returned: -3 error flag
WARNING ZeroLength::setDomain(): Element 5000159 has L= 22.8361, which is greater than the tolerance
WARNING ZeroLength::setDomain(): Element 5000160 has L= 63.7849, which is greater than the tolerance
WARNING ZeroLength::setDomain(): Element 5000161 has L= 56.844, which is greater than the tolerance
WARNING ZeroLength::setDomain(): Element 5000162 has L= 27.4167, which is greater than the tolerance
WARNING ZeroLength::setDomain(): Element 5000163 has L= 56.6036, which is greater than the tolerance
WARNING ZeroLength::setDomain(): Element 5000164 has L= 33.7841, which is greater than the tolerance
WARNING ZeroLength::setDomain(): Element 5000165 has L= 55.969, which is greater than the tolerance
WARNING ZeroLength::setDomain(): Element 5000166 has L= 10.4998, which is greater than the tolerance
WARNING ZeroLength::setDomain(): Element 5000167 has L= 20.2344, which is greater than the tolerance
WARNING ZeroLength::setDomain(): Element 5000168 has L= 46.3636, which is greater than the tolerance
WARNING ZeroLength::setDomain(): Element 5000169 has L= 46.3004, which is greater than the tolerance
WARNING ZeroLength::setDomain(): Element 5000170 has L= 46.6139, which is greater than the tolerance
WARNING ZeroLength::setDomain(): Element 5000171 has L= 45.9264, which is greater than the tolerance
WARNING ZeroLength::setDomain(): Element 5000172 has L= 10.2317, which is greater than the tolerance
WARNING ZeroLength::setDomain(): Element 5000173 has L= 7.25964, which is greater than the tolerance
WARNING ZeroLength::setDomain(): Element 5000174 has L= 18.5075, which is greater than the tolerance
WARNING ZeroLength::setDomain(): Element 5000175 has L= 60.2328, which is greater than the tolerance
WARNING ZeroLength::setDomain(): Element 5000176 has L= 55.1678, which is greater than the tolerance
WARNING ZeroLength::setDomain(): Element 5000177 has L= 46.0287, which is greater than the tolerance
WARNING ZeroLength::setDomain(): Element 5000178 has L= 62.6139, which is greater than the tolerance
WARNING ZeroLength::setDomain(): Element 5000179 has L= 53.5782, which is greater than the tolerance
WARNING ZeroLength::setDomain(): Element 5000180 has L= 56.7849, which is greater than the tolerance
WARNING ZeroLength::setDomain(): Element 5000181 has L= 33.1343, which is greater than the tolerance
WARNING ZeroLength::setDomain(): Element 5000182 has L= 28.0552, which is greater than the tolerance
WARNING ZeroLength::setDomain(): Element 5000183 has L= 49.6123, which is greater than the tolerance
WARNING ZeroLength::setDomain(): Element 5000184 has L= 50.2456, which is greater than the tolerance
WARNING ZeroLength::setDomain(): Element 5000185 has L= 66.6466, which is greater than the tolerance
WARNING ZeroLength::setDomain(): Element 5000186 has L= 28.7657, which is greater than the tolerance
WARNING ZeroLength::setDomain(): Element 5000187 has L= 34.3916, which is greater than the tolerance
WARNING ZeroLength::setDomain(): Element 5000188 has L= 51.0756, which is greater than the tolerance
WARNING ZeroLength::setDomain(): Element 5000189 has L= 29.349, which is greater than the tolerance
WARNING ZeroLength::setDomain(): Element 5000190 has L= 36.4666, which is greater than the tolerance
WARNING ZeroLength::setDomain(): Element 5000191 has L= 8.91754, which is greater than the tolerance
WARNING ZeroLength::setDomain(): Element 5000192 has L= 26.8403, which is greater than the tolerance
