WARNING ZeroLength::setDomain(): Element 5000001 has L= 2.52412, which is greater than the tolerance
WARNING ZeroLength::setDomain(): Element 5000002 has L= 2.2708, which is greater than the tolerance
WARNING ZeroLength::setDomain(): Element 5000003 has L= 1.86561, which is greater than the tolerance
WARNING ZeroLength::setDomain(): Element 5000004 has L= 1.86726, which is greater than the tolerance
WARNING ZeroLength::setDomain(): Element 5000005 has L= 1.8026, which is greater than the tolerance
WARNING ZeroLength::setDomain(): Element 5000006 has L= 1.8026, which is greater than the tolerance
WARNING ZeroLength::setDomain(): Element 5000007 has L= 1.86726, which is greater than the tolerance
WARNING ZeroLength::setDomain(): Element 5000008 has L= 1.86561, which is greater than the tolerance
WARNING ZeroLength::setDomain(): Element 5000009 has L= 2.2708, which is greater than the tolerance
WARNING ZeroLength::setDomain(): Element 5000010 has L= 2.52412, which is greater than the tolerance
WARNING ZeroLength::setDomain(): Element 5000011 has L= 2.37739, which is greater than the tolerance
WARNING ZeroLength::setDomain(): Element 5000012 has L= 2.2392, which is greater than the tolerance
WARNING ZeroLength::setDomain(): Element 5000013 has L= 1.98051, which is greater than the tolerance
WARNING ZeroLength::setDomain(): Element 5000014 has L= 2.00615, which is greater than the tolerance
WARNING ZeroLength::setDomain(): Element 5000015 has L= 1.99386, which is greater than the tolerance
WARNING ZeroLength::setDomain(): Element 5000016 has L= 1.99386, which is greater than the tolerance
WARNING ZeroLength::setDomain(): Element 5000017 has L= 2.00615, which is greater than the tolerance
WARNING ZeroLength::setDomain(): Element 5000018 has L= 1.98051, which is greater than the tolerance
WARNING ZeroLength::setDomain(): Element 5000019 has L= 2.2392, which is greater than the tolerance
WARNING ZeroLength::setDomain(): Element 5000020 has L= 2.37739, which is greater than the tolerance
WARNING ZeroLength::setDomain(): Element 5000021 has L= 2.31239, which is greater than the tolerance
WARNING ZeroLength::setDomain(): Element 5000022 has L= 2.27247, which is greater than the tolerance
WARNING ZeroLength::setDomain(): Element 5000023 has L= 2.15435, which is greater than the tolerance
WARNING ZeroLength::setDomain(): Element 5000024 has L= 2.21915, which is greater than the tolerance
WARNING ZeroLength::setDomain(): Element 5000025 has L= 2.25603, which is greater than the tolerance
WARNING ZeroLength::setDomain(): Element 5000026 has L= 2.25603, which is greater than the tolerance
WARNING ZeroLength::setDomain(): Element 5000027 has L= 2.21915, which is greater than the tolerance
WARNING ZeroLength::setDomain(): Element 5000028 has L= 2.15435, which is greater than the tolerance
WARNING ZeroLength::setDomain(): Element 5000029 has L= 2.27247, which is greater than the tolerance
WARNING ZeroLength::setDomain(): Element 5000030 has L= 2.31239, which is greater than the tolerance
WARNING ZeroLength::setDomain(): Element 5000031 has L= 2.35704, which is greater than the tolerance
WARNING ZeroLength::setDomain(): Element 5000032 has L= 2.36887, which is greater than the tolerance
WARNING ZeroLength::setDomain(): Element 5000033 has L= 2.36799, which is greater than the tolerance
WARNING ZeroLength::setDomain(): Element 5000034 has L= 2.53933, which is greater than the tolerance
WARNING ZeroLength::setDomain(): Element 5000035 has L= 2.67945, which is greater than the tolerance
WARNING ZeroLength::setDomain(): Element 5000036 has L= 2.67945, which is greater than the tolerance
WARNING ZeroLength::setDomain(): Element 5000037 has L= 2.53933, which is greater than the tolerance
WARNING ZeroLength::setDomain(): Element 5000038 has L= 2.36799, which is greater than the tolerance
WARNING ZeroLength::setDomain(): Element 5000039 has L= 2.36887, which is greater than the tolerance
WARNING ZeroLength::setDomain(): Element 5000040 has L= 2.35704, which is greater than the tolerance
WARNING ZeroLength::setDomain(): Element 5000041 has L= 2.41677, which is greater than the tolerance
WARNING ZeroLength::setDomain(): Element 5000042 has L= 2.52463, which is greater than the tolerance
WARNING ZeroLength::setDomain(): Element 5000043 has L= 2.67784, which is greater than the tolerance
WARNING ZeroLength::setDomain(): Element 5000044 has L= 2.84414, which is greater than the tolerance
WARNING ZeroLength::setDomain(): Element 5000045 has L= 2.94974, which is greater than the tolerance
WARNING ZeroLength::setDomain(): Element 5000046 has L= 2.94974, which is greater than the tolerance
WARNING ZeroLength::setDomain(): Element 5000047 has L= 2.84414, which is greater than the tolerance
WARNING ZeroLength::setDomain(): Element 5000048 has L= 2.67784, which is greater than the tolerance
WARNING ZeroLength::setDomain(): Element 5000049 has L= 2.52463, which is greater than the tolerance
WARNING ZeroLength::setDomain(): Element 5000050 has L= 2.41677, which is greater than the tolerance
WARNING ZeroLength::setDomain(): Element 5000051 has L= 2.35267, which is greater than the tolerance
WARNING ZeroLength::setDomain(): Element 5000052 has L= 2.55254, which is greater than the tolerance
WARNING ZeroLength::setDomain(): Element 5000053 has L= 2.85757, which is greater than the tolerance
WARNING ZeroLength::setDomain(): Element 5000054 has L= 2.93408, which is greater than the tolerance
WARNING ZeroLength::setDomain(): Element 5000055 has L= 3.01791, which is greater than the tolerance
WARNING ZeroLength::setDomain(): Element 5000056 has L= 3.01791, which is greater than the tolerance
WARNING ZeroLength::setDomain(): Element 5000057 has L= 2.93408, which is greater than the tolerance
WARNING ZeroLength::setDomain(): Element 5000058 has L= 2.85757, which is greater than the tolerance
WARNING ZeroLength::setDomain(): Element 5000059 has L= 2.55254, which is greater than the tolerance
WARNING ZeroLength::setDomain(): Element 5000060 has L= 2.35267, which is greater than the tolerance
WARNING ZeroLength::setDomain(): Element 5000061 has L= 2.26134, which is greater than the tolerance
WARNING ZeroLength::setDomain(): Element 5000062 has L= 2.42041, which is greater than the tolerance
WARNING ZeroLength::setDomain(): Element 5000063 has L= 2.77842, which is greater than the tolerance
WARNING ZeroLength::setDomain(): Element 5000064 has L= 2.88392, which is greater than the tolerance
WARNING ZeroLength::setDomain(): Element 5000065 has L= 3.01422, which is greater than the tolerance
WARNING ZeroLength::setDomain(): Element 5000066 has L= 3.01422, which is greater than the tolerance
WARNING ZeroLength::setDomain(): Element 5000067 has L= 2.88392, which is greater than the tolerance
WARNING ZeroLength::setDomain(): Element 5000068 has L= 2.77842, which is greater than the tolerance
WARNING ZeroLength::setDomain(): Element 5000069 has L= 2.42041, which is greater than the tolerance
WARNING ZeroLength::setDomain(): Element 5000070 has L= 2.26134, which is greater than the tolerance
WARNING ZeroLength::setDomain(): Element 5000071 has L= 2.18648, which is greater than the tolerance
WARNING ZeroLength::setDomain(): Element 5000072 has L= 2.34664, which is greater than the tolerance
WARNING ZeroLength::setDomain(): Element 5000073 has L= 2.71596, which is greater than the tolerance
WARNING ZeroLength::setDomain(): Element 5000074 has L= 2.86752, which is greater than the tolerance
WARNING ZeroLength::setDomain(): Element 5000075 has L= 2.97687, which is greater than the tolerance
WARNING ZeroLength::setDomain(): Element 5000076 has L= 2.97687, which is greater than the tolerance
WARNING ZeroLength::setDomain(): Element 5000077 has L= 2.86752, which is greater than the tolerance
WARNING ZeroLength::setDomain(): Element 5000078 has L= 2.71596, which is greater than the tolerance
WARNING ZeroLength::setDomain(): Element 5000079 has L= 2.34664, which is greater than the tolerance
WARNING ZeroLength::setDomain(): Element 5000080 has L= 2.18648, which is greater than the tolerance
WARNING ZeroLength::setDomain(): Element 5000081 has L= 2.15776, which is greater than the tolerance
WARNING ZeroLength::setDomain(): Element 5000082 has L= 2.291, which is greater than the tolerance
WARNING ZeroLength::setDomain(): Element 5000083 has L= 2.64263, which is greater than the tolerance
WARNING ZeroLength::setDomain(): Element 5000084 has L= 2.82943, which is greater than the tolerance
WARNING ZeroLength::setDomain(): Element 5000085 has L= 2.87549, which is greater than the tolerance
WARNING ZeroLength::setDomain(): Element 5000086 has L= 2.87549, which is greater than the tolerance
WARNING ZeroLength::setDomain(): Element 5000087 has L= 2.82943, which is greater than the tolerance
WARNING ZeroLength::setDomain(): Element 5000088 has L= 2.64263, which is greater than the tolerance
WARNING ZeroLength::setDomain(): Element 5000089 has L= 2.291, which is greater than the tolerance
WARNING ZeroLength::setDomain(): Element 5000090 has L= 2.15776, which is greater than the tolerance
WARNING: CTestNormDispIncr::test() - failed to converge 
after: 50 iterations  current Norm: 51245.8 (max: 1e-06, Norm deltaR: 9.04011e+08)
NewtonRaphson::solveCurrentStep() -the ConvergenceTest object failed in test()
StaticAnalysis::analyze() - the Algorithm failed at step: 0 with domain at load factor -1779.46
OpenSees > analyze failed, returned: -3 error flag
WARNING: CTestNormDispIncr::test() - failed to converge 
after: 50 iterations  current Norm: 2642.2 (max: 1e-06, Norm deltaR: 1.1414e+08)
NewtonLineSearch::solveCurrentStep() -the ConvergenceTest object failed in test()
StaticAnalysis::analyze() - the Algorithm failed at step: 0 with domain at load factor -1020.15
OpenSees > analyze failed, returned: -3 error flag
WARNING: CTestNormDispIncr::test() - failed to converge 
after: 50 iterations  current Norm: 69.6746 (max: 1e-06, Norm deltaR: 255405)
AcceleratedNewton::solveCurrentStep() -The ConvergenceTest object failed in test()
StaticAnalysis::analyze() - the Algorithm failed at step: 0 with domain at load factor 324.998
OpenSees > analyze failed, returned: -3 error flag
WARNING: CTestNormDispIncr::test() - failed to converge 
after: 50 iterations  current Norm: 3.11072e+63 (max: 1e-06, Norm deltaR: 2.48676e+67)
ModifiedNewton::solveCurrentStep() -the ConvergenceTest object failed in test()
StaticAnalysis::analyze() - the Algorithm failed at step: 0 with domain at load factor -3.53485e+62
OpenSees > analyze failed, returned: -3 error flag
WARNING: CTestNormDispIncr::test() - failed to converge 
after: 50 iterations  current Norm: 22861.7 (max: 1e-06, Norm deltaR: 3.10105e+08)
NewtonRaphson::solveCurrentStep() -the ConvergenceTest object failed in test()
StaticAnalysis::analyze() - the Algorithm failed at step: 0 with domain at load factor 1430.46
OpenSees > analyze failed, returned: -3 error flag
WARNING: CTestNormDispIncr::test() - failed to converge 
after: 50 iterations  current Norm: 4024.69 (max: 1e-06, Norm deltaR: 1.65122e+08)
NewtonLineSearch::solveCurrentStep() -the ConvergenceTest object failed in test()
StaticAnalysis::analyze() - the Algorithm failed at step: 0 with domain at load factor -2760.43
OpenSees > analyze failed, returned: -3 error flag
WARNING: CTestNormDispIncr::test() - failed to converge 
after: 50 iterations  current Norm: 7760.28 (max: 1e-06, Norm deltaR: 7.70744e+07)
AcceleratedNewton::solveCurrentStep() -The ConvergenceTest object failed in test()
StaticAnalysis::analyze() - the Algorithm failed at step: 0 with domain at load factor -71.8212
OpenSees > analyze failed, returned: -3 error flag
WARNING: CTestNormDispIncr::test() - failed to converge 
after: 50 iterations  current Norm: 2.1023e+66 (max: 1e-06, Norm deltaR: 1.2423e+70)
ModifiedNewton::solveCurrentStep() -the ConvergenceTest object failed in test()
StaticAnalysis::analyze() - the Algorithm failed at step: 0 with domain at load factor 9.73113e+64
OpenSees > analyze failed, returned: -3 error flag
WARNING: CTestNormDispIncr::test() - failed to converge 
after: 50 iterations  current Norm: 621092 (max: 1e-06, Norm deltaR: 6.06579e+07)
NewtonRaphson::solveCurrentStep() -the ConvergenceTest object failed in test()
StaticAnalysis::analyze() - the Algorithm failed at step: 0 with domain at load factor -462.603
OpenSees > analyze failed, returned: -3 error flag
WARNING: CTestNormDispIncr::test() - failed to converge 
after: 50 iterations  current Norm: 117203 (max: 1e-06, Norm deltaR: 2.53539e+09)
NewtonLineSearch::solveCurrentStep() -the ConvergenceTest object failed in test()
StaticAnalysis::analyze() - the Algorithm failed at step: 0 with domain at load factor -45030
OpenSees > analyze failed, returned: -3 error flag
WARNING: CTestNormDispIncr::test() - failed to converge 
after: 50 iterations  current Norm: 9689.88 (max: 1e-06, Norm deltaR: 2.72714e+08)
AcceleratedNewton::solveCurrentStep() -The ConvergenceTest object failed in test()
StaticAnalysis::analyze() - the Algorithm failed at step: 0 with domain at load factor -1196.97
OpenSees > analyze failed, returned: -3 error flag
WARNING: CTestNormDispIncr::test() - failed to converge 
after: 50 iterations  current Norm: 4.1881e+66 (max: 1e-06, Norm deltaR: 3.2394e+70)
ModifiedNewton::solveCurrentStep() -the ConvergenceTest object failed in test()
StaticAnalysis::analyze() - the Algorithm failed at step: 0 with domain at load factor -1.54761e+66
OpenSees > analyze failed, returned: -3 error flag
WARNING: CTestNormDispIncr::test() - failed to converge 
after: 50 iterations  current Norm: 358180 (max: 1e-06, Norm deltaR: 7.83783e+09)
NewtonRaphson::solveCurrentStep() -the ConvergenceTest object failed in test()
StaticAnalysis::analyze() - the Algorithm failed at step: 0 with domain at load factor 3236.88
OpenSees > analyze failed, returned: -3 error flag
WARNING: CTestNormDispIncr::test() - failed to converge 
after: 50 iterations  current Norm: 2346.51 (max: 1e-06, Norm deltaR: 1.34397e+08)
NewtonLineSearch::solveCurrentStep() -the ConvergenceTest object failed in test()
StaticAnalysis::analyze() - the Algorithm failed at step: 0 with domain at load factor -3492.84
OpenSees > analyze failed, returned: -3 error flag
WARNING: CTestNormDispIncr::test() - failed to converge 
after: 50 iterations  current Norm: 21896.8 (max: 1e-06, Norm deltaR: 2.56895e+09)
AcceleratedNewton::solveCurrentStep() -The ConvergenceTest object failed in test()
StaticAnalysis::analyze() - the Algorithm failed at step: 0 with domain at load factor -3436.25
OpenSees > analyze failed, returned: -3 error flag
WARNING: CTestNormDispIncr::test() - failed to converge 
after: 50 iterations  current Norm: 2.64963e+70 (max: 1e-06, Norm deltaR: 2.40682e+74)
ModifiedNewton::solveCurrentStep() -the ConvergenceTest object failed in test()
StaticAnalysis::analyze() - the Algorithm failed at step: 0 with domain at load factor -4.77057e+69
OpenSees > analyze failed, returned: -3 error flag
WARNING: CTestNormDispIncr::test() - failed to converge 
after: 50 iterations  current Norm: 64926.9 (max: 1e-06, Norm deltaR: 6.95276e+07)
NewtonRaphson::solveCurrentStep() -the ConvergenceTest object failed in test()
StaticAnalysis::analyze() - the Algorithm failed at step: 0 with domain at load factor -513.214
OpenSees > analyze failed, returned: -3 error flag
WARNING: CTestNormDispIncr::test() - failed to converge 
after: 50 iterations  current Norm: 29499.3 (max: 1e-06, Norm deltaR: 8.05075e+08)
NewtonRaphson::solveCurrentStep() -the ConvergenceTest object failed in test()
StaticAnalysis::analyze() - the Algorithm failed at step: 0 with domain at load factor 1282.24
OpenSees > analyze failed, returned: -3 error flag
WARNING: CTestNormDispIncr::test() - failed to converge 
after: 50 iterations  current Norm: 7.55891 (max: 1e-06, Norm deltaR: 884026)
NewtonLineSearch::solveCurrentStep() -the ConvergenceTest object failed in test()
StaticAnalysis::analyze() - the Algorithm failed at step: 0 with domain at load factor 211.171
OpenSees > analyze failed, returned: -3 error flag
WARNING ZeroLength::setDomain(): Element 5000091 has L= 7.83973, which is greater than the tolerance
WARNING ZeroLength::setDomain(): Element 5000092 has L= 7.9976, which is greater than the tolerance
WARNING ZeroLength::setDomain(): Element 5000093 has L= 50.3366, which is greater than the tolerance
WARNING ZeroLength::setDomain(): Element 5000094 has L= 7.69387, which is greater than the tolerance
WARNING: CTestNormDispIncr::test() - failed to converge 
after: 50 iterations  current Norm: 18576.1 (max: 1e-06, Norm deltaR: 9.60572e+07)
NewtonRaphson::solveCurrentStep() -the ConvergenceTest object failed in test()
StaticAnalysis::analyze() - the Algorithm failed at step: 0 with domain at load factor -880.964
OpenSees > analyze failed, returned: -3 error flag
WARNING: CTestNormDispIncr::test() - failed to converge 
after: 50 iterations  current Norm: 8559.65 (max: 1e-06, Norm deltaR: 1.60688e+08)
NewtonLineSearch::solveCurrentStep() -the ConvergenceTest object failed in test()
StaticAnalysis::analyze() - the Algorithm failed at step: 0 with domain at load factor 33385.9
OpenSees > analyze failed, returned: -3 error flag
WARNING: CTestNormDispIncr::test() - failed to converge 
after: 50 iterations  current Norm: 33.7756 (max: 1e-06, Norm deltaR: 1.50899e+06)
AcceleratedNewton::solveCurrentStep() -The ConvergenceTest object failed in test()
StaticAnalysis::analyze() - the Algorithm failed at step: 0 with domain at load factor 299.981
OpenSees > analyze failed, returned: -3 error flag
WARNING: CTestNormDispIncr::test() - failed to converge 
after: 50 iterations  current Norm: 1.47528 (max: 1e-06, Norm deltaR: 79317.5)
ModifiedNewton::solveCurrentStep() -the ConvergenceTest object failed in test()
StaticAnalysis::analyze() - the Algorithm failed at step: 0 with domain at load factor 305.366
OpenSees > analyze failed, returned: -3 error flag
WARNING: CTestNormDispIncr::test() - failed to converge 
after: 50 iterations  current Norm: 34111.4 (max: 1e-06, Norm deltaR: 1.7286e+08)
NewtonRaphson::solveCurrentStep() -the ConvergenceTest object failed in test()
StaticAnalysis::analyze() - the Algorithm failed at step: 0 with domain at load factor -2931.6
OpenSees > analyze failed, returned: -3 error flag
WARNING ZeroLength::setDomain(): Element 5000095 has L= 45.995, which is greater than the tolerance
WARNING ZeroLength::setDomain(): Element 5000096 has L= 49.0883, which is greater than the tolerance
WARNING ZeroLength::setDomain(): Element 5000097 has L= 52.4949, which is greater than the tolerance
WARNING ZeroLength::setDomain(): Element 5000098 has L= 54.1319, which is greater than the tolerance
WARNING ZeroLength::setDomain(): Element 5000099 has L= 8.1501, which is greater than the tolerance
WARNING ZeroLength::setDomain(): Element 5000100 has L= 7.83973, which is greater than the tolerance
WARNING ZeroLength::setDomain(): Element 5000101 has L= 7.9976, which is greater than the tolerance
WARNING ZeroLength::setDomain(): Element 5000102 has L= 56.1181, which is greater than the tolerance
WARNING ZeroLength::setDomain(): Element 5000103 has L= 58.2188, which is greater than the tolerance
WARNING ZeroLength::setDomain(): Element 5000104 has L= 21.0051, which is greater than the tolerance
WARNING: CTestNormDispIncr::test() - failed to converge 
after: 50 iterations  current Norm: 521973 (max: 1e-06, Norm deltaR: 1.69257e+10)
NewtonRaphson::solveCurrentStep() -the ConvergenceTest object failed in test()
StaticAnalysis::analyze() - the Algorithm failed at step: 0 with domain at load factor -56026.7
OpenSees > analyze failed, returned: -3 error flag
WARNING: CTestNormDispIncr::test() - failed to converge 
after: 50 iterations  current Norm: 4.10656 (max: 1e-06, Norm deltaR: 656859)
NewtonLineSearch::solveCurrentStep() -the ConvergenceTest object failed in test()
StaticAnalysis::analyze() - the Algorithm failed at step: 0 with domain at load factor 392.242
OpenSees > analyze failed, returned: -3 error flag
WARNING: CTestNormDispIncr::test() - failed to converge 
after: 50 iterations  current Norm: 20892.3 (max: 1e-06, Norm deltaR: 1.87291e+08)
AcceleratedNewton::solveCurrentStep() -The ConvergenceTest object failed in test()
StaticAnalysis::analyze() - the Algorithm failed at step: 0 with domain at load factor 4486.71
OpenSees > analyze failed, returned: -3 error flag
WARNING: CTestNormDispIncr::test() - failed to converge 
after: 50 iterations  current Norm: 4.92382e+80 (max: 1e-06, Norm deltaR: 4.45235e+84)
ModifiedNewton::solveCurrentStep() -the ConvergenceTest object failed in test()
StaticAnalysis::analyze() - the Algorithm failed at step: 0 with domain at load factor -2.06406e+79
OpenSees > analyze failed, returned: -3 error flag
WARNING: CTestNormDispIncr::test() - failed to converge 
after: 50 iterations  current Norm: 85167.6 (max: 1e-06, Norm deltaR: 2.33115e+09)
NewtonRaphson::solveCurrentStep() -the ConvergenceTest object failed in test()
StaticAnalysis::analyze() - the Algorithm failed at step: 0 with domain at load factor 15178.8
OpenSees > analyze failed, returned: -3 error flag
WARNING ZeroLength::setDomain(): Element 5000105 has L= 21.4092, which is greater than the tolerance
WARNING ZeroLength::setDomain(): Element 5000106 has L= 57.655, which is greater than the tolerance
WARNING ZeroLength::setDomain(): Element 5000107 has L= 55.1819, which is greater than the tolerance
WARNING ZeroLength::setDomain(): Element 5000108 has L= 49.9934, which is greater than the tolerance
WARNING ZeroLength::setDomain(): Element 5000109 has L= 50.6549, which is greater than the tolerance
WARNING ZeroLength::setDomain(): Element 5000110 has L= 53.7151, which is greater than the tolerance
WARNING ZeroLength::setDomain(): Element 5000111 has L= 7.69387, which is greater than the tolerance
WARNING ZeroLength::setDomain(): Element 5000112 has L= 7.53887, which is greater than the tolerance
WARNING: CTestNormDispIncr::test() - failed to converge 
after: 50 iterations  current Norm: 9373.15 (max: 1e-06, Norm deltaR: 2.53311e+08)
NewtonRaphson::solveCurrentStep() -the ConvergenceTest object failed in test()
StaticAnalysis::analyze() - the Algorithm failed at step: 0 with domain at load factor -446.634
OpenSees > analyze failed, returned: -3 error flag
WARNING ZeroLength::setDomain(): Element 5000113 has L= 55.9108, which is greater than the tolerance
WARNING ZeroLength::setDomain(): Element 5000114 has L= 21.0051, which is greater than the tolerance
WARNING ZeroLength::setDomain(): Element 5000115 has L= 21.4092, which is greater than the tolerance
WARNING ZeroLength::setDomain(): Element 5000116 has L= 60.4774, which is greater than the tolerance
WARNING ZeroLength::setDomain(): Element 5000117 has L= 21.8581, which is greater than the tolerance
WARNING ZeroLength::setDomain(): Element 5000118 has L= 16.9318, which is greater than the tolerance
WARNING ZeroLength::setDomain(): Element 5000119 has L= 17.3402, which is greater than the tolerance
WARNING ZeroLength::setDomain(): Element 5000120 has L= 60.7502, which is greater than the tolerance
WARNING ZeroLength::setDomain(): Element 5000121 has L= 21.8581, which is greater than the tolerance
WARNING ZeroLength::setDomain(): Element 5000122 has L= 58.1742, which is greater than the tolerance
WARNING ZeroLength::setDomain(): Element 5000123 has L= 7.53887, which is greater than the tolerance
WARNING ZeroLength::setDomain(): Element 5000124 has L= 17.7449, which is greater than the tolerance
WARNING ZeroLength::setDomain(): Element 5000125 has L= 20.6116, which is greater than the tolerance
WARNING ZeroLength::setDomain(): Element 5000126 has L= 52.4594, which is greater than the tolerance
WARNING: CTestNormDispIncr::test() - failed to converge 
after: 50 iterations  current Norm: 97916.2 (max: 1e-06, Norm deltaR: 4.05492e+08)
NewtonRaphson::solveCurrentStep() -the ConvergenceTest object failed in test()
StaticAnalysis::analyze() - the Algorithm failed at step: 0 with domain at load factor 936.562
OpenSees > analyze failed, returned: -3 error flag
WARNING ZeroLength::setDomain(): Element 5000127 has L= 8.3184, which is greater than the tolerance
WARNING ZeroLength::setDomain(): Element 5000128 has L= 7.36456, which is greater than the tolerance
WARNING ZeroLength::setDomain(): Element 5000129 has L= 9.93888, which is greater than the tolerance
WARNING ZeroLength::setDomain(): Element 5000130 has L= 20.6116, which is greater than the tolerance
WARNING ZeroLength::setDomain(): Element 5000131 has L= 18.1207, which is greater than the tolerance
WARNING ZeroLength::setDomain(): Element 5000132 has L= 65.1185, which is greater than the tolerance
WARNING ZeroLength::setDomain(): Element 5000133 has L= 7.20933, which is greater than the tolerance
WARNING ZeroLength::setDomain(): Element 5000134 has L= 9.7112, which is greater than the tolerance
WARNING ZeroLength::setDomain(): Element 5000135 has L= 8.51742, which is greater than the tolerance
WARNING ZeroLength::setDomain(): Element 5000136 has L= 8.1501, which is greater than the tolerance
WARNING ZeroLength::setDomain(): Element 5000137 has L= 7.36456, which is greater than the tolerance
WARNING ZeroLength::setDomain(): Element 5000138 has L= 59.7945, which is greater than the tolerance
WARNING ZeroLength::setDomain(): Element 5000139 has L= 16.2404, which is greater than the tolerance
WARNING ZeroLength::setDomain(): Element 5000140 has L= 22.3677, which is greater than the tolerance
WARNING ZeroLength::setDomain(): Element 5000141 has L= 16.5832, which is greater than the tolerance
WARNING ZeroLength::setDomain(): Element 5000142 has L= 15.9344, which is greater than the tolerance
WARNING: CTestNormDispIncr::test() - failed to converge 
after: 50 iterations  current Norm: 169608 (max: 1e-06, Norm deltaR: 6.58475e+07)
NewtonRaphson::solveCurrentStep() -the ConvergenceTest object failed in test()
StaticAnalysis::analyze() - the Algorithm failed at step: 0 with domain at load factor 752.45
OpenSees > analyze failed, returned: -3 error flag
WARNING ZeroLength::setDomain(): Element 5000143 has L= 54.1688, which is greater than the tolerance
WARNING ZeroLength::setDomain(): Element 5000144 has L= 51.5236, which is greater than the tolerance
WARNING ZeroLength::setDomain(): Element 5000145 has L= 52.6289, which is greater than the tolerance
WARNING ZeroLength::setDomain(): Element 5000146 has L= 51.3739, which is greater than the tolerance
WARNING ZeroLength::setDomain(): Element 5000147 has L= 59.7279, which is greater than the tolerance
WARNING ZeroLength::setDomain(): Element 5000148 has L= 16.9318, which is greater than the tolerance
WARNING ZeroLength::setDomain(): Element 5000149 has L= 65.1946, which is greater than the tolerance
WARNING ZeroLength::setDomain(): Element 5000150 has L= 8.71437, which is greater than the tolerance
WARNING ZeroLength::setDomain(): Element 5000151 has L= 60.2564, which is greater than the tolerance
WARNING ZeroLength::setDomain(): Element 5000152 has L= 10.4614, which is greater than the tolerance
WARNING ZeroLength::setDomain(): Element 5000153 has L= 7.09174, which is greater than the tolerance
WARNING ZeroLength::setDomain(): Element 5000154 has L= 10.1932, which is greater than the tolerance
WARNING ZeroLength::setDomain(): Element 5000155 has L= 55.7605, which is greater than the tolerance
WARNING ZeroLength::setDomain(): Element 5000156 has L= 66.1348, which is greater than the tolerance
WARNING ZeroLength::setDomain(): Element 5000157 has L= 53.7265, which is greater than the tolerance
WARNING ZeroLength::setDomain(): Element 5000158 has L= 20.1868, which is greater than the tolerance
WARNING ZeroLength::setDomain(): Element 5000159 has L= 20.1868, which is greater than the tolerance
WARNING ZeroLength::setDomain(): Element 5000160 has L= 18.4572, which is greater than the tolerance
WARNING ZeroLength::setDomain(): Element 5000161 has L= 15.9344, which is greater than the tolerance
WARNING ZeroLength::setDomain(): Element 5000162 has L= 9.50582, which is greater than the tolerance
WARNING ZeroLength::setDomain(): Element 5000163 has L= 34.3421, which is greater than the tolerance
WARNING ZeroLength::setDomain(): Element 5000164 has L= 69.6844, which is greater than the tolerance
WARNING ZeroLength::setDomain(): Element 5000165 has L= 62.7877, which is greater than the tolerance
WARNING ZeroLength::setDomain(): Element 5000166 has L= 68.0305, which is greater than the tolerance
WARNING ZeroLength::setDomain(): Element 5000167 has L= 63.482, which is greater than the tolerance
WARNING ZeroLength::setDomain(): Element 5000168 has L= 64.4819, which is greater than the tolerance
WARNING ZeroLength::setDomain(): Element 5000169 has L= 33.7345, which is greater than the tolerance
WARNING ZeroLength::setDomain(): Element 5000170 has L= 17.3402, which is greater than the tolerance
WARNING ZeroLength::setDomain(): Element 5000171 has L= 15.6218, which is greater than the tolerance
WARNING ZeroLength::setDomain(): Element 5000172 has L= 7.20933, which is greater than the tolerance
WARNING ZeroLength::setDomain(): Element 5000173 has L= 62.2755, which is greater than the tolerance
WARNING ZeroLength::setDomain(): Element 5000174 has L= 57.868, which is greater than the tolerance
WARNING ZeroLength::setDomain(): Element 5000175 has L= 61.9687, which is greater than the tolerance
WARNING ZeroLength::setDomain(): Element 5000176 has L= 26.7899, which is greater than the tolerance
WARNING ZeroLength::setDomain(): Element 5000177 has L= 55.2598, which is greater than the tolerance
WARNING ZeroLength::setDomain(): Element 5000178 has L= 22.7888, which is greater than the tolerance
WARNING ZeroLength::setDomain(): Element 5000179 has L= 28.7154, which is greater than the tolerance
WARNING ZeroLength::setDomain(): Element 5000180 has L= 52.732, which is greater than the tolerance
WARNING ZeroLength::setDomain(): Element 5000181 has L= 15.6218, which is greater than the tolerance
WARNING ZeroLength::setDomain(): Element 5000182 has L= 28.0049, which is greater than the tolerance
WARNING ZeroLength::setDomain(): Element 5000183 has L= 56.8053, which is greater than the tolerance
WARNING ZeroLength::setDomain(): Element 5000184 has L= 47.1491, which is greater than the tolerance
WARNING ZeroLength::setDomain(): Element 5000185 has L= 47.5375, which is greater than the tolerance
WARNING ZeroLength::setDomain(): Element 5000186 has L= 27.3663, which is greater than the tolerance
WARNING ZeroLength::setDomain(): Element 5000187 has L= 53.7338, which is greater than the tolerance
WARNING ZeroLength::setDomain(): Element 5000188 has L= 54.0029, which is greater than the tolerance
WARNING ZeroLength::setDomain(): Element 5000189 has L= 51.0321, which is greater than the tolerance
WARNING ZeroLength::setDomain(): Element 5000190 has L= 35.7361, which is greater than the tolerance
WARNING ZeroLength::setDomain(): Element 5000191 has L= 56.1767, which is greater than the tolerance
WARNING ZeroLength::setDomain(): Element 5000192 has L= 59.3533, which is greater than the tolerance
WARNING ZeroLength::setDomain(): Element 5000193 has L= 51.2068, which is greater than the tolerance
WARNING ZeroLength::setDomain(): Element 5000194 has L= 56.5595, which is greater than the tolerance
WARNING ZeroLength::setDomain(): Element 5000195 has L= 50.5469, which is greater than the tolerance
WARNING ZeroLength::setDomain(): Element 5000196 has L= 49.2498, which is greater than the tolerance
WARNING ZeroLength::setDomain(): Element 5000197 has L= 53.9082, which is greater than the tolerance
WARNING ZeroLength::setDomain(): Element 5000198 has L= 46.8814, which is greater than the tolerance
WARNING ZeroLength::setDomain(): Element 5000199 has L= 65.1314, which is greater than the tolerance
