WARNING ZeroLength::setDomain(): Element 5000001 has L= 2.57215, which is greater than the tolerance
WARNING ZeroLength::setDomain(): Element 5000002 has L= 2.31898, which is greater than the tolerance
WARNING ZeroLength::setDomain(): Element 5000003 has L= 1.91387, which is greater than the tolerance
WARNING ZeroLength::setDomain(): Element 5000004 has L= 1.91551, which is greater than the tolerance
WARNING ZeroLength::setDomain(): Element 5000005 has L= 1.85088, which is greater than the tolerance
WARNING ZeroLength::setDomain(): Element 5000006 has L= 1.85088, which is greater than the tolerance
WARNING ZeroLength::setDomain(): Element 5000007 has L= 1.91551, which is greater than the tolerance
WARNING ZeroLength::setDomain(): Element 5000008 has L= 1.91387, which is greater than the tolerance
WARNING ZeroLength::setDomain(): Element 5000009 has L= 2.31898, which is greater than the tolerance
WARNING ZeroLength::setDomain(): Element 5000010 has L= 2.57215, which is greater than the tolerance
WARNING ZeroLength::setDomain(): Element 5000011 has L= 2.4254, which is greater than the tolerance
WARNING ZeroLength::setDomain(): Element 5000012 has L= 2.2874, which is greater than the tolerance
WARNING ZeroLength::setDomain(): Element 5000013 has L= 2.02878, which is greater than the tolerance
WARNING ZeroLength::setDomain(): Element 5000014 has L= 2.05443, which is greater than the tolerance
WARNING ZeroLength::setDomain(): Element 5000015 has L= 2.04214, which is greater than the tolerance
WARNING ZeroLength::setDomain(): Element 5000016 has L= 2.04214, which is greater than the tolerance
WARNING ZeroLength::setDomain(): Element 5000017 has L= 2.05443, which is greater than the tolerance
WARNING ZeroLength::setDomain(): Element 5000018 has L= 2.02878, which is greater than the tolerance
WARNING ZeroLength::setDomain(): Element 5000019 has L= 2.2874, which is greater than the tolerance
WARNING ZeroLength::setDomain(): Element 5000020 has L= 2.4254, which is greater than the tolerance
WARNING ZeroLength::setDomain(): Element 5000021 has L= 2.36046, which is greater than the tolerance
WARNING ZeroLength::setDomain(): Element 5000022 has L= 2.32071, which is greater than the tolerance
WARNING ZeroLength::setDomain(): Element 5000023 has L= 2.20263, which is greater than the tolerance
WARNING ZeroLength::setDomain(): Element 5000024 has L= 2.26743, which is greater than the tolerance
WARNING ZeroLength::setDomain(): Element 5000025 has L= 2.30431, which is greater than the tolerance
WARNING ZeroLength::setDomain(): Element 5000026 has L= 2.30431, which is greater than the tolerance
WARNING ZeroLength::setDomain(): Element 5000027 has L= 2.26743, which is greater than the tolerance
WARNING ZeroLength::setDomain(): Element 5000028 has L= 2.20263, which is greater than the tolerance
WARNING ZeroLength::setDomain(): Element 5000029 has L= 2.32071, which is greater than the tolerance
WARNING ZeroLength::setDomain(): Element 5000030 has L= 2.36046, which is greater than the tolerance
WARNING ZeroLength::setDomain(): Element 5000031 has L= 2.40524, which is greater than the tolerance
WARNING ZeroLength::setDomain(): Element 5000032 has L= 2.41713, which is greater than the tolerance
WARNING ZeroLength::setDomain(): Element 5000033 has L= 2.41627, which is greater than the tolerance
WARNING ZeroLength::setDomain(): Element 5000034 has L= 2.58761, which is greater than the tolerance
WARNING ZeroLength::setDomain(): Element 5000035 has L= 2.72773, which is greater than the tolerance
WARNING ZeroLength::setDomain(): Element 5000036 has L= 2.72773, which is greater than the tolerance
WARNING ZeroLength::setDomain(): Element 5000037 has L= 2.58761, which is greater than the tolerance
WARNING ZeroLength::setDomain(): Element 5000038 has L= 2.41627, which is greater than the tolerance
WARNING ZeroLength::setDomain(): Element 5000039 has L= 2.41713, which is greater than the tolerance
WARNING ZeroLength::setDomain(): Element 5000040 has L= 2.40524, which is greater than the tolerance
WARNING ZeroLength::setDomain(): Element 5000041 has L= 2.46503, which is greater than the tolerance
WARNING ZeroLength::setDomain(): Element 5000042 has L= 2.5729, which is greater than the tolerance
WARNING ZeroLength::setDomain(): Element 5000043 has L= 2.72612, which is greater than the tolerance
WARNING ZeroLength::setDomain(): Element 5000044 has L= 2.89242, which is greater than the tolerance
WARNING ZeroLength::setDomain(): Element 5000045 has L= 2.99802, which is greater than the tolerance
WARNING ZeroLength::setDomain(): Element 5000046 has L= 2.99802, which is greater than the tolerance
WARNING ZeroLength::setDomain(): Element 5000047 has L= 2.89242, which is greater than the tolerance
WARNING ZeroLength::setDomain(): Element 5000048 has L= 2.72612, which is greater than the tolerance
WARNING ZeroLength::setDomain(): Element 5000049 has L= 2.5729, which is greater than the tolerance
WARNING ZeroLength::setDomain(): Element 5000050 has L= 2.46503, which is greater than the tolerance
WARNING ZeroLength::setDomain(): Element 5000051 has L= 2.40093, which is greater than the tolerance
WARNING ZeroLength::setDomain(): Element 5000052 has L= 2.60081, which is greater than the tolerance
WARNING ZeroLength::setDomain(): Element 5000053 has L= 2.90584, which is greater than the tolerance
WARNING ZeroLength::setDomain(): Element 5000054 has L= 2.98236, which is greater than the tolerance
WARNING ZeroLength::setDomain(): Element 5000055 has L= 3.06618, which is greater than the tolerance
WARNING ZeroLength::setDomain(): Element 5000056 has L= 3.06618, which is greater than the tolerance
WARNING ZeroLength::setDomain(): Element 5000057 has L= 2.98236, which is greater than the tolerance
WARNING ZeroLength::setDomain(): Element 5000058 has L= 2.90584, which is greater than the tolerance
WARNING ZeroLength::setDomain(): Element 5000059 has L= 2.60081, which is greater than the tolerance
WARNING ZeroLength::setDomain(): Element 5000060 has L= 2.40093, which is greater than the tolerance
WARNING ZeroLength::setDomain(): Element 5000061 has L= 2.30959, which is greater than the tolerance
WARNING ZeroLength::setDomain(): Element 5000062 has L= 2.46869, which is greater than the tolerance
WARNING ZeroLength::setDomain(): Element 5000063 has L= 2.8267, which is greater than the tolerance
WARNING ZeroLength::setDomain(): Element 5000064 has L= 2.9322, which is greater than the tolerance
WARNING ZeroLength::setDomain(): Element 5000065 has L= 3.0625, which is greater than the tolerance
WARNING ZeroLength::setDomain(): Element 5000066 has L= 3.0625, which is greater than the tolerance
WARNING ZeroLength::setDomain(): Element 5000067 has L= 2.9322, which is greater than the tolerance
WARNING ZeroLength::setDomain(): Element 5000068 has L= 2.8267, which is greater than the tolerance
WARNING ZeroLength::setDomain(): Element 5000069 has L= 2.46869, which is greater than the tolerance
WARNING ZeroLength::setDomain(): Element 5000070 has L= 2.30959, which is greater than the tolerance
WARNING ZeroLength::setDomain(): Element 5000071 has L= 2.23472, which is greater than the tolerance
WARNING ZeroLength::setDomain(): Element 5000072 has L= 2.39492, which is greater than the tolerance
WARNING ZeroLength::setDomain(): Element 5000073 has L= 2.76424, which is greater than the tolerance
WARNING ZeroLength::setDomain(): Element 5000074 has L= 2.9158, which is greater than the tolerance
WARNING ZeroLength::setDomain(): Element 5000075 has L= 3.02515, which is greater than the tolerance
WARNING ZeroLength::setDomain(): Element 5000076 has L= 3.02515, which is greater than the tolerance
WARNING ZeroLength::setDomain(): Element 5000077 has L= 2.9158, which is greater than the tolerance
WARNING ZeroLength::setDomain(): Element 5000078 has L= 2.76424, which is greater than the tolerance
WARNING ZeroLength::setDomain(): Element 5000079 has L= 2.39492, which is greater than the tolerance
WARNING ZeroLength::setDomain(): Element 5000080 has L= 2.23472, which is greater than the tolerance
WARNING ZeroLength::setDomain(): Element 5000081 has L= 2.20602, which is greater than the tolerance
WARNING ZeroLength::setDomain(): Element 5000082 has L= 2.33927, which is greater than the tolerance
WARNING ZeroLength::setDomain(): Element 5000083 has L= 2.69091, which is greater than the tolerance
WARNING ZeroLength::setDomain(): Element 5000084 has L= 2.87771, which is greater than the tolerance
WARNING ZeroLength::setDomain(): Element 5000085 has L= 2.92377, which is greater than the tolerance
WARNING ZeroLength::setDomain(): Element 5000086 has L= 2.92377, which is greater than the tolerance
WARNING ZeroLength::setDomain(): Element 5000087 has L= 2.87771, which is greater than the tolerance
WARNING ZeroLength::setDomain(): Element 5000088 has L= 2.69091, which is greater than the tolerance
WARNING ZeroLength::setDomain(): Element 5000089 has L= 2.33927, which is greater than the tolerance
WARNING ZeroLength::setDomain(): Element 5000090 has L= 2.20602, which is greater than the tolerance
WARNING ZeroLength::setDomain(): Element 5000091 has L= 7.72037, which is greater than the tolerance
WARNING ZeroLength::setDomain(): Element 5000092 has L= 7.72037, which is greater than the tolerance
WARNING: CTestNormDispIncr::test() - failed to converge 
after: 50 iterations  current Norm: 18512 (max: 1e-06, Norm deltaR: 3.87209e+08)
NewtonRaphson::solveCurrentStep() -the ConvergenceTest object failed in test()
StaticAnalysis::analyze() - the Algorithm failed at step: 0 with domain at load factor 55.8431
OpenSees > analyze failed, returned: -3 error flag
WARNING: CTestNormDispIncr::test() - failed to converge 
after: 50 iterations  current Norm: 327151 (max: 1e-06, Norm deltaR: 6.55564e+07)
NewtonRaphson::solveCurrentStep() -the ConvergenceTest object failed in test()
StaticAnalysis::analyze() - the Algorithm failed at step: 0 with domain at load factor -746.927
OpenSees > analyze failed, returned: -3 error flag
WARNING: CTestNormDispIncr::test() - failed to converge 
after: 50 iterations  current Norm: 18655.2 (max: 1e-06, Norm deltaR: 2.09834e+08)
NewtonLineSearch::solveCurrentStep() -the ConvergenceTest object failed in test()
StaticAnalysis::analyze() - the Algorithm failed at step: 0 with domain at load factor -436.899
OpenSees > analyze failed, returned: -3 error flag
WARNING: CTestNormDispIncr::test() - failed to converge 
after: 50 iterations  current Norm: 1557.51 (max: 1e-06, Norm deltaR: 4.20096e+08)
AcceleratedNewton::solveCurrentStep() -The ConvergenceTest object failed in test()
StaticAnalysis::analyze() - the Algorithm failed at step: 0 with domain at load factor 285.024
OpenSees > analyze failed, returned: -3 error flag
WARNING: CTestNormDispIncr::test() - failed to converge 
after: 50 iterations  current Norm: 3.30601e+64 (max: 1e-06, Norm deltaR: 1.02778e+68)
ModifiedNewton::solveCurrentStep() -the ConvergenceTest object failed in test()
StaticAnalysis::analyze() - the Algorithm failed at step: 0 with domain at load factor -3.16054e+63
OpenSees > analyze failed, returned: -3 error flag
WARNING: CTestNormDispIncr::test() - failed to converge 
after: 50 iterations  current Norm: 65518.1 (max: 1e-06, Norm deltaR: 2.6404e+08)
NewtonRaphson::solveCurrentStep() -the ConvergenceTest object failed in test()
StaticAnalysis::analyze() - the Algorithm failed at step: 0 with domain at load factor -7540.3
OpenSees > analyze failed, returned: -3 error flag
WARNING: CTestNormDispIncr::test() - failed to converge 
after: 50 iterations  current Norm: 67864.3 (max: 1e-06, Norm deltaR: 7.56366e+08)
NewtonRaphson::solveCurrentStep() -the ConvergenceTest object failed in test()
StaticAnalysis::analyze() - the Algorithm failed at step: 0 with domain at load factor 648.179
OpenSees > analyze failed, returned: -3 error flag
WARNING: CTestNormDispIncr::test() - failed to converge 
after: 50 iterations  current Norm: 3696.46 (max: 1e-06, Norm deltaR: 2.17612e+08)
NewtonLineSearch::solveCurrentStep() -the ConvergenceTest object failed in test()
StaticAnalysis::analyze() - the Algorithm failed at step: 0 with domain at load factor 2930.68
OpenSees > analyze failed, returned: -3 error flag
WARNING: CTestNormDispIncr::test() - failed to converge 
after: 50 iterations  current Norm: 5544.67 (max: 1e-06, Norm deltaR: 6.2668e+07)
AcceleratedNewton::solveCurrentStep() -The ConvergenceTest object failed in test()
StaticAnalysis::analyze() - the Algorithm failed at step: 0 with domain at load factor -246.242
OpenSees > analyze failed, returned: -3 error flag
WARNING: CTestNormDispIncr::test() - failed to converge 
after: 50 iterations  current Norm: 1.10884e+65 (max: 1e-06, Norm deltaR: 9.82254e+68)
ModifiedNewton::solveCurrentStep() -the ConvergenceTest object failed in test()
StaticAnalysis::analyze() - the Algorithm failed at step: 0 with domain at load factor -1.37149e+64
OpenSees > analyze failed, returned: -3 error flag
WARNING: CTestNormDispIncr::test() - failed to converge 
after: 50 iterations  current Norm: 56910.8 (max: 1e-06, Norm deltaR: 1.2615e+09)
NewtonRaphson::solveCurrentStep() -the ConvergenceTest object failed in test()
StaticAnalysis::analyze() - the Algorithm failed at step: 0 with domain at load factor 4309.37
OpenSees > analyze failed, returned: -3 error flag
WARNING: CTestNormDispIncr::test() - failed to converge 
after: 50 iterations  current Norm: 6507.17 (max: 1e-06, Norm deltaR: 9.25506e+07)
NewtonLineSearch::solveCurrentStep() -the ConvergenceTest object failed in test()
StaticAnalysis::analyze() - the Algorithm failed at step: 0 with domain at load factor 928.194
OpenSees > analyze failed, returned: -3 error flag
WARNING: CTestNormDispIncr::test() - failed to converge 
after: 50 iterations  current Norm: 23836 (max: 1e-06, Norm deltaR: 5.02903e+08)
AcceleratedNewton::solveCurrentStep() -The ConvergenceTest object failed in test()
StaticAnalysis::analyze() - the Algorithm failed at step: 0 with domain at load factor 1190.59
OpenSees > analyze failed, returned: -3 error flag
WARNING: CTestNormDispIncr::test() - failed to converge 
after: 50 iterations  current Norm: 1.34583e+67 (max: 1e-06, Norm deltaR: 1.22005e+71)
ModifiedNewton::solveCurrentStep() -the ConvergenceTest object failed in test()
StaticAnalysis::analyze() - the Algorithm failed at step: 0 with domain at load factor -1.12647e+66
OpenSees > analyze failed, returned: -3 error flag
WARNING: CTestNormDispIncr::test() - failed to converge 
after: 50 iterations  current Norm: 231060 (max: 1e-06, Norm deltaR: 5.84187e+09)
NewtonRaphson::solveCurrentStep() -the ConvergenceTest object failed in test()
StaticAnalysis::analyze() - the Algorithm failed at step: 0 with domain at load factor -36635.7
OpenSees > analyze failed, returned: -3 error flag
WARNING ZeroLength::setDomain(): Element 5000093 has L= 7.91238, which is greater than the tolerance
WARNING ZeroLength::setDomain(): Element 5000094 has L= 8.07026, which is greater than the tolerance
WARNING ZeroLength::setDomain(): Element 5000095 has L= 51.4285, which is greater than the tolerance
WARNING ZeroLength::setDomain(): Element 5000096 has L= 7.76651, which is greater than the tolerance
WARNING: CTestNormDispIncr::test() - failed to converge 
after: 50 iterations  current Norm: 56170.3 (max: 1e-06, Norm deltaR: 2.19095e+08)
NewtonRaphson::solveCurrentStep() -the ConvergenceTest object failed in test()
StaticAnalysis::analyze() - the Algorithm failed at step: 0 with domain at load factor -821.847
OpenSees > analyze failed, returned: -3 error flag
WARNING ZeroLength::setDomain(): Element 5000097 has L= 8.22276, which is greater than the tolerance
WARNING ZeroLength::setDomain(): Element 5000098 has L= 50.1815, which is greater than the tolerance
WARNING ZeroLength::setDomain(): Element 5000099 has L= 53.7056, which is greater than the tolerance
WARNING ZeroLength::setDomain(): Element 5000100 has L= 55.3426, which is greater than the tolerance
WARNING ZeroLength::setDomain(): Element 5000101 has L= 7.91238, which is greater than the tolerance
WARNING ZeroLength::setDomain(): Element 5000102 has L= 21.0736, which is greater than the tolerance
WARNING ZeroLength::setDomain(): Element 5000103 has L= 21.4777, which is greater than the tolerance
WARNING ZeroLength::setDomain(): Element 5000104 has L= 8.07026, which is greater than the tolerance
WARNING ZeroLength::setDomain(): Element 5000105 has L= 57.3469, which is greater than the tolerance
WARNING ZeroLength::setDomain(): Element 5000106 has L= 59.4492, which is greater than the tolerance
WARNING ZeroLength::setDomain(): Element 5000107 has L= 7.76651, which is greater than the tolerance
WARNING: CTestNormDispIncr::test() - failed to converge 
after: 50 iterations  current Norm: 229746 (max: 1e-06, Norm deltaR: 8.72551e+07)
NewtonRaphson::solveCurrentStep() -the ConvergenceTest object failed in test()
StaticAnalysis::analyze() - the Algorithm failed at step: 0 with domain at load factor 324.752
OpenSees > analyze failed, returned: -3 error flag
WARNING ZeroLength::setDomain(): Element 5000108 has L= 21.9265, which is greater than the tolerance
WARNING ZeroLength::setDomain(): Element 5000109 has L= 58.9427, which is greater than the tolerance
WARNING ZeroLength::setDomain(): Element 5000110 has L= 21.4777, which is greater than the tolerance
WARNING ZeroLength::setDomain(): Element 5000111 has L= 56.4677, which is greater than the tolerance
WARNING ZeroLength::setDomain(): Element 5000112 has L= 21.0736, which is greater than the tolerance
WARNING ZeroLength::setDomain(): Element 5000113 has L= 20.6802, which is greater than the tolerance
WARNING ZeroLength::setDomain(): Element 5000114 has L= 52.2699, which is greater than the tolerance
WARNING ZeroLength::setDomain(): Element 5000115 has L= 53.3489, which is greater than the tolerance
WARNING ZeroLength::setDomain(): Element 5000116 has L= 54.3328, which is greater than the tolerance
WARNING ZeroLength::setDomain(): Element 5000117 has L= 7.6115, which is greater than the tolerance
WARNING ZeroLength::setDomain(): Element 5000118 has L= 22.4361, which is greater than the tolerance
WARNING ZeroLength::setDomain(): Element 5000119 has L= 56.4849, which is greater than the tolerance
WARNING ZeroLength::setDomain(): Element 5000120 has L= 17.0044, which is greater than the tolerance
WARNING ZeroLength::setDomain(): Element 5000121 has L= 21.9265, which is greater than the tolerance
WARNING ZeroLength::setDomain(): Element 5000122 has L= 61.1109, which is greater than the tolerance
WARNING ZeroLength::setDomain(): Element 5000123 has L= 56.5517, which is greater than the tolerance
WARNING ZeroLength::setDomain(): Element 5000124 has L= 7.6115, which is greater than the tolerance
WARNING ZeroLength::setDomain(): Element 5000125 has L= 8.39106, which is greater than the tolerance
WARNING ZeroLength::setDomain(): Element 5000126 has L= 8.22276, which is greater than the tolerance
WARNING ZeroLength::setDomain(): Element 5000127 has L= 16.313, which is greater than the tolerance
WARNING ZeroLength::setDomain(): Element 5000128 has L= 9.99457, which is greater than the tolerance
WARNING ZeroLength::setDomain(): Element 5000129 has L= 17.4129, which is greater than the tolerance
WARNING ZeroLength::setDomain(): Element 5000130 has L= 61.9411, which is greater than the tolerance
WARNING ZeroLength::setDomain(): Element 5000131 has L= 16.6559, which is greater than the tolerance
WARNING ZeroLength::setDomain(): Element 5000132 has L= 59.3623, which is greater than the tolerance
WARNING ZeroLength::setDomain(): Element 5000133 has L= 17.8176, which is greater than the tolerance
WARNING ZeroLength::setDomain(): Element 5000134 has L= 7.43719, which is greater than the tolerance
WARNING ZeroLength::setDomain(): Element 5000135 has L= 20.6802, which is greater than the tolerance
WARNING: CTestNormDispIncr::test() - failed to converge 
after: 50 iterations  current Norm: 36384.8 (max: 1e-06, Norm deltaR: 5.75086e+08)
NewtonRaphson::solveCurrentStep() -the ConvergenceTest object failed in test()
StaticAnalysis::analyze() - the Algorithm failed at step: 0 with domain at load factor 13058.9
OpenSees > analyze failed, returned: -3 error flag
WARNING ZeroLength::setDomain(): Element 5000136 has L= 7.43719, which is greater than the tolerance
WARNING ZeroLength::setDomain(): Element 5000137 has L= 16.313, which is greater than the tolerance
WARNING ZeroLength::setDomain(): Element 5000138 has L= 7.28195, which is greater than the tolerance
WARNING ZeroLength::setDomain(): Element 5000139 has L= 9.76717, which is greater than the tolerance
WARNING ZeroLength::setDomain(): Element 5000140 has L= 65.761, which is greater than the tolerance
WARNING ZeroLength::setDomain(): Element 5000141 has L= 16.6559, which is greater than the tolerance
WARNING ZeroLength::setDomain(): Element 5000142 has L= 16.0071, which is greater than the tolerance
WARNING ZeroLength::setDomain(): Element 5000143 has L= 18.1934, which is greater than the tolerance
WARNING ZeroLength::setDomain(): Element 5000144 has L= 8.59007, which is greater than the tolerance
WARNING ZeroLength::setDomain(): Element 5000145 has L= 22.4361, which is greater than the tolerance
WARNING ZeroLength::setDomain(): Element 5000146 has L= 52.5095, which is greater than the tolerance
WARNING ZeroLength::setDomain(): Element 5000147 has L= 55.3458, which is greater than the tolerance
WARNING ZeroLength::setDomain(): Element 5000148 has L= 55.425, which is greater than the tolerance
WARNING ZeroLength::setDomain(): Element 5000149 has L= 17.0044, which is greater than the tolerance
WARNING ZeroLength::setDomain(): Element 5000150 has L= 53.8048, which is greater than the tolerance
WARNING: CTestNormDispIncr::test() - failed to converge 
after: 50 iterations  current Norm: 26197.4 (max: 1e-06, Norm deltaR: 5.17624e+08)
NewtonRaphson::solveCurrentStep() -the ConvergenceTest object failed in test()
StaticAnalysis::analyze() - the Algorithm failed at step: 0 with domain at load factor 359.527
OpenSees > analyze failed, returned: -3 error flag
WARNING ZeroLength::setDomain(): Element 5000151 has L= 10.5168, which is greater than the tolerance
WARNING ZeroLength::setDomain(): Element 5000152 has L= 60.8689, which is greater than the tolerance
WARNING ZeroLength::setDomain(): Element 5000153 has L= 34.4136, which is greater than the tolerance
WARNING ZeroLength::setDomain(): Element 5000154 has L= 20.2555, which is greater than the tolerance
WARNING ZeroLength::setDomain(): Element 5000155 has L= 10.2488, which is greater than the tolerance
WARNING ZeroLength::setDomain(): Element 5000156 has L= 16.0071, which is greater than the tolerance
WARNING ZeroLength::setDomain(): Element 5000157 has L= 20.2555, which is greater than the tolerance
WARNING ZeroLength::setDomain(): Element 5000158 has L= 7.16435, which is greater than the tolerance
WARNING ZeroLength::setDomain(): Element 5000159 has L= 18.5299, which is greater than the tolerance
WARNING ZeroLength::setDomain(): Element 5000160 has L= 8.78701, which is greater than the tolerance
WARNING ZeroLength::setDomain(): Element 5000161 has L= 60.8462, which is greater than the tolerance
WARNING ZeroLength::setDomain(): Element 5000162 has L= 65.8628, which is greater than the tolerance
WARNING ZeroLength::setDomain(): Element 5000163 has L= 57.044, which is greater than the tolerance
WARNING ZeroLength::setDomain(): Element 5000164 has L= 55.0088, which is greater than the tolerance
WARNING ZeroLength::setDomain(): Element 5000165 has L= 53.3745, which is greater than the tolerance
WARNING ZeroLength::setDomain(): Element 5000166 has L= 58.4951, which is greater than the tolerance
WARNING ZeroLength::setDomain(): Element 5000167 has L= 67.1417, which is greater than the tolerance
WARNING ZeroLength::setDomain(): Element 5000168 has L= 65.9427, which is greater than the tolerance
WARNING ZeroLength::setDomain(): Element 5000169 has L= 15.6945, which is greater than the tolerance
WARNING ZeroLength::setDomain(): Element 5000170 has L= 9.56216, which is greater than the tolerance
WARNING ZeroLength::setDomain(): Element 5000171 has L= 17.4129, which is greater than the tolerance
WARNING ZeroLength::setDomain(): Element 5000172 has L= 35.0966, which is greater than the tolerance
WARNING ZeroLength::setDomain(): Element 5000173 has L= 7.28195, which is greater than the tolerance
WARNING ZeroLength::setDomain(): Element 5000174 has L= 63.5, which is greater than the tolerance
WARNING ZeroLength::setDomain(): Element 5000175 has L= 70.2839, which is greater than the tolerance
WARNING ZeroLength::setDomain(): Element 5000176 has L= 68.6496, which is greater than the tolerance
WARNING ZeroLength::setDomain(): Element 5000177 has L= 63.4538, which is greater than the tolerance
WARNING ZeroLength::setDomain(): Element 5000178 has L= 28.0775, which is greater than the tolerance
WARNING ZeroLength::setDomain(): Element 5000179 has L= 27.439, which is greater than the tolerance
WARNING ZeroLength::setDomain(): Element 5000180 has L= 64.4882, which is greater than the tolerance
WARNING ZeroLength::setDomain(): Element 5000181 has L= 22.8571, which is greater than the tolerance
WARNING ZeroLength::setDomain(): Element 5000182 has L= 58.382, which is greater than the tolerance
WARNING ZeroLength::setDomain(): Element 5000183 has L= 33.806, which is greater than the tolerance
WARNING ZeroLength::setDomain(): Element 5000184 has L= 65.5077, which is greater than the tolerance
WARNING ZeroLength::setDomain(): Element 5000185 has L= 28.7881, which is greater than the tolerance
WARNING ZeroLength::setDomain(): Element 5000186 has L= 53.7163, which is greater than the tolerance
WARNING ZeroLength::setDomain(): Element 5000187 has L= 51.2959, which is greater than the tolerance
WARNING ZeroLength::setDomain(): Element 5000188 has L= 15.6945, which is greater than the tolerance
WARNING ZeroLength::setDomain(): Element 5000189 has L= 62.9943, which is greater than the tolerance
WARNING ZeroLength::setDomain(): Element 5000190 has L= 50.9721, which is greater than the tolerance
WARNING ZeroLength::setDomain(): Element 5000191 has L= 47.6788, which is greater than the tolerance
WARNING ZeroLength::setDomain(): Element 5000192 has L= 48.1065, which is greater than the tolerance
WARNING ZeroLength::setDomain(): Element 5000193 has L= 58.0035, which is greater than the tolerance
WARNING ZeroLength::setDomain(): Element 5000194 has L= 47.469, which is greater than the tolerance
WARNING ZeroLength::setDomain(): Element 5000195 has L= 29.3713, which is greater than the tolerance
WARNING ZeroLength::setDomain(): Element 5000196 has L= 66.3607, which is greater than the tolerance
WARNING ZeroLength::setDomain(): Element 5000197 has L= 58.0215, which is greater than the tolerance
WARNING ZeroLength::setDomain(): Element 5000198 has L= 47.51, which is greater than the tolerance
WARNING ZeroLength::setDomain(): Element 5000199 has L= 35.8075, which is greater than the tolerance
WARNING ZeroLength::setDomain(): Element 5000200 has L= 55.0534, which is greater than the tolerance
WARNING ZeroLength::setDomain(): Element 5000201 has L= 55.3232, which is greater than the tolerance
WARNING ZeroLength::setDomain(): Element 5000202 has L= 47.5719, which is greater than the tolerance
WARNING ZeroLength::setDomain(): Element 5000203 has L= 57.4975, which is greater than the tolerance
WARNING ZeroLength::setDomain(): Element 5000204 has L= 60.5716, which is greater than the tolerance
WARNING ZeroLength::setDomain(): Element 5000205 has L= 26.8626, which is greater than the tolerance
WARNING ZeroLength::setDomain(): Element 5000206 has L= 54.2519, which is greater than the tolerance
