WARNING ZeroLength::setDomain(): Element 5000001 has L= 2.45166, which is greater than the tolerance
WARNING ZeroLength::setDomain(): Element 5000002 has L= 2.19812, which is greater than the tolerance
WARNING ZeroLength::setDomain(): Element 5000003 has L= 1.79279, which is greater than the tolerance
WARNING ZeroLength::setDomain(): Element 5000004 has L= 1.79445, which is greater than the tolerance
WARNING ZeroLength::setDomain(): Element 5000005 has L= 1.72976, which is greater than the tolerance
WARNING ZeroLength::setDomain(): Element 5000006 has L= 1.72976, which is greater than the tolerance
WARNING ZeroLength::setDomain(): Element 5000007 has L= 1.79445, which is greater than the tolerance
WARNING ZeroLength::setDomain(): Element 5000008 has L= 1.79279, which is greater than the tolerance
WARNING ZeroLength::setDomain(): Element 5000009 has L= 2.19812, which is greater than the tolerance
WARNING ZeroLength::setDomain(): Element 5000010 has L= 2.45166, which is greater than the tolerance
WARNING ZeroLength::setDomain(): Element 5000011 has L= 2.30497, which is greater than the tolerance
WARNING ZeroLength::setDomain(): Element 5000012 has L= 2.16648, which is greater than the tolerance
WARNING ZeroLength::setDomain(): Element 5000013 has L= 1.90768, which is greater than the tolerance
WARNING ZeroLength::setDomain(): Element 5000014 has L= 1.93331, which is greater than the tolerance
WARNING ZeroLength::setDomain(): Element 5000015 has L= 1.92101, which is greater than the tolerance
WARNING ZeroLength::setDomain(): Element 5000016 has L= 1.92101, which is greater than the tolerance
WARNING ZeroLength::setDomain(): Element 5000017 has L= 1.93331, which is greater than the tolerance
WARNING ZeroLength::setDomain(): Element 5000018 has L= 1.90768, which is greater than the tolerance
WARNING ZeroLength::setDomain(): Element 5000019 has L= 2.16648, which is greater than the tolerance
WARNING ZeroLength::setDomain(): Element 5000020 has L= 2.30497, which is greater than the tolerance
WARNING ZeroLength::setDomain(): Element 5000021 has L= 2.23987, which is greater than the tolerance
WARNING ZeroLength::setDomain(): Element 5000022 has L= 2.1997, which is greater than the tolerance
WARNING ZeroLength::setDomain(): Element 5000023 has L= 2.08151, which is greater than the tolerance
WARNING ZeroLength::setDomain(): Element 5000024 has L= 2.14631, which is greater than the tolerance
WARNING ZeroLength::setDomain(): Element 5000025 has L= 2.18318, which is greater than the tolerance
WARNING ZeroLength::setDomain(): Element 5000026 has L= 2.18318, which is greater than the tolerance
WARNING ZeroLength::setDomain(): Element 5000027 has L= 2.14631, which is greater than the tolerance
WARNING ZeroLength::setDomain(): Element 5000028 has L= 2.08151, which is greater than the tolerance
WARNING ZeroLength::setDomain(): Element 5000029 has L= 2.1997, which is greater than the tolerance
WARNING ZeroLength::setDomain(): Element 5000030 has L= 2.23987, which is greater than the tolerance
WARNING ZeroLength::setDomain(): Element 5000031 has L= 2.2843, which is greater than the tolerance
WARNING ZeroLength::setDomain(): Element 5000032 has L= 2.29604, which is greater than the tolerance
WARNING ZeroLength::setDomain(): Element 5000033 has L= 2.29514, which is greater than the tolerance
WARNING ZeroLength::setDomain(): Element 5000034 has L= 2.46648, which is greater than the tolerance
WARNING ZeroLength::setDomain(): Element 5000035 has L= 2.60661, which is greater than the tolerance
WARNING ZeroLength::setDomain(): Element 5000036 has L= 2.60661, which is greater than the tolerance
WARNING ZeroLength::setDomain(): Element 5000037 has L= 2.46648, which is greater than the tolerance
WARNING ZeroLength::setDomain(): Element 5000038 has L= 2.29514, which is greater than the tolerance
WARNING ZeroLength::setDomain(): Element 5000039 has L= 2.29604, which is greater than the tolerance
WARNING ZeroLength::setDomain(): Element 5000040 has L= 2.2843, which is greater than the tolerance
WARNING ZeroLength::setDomain(): Element 5000041 has L= 2.34395, which is greater than the tolerance
WARNING ZeroLength::setDomain(): Element 5000042 has L= 2.45178, which is greater than the tolerance
WARNING ZeroLength::setDomain(): Element 5000043 has L= 2.605, which is greater than the tolerance
WARNING ZeroLength::setDomain(): Element 5000044 has L= 2.77129, which is greater than the tolerance
WARNING ZeroLength::setDomain(): Element 5000045 has L= 2.8769, which is greater than the tolerance
WARNING ZeroLength::setDomain(): Element 5000046 has L= 2.8769, which is greater than the tolerance
WARNING ZeroLength::setDomain(): Element 5000047 has L= 2.77129, which is greater than the tolerance
WARNING ZeroLength::setDomain(): Element 5000048 has L= 2.605, which is greater than the tolerance
WARNING ZeroLength::setDomain(): Element 5000049 has L= 2.45178, which is greater than the tolerance
WARNING ZeroLength::setDomain(): Element 5000050 has L= 2.34395, which is greater than the tolerance
WARNING ZeroLength::setDomain(): Element 5000051 has L= 2.27985, which is greater than the tolerance
WARNING ZeroLength::setDomain(): Element 5000052 has L= 2.47969, which is greater than the tolerance
WARNING ZeroLength::setDomain(): Element 5000053 has L= 2.78472, which is greater than the tolerance
WARNING ZeroLength::setDomain(): Element 5000054 has L= 2.86124, which is greater than the tolerance
WARNING ZeroLength::setDomain(): Element 5000055 has L= 2.94506, which is greater than the tolerance
WARNING ZeroLength::setDomain(): Element 5000056 has L= 2.94506, which is greater than the tolerance
WARNING ZeroLength::setDomain(): Element 5000057 has L= 2.86124, which is greater than the tolerance
WARNING ZeroLength::setDomain(): Element 5000058 has L= 2.78472, which is greater than the tolerance
WARNING ZeroLength::setDomain(): Element 5000059 has L= 2.47969, which is greater than the tolerance
WARNING ZeroLength::setDomain(): Element 5000060 has L= 2.27985, which is greater than the tolerance
WARNING ZeroLength::setDomain(): Element 5000061 has L= 2.18854, which is greater than the tolerance
WARNING ZeroLength::setDomain(): Element 5000062 has L= 2.34756, which is greater than the tolerance
WARNING ZeroLength::setDomain(): Element 5000063 has L= 2.70558, which is greater than the tolerance
WARNING ZeroLength::setDomain(): Element 5000064 has L= 2.81107, which is greater than the tolerance
WARNING ZeroLength::setDomain(): Element 5000065 has L= 2.94137, which is greater than the tolerance
WARNING ZeroLength::setDomain(): Element 5000066 has L= 2.94137, which is greater than the tolerance
WARNING ZeroLength::setDomain(): Element 5000067 has L= 2.81107, which is greater than the tolerance
WARNING ZeroLength::setDomain(): Element 5000068 has L= 2.70558, which is greater than the tolerance
WARNING ZeroLength::setDomain(): Element 5000069 has L= 2.34756, which is greater than the tolerance
WARNING ZeroLength::setDomain(): Element 5000070 has L= 2.18854, which is greater than the tolerance
WARNING ZeroLength::setDomain(): Element 5000071 has L= 2.1137, which is greater than the tolerance
WARNING ZeroLength::setDomain(): Element 5000072 has L= 2.2738, which is greater than the tolerance
WARNING ZeroLength::setDomain(): Element 5000073 has L= 2.64312, which is greater than the tolerance
WARNING ZeroLength::setDomain(): Element 5000074 has L= 2.79468, which is greater than the tolerance
WARNING ZeroLength::setDomain(): Element 5000075 has L= 2.90402, which is greater than the tolerance
WARNING ZeroLength::setDomain(): Element 5000076 has L= 2.90402, which is greater than the tolerance
WARNING ZeroLength::setDomain(): Element 5000077 has L= 2.79468, which is greater than the tolerance
WARNING ZeroLength::setDomain(): Element 5000078 has L= 2.64312, which is greater than the tolerance
WARNING ZeroLength::setDomain(): Element 5000079 has L= 2.2738, which is greater than the tolerance
WARNING ZeroLength::setDomain(): Element 5000080 has L= 2.1137, which is greater than the tolerance
WARNING ZeroLength::setDomain(): Element 5000081 has L= 2.08494, which is greater than the tolerance
WARNING ZeroLength::setDomain(): Element 5000082 has L= 2.21815, which is greater than the tolerance
WARNING ZeroLength::setDomain(): Element 5000083 has L= 2.56978, which is greater than the tolerance
WARNING ZeroLength::setDomain(): Element 5000084 has L= 2.75658, which is greater than the tolerance
WARNING ZeroLength::setDomain(): Element 5000085 has L= 2.80264, which is greater than the tolerance
WARNING ZeroLength::setDomain(): Element 5000086 has L= 2.80264, which is greater than the tolerance
WARNING ZeroLength::setDomain(): Element 5000087 has L= 2.75658, which is greater than the tolerance
WARNING ZeroLength::setDomain(): Element 5000088 has L= 2.56978, which is greater than the tolerance
WARNING ZeroLength::setDomain(): Element 5000089 has L= 2.21815, which is greater than the tolerance
WARNING ZeroLength::setDomain(): Element 5000090 has L= 2.08494, which is greater than the tolerance
WARNING: CTestNormDispIncr::test() - failed to converge 
after: 50 iterations  current Norm: 13355.5 (max: 1e-06, Norm deltaR: 2.61751e+08)
NewtonRaphson::solveCurrentStep() -the ConvergenceTest object failed in test()
StaticAnalysis::analyze() - the Algorithm failed at step: 0 with domain at load factor -222.874
OpenSees > analyze failed, returned: -3 error flag
WARNING: CTestNormDispIncr::test() - failed to converge 
after: 50 iterations  current Norm: 5126.69 (max: 1e-06, Norm deltaR: 1.22109e+08)
NewtonLineSearch::solveCurrentStep() -the ConvergenceTest object failed in test()
StaticAnalysis::analyze() - the Algorithm failed at step: 0 with domain at load factor 6354.51
OpenSees > analyze failed, returned: -3 error flag
WARNING: CTestNormDispIncr::test() - failed to converge 
after: 50 iterations  current Norm: 9.63432 (max: 1e-06, Norm deltaR: 381803)
AcceleratedNewton::solveCurrentStep() -The ConvergenceTest object failed in test()
StaticAnalysis::analyze() - the Algorithm failed at step: 0 with domain at load factor 300.943
OpenSees > analyze failed, returned: -3 error flag
WARNING: CTestNormDispIncr::test() - failed to converge 
after: 50 iterations  current Norm: 3.08697e+67 (max: 1e-06, Norm deltaR: 1.84627e+71)
ModifiedNewton::solveCurrentStep() -the ConvergenceTest object failed in test()
StaticAnalysis::analyze() - the Algorithm failed at step: 0 with domain at load factor 2.676e+65
OpenSees > analyze failed, returned: -3 error flag
WARNING: CTestNormDispIncr::test() - failed to converge 
after: 50 iterations  current Norm: 27146.3 (max: 1e-06, Norm deltaR: 1.34732e+09)
NewtonRaphson::solveCurrentStep() -the ConvergenceTest object failed in test()
StaticAnalysis::analyze() - the Algorithm failed at step: 0 with domain at load factor 2051.84
OpenSees > analyze failed, returned: -3 error flag
WARNING: CTestNormDispIncr::test() - failed to converge 
after: 50 iterations  current Norm: 2196.39 (max: 1e-06, Norm deltaR: 8.43682e+07)
NewtonLineSearch::solveCurrentStep() -the ConvergenceTest object failed in test()
StaticAnalysis::analyze() - the Algorithm failed at step: 0 with domain at load factor -4676.05
OpenSees > analyze failed, returned: -3 error flag
WARNING: CTestNormDispIncr::test() - failed to converge 
after: 50 iterations  current Norm: 15896.1 (max: 1e-06, Norm deltaR: 1.28966e+08)
AcceleratedNewton::solveCurrentStep() -The ConvergenceTest object failed in test()
StaticAnalysis::analyze() - the Algorithm failed at step: 0 with domain at load factor -304.253
OpenSees > analyze failed, returned: -3 error flag
WARNING: CTestNormDispIncr::test() - failed to converge 
after: 50 iterations  current Norm: 1.52995e+67 (max: 1e-06, Norm deltaR: 7.60225e+70)
ModifiedNewton::solveCurrentStep() -the ConvergenceTest object failed in test()
StaticAnalysis::analyze() - the Algorithm failed at step: 0 with domain at load factor 2.6794e+65
OpenSees > analyze failed, returned: -3 error flag
WARNING: CTestNormDispIncr::test() - failed to converge 
after: 50 iterations  current Norm: 88175.7 (max: 1e-06, Norm deltaR: 3.2736e+09)
NewtonRaphson::solveCurrentStep() -the ConvergenceTest object failed in test()
StaticAnalysis::analyze() - the Algorithm failed at step: 0 with domain at load factor 5894.55
OpenSees > analyze failed, returned: -3 error flag
WARNING: CTestNormDispIncr::test() - failed to converge 
after: 50 iterations  current Norm: 18138 (max: 1e-06, Norm deltaR: 8.13417e+07)
NewtonLineSearch::solveCurrentStep() -the ConvergenceTest object failed in test()
StaticAnalysis::analyze() - the Algorithm failed at step: 0 with domain at load factor -208.011
OpenSees > analyze failed, returned: -3 error flag
WARNING: CTestNormDispIncr::test() - failed to converge 
after: 50 iterations  current Norm: 3609.86 (max: 1e-06, Norm deltaR: 1.99784e+09)
AcceleratedNewton::solveCurrentStep() -The ConvergenceTest object failed in test()
StaticAnalysis::analyze() - the Algorithm failed at step: 0 with domain at load factor 8856.6
OpenSees > analyze failed, returned: -3 error flag
WARNING: CTestNormDispIncr::test() - failed to converge 
after: 50 iterations  current Norm: 7.10442e+68 (max: 1e-06, Norm deltaR: 6.24508e+72)
ModifiedNewton::solveCurrentStep() -the ConvergenceTest object failed in test()
StaticAnalysis::analyze() - the Algorithm failed at step: 0 with domain at load factor -4.89361e+67
OpenSees > analyze failed, returned: -3 error flag
WARNING: CTestNormDispIncr::test() - failed to converge 
after: 50 iterations  current Norm: 105473 (max: 1e-06, Norm deltaR: 1.41348e+08)
NewtonRaphson::solveCurrentStep() -the ConvergenceTest object failed in test()
StaticAnalysis::analyze() - the Algorithm failed at step: 0 with domain at load factor -624.641
OpenSees > analyze failed, returned: -3 error flag
WARNING: CTestNormDispIncr::test() - failed to converge 
after: 50 iterations  current Norm: 176044 (max: 1e-06, Norm deltaR: 3.76987e+09)
NewtonRaphson::solveCurrentStep() -the ConvergenceTest object failed in test()
StaticAnalysis::analyze() - the Algorithm failed at step: 0 with domain at load factor 16957.6
OpenSees > analyze failed, returned: -3 error flag
WARNING: CTestNormDispIncr::test() - failed to converge 
after: 50 iterations  current Norm: 2275.8 (max: 1e-06, Norm deltaR: 7.3289e+07)
NewtonLineSearch::solveCurrentStep() -the ConvergenceTest object failed in test()
StaticAnalysis::analyze() - the Algorithm failed at step: 0 with domain at load factor 1463.39
OpenSees > analyze failed, returned: -3 error flag
WARNING: CTestNormDispIncr::test() - failed to converge 
after: 50 iterations  current Norm: 9367.87 (max: 1e-06, Norm deltaR: 6.34819e+08)
AcceleratedNewton::solveCurrentStep() -The ConvergenceTest object failed in test()
StaticAnalysis::analyze() - the Algorithm failed at step: 0 with domain at load factor 3526.15
OpenSees > analyze failed, returned: -3 error flag
WARNING: CTestNormDispIncr::test() - failed to converge 
after: 50 iterations  current Norm: 2.01622e+66 (max: 1e-06, Norm deltaR: 1.73141e+70)
ModifiedNewton::solveCurrentStep() -the ConvergenceTest object failed in test()
StaticAnalysis::analyze() - the Algorithm failed at step: 0 with domain at load factor 5.04149e+64
OpenSees > analyze failed, returned: -3 error flag
WARNING: CTestNormDispIncr::test() - failed to converge 
after: 50 iterations  current Norm: 73811.3 (max: 1e-06, Norm deltaR: 1.24751e+09)
NewtonRaphson::solveCurrentStep() -the ConvergenceTest object failed in test()
StaticAnalysis::analyze() - the Algorithm failed at step: 0 with domain at load factor 5000.54
OpenSees > analyze failed, returned: -3 error flag
WARNING: CTestNormDispIncr::test() - failed to converge 
after: 50 iterations  current Norm: 15311.6 (max: 1e-06, Norm deltaR: 5.88311e+08)
NewtonRaphson::solveCurrentStep() -the ConvergenceTest object failed in test()
StaticAnalysis::analyze() - the Algorithm failed at step: 0 with domain at load factor 1795.63
OpenSees > analyze failed, returned: -3 error flag
WARNING: CTestNormDispIncr::test() - failed to converge 
after: 50 iterations  current Norm: 2626.22 (max: 1e-06, Norm deltaR: 9.59588e+07)
NewtonLineSearch::solveCurrentStep() -the ConvergenceTest object failed in test()
StaticAnalysis::analyze() - the Algorithm failed at step: 0 with domain at load factor -1848.22
OpenSees > analyze failed, returned: -3 error flag
WARNING: CTestNormDispIncr::test() - failed to converge 
after: 50 iterations  current Norm: 17028.4 (max: 1e-06, Norm deltaR: 1.06682e+08)
AcceleratedNewton::solveCurrentStep() -The ConvergenceTest object failed in test()
StaticAnalysis::analyze() - the Algorithm failed at step: 0 with domain at load factor 90.7364
OpenSees > analyze failed, returned: -3 error flag
WARNING: CTestNormDispIncr::test() - failed to converge 
after: 50 iterations  current Norm: 2.60656e+71 (max: 1e-06, Norm deltaR: 1.91835e+75)
ModifiedNewton::solveCurrentStep() -the ConvergenceTest object failed in test()
StaticAnalysis::analyze() - the Algorithm failed at step: 0 with domain at load factor -1.32033e+71
OpenSees > analyze failed, returned: -3 error flag
WARNING: CTestNormDispIncr::test() - failed to converge 
after: 50 iterations  current Norm: 37080.5 (max: 1e-06, Norm deltaR: 1.8053e+09)
NewtonRaphson::solveCurrentStep() -the ConvergenceTest object failed in test()
StaticAnalysis::analyze() - the Algorithm failed at step: 0 with domain at load factor 3527.87
OpenSees > analyze failed, returned: -3 error flag
WARNING: CTestNormDispIncr::test() - failed to converge 
after: 50 iterations  current Norm: 4073.09 (max: 1e-06, Norm deltaR: 1.32942e+08)
NewtonLineSearch::solveCurrentStep() -the ConvergenceTest object failed in test()
StaticAnalysis::analyze() - the Algorithm failed at step: 0 with domain at load factor -170.056
OpenSees > analyze failed, returned: -3 error flag
WARNING: CTestNormDispIncr::test() - failed to converge 
after: 50 iterations  current Norm: 26379 (max: 1e-06, Norm deltaR: 3.18797e+08)
AcceleratedNewton::solveCurrentStep() -The ConvergenceTest object failed in test()
StaticAnalysis::analyze() - the Algorithm failed at step: 0 with domain at load factor -103.298
OpenSees > analyze failed, returned: -3 error flag
WARNING: CTestNormDispIncr::test() - failed to converge 
after: 50 iterations  current Norm: 4.64454e+72 (max: 1e-06, Norm deltaR: 3.43117e+76)
ModifiedNewton::solveCurrentStep() -the ConvergenceTest object failed in test()
StaticAnalysis::analyze() - the Algorithm failed at step: 0 with domain at load factor -1.95242e+72
OpenSees > analyze failed, returned: -3 error flag
WARNING ZeroLength::setDomain(): Element 5000091 has L= 7.78236, which is greater than the tolerance
WARNING ZeroLength::setDomain(): Element 5000092 has L= 7.94023, which is greater than the tolerance
WARNING ZeroLength::setDomain(): Element 5000093 has L= 7.6365, which is greater than the tolerance
WARNING: CTestNormDispIncr::test() - failed to converge 
after: 50 iterations  current Norm: 29797.8 (max: 1e-06, Norm deltaR: 1.41887e+09)
NewtonRaphson::solveCurrentStep() -the ConvergenceTest object failed in test()
StaticAnalysis::analyze() - the Algorithm failed at step: 0 with domain at load factor -394.484
OpenSees > analyze failed, returned: -3 error flag
WARNING: CTestNormDispIncr::test() - failed to converge 
after: 50 iterations  current Norm: 11434.7 (max: 1e-06, Norm deltaR: 1.82173e+08)
NewtonLineSearch::solveCurrentStep() -the ConvergenceTest object failed in test()
StaticAnalysis::analyze() - the Algorithm failed at step: 0 with domain at load factor -51999.3
OpenSees > analyze failed, returned: -3 error flag
WARNING: CTestNormDispIncr::test() - failed to converge 
after: 50 iterations  current Norm: 1.3266e-06 (max: 1e-06, Norm deltaR: 0.00210539)
AcceleratedNewton::solveCurrentStep() -The ConvergenceTest object failed in test()
StaticAnalysis::analyze() - the Algorithm failed at step: 0 with domain at load factor 278.972
OpenSees > analyze failed, returned: -3 error flag
WARNING: CTestNormDispIncr::test() - failed to converge 
after: 50 iterations  current Norm: 1.63419e+80 (max: 1e-06, Norm deltaR: 1.03584e+84)
ModifiedNewton::solveCurrentStep() -the ConvergenceTest object failed in test()
StaticAnalysis::analyze() - the Algorithm failed at step: 0 with domain at load factor -4.82922e+76
OpenSees > analyze failed, returned: -3 error flag
WARNING ZeroLength::setDomain(): Element 5000094 has L= 50.266, which is greater than the tolerance
WARNING: CTestNormDispIncr::test() - failed to converge 
after: 50 iterations  current Norm: 23196.7 (max: 1e-06, Norm deltaR: 4.13117e+08)
NewtonRaphson::solveCurrentStep() -the ConvergenceTest object failed in test()
StaticAnalysis::analyze() - the Algorithm failed at step: 0 with domain at load factor 4801.97
OpenSees > analyze failed, returned: -3 error flag
WARNING ZeroLength::setDomain(): Element 5000095 has L= 54.3168, which is greater than the tolerance
WARNING ZeroLength::setDomain(): Element 5000096 has L= 46.9559, which is greater than the tolerance
WARNING ZeroLength::setDomain(): Element 5000097 has L= 50.2564, which is greater than the tolerance
WARNING ZeroLength::setDomain(): Element 5000098 has L= 53.7912, which is greater than the tolerance
WARNING ZeroLength::setDomain(): Element 5000099 has L= 8.09273, which is greater than the tolerance
WARNING ZeroLength::setDomain(): Element 5000100 has L= 58.5511, which is greater than the tolerance
WARNING ZeroLength::setDomain(): Element 5000101 has L= 20.9509, which is greater than the tolerance
WARNING ZeroLength::setDomain(): Element 5000102 has L= 21.3551, which is greater than the tolerance
WARNING ZeroLength::setDomain(): Element 5000103 has L= 7.78236, which is greater than the tolerance
WARNING ZeroLength::setDomain(): Element 5000104 has L= 62.7043, which is greater than the tolerance
WARNING ZeroLength::setDomain(): Element 5000105 has L= 7.94023, which is greater than the tolerance
WARNING ZeroLength::setDomain(): Element 5000106 has L= 7.48151, which is greater than the tolerance
WARNING: CTestNormDispIncr::test() - failed to converge 
after: 50 iterations  current Norm: 144595 (max: 1e-06, Norm deltaR: 4.30427e+09)
NewtonRaphson::solveCurrentStep() -the ConvergenceTest object failed in test()
StaticAnalysis::analyze() - the Algorithm failed at step: 0 with domain at load factor -9846.05
OpenSees > analyze failed, returned: -3 error flag
WARNING: CTestNormDispIncr::test() - failed to converge 
after: 50 iterations  current Norm: 7197.74 (max: 1e-06, Norm deltaR: 7.08056e+07)
NewtonLineSearch::solveCurrentStep() -the ConvergenceTest object failed in test()
StaticAnalysis::analyze() - the Algorithm failed at step: 0 with domain at load factor -650.024
OpenSees > analyze failed, returned: -3 error flag
WARNING ZeroLength::setDomain(): Element 5000107 has L= 21.804, which is greater than the tolerance
WARNING ZeroLength::setDomain(): Element 5000108 has L= 56.8368, which is greater than the tolerance
WARNING ZeroLength::setDomain(): Element 5000109 has L= 66.8174, which is greater than the tolerance
WARNING ZeroLength::setDomain(): Element 5000110 has L= 57.4337, which is greater than the tolerance
WARNING ZeroLength::setDomain(): Element 5000111 has L= 7.6365, which is greater than the tolerance
WARNING ZeroLength::setDomain(): Element 5000112 has L= 8.26102, which is greater than the tolerance
WARNING ZeroLength::setDomain(): Element 5000113 has L= 21.804, which is greater than the tolerance
WARNING ZeroLength::setDomain(): Element 5000114 has L= 65.0677, which is greater than the tolerance
WARNING ZeroLength::setDomain(): Element 5000115 has L= 21.3551, which is greater than the tolerance
WARNING ZeroLength::setDomain(): Element 5000116 has L= 22.3137, which is greater than the tolerance
WARNING ZeroLength::setDomain(): Element 5000117 has L= 16.8744, which is greater than the tolerance
WARNING ZeroLength::setDomain(): Element 5000118 has L= 16.183, which is greater than the tolerance
WARNING ZeroLength::setDomain(): Element 5000119 has L= 20.9509, which is greater than the tolerance
WARNING ZeroLength::setDomain(): Element 5000120 has L= 17.2829, which is greater than the tolerance
WARNING ZeroLength::setDomain(): Element 5000121 has L= 20.5574, which is greater than the tolerance
WARNING ZeroLength::setDomain(): Element 5000122 has L= 9.89506, which is greater than the tolerance
WARNING ZeroLength::setDomain(): Element 5000123 has L= 56.7433, which is greater than the tolerance
WARNING ZeroLength::setDomain(): Element 5000124 has L= 16.5258, which is greater than the tolerance
WARNING: CTestNormDispIncr::test() - failed to converge 
after: 50 iterations  current Norm: 143316 (max: 1e-06, Norm deltaR: 5.91914e+07)
NewtonRaphson::solveCurrentStep() -the ConvergenceTest object failed in test()
StaticAnalysis::analyze() - the Algorithm failed at step: 0 with domain at load factor 546.505
OpenSees > analyze failed, returned: -3 error flag
WARNING ZeroLength::setDomain(): Element 5000125 has L= 17.6875, which is greater than the tolerance
WARNING ZeroLength::setDomain(): Element 5000126 has L= 56.5584, which is greater than the tolerance
WARNING ZeroLength::setDomain(): Element 5000127 has L= 50.5509, which is greater than the tolerance
WARNING ZeroLength::setDomain(): Element 5000128 has L= 51.2327, which is greater than the tolerance
WARNING ZeroLength::setDomain(): Element 5000129 has L= 54.4084, which is greater than the tolerance
WARNING ZeroLength::setDomain(): Element 5000130 has L= 7.48151, which is greater than the tolerance
WARNING ZeroLength::setDomain(): Element 5000131 has L= 7.30721, which is greater than the tolerance
WARNING ZeroLength::setDomain(): Element 5000132 has L= 7.30721, which is greater than the tolerance
WARNING ZeroLength::setDomain(): Element 5000133 has L= 16.8744, which is greater than the tolerance
WARNING ZeroLength::setDomain(): Element 5000134 has L= 69.7616, which is greater than the tolerance
WARNING ZeroLength::setDomain(): Element 5000135 has L= 59.4435, which is greater than the tolerance
WARNING ZeroLength::setDomain(): Element 5000136 has L= 60.4287, which is greater than the tolerance
WARNING ZeroLength::setDomain(): Element 5000137 has L= 62.3373, which is greater than the tolerance
WARNING ZeroLength::setDomain(): Element 5000138 has L= 15.8771, which is greater than the tolerance
WARNING ZeroLength::setDomain(): Element 5000139 has L= 7.15199, which is greater than the tolerance
WARNING ZeroLength::setDomain(): Element 5000140 has L= 9.66716, which is greater than the tolerance
WARNING ZeroLength::setDomain(): Element 5000141 has L= 8.46005, which is greater than the tolerance
WARNING ZeroLength::setDomain(): Element 5000142 has L= 16.183, which is greater than the tolerance
WARNING ZeroLength::setDomain(): Element 5000143 has L= 20.5574, which is greater than the tolerance
WARNING ZeroLength::setDomain(): Element 5000144 has L= 18.0633, which is greater than the tolerance
WARNING ZeroLength::setDomain(): Element 5000145 has L= 56.2821, which is greater than the tolerance
WARNING ZeroLength::setDomain(): Element 5000146 has L= 58.4394, which is greater than the tolerance
WARNING ZeroLength::setDomain(): Element 5000147 has L= 55.0993, which is greater than the tolerance
WARNING ZeroLength::setDomain(): Element 5000148 has L= 22.3137, which is greater than the tolerance
WARNING ZeroLength::setDomain(): Element 5000149 has L= 51.3208, which is greater than the tolerance
WARNING ZeroLength::setDomain(): Element 5000150 has L= 53.1856, which is greater than the tolerance
WARNING ZeroLength::setDomain(): Element 5000151 has L= 58.9435, which is greater than the tolerance
WARNING ZeroLength::setDomain(): Element 5000152 has L= 10.1495, which is greater than the tolerance
WARNING ZeroLength::setDomain(): Element 5000153 has L= 61.3371, which is greater than the tolerance
WARNING ZeroLength::setDomain(): Element 5000154 has L= 53.8852, which is greater than the tolerance
WARNING ZeroLength::setDomain(): Element 5000155 has L= 7.03441, which is greater than the tolerance
WARNING ZeroLength::setDomain(): Element 5000156 has L= 8.09273, which is greater than the tolerance
WARNING ZeroLength::setDomain(): Element 5000157 has L= 52.0984, which is greater than the tolerance
WARNING ZeroLength::setDomain(): Element 5000158 has L= 10.4177, which is greater than the tolerance
WARNING ZeroLength::setDomain(): Element 5000159 has L= 8.657, which is greater than the tolerance
WARNING ZeroLength::setDomain(): Element 5000160 has L= 20.1325, which is greater than the tolerance
WARNING ZeroLength::setDomain(): Element 5000161 has L= 64.4749, which is greater than the tolerance
WARNING ZeroLength::setDomain(): Element 5000162 has L= 15.8771, which is greater than the tolerance
WARNING ZeroLength::setDomain(): Element 5000163 has L= 52.5719, which is greater than the tolerance
WARNING ZeroLength::setDomain(): Element 5000164 has L= 20.1325, which is greater than the tolerance
WARNING ZeroLength::setDomain(): Element 5000165 has L= 9.46148, which is greater than the tolerance
WARNING ZeroLength::setDomain(): Element 5000166 has L= 34.2857, which is greater than the tolerance
WARNING ZeroLength::setDomain(): Element 5000167 has L= 18.3998, which is greater than the tolerance
WARNING ZeroLength::setDomain(): Element 5000168 has L= 54.9611, which is greater than the tolerance
WARNING ZeroLength::setDomain(): Element 5000169 has L= 27.9475, which is greater than the tolerance
WARNING ZeroLength::setDomain(): Element 5000170 has L= 62.6826, which is greater than the tolerance
WARNING ZeroLength::setDomain(): Element 5000171 has L= 15.5644, which is greater than the tolerance
WARNING ZeroLength::setDomain(): Element 5000172 has L= 60.0046, which is greater than the tolerance
WARNING ZeroLength::setDomain(): Element 5000173 has L= 68.1743, which is greater than the tolerance
WARNING ZeroLength::setDomain(): Element 5000174 has L= 33.6781, which is greater than the tolerance
WARNING ZeroLength::setDomain(): Element 5000175 has L= 65.5195, which is greater than the tolerance
WARNING ZeroLength::setDomain(): Element 5000176 has L= 28.658, which is greater than the tolerance
WARNING ZeroLength::setDomain(): Element 5000177 has L= 34.9688, which is greater than the tolerance
WARNING ZeroLength::setDomain(): Element 5000178 has L= 22.7349, which is greater than the tolerance
WARNING ZeroLength::setDomain(): Element 5000179 has L= 17.2829, which is greater than the tolerance
WARNING ZeroLength::setDomain(): Element 5000180 has L= 34.9688, which is greater than the tolerance
WARNING ZeroLength::setDomain(): Element 5000181 has L= 27.3089, which is greater than the tolerance
WARNING: CTestNormDispIncr::test() - failed to converge 
after: 50 iterations  current Norm: 91638.7 (max: 1e-06, Norm deltaR: 4.23189e+08)
NewtonRaphson::solveCurrentStep() -the ConvergenceTest object failed in test()
StaticAnalysis::analyze() - the Algorithm failed at step: 0 with domain at load factor 112.315
OpenSees > analyze failed, returned: -3 error flag
WARNING ZeroLength::setDomain(): Element 5000182 has L= 29.2413, which is greater than the tolerance
WARNING ZeroLength::setDomain(): Element 5000183 has L= 49.6719, which is greater than the tolerance
WARNING ZeroLength::setDomain(): Element 5000184 has L= 15.5644, which is greater than the tolerance
WARNING ZeroLength::setDomain(): Element 5000185 has L= 51.3359, which is greater than the tolerance
WARNING ZeroLength::setDomain(): Element 5000186 has L= 58.1046, which is greater than the tolerance
WARNING ZeroLength::setDomain(): Element 5000187 has L= 55.9319, which is greater than the tolerance
WARNING ZeroLength::setDomain(): Element 5000188 has L= 47.1368, which is greater than the tolerance
WARNING ZeroLength::setDomain(): Element 5000189 has L= 47.5233, which is greater than the tolerance
WARNING ZeroLength::setDomain(): Element 5000190 has L= 8.80985, which is greater than the tolerance
WARNING ZeroLength::setDomain(): Element 5000191 has L= 7.15199, which is greater than the tolerance
WARNING ZeroLength::setDomain(): Element 5000192 has L= 55.4163, which is greater than the tolerance
WARNING ZeroLength::setDomain(): Element 5000193 has L= 46.8666, which is greater than the tolerance
WARNING ZeroLength::setDomain(): Element 5000194 has L= 51.9533, which is greater than the tolerance
WARNING ZeroLength::setDomain(): Element 5000195 has L= 26.7325, which is greater than the tolerance
WARNING ZeroLength::setDomain(): Element 5000196 has L= 54.597, which is greater than the tolerance
WARNING ZeroLength::setDomain(): Element 5000197 has L= 35.6797, which is greater than the tolerance
WARNING ZeroLength::setDomain(): Element 5000198 has L= 34.2857, which is greater than the tolerance
WARNING ZeroLength::setDomain(): Element 5000199 has L= 46.9693, which is greater than the tolerance
WARNING ZeroLength::setDomain(): Element 5000200 has L= 68.3875, which is greater than the tolerance
WARNING ZeroLength::setDomain(): Element 5000201 has L= 61.3579, which is greater than the tolerance
WARNING ZeroLength::setDomain(): Element 5000202 has L= 63.7654, which is greater than the tolerance
WARNING ZeroLength::setDomain(): Element 5000203 has L= 63.0593, which is greater than the tolerance
WARNING ZeroLength::setDomain(): Element 5000204 has L= 47.0516, which is greater than the tolerance
WARNING ZeroLength::setDomain(): Element 5000205 has L= 33.0284, which is greater than the tolerance
