WARNING ZeroLength::setDomain(): Element 5000001 has L= 2.448, which is greater than the tolerance
WARNING ZeroLength::setDomain(): Element 5000002 has L= 2.19445, which is greater than the tolerance
WARNING ZeroLength::setDomain(): Element 5000003 has L= 1.78911, which is greater than the tolerance
WARNING ZeroLength::setDomain(): Element 5000004 has L= 1.79077, which is greater than the tolerance
WARNING ZeroLength::setDomain(): Element 5000005 has L= 1.72608, which is greater than the tolerance
WARNING ZeroLength::setDomain(): Element 5000006 has L= 1.72608, which is greater than the tolerance
WARNING ZeroLength::setDomain(): Element 5000007 has L= 1.79077, which is greater than the tolerance
WARNING ZeroLength::setDomain(): Element 5000008 has L= 1.78911, which is greater than the tolerance
WARNING ZeroLength::setDomain(): Element 5000009 has L= 2.19445, which is greater than the tolerance
WARNING ZeroLength::setDomain(): Element 5000010 has L= 2.448, which is greater than the tolerance
WARNING ZeroLength::setDomain(): Element 5000011 has L= 2.30131, which is greater than the tolerance
WARNING ZeroLength::setDomain(): Element 5000012 has L= 2.1628, which is greater than the tolerance
WARNING ZeroLength::setDomain(): Element 5000013 has L= 1.904, which is greater than the tolerance
WARNING ZeroLength::setDomain(): Element 5000014 has L= 1.92963, which is greater than the tolerance
WARNING ZeroLength::setDomain(): Element 5000015 has L= 1.91733, which is greater than the tolerance
WARNING ZeroLength::setDomain(): Element 5000016 has L= 1.91733, which is greater than the tolerance
WARNING ZeroLength::setDomain(): Element 5000017 has L= 1.92963, which is greater than the tolerance
WARNING ZeroLength::setDomain(): Element 5000018 has L= 1.904, which is greater than the tolerance
WARNING ZeroLength::setDomain(): Element 5000019 has L= 2.1628, which is greater than the tolerance
WARNING ZeroLength::setDomain(): Element 5000020 has L= 2.30131, which is greater than the tolerance
WARNING ZeroLength::setDomain(): Element 5000021 has L= 2.23621, which is greater than the tolerance
WARNING ZeroLength::setDomain(): Element 5000022 has L= 2.19602, which is greater than the tolerance
WARNING ZeroLength::setDomain(): Element 5000023 has L= 2.07783, which is greater than the tolerance
WARNING ZeroLength::setDomain(): Element 5000024 has L= 2.14263, which is greater than the tolerance
WARNING ZeroLength::setDomain(): Element 5000025 has L= 2.1795, which is greater than the tolerance
WARNING ZeroLength::setDomain(): Element 5000026 has L= 2.1795, which is greater than the tolerance
WARNING ZeroLength::setDomain(): Element 5000027 has L= 2.14263, which is greater than the tolerance
WARNING ZeroLength::setDomain(): Element 5000028 has L= 2.07783, which is greater than the tolerance
WARNING ZeroLength::setDomain(): Element 5000029 has L= 2.19602, which is greater than the tolerance
WARNING ZeroLength::setDomain(): Element 5000030 has L= 2.23621, which is greater than the tolerance
WARNING ZeroLength::setDomain(): Element 5000031 has L= 2.28063, which is greater than the tolerance
WARNING ZeroLength::setDomain(): Element 5000032 has L= 2.29236, which is greater than the tolerance
WARNING ZeroLength::setDomain(): Element 5000033 has L= 2.29147, which is greater than the tolerance
WARNING ZeroLength::setDomain(): Element 5000034 has L= 2.4628, which is greater than the tolerance
WARNING ZeroLength::setDomain(): Element 5000035 has L= 2.60293, which is greater than the tolerance
WARNING ZeroLength::setDomain(): Element 5000036 has L= 2.60293, which is greater than the tolerance
WARNING ZeroLength::setDomain(): Element 5000037 has L= 2.4628, which is greater than the tolerance
WARNING ZeroLength::setDomain(): Element 5000038 has L= 2.29147, which is greater than the tolerance
WARNING ZeroLength::setDomain(): Element 5000039 has L= 2.29236, which is greater than the tolerance
WARNING ZeroLength::setDomain(): Element 5000040 has L= 2.28063, which is greater than the tolerance
WARNING ZeroLength::setDomain(): Element 5000041 has L= 2.34028, which is greater than the tolerance
WARNING ZeroLength::setDomain(): Element 5000042 has L= 2.44811, which is greater than the tolerance
WARNING ZeroLength::setDomain(): Element 5000043 has L= 2.60132, which is greater than the tolerance
WARNING ZeroLength::setDomain(): Element 5000044 has L= 2.76761, which is greater than the tolerance
WARNING ZeroLength::setDomain(): Element 5000045 has L= 2.87322, which is greater than the tolerance
WARNING ZeroLength::setDomain(): Element 5000046 has L= 2.87322, which is greater than the tolerance
WARNING ZeroLength::setDomain(): Element 5000047 has L= 2.76761, which is greater than the tolerance
WARNING ZeroLength::setDomain(): Element 5000048 has L= 2.60132, which is greater than the tolerance
WARNING ZeroLength::setDomain(): Element 5000049 has L= 2.44811, which is greater than the tolerance
WARNING ZeroLength::setDomain(): Element 5000050 has L= 2.34028, which is greater than the tolerance
WARNING ZeroLength::setDomain(): Element 5000051 has L= 2.27618, which is greater than the tolerance
WARNING ZeroLength::setDomain(): Element 5000052 has L= 2.47601, which is greater than the tolerance
WARNING ZeroLength::setDomain(): Element 5000053 has L= 2.78104, which is greater than the tolerance
WARNING ZeroLength::setDomain(): Element 5000054 has L= 2.85756, which is greater than the tolerance
WARNING ZeroLength::setDomain(): Element 5000055 has L= 2.94138, which is greater than the tolerance
WARNING ZeroLength::setDomain(): Element 5000056 has L= 2.94138, which is greater than the tolerance
WARNING ZeroLength::setDomain(): Element 5000057 has L= 2.85756, which is greater than the tolerance
WARNING ZeroLength::setDomain(): Element 5000058 has L= 2.78104, which is greater than the tolerance
WARNING ZeroLength::setDomain(): Element 5000059 has L= 2.47601, which is greater than the tolerance
WARNING ZeroLength::setDomain(): Element 5000060 has L= 2.27618, which is greater than the tolerance
WARNING ZeroLength::setDomain(): Element 5000061 has L= 2.18487, which is greater than the tolerance
WARNING ZeroLength::setDomain(): Element 5000062 has L= 2.34389, which is greater than the tolerance
WARNING ZeroLength::setDomain(): Element 5000063 has L= 2.7019, which is greater than the tolerance
WARNING ZeroLength::setDomain(): Element 5000064 has L= 2.80739, which is greater than the tolerance
WARNING ZeroLength::setDomain(): Element 5000065 has L= 2.93769, which is greater than the tolerance
WARNING ZeroLength::setDomain(): Element 5000066 has L= 2.93769, which is greater than the tolerance
WARNING ZeroLength::setDomain(): Element 5000067 has L= 2.80739, which is greater than the tolerance
WARNING ZeroLength::setDomain(): Element 5000068 has L= 2.7019, which is greater than the tolerance
WARNING ZeroLength::setDomain(): Element 5000069 has L= 2.34389, which is greater than the tolerance
WARNING ZeroLength::setDomain(): Element 5000070 has L= 2.18487, which is greater than the tolerance
WARNING ZeroLength::setDomain(): Element 5000071 has L= 2.11002, which is greater than the tolerance
WARNING ZeroLength::setDomain(): Element 5000072 has L= 2.27012, which is greater than the tolerance
WARNING ZeroLength::setDomain(): Element 5000073 has L= 2.63944, which is greater than the tolerance
WARNING ZeroLength::setDomain(): Element 5000074 has L= 2.791, which is greater than the tolerance
WARNING ZeroLength::setDomain(): Element 5000075 has L= 2.90034, which is greater than the tolerance
WARNING ZeroLength::setDomain(): Element 5000076 has L= 2.90034, which is greater than the tolerance
WARNING ZeroLength::setDomain(): Element 5000077 has L= 2.791, which is greater than the tolerance
WARNING ZeroLength::setDomain(): Element 5000078 has L= 2.63944, which is greater than the tolerance
WARNING ZeroLength::setDomain(): Element 5000079 has L= 2.27012, which is greater than the tolerance
WARNING ZeroLength::setDomain(): Element 5000080 has L= 2.11002, which is greater than the tolerance
WARNING ZeroLength::setDomain(): Element 5000081 has L= 2.08127, which is greater than the tolerance
WARNING ZeroLength::setDomain(): Element 5000082 has L= 2.21447, which is greater than the tolerance
WARNING ZeroLength::setDomain(): Element 5000083 has L= 2.5661, which is greater than the tolerance
WARNING ZeroLength::setDomain(): Element 5000084 has L= 2.75291, which is greater than the tolerance
WARNING ZeroLength::setDomain(): Element 5000085 has L= 2.79896, which is greater than the tolerance
WARNING ZeroLength::setDomain(): Element 5000086 has L= 2.79896, which is greater than the tolerance
WARNING ZeroLength::setDomain(): Element 5000087 has L= 2.75291, which is greater than the tolerance
WARNING ZeroLength::setDomain(): Element 5000088 has L= 2.5661, which is greater than the tolerance
WARNING ZeroLength::setDomain(): Element 5000089 has L= 2.21447, which is greater than the tolerance
WARNING ZeroLength::setDomain(): Element 5000090 has L= 2.08127, which is greater than the tolerance
WARNING: CTestNormDispIncr::test() - failed to converge 
after: 50 iterations  current Norm: 24886.4 (max: 1e-06, Norm deltaR: 1.07256e+09)
NewtonRaphson::solveCurrentStep() -the ConvergenceTest object failed in test()
StaticAnalysis::analyze() - the Algorithm failed at step: 0 with domain at load factor 9882.72
OpenSees > analyze failed, returned: -3 error flag
WARNING: CTestNormDispIncr::test() - failed to converge 
after: 50 iterations  current Norm: 25348.5 (max: 1e-06, Norm deltaR: 6.35743e+08)
NewtonRaphson::solveCurrentStep() -the ConvergenceTest object failed in test()
StaticAnalysis::analyze() - the Algorithm failed at step: 0 with domain at load factor -4323.52
OpenSees > analyze failed, returned: -3 error flag
WARNING: CTestNormDispIncr::test() - failed to converge 
after: 50 iterations  current Norm: 6892.81 (max: 1e-06, Norm deltaR: 1.68451e+08)
NewtonLineSearch::solveCurrentStep() -the ConvergenceTest object failed in test()
StaticAnalysis::analyze() - the Algorithm failed at step: 0 with domain at load factor 21166.2
OpenSees > analyze failed, returned: -3 error flag
WARNING: CTestNormDispIncr::test() - failed to converge 
after: 50 iterations  current Norm: 39956.3 (max: 1e-06, Norm deltaR: 3.4431e+08)
AcceleratedNewton::solveCurrentStep() -The ConvergenceTest object failed in test()
StaticAnalysis::analyze() - the Algorithm failed at step: 0 with domain at load factor -224.424
OpenSees > analyze failed, returned: -3 error flag
WARNING: CTestNormDispIncr::test() - failed to converge 
after: 50 iterations  current Norm: 5.7257e+70 (max: 1e-06, Norm deltaR: 2.14092e+74)
ModifiedNewton::solveCurrentStep() -the ConvergenceTest object failed in test()
StaticAnalysis::analyze() - the Algorithm failed at step: 0 with domain at load factor -5.62573e+69
OpenSees > analyze failed, returned: -3 error flag
WARNING: CTestNormDispIncr::test() - failed to converge 
after: 50 iterations  current Norm: 55841.3 (max: 1e-06, Norm deltaR: 2.76605e+08)
NewtonRaphson::solveCurrentStep() -the ConvergenceTest object failed in test()
StaticAnalysis::analyze() - the Algorithm failed at step: 0 with domain at load factor -1467.1
OpenSees > analyze failed, returned: -3 error flag
WARNING: CTestNormDispIncr::test() - failed to converge 
after: 50 iterations  current Norm: 15529 (max: 1e-06, Norm deltaR: 3.45615e+08)
NewtonLineSearch::solveCurrentStep() -the ConvergenceTest object failed in test()
StaticAnalysis::analyze() - the Algorithm failed at step: 0 with domain at load factor 18965.7
OpenSees > analyze failed, returned: -3 error flag
WARNING: CTestNormDispIncr::test() - failed to converge 
after: 50 iterations  current Norm: 0.0369245 (max: 1e-06, Norm deltaR: 6341.36)
AcceleratedNewton::solveCurrentStep() -The ConvergenceTest object failed in test()
StaticAnalysis::analyze() - the Algorithm failed at step: 0 with domain at load factor 325.967
OpenSees > analyze failed, returned: -3 error flag
WARNING: CTestNormDispIncr::test() - failed to converge 
after: 50 iterations  current Norm: 6.98636e+63 (max: 1e-06, Norm deltaR: 2.25068e+67)
ModifiedNewton::solveCurrentStep() -the ConvergenceTest object failed in test()
StaticAnalysis::analyze() - the Algorithm failed at step: 0 with domain at load factor -4.1706e+62
OpenSees > analyze failed, returned: -3 error flag
WARNING: CTestNormDispIncr::test() - failed to converge 
after: 50 iterations  current Norm: 84522.2 (max: 1e-06, Norm deltaR: 2.34213e+09)
NewtonRaphson::solveCurrentStep() -the ConvergenceTest object failed in test()
StaticAnalysis::analyze() - the Algorithm failed at step: 0 with domain at load factor 23042.2
OpenSees > analyze failed, returned: -3 error flag
WARNING: CTestNormDispIncr::test() - failed to converge 
after: 50 iterations  current Norm: 4840.26 (max: 1e-06, Norm deltaR: 2.09322e+08)
NewtonLineSearch::solveCurrentStep() -the ConvergenceTest object failed in test()
StaticAnalysis::analyze() - the Algorithm failed at step: 0 with domain at load factor 10226.2
OpenSees > analyze failed, returned: -3 error flag
WARNING: CTestNormDispIncr::test() - failed to converge 
after: 50 iterations  current Norm: 4208.6 (max: 1e-06, Norm deltaR: 2.11931e+08)
AcceleratedNewton::solveCurrentStep() -The ConvergenceTest object failed in test()
StaticAnalysis::analyze() - the Algorithm failed at step: 0 with domain at load factor -70.418
OpenSees > analyze failed, returned: -3 error flag
WARNING: CTestNormDispIncr::test() - failed to converge 
after: 50 iterations  current Norm: 1.33745e+70 (max: 1e-06, Norm deltaR: 6.4099e+73)
ModifiedNewton::solveCurrentStep() -the ConvergenceTest object failed in test()
StaticAnalysis::analyze() - the Algorithm failed at step: 0 with domain at load factor -1.3108e+69
OpenSees > analyze failed, returned: -3 error flag
WARNING: CTestNormDispIncr::test() - failed to converge 
after: 50 iterations  current Norm: 205670 (max: 1e-06, Norm deltaR: 6.77694e+09)
NewtonRaphson::solveCurrentStep() -the ConvergenceTest object failed in test()
StaticAnalysis::analyze() - the Algorithm failed at step: 0 with domain at load factor 3594.42
OpenSees > analyze failed, returned: -3 error flag
WARNING: CTestNormDispIncr::test() - failed to converge 
after: 50 iterations  current Norm: 101605 (max: 1e-06, Norm deltaR: 8.63858e+09)
NewtonRaphson::solveCurrentStep() -the ConvergenceTest object failed in test()
StaticAnalysis::analyze() - the Algorithm failed at step: 0 with domain at load factor 11983.8
OpenSees > analyze failed, returned: -3 error flag
WARNING ZeroLength::setDomain(): Element 5000091 has L= 7.9117, which is greater than the tolerance
WARNING ZeroLength::setDomain(): Element 5000092 has L= 8.06958, which is greater than the tolerance
WARNING ZeroLength::setDomain(): Element 5000093 has L= 49.6543, which is greater than the tolerance
WARNING ZeroLength::setDomain(): Element 5000094 has L= 7.76583, which is greater than the tolerance
WARNING: CTestNormDispIncr::test() - failed to converge 
after: 50 iterations  current Norm: 53883 (max: 1e-06, Norm deltaR: 1.38066e+08)
NewtonRaphson::solveCurrentStep() -the ConvergenceTest object failed in test()
StaticAnalysis::analyze() - the Algorithm failed at step: 0 with domain at load factor 765.373
OpenSees > analyze failed, returned: -3 error flag
WARNING: CTestNormDispIncr::test() - failed to converge 
after: 50 iterations  current Norm: 3069.68 (max: 1e-06, Norm deltaR: 1.05843e+08)
NewtonLineSearch::solveCurrentStep() -the ConvergenceTest object failed in test()
StaticAnalysis::analyze() - the Algorithm failed at step: 0 with domain at load factor 1438.96
OpenSees > analyze failed, returned: -3 error flag
WARNING: CTestNormDispIncr::test() - failed to converge 
after: 50 iterations  current Norm: 273.17 (max: 1e-06, Norm deltaR: 2.66816e+06)
AcceleratedNewton::solveCurrentStep() -The ConvergenceTest object failed in test()
StaticAnalysis::analyze() - the Algorithm failed at step: 0 with domain at load factor 344.589
OpenSees > analyze failed, returned: -3 error flag
WARNING: CTestNormDispIncr::test() - failed to converge 
after: 50 iterations  current Norm: 5.67443e+74 (max: 1e-06, Norm deltaR: 3.67239e+78)
ModifiedNewton::solveCurrentStep() -the ConvergenceTest object failed in test()
StaticAnalysis::analyze() - the Algorithm failed at step: 0 with domain at load factor 4.47193e+73
OpenSees > analyze failed, returned: -3 error flag
WARNING: CTestNormDispIncr::test() - failed to converge 
after: 50 iterations  current Norm: 38460.9 (max: 1e-06, Norm deltaR: 8.84161e+07)
NewtonRaphson::solveCurrentStep() -the ConvergenceTest object failed in test()
StaticAnalysis::analyze() - the Algorithm failed at step: 0 with domain at load factor 80.1095
OpenSees > analyze failed, returned: -3 error flag
WARNING ZeroLength::setDomain(): Element 5000095 has L= 52.4219, which is greater than the tolerance
WARNING ZeroLength::setDomain(): Element 5000096 has L= 56.1922, which is greater than the tolerance
WARNING ZeroLength::setDomain(): Element 5000097 has L= 7.61082, which is greater than the tolerance
WARNING: CTestNormDispIncr::test() - failed to converge 
after: 50 iterations  current Norm: 27184.3 (max: 1e-06, Norm deltaR: 7.5194e+08)
NewtonRaphson::solveCurrentStep() -the ConvergenceTest object failed in test()
StaticAnalysis::analyze() - the Algorithm failed at step: 0 with domain at load factor -3204.92
OpenSees > analyze failed, returned: -3 error flag
WARNING: CTestNormDispIncr::test() - failed to converge 
after: 50 iterations  current Norm: 1817.94 (max: 1e-06, Norm deltaR: 9.28812e+07)
NewtonLineSearch::solveCurrentStep() -the ConvergenceTest object failed in test()
StaticAnalysis::analyze() - the Algorithm failed at step: 0 with domain at load factor 4107.35
OpenSees > analyze failed, returned: -3 error flag
WARNING: CTestNormDispIncr::test() - failed to converge 
after: 50 iterations  current Norm: 13131.3 (max: 1e-06, Norm deltaR: 1.18841e+08)
AcceleratedNewton::solveCurrentStep() -The ConvergenceTest object failed in test()
StaticAnalysis::analyze() - the Algorithm failed at step: 0 with domain at load factor -1270.98
OpenSees > analyze failed, returned: -3 error flag
WARNING: CTestNormDispIncr::test() - failed to converge 
after: 50 iterations  current Norm: 7.29757e+68 (max: 1e-06, Norm deltaR: 5.45585e+72)
ModifiedNewton::solveCurrentStep() -the ConvergenceTest object failed in test()
StaticAnalysis::analyze() - the Algorithm failed at step: 0 with domain at load factor -3.89898e+67
OpenSees > analyze failed, returned: -3 error flag
WARNING ZeroLength::setDomain(): Element 5000098 has L= 21.073, which is greater than the tolerance
WARNING ZeroLength::setDomain(): Element 5000099 has L= 7.9117, which is greater than the tolerance
WARNING ZeroLength::setDomain(): Element 5000100 has L= 8.22208, which is greater than the tolerance
WARNING ZeroLength::setDomain(): Element 5000101 has L= 21.4771, which is greater than the tolerance
WARNING ZeroLength::setDomain(): Element 5000102 has L= 7.76583, which is greater than the tolerance
WARNING ZeroLength::setDomain(): Element 5000103 has L= 10.2482, which is greater than the tolerance
WARNING ZeroLength::setDomain(): Element 5000104 has L= 59.867, which is greater than the tolerance
WARNING: CTestNormDispIncr::test() - failed to converge 
after: 50 iterations  current Norm: 48499.2 (max: 1e-06, Norm deltaR: 7.98119e+07)
NewtonRaphson::solveCurrentStep() -the ConvergenceTest object failed in test()
StaticAnalysis::analyze() - the Algorithm failed at step: 0 with domain at load factor -198.403
OpenSees > analyze failed, returned: -3 error flag
WARNING ZeroLength::setDomain(): Element 5000105 has L= 17.0037, which is greater than the tolerance
WARNING ZeroLength::setDomain(): Element 5000106 has L= 16.3124, which is greater than the tolerance
WARNING ZeroLength::setDomain(): Element 5000107 has L= 54.5034, which is greater than the tolerance
WARNING: CTestNormDispIncr::test() - failed to converge 
after: 50 iterations  current Norm: 0.198103 (max: 1e-06, Norm deltaR: 53779.5)
NewtonRaphson::solveCurrentStep() -the ConvergenceTest object failed in test()
StaticAnalysis::analyze() - the Algorithm failed at step: 0 with domain at load factor 407.583
OpenSees > analyze failed, returned: -3 error flag
WARNING ZeroLength::setDomain(): Element 5000108 has L= 17.4122, which is greater than the tolerance
WARNING ZeroLength::setDomain(): Element 5000109 has L= 21.9259, which is greater than the tolerance
WARNING ZeroLength::setDomain(): Element 5000110 has L= 16.6552, which is greater than the tolerance
WARNING ZeroLength::setDomain(): Element 5000111 has L= 20.6796, which is greater than the tolerance
WARNING ZeroLength::setDomain(): Element 5000112 has L= 7.61082, which is greater than the tolerance
WARNING: CTestNormDispIncr::test() - failed to converge 
after: 50 iterations  current Norm: 252170 (max: 1e-06, Norm deltaR: 9.31716e+09)
NewtonRaphson::solveCurrentStep() -the ConvergenceTest object failed in test()
StaticAnalysis::analyze() - the Algorithm failed at step: 0 with domain at load factor -13364.7
OpenSees > analyze failed, returned: -3 error flag
WARNING ZeroLength::setDomain(): Element 5000113 has L= 17.8169, which is greater than the tolerance
WARNING ZeroLength::setDomain(): Element 5000114 has L= 22.4354, which is greater than the tolerance
WARNING ZeroLength::setDomain(): Element 5000115 has L= 10.7661, which is greater than the tolerance
WARNING ZeroLength::setDomain(): Element 5000116 has L= 7.43651, which is greater than the tolerance
WARNING ZeroLength::setDomain(): Element 5000117 has L= 9.99404, which is greater than the tolerance
WARNING: CTestNormDispIncr::test() - failed to converge 
after: 50 iterations  current Norm: 267269 (max: 1e-06, Norm deltaR: 7.85474e+07)
NewtonRaphson::solveCurrentStep() -the ConvergenceTest object failed in test()
StaticAnalysis::analyze() - the Algorithm failed at step: 0 with domain at load factor 27.8177
OpenSees > analyze failed, returned: -3 error flag
WARNING: CTestNormDispIncr::test() - failed to converge 
after: 50 iterations  current Norm: 2778.67 (max: 1e-06, Norm deltaR: 1.00992e+08)
NewtonLineSearch::solveCurrentStep() -the ConvergenceTest object failed in test()
StaticAnalysis::analyze() - the Algorithm failed at step: 0 with domain at load factor -325.675
OpenSees > analyze failed, returned: -3 error flag
WARNING ZeroLength::setDomain(): Element 5000118 has L= 22.8565, which is greater than the tolerance
WARNING ZeroLength::setDomain(): Element 5000119 has L= 18.1927, which is greater than the tolerance
WARNING ZeroLength::setDomain(): Element 5000120 has L= 56.2019, which is greater than the tolerance
WARNING ZeroLength::setDomain(): Element 5000121 has L= 21.073, which is greater than the tolerance
WARNING ZeroLength::setDomain(): Element 5000122 has L= 16.3124, which is greater than the tolerance
WARNING ZeroLength::setDomain(): Element 5000123 has L= 7.43651, which is greater than the tolerance
WARNING ZeroLength::setDomain(): Element 5000124 has L= 8.06958, which is greater than the tolerance
WARNING ZeroLength::setDomain(): Element 5000125 has L= 59.0966, which is greater than the tolerance
WARNING ZeroLength::setDomain(): Element 5000126 has L= 21.9259, which is greater than the tolerance
WARNING ZeroLength::setDomain(): Element 5000127 has L= 16.0064, which is greater than the tolerance
WARNING ZeroLength::setDomain(): Element 5000128 has L= 9.99404, which is greater than the tolerance
WARNING ZeroLength::setDomain(): Element 5000129 has L= 7.28127, which is greater than the tolerance
WARNING ZeroLength::setDomain(): Element 5000130 has L= 21.4771, which is greater than the tolerance
WARNING ZeroLength::setDomain(): Element 5000131 has L= 6.00974, which is greater than the tolerance
WARNING ZeroLength::setDomain(): Element 5000132 has L= 20.6796, which is greater than the tolerance
WARNING ZeroLength::setDomain(): Element 5000133 has L= 9.76664, which is greater than the tolerance
WARNING ZeroLength::setDomain(): Element 5000134 has L= 8.39037, which is greater than the tolerance
WARNING ZeroLength::setDomain(): Element 5000135 has L= 54.9526, which is greater than the tolerance
WARNING ZeroLength::setDomain(): Element 5000136 has L= 57.6311, which is greater than the tolerance
WARNING ZeroLength::setDomain(): Element 5000137 has L= 61.7822, which is greater than the tolerance
WARNING ZeroLength::setDomain(): Element 5000138 has L= 56.8443, which is greater than the tolerance
WARNING ZeroLength::setDomain(): Element 5000139 has L= 16.6552, which is greater than the tolerance
WARNING ZeroLength::setDomain(): Element 5000140 has L= 10.5163, which is greater than the tolerance
WARNING ZeroLength::setDomain(): Element 5000141 has L= 15.6938, which is greater than the tolerance
WARNING ZeroLength::setDomain(): Element 5000142 has L= 17.0037, which is greater than the tolerance
WARNING ZeroLength::setDomain(): Element 5000143 has L= 34.4129, which is greater than the tolerance
WARNING ZeroLength::setDomain(): Element 5000144 has L= 10.5163, which is greater than the tolerance
WARNING ZeroLength::setDomain(): Element 5000145 has L= 48.2461, which is greater than the tolerance
WARNING ZeroLength::setDomain(): Element 5000146 has L= 55.7267, which is greater than the tolerance
WARNING ZeroLength::setDomain(): Element 5000147 has L= 28.0769, which is greater than the tolerance
WARNING ZeroLength::setDomain(): Element 5000148 has L= 48.7489, which is greater than the tolerance
WARNING ZeroLength::setDomain(): Element 5000149 has L= 47.984, which is greater than the tolerance
WARNING ZeroLength::setDomain(): Element 5000150 has L= 10.2482, which is greater than the tolerance
WARNING ZeroLength::setDomain(): Element 5000151 has L= 53.4311, which is greater than the tolerance
WARNING ZeroLength::setDomain(): Element 5000152 has L= 66.5206, which is greater than the tolerance
WARNING ZeroLength::setDomain(): Element 5000153 has L= 20.2549, which is greater than the tolerance
WARNING ZeroLength::setDomain(): Element 5000154 has L= 7.28127, which is greater than the tolerance
WARNING ZeroLength::setDomain(): Element 5000155 has L= 9.76664, which is greater than the tolerance
WARNING ZeroLength::setDomain(): Element 5000156 has L= 7.16367, which is greater than the tolerance
WARNING: CTestNormDispIncr::test() - failed to converge 
after: 50 iterations  current Norm: 25320.4 (max: 1e-06, Norm deltaR: 8.08759e+08)
NewtonRaphson::solveCurrentStep() -the ConvergenceTest object failed in test()
StaticAnalysis::analyze() - the Algorithm failed at step: 0 with domain at load factor 549.429
OpenSees > analyze failed, returned: -3 error flag
WARNING ZeroLength::setDomain(): Element 5000157 has L= 35.8068, which is greater than the tolerance
WARNING ZeroLength::setDomain(): Element 5000158 has L= 35.096, which is greater than the tolerance
WARNING ZeroLength::setDomain(): Element 5000159 has L= 28.7874, which is greater than the tolerance
WARNING ZeroLength::setDomain(): Element 5000160 has L= 49.8276, which is greater than the tolerance
WARNING ZeroLength::setDomain(): Element 5000161 has L= 9.56163, which is greater than the tolerance
WARNING ZeroLength::setDomain(): Element 5000162 has L= 18.5292, which is greater than the tolerance
WARNING ZeroLength::setDomain(): Element 5000163 has L= 34.4129, which is greater than the tolerance
WARNING ZeroLength::setDomain(): Element 5000164 has L= 8.58939, which is greater than the tolerance
WARNING ZeroLength::setDomain(): Element 5000165 has L= 33.8053, which is greater than the tolerance
WARNING ZeroLength::setDomain(): Element 5000166 has L= 22.4354, which is greater than the tolerance
WARNING: CTestNormDispIncr::test() - failed to converge 
after: 50 iterations  current Norm: 736397 (max: 1e-06, Norm deltaR: 2.15383e+10)
NewtonRaphson::solveCurrentStep() -the ConvergenceTest object failed in test()
StaticAnalysis::analyze() - the Algorithm failed at step: 0 with domain at load factor -50917.4
OpenSees > analyze failed, returned: -3 error flag
WARNING: CTestNormDispIncr::test() - failed to converge 
after: 50 iterations  current Norm: 3.57148 (max: 1e-06, Norm deltaR: 1.46984e+06)
NewtonLineSearch::solveCurrentStep() -the ConvergenceTest object failed in test()
StaticAnalysis::analyze() - the Algorithm failed at step: 0 with domain at load factor 665.809
OpenSees > analyze failed, returned: -3 error flag
WARNING: CTestNormDispIncr::test() - failed to converge 
after: 50 iterations  current Norm: 14270.9 (max: 1e-06, Norm deltaR: 2.15248e+07)
AcceleratedNewton::solveCurrentStep() -The ConvergenceTest object failed in test()
StaticAnalysis::analyze() - the Algorithm failed at step: 0 with domain at load factor 769.355
OpenSees > analyze failed, returned: -3 error flag
WARNING: CTestNormDispIncr::test() - failed to converge 
after: 50 iterations  current Norm: 1.63571e+72 (max: 1e-06, Norm deltaR: 1.48762e+76)
ModifiedNewton::solveCurrentStep() -the ConvergenceTest object failed in test()
StaticAnalysis::analyze() - the Algorithm failed at step: 0 with domain at load factor -1.96504e+70
OpenSees > analyze failed, returned: -3 error flag
WARNING ZeroLength::setDomain(): Element 5000167 has L= 58.5886, which is greater than the tolerance
WARNING: CTestNormDispIncr::test() - failed to converge 
after: 50 iterations  current Norm: 146595 (max: 1e-06, Norm deltaR: 2.87973e+09)
NewtonRaphson::solveCurrentStep() -the ConvergenceTest object failed in test()
StaticAnalysis::analyze() - the Algorithm failed at step: 0 with domain at load factor 956.976
OpenSees > analyze failed, returned: -3 error flag
WARNING: CTestNormDispIncr::test() - failed to converge 
after: 50 iterations  current Norm: 1355.6 (max: 1e-06, Norm deltaR: 1.07485e+08)
NewtonLineSearch::solveCurrentStep() -the ConvergenceTest object failed in test()
StaticAnalysis::analyze() - the Algorithm failed at step: 0 with domain at load factor -4412.53
OpenSees > analyze failed, returned: -3 error flag
WARNING: CTestNormDispIncr::test() - failed to converge 
after: 50 iterations  current Norm: 30.4355 (max: 1e-06, Norm deltaR: 131273)
AcceleratedNewton::solveCurrentStep() -The ConvergenceTest object failed in test()
StaticAnalysis::analyze() - the Algorithm failed at step: 0 with domain at load factor 672.529
OpenSees > analyze failed, returned: -3 error flag
WARNING: CTestNormDispIncr::test() - failed to converge 
after: 50 iterations  current Norm: 2.91901e+82 (max: 1e-06, Norm deltaR: 2.66096e+86)
ModifiedNewton::solveCurrentStep() -the ConvergenceTest object failed in test()
StaticAnalysis::analyze() - the Algorithm failed at step: 0 with domain at load factor 6.16004e+80
OpenSees > analyze failed, returned: -3 error flag
WARNING: CTestNormDispIncr::test() - failed to converge 
after: 50 iterations  current Norm: 25438.8 (max: 1e-06, Norm deltaR: 7.69294e+08)
NewtonRaphson::solveCurrentStep() -the ConvergenceTest object failed in test()
StaticAnalysis::analyze() - the Algorithm failed at step: 0 with domain at load factor -3000.48
OpenSees > analyze failed, returned: -3 error flag
WARNING: CTestNormDispIncr::test() - failed to converge 
after: 50 iterations  current Norm: 0.959599 (max: 1e-06, Norm deltaR: 5269.87)
NewtonLineSearch::solveCurrentStep() -the ConvergenceTest object failed in test()
StaticAnalysis::analyze() - the Algorithm failed at step: 0 with domain at load factor 659.418
OpenSees > analyze failed, returned: -3 error flag
WARNING: CTestNormDispIncr::test() - failed to converge 
after: 50 iterations  current Norm: 79489.9 (max: 1e-06, Norm deltaR: 4.676e+08)
AcceleratedNewton::solveCurrentStep() -The ConvergenceTest object failed in test()
StaticAnalysis::analyze() - the Algorithm failed at step: 0 with domain at load factor -393.81
OpenSees > analyze failed, returned: -3 error flag
WARNING: CTestNormDispIncr::test() - failed to converge 
after: 50 iterations  current Norm: 4.48626e+81 (max: 1e-06, Norm deltaR: 4.10648e+85)
ModifiedNewton::solveCurrentStep() -the ConvergenceTest object failed in test()
StaticAnalysis::analyze() - the Algorithm failed at step: 0 with domain at load factor 1.47344e+80
OpenSees > analyze failed, returned: -3 error flag
WARNING: CTestNormDispIncr::test() - failed to converge 
after: 50 iterations  current Norm: 54637.9 (max: 1e-06, Norm deltaR: 2.07203e+09)
NewtonRaphson::solveCurrentStep() -the ConvergenceTest object failed in test()
StaticAnalysis::analyze() - the Algorithm failed at step: 0 with domain at load factor -400.868
OpenSees > analyze failed, returned: -3 error flag
WARNING ZeroLength::setDomain(): Element 5000168 has L= 8.78633, which is greater than the tolerance
WARNING ZeroLength::setDomain(): Element 5000169 has L= 17.4122, which is greater than the tolerance
WARNING ZeroLength::setDomain(): Element 5000170 has L= 55.935, which is greater than the tolerance
WARNING ZeroLength::setDomain(): Element 5000171 has L= 54.6321, which is greater than the tolerance
WARNING ZeroLength::setDomain(): Element 5000172 has L= 63.3728, which is greater than the tolerance
WARNING ZeroLength::setDomain(): Element 5000173 has L= 60.0033, which is greater than the tolerance
WARNING ZeroLength::setDomain(): Element 5000174 has L= 9.7305, which is greater than the tolerance
WARNING ZeroLength::setDomain(): Element 5000175 has L= 16.0064, which is greater than the tolerance
WARNING ZeroLength::setDomain(): Element 5000176 has L= 25.6878, which is greater than the tolerance
WARNING: CTestNormDispIncr::test() - failed to converge 
after: 50 iterations  current Norm: 21412.5 (max: 1e-06, Norm deltaR: 7.30697e+08)
NewtonRaphson::solveCurrentStep() -the ConvergenceTest object failed in test()
StaticAnalysis::analyze() - the Algorithm failed at step: 0 with domain at load factor 3156.9
OpenSees > analyze failed, returned: -3 error flag
WARNING ZeroLength::setDomain(): Element 5000177 has L= 57.7482, which is greater than the tolerance
WARNING ZeroLength::setDomain(): Element 5000178 has L= 48.496, which is greater than the tolerance
WARNING ZeroLength::setDomain(): Element 5000179 has L= 7.07786, which is greater than the tolerance
WARNING ZeroLength::setDomain(): Element 5000180 has L= 8.22208, which is greater than the tolerance
WARNING ZeroLength::setDomain(): Element 5000181 has L= 26.2832, which is greater than the tolerance
WARNING ZeroLength::setDomain(): Element 5000182 has L= 29.3707, which is greater than the tolerance
WARNING ZeroLength::setDomain(): Element 5000183 has L= 60.0996, which is greater than the tolerance
WARNING ZeroLength::setDomain(): Element 5000184 has L= 20.2549, which is greater than the tolerance
WARNING ZeroLength::setDomain(): Element 5000185 has L= 33.1556, which is greater than the tolerance
WARNING ZeroLength::setDomain(): Element 5000186 has L= 35.8068, which is greater than the tolerance
WARNING ZeroLength::setDomain(): Element 5000187 has L= 15.6938, which is greater than the tolerance
WARNING ZeroLength::setDomain(): Element 5000188 has L= 66.3526, which is greater than the tolerance
WARNING: CTestNormDispIncr::test() - failed to converge 
after: 50 iterations  current Norm: 25457.3 (max: 1e-06, Norm deltaR: 5.71868e+08)
NewtonRaphson::solveCurrentStep() -the ConvergenceTest object failed in test()
StaticAnalysis::analyze() - the Algorithm failed at step: 0 with domain at load factor 2295.32
OpenSees > analyze failed, returned: -3 error flag
WARNING ZeroLength::setDomain(): Element 5000189 has L= 35.096, which is greater than the tolerance
WARNING ZeroLength::setDomain(): Element 5000190 has L= 8.93917, which is greater than the tolerance
WARNING ZeroLength::setDomain(): Element 5000191 has L= 60.495, which is greater than the tolerance
WARNING ZeroLength::setDomain(): Element 5000192 has L= 27.4383, which is greater than the tolerance
WARNING ZeroLength::setDomain(): Element 5000193 has L= 22.8565, which is greater than the tolerance
WARNING ZeroLength::setDomain(): Element 5000194 has L= 60.9719, which is greater than the tolerance
WARNING ZeroLength::setDomain(): Element 5000195 has L= 65.064, which is greater than the tolerance
WARNING ZeroLength::setDomain(): Element 5000196 has L= 33.8053, which is greater than the tolerance
WARNING ZeroLength::setDomain(): Element 5000197 has L= 36.4879, which is greater than the tolerance
WARNING ZeroLength::setDomain(): Element 5000198 has L= 62.542, which is greater than the tolerance
WARNING ZeroLength::setDomain(): Element 5000199 has L= 62.2051, which is greater than the tolerance
WARNING ZeroLength::setDomain(): Element 5000200 has L= 51.4109, which is greater than the tolerance
WARNING ZeroLength::setDomain(): Element 5000201 has L= 15.3522, which is greater than the tolerance
