WARNING ZeroLength::setDomain(): Element 5000001 has L= 2.53539, which is greater than the tolerance
WARNING ZeroLength::setDomain(): Element 5000002 has L= 2.28211, which is greater than the tolerance
WARNING ZeroLength::setDomain(): Element 5000003 has L= 1.87694, which is greater than the tolerance
WARNING ZeroLength::setDomain(): Element 5000004 has L= 1.87858, which is greater than the tolerance
WARNING ZeroLength::setDomain(): Element 5000005 has L= 1.81393, which is greater than the tolerance
WARNING ZeroLength::setDomain(): Element 5000006 has L= 1.81393, which is greater than the tolerance
WARNING ZeroLength::setDomain(): Element 5000007 has L= 1.87858, which is greater than the tolerance
WARNING ZeroLength::setDomain(): Element 5000008 has L= 1.87694, which is greater than the tolerance
WARNING ZeroLength::setDomain(): Element 5000009 has L= 2.28211, which is greater than the tolerance
WARNING ZeroLength::setDomain(): Element 5000010 has L= 2.53539, which is greater than the tolerance
WARNING ZeroLength::setDomain(): Element 5000011 has L= 2.38865, which is greater than the tolerance
WARNING ZeroLength::setDomain(): Element 5000012 has L= 2.25051, which is greater than the tolerance
WARNING ZeroLength::setDomain(): Element 5000013 has L= 1.99184, which is greater than the tolerance
WARNING ZeroLength::setDomain(): Element 5000014 has L= 2.01748, which is greater than the tolerance
WARNING ZeroLength::setDomain(): Element 5000015 has L= 2.00519, which is greater than the tolerance
WARNING ZeroLength::setDomain(): Element 5000016 has L= 2.00519, which is greater than the tolerance
WARNING ZeroLength::setDomain(): Element 5000017 has L= 2.01748, which is greater than the tolerance
WARNING ZeroLength::setDomain(): Element 5000018 has L= 1.99184, which is greater than the tolerance
WARNING ZeroLength::setDomain(): Element 5000019 has L= 2.25051, which is greater than the tolerance
WARNING ZeroLength::setDomain(): Element 5000020 has L= 2.38865, which is greater than the tolerance
WARNING ZeroLength::setDomain(): Element 5000021 has L= 2.32367, which is greater than the tolerance
WARNING ZeroLength::setDomain(): Element 5000022 has L= 2.28379, which is greater than the tolerance
WARNING ZeroLength::setDomain(): Element 5000023 has L= 2.16568, which is greater than the tolerance
WARNING ZeroLength::setDomain(): Element 5000024 has L= 2.23048, which is greater than the tolerance
WARNING ZeroLength::setDomain(): Element 5000025 has L= 2.26736, which is greater than the tolerance
WARNING ZeroLength::setDomain(): Element 5000026 has L= 2.26736, which is greater than the tolerance
WARNING ZeroLength::setDomain(): Element 5000027 has L= 2.23048, which is greater than the tolerance
WARNING ZeroLength::setDomain(): Element 5000028 has L= 2.16568, which is greater than the tolerance
WARNING ZeroLength::setDomain(): Element 5000029 has L= 2.28379, which is greater than the tolerance
WARNING ZeroLength::setDomain(): Element 5000030 has L= 2.32367, which is greater than the tolerance
WARNING ZeroLength::setDomain(): Element 5000031 has L= 2.36835, which is greater than the tolerance
WARNING ZeroLength::setDomain(): Element 5000032 has L= 2.38019, which is greater than the tolerance
WARNING ZeroLength::setDomain(): Element 5000033 has L= 2.37932, which is greater than the tolerance
WARNING ZeroLength::setDomain(): Element 5000034 has L= 2.55066, which is greater than the tolerance
WARNING ZeroLength::setDomain(): Element 5000035 has L= 2.69078, which is greater than the tolerance
WARNING ZeroLength::setDomain(): Element 5000036 has L= 2.69078, which is greater than the tolerance
WARNING ZeroLength::setDomain(): Element 5000037 has L= 2.55066, which is greater than the tolerance
WARNING ZeroLength::setDomain(): Element 5000038 has L= 2.37932, which is greater than the tolerance
WARNING ZeroLength::setDomain(): Element 5000039 has L= 2.38019, which is greater than the tolerance
WARNING ZeroLength::setDomain(): Element 5000040 has L= 2.36835, which is greater than the tolerance
WARNING ZeroLength::setDomain(): Element 5000041 has L= 2.42809, which is greater than the tolerance
WARNING ZeroLength::setDomain(): Element 5000042 has L= 2.53595, which is greater than the tolerance
WARNING ZeroLength::setDomain(): Element 5000043 has L= 2.68917, which is greater than the tolerance
WARNING ZeroLength::setDomain(): Element 5000044 has L= 2.85547, which is greater than the tolerance
WARNING ZeroLength::setDomain(): Element 5000045 has L= 2.96107, which is greater than the tolerance
WARNING ZeroLength::setDomain(): Element 5000046 has L= 2.96107, which is greater than the tolerance
WARNING ZeroLength::setDomain(): Element 5000047 has L= 2.85547, which is greater than the tolerance
WARNING ZeroLength::setDomain(): Element 5000048 has L= 2.68917, which is greater than the tolerance
WARNING ZeroLength::setDomain(): Element 5000049 has L= 2.53595, which is greater than the tolerance
WARNING ZeroLength::setDomain(): Element 5000050 has L= 2.42809, which is greater than the tolerance
WARNING ZeroLength::setDomain(): Element 5000051 has L= 2.36399, which is greater than the tolerance
WARNING ZeroLength::setDomain(): Element 5000052 has L= 2.56386, which is greater than the tolerance
WARNING ZeroLength::setDomain(): Element 5000053 has L= 2.86889, which is greater than the tolerance
WARNING ZeroLength::setDomain(): Element 5000054 has L= 2.94541, which is greater than the tolerance
WARNING ZeroLength::setDomain(): Element 5000055 has L= 3.02923, which is greater than the tolerance
WARNING ZeroLength::setDomain(): Element 5000056 has L= 3.02923, which is greater than the tolerance
WARNING ZeroLength::setDomain(): Element 5000057 has L= 2.94541, which is greater than the tolerance
WARNING ZeroLength::setDomain(): Element 5000058 has L= 2.86889, which is greater than the tolerance
WARNING ZeroLength::setDomain(): Element 5000059 has L= 2.56386, which is greater than the tolerance
WARNING ZeroLength::setDomain(): Element 5000060 has L= 2.36399, which is greater than the tolerance
WARNING ZeroLength::setDomain(): Element 5000061 has L= 2.27266, which is greater than the tolerance
WARNING ZeroLength::setDomain(): Element 5000062 has L= 2.43174, which is greater than the tolerance
WARNING ZeroLength::setDomain(): Element 5000063 has L= 2.78975, which is greater than the tolerance
WARNING ZeroLength::setDomain(): Element 5000064 has L= 2.89524, which is greater than the tolerance
WARNING ZeroLength::setDomain(): Element 5000065 has L= 3.02555, which is greater than the tolerance
WARNING ZeroLength::setDomain(): Element 5000066 has L= 3.02555, which is greater than the tolerance
WARNING ZeroLength::setDomain(): Element 5000067 has L= 2.89524, which is greater than the tolerance
WARNING ZeroLength::setDomain(): Element 5000068 has L= 2.78975, which is greater than the tolerance
WARNING ZeroLength::setDomain(): Element 5000069 has L= 2.43174, which is greater than the tolerance
WARNING ZeroLength::setDomain(): Element 5000070 has L= 2.27266, which is greater than the tolerance
WARNING ZeroLength::setDomain(): Element 5000071 has L= 2.1978, which is greater than the tolerance
WARNING ZeroLength::setDomain(): Element 5000072 has L= 2.35797, which is greater than the tolerance
WARNING ZeroLength::setDomain(): Element 5000073 has L= 2.72729, which is greater than the tolerance
WARNING ZeroLength::setDomain(): Element 5000074 has L= 2.87885, which is greater than the tolerance
WARNING ZeroLength::setDomain(): Element 5000075 has L= 2.9882, which is greater than the tolerance
WARNING ZeroLength::setDomain(): Element 5000076 has L= 2.9882, which is greater than the tolerance
WARNING ZeroLength::setDomain(): Element 5000077 has L= 2.87885, which is greater than the tolerance
WARNING ZeroLength::setDomain(): Element 5000078 has L= 2.72729, which is greater than the tolerance
WARNING ZeroLength::setDomain(): Element 5000079 has L= 2.35797, which is greater than the tolerance
WARNING ZeroLength::setDomain(): Element 5000080 has L= 2.1978, which is greater than the tolerance
WARNING ZeroLength::setDomain(): Element 5000081 has L= 2.16908, which is greater than the tolerance
WARNING ZeroLength::setDomain(): Element 5000082 has L= 2.30232, which is greater than the tolerance
WARNING ZeroLength::setDomain(): Element 5000083 has L= 2.65396, which is greater than the tolerance
WARNING ZeroLength::setDomain(): Element 5000084 has L= 2.84076, which is greater than the tolerance
WARNING ZeroLength::setDomain(): Element 5000085 has L= 2.88682, which is greater than the tolerance
WARNING ZeroLength::setDomain(): Element 5000086 has L= 2.88682, which is greater than the tolerance
WARNING ZeroLength::setDomain(): Element 5000087 has L= 2.84076, which is greater than the tolerance
WARNING ZeroLength::setDomain(): Element 5000088 has L= 2.65396, which is greater than the tolerance
WARNING ZeroLength::setDomain(): Element 5000089 has L= 2.30232, which is greater than the tolerance
WARNING ZeroLength::setDomain(): Element 5000090 has L= 2.16908, which is greater than the tolerance
WARNING ZeroLength::setDomain(): Element 5000091 has L= 7.68336, which is greater than the tolerance
WARNING ZeroLength::setDomain(): Element 5000092 has L= 7.68336, which is greater than the tolerance
WARNING: CTestNormDispIncr::test() - failed to converge 
after: 50 iterations  current Norm: 60314.2 (max: 1e-06, Norm deltaR: 2.06567e+09)
NewtonRaphson::solveCurrentStep() -the ConvergenceTest object failed in test()
StaticAnalysis::analyze() - the Algorithm failed at step: 0 with domain at load factor 10945.5
OpenSees > analyze failed, returned: -3 error flag
WARNING: CTestNormDispIncr::test() - failed to converge 
after: 50 iterations  current Norm: 17453.8 (max: 1e-06, Norm deltaR: 4.77674e+08)
NewtonRaphson::solveCurrentStep() -the ConvergenceTest object failed in test()
StaticAnalysis::analyze() - the Algorithm failed at step: 0 with domain at load factor 4131.23
OpenSees > analyze failed, returned: -3 error flag
WARNING: CTestNormDispIncr::test() - failed to converge 
after: 50 iterations  current Norm: 73824.7 (max: 1e-06, Norm deltaR: 6.72978e+07)
NewtonLineSearch::solveCurrentStep() -the ConvergenceTest object failed in test()
StaticAnalysis::analyze() - the Algorithm failed at step: 0 with domain at load factor -850.039
OpenSees > analyze failed, returned: -3 error flag
WARNING: CTestNormDispIncr::test() - failed to converge 
after: 50 iterations  current Norm: 257592 (max: 1e-06, Norm deltaR: 7.95152e+08)
AcceleratedNewton::solveCurrentStep() -The ConvergenceTest object failed in test()
StaticAnalysis::analyze() - the Algorithm failed at step: 0 with domain at load factor -9922.19
OpenSees > analyze failed, returned: -3 error flag
WARNING: CTestNormDispIncr::test() - failed to converge 
after: 50 iterations  current Norm: 1.23546e+64 (max: 1e-06, Norm deltaR: 6.57072e+67)
ModifiedNewton::solveCurrentStep() -the ConvergenceTest object failed in test()
StaticAnalysis::analyze() - the Algorithm failed at step: 0 with domain at load factor 1.30218e+62
OpenSees > analyze failed, returned: -3 error flag
WARNING: CTestNormDispIncr::test() - failed to converge 
after: 50 iterations  current Norm: 21632.6 (max: 1e-06, Norm deltaR: 2.46469e+08)
NewtonRaphson::solveCurrentStep() -the ConvergenceTest object failed in test()
StaticAnalysis::analyze() - the Algorithm failed at step: 0 with domain at load factor -1766.24
OpenSees > analyze failed, returned: -3 error flag
WARNING: CTestNormDispIncr::test() - failed to converge 
after: 50 iterations  current Norm: 3607.22 (max: 1e-06, Norm deltaR: 1.31044e+08)
NewtonLineSearch::solveCurrentStep() -the ConvergenceTest object failed in test()
StaticAnalysis::analyze() - the Algorithm failed at step: 0 with domain at load factor -5760.58
OpenSees > analyze failed, returned: -3 error flag
WARNING: CTestNormDispIncr::test() - failed to converge 
after: 50 iterations  current Norm: 13665.2 (max: 1e-06, Norm deltaR: 4.46409e+08)
AcceleratedNewton::solveCurrentStep() -The ConvergenceTest object failed in test()
StaticAnalysis::analyze() - the Algorithm failed at step: 0 with domain at load factor -8537.73
OpenSees > analyze failed, returned: -3 error flag
WARNING: CTestNormDispIncr::test() - failed to converge 
after: 50 iterations  current Norm: 8.07473e+63 (max: 1e-06, Norm deltaR: 7.0706e+67)
ModifiedNewton::solveCurrentStep() -the ConvergenceTest object failed in test()
StaticAnalysis::analyze() - the Algorithm failed at step: 0 with domain at load factor -1.59779e+63
OpenSees > analyze failed, returned: -3 error flag
WARNING: CTestNormDispIncr::test() - failed to converge 
after: 50 iterations  current Norm: 0.762009 (max: 1e-06, Norm deltaR: 340299)
NewtonRaphson::solveCurrentStep() -the ConvergenceTest object failed in test()
StaticAnalysis::analyze() - the Algorithm failed at step: 0 with domain at load factor 323.764
OpenSees > analyze failed, returned: -3 error flag
WARNING: CTestNormDispIncr::test() - failed to converge 
after: 50 iterations  current Norm: 67794.7 (max: 1e-06, Norm deltaR: 9.93522e+07)
NewtonRaphson::solveCurrentStep() -the ConvergenceTest object failed in test()
StaticAnalysis::analyze() - the Algorithm failed at step: 0 with domain at load factor -1366.94
OpenSees > analyze failed, returned: -3 error flag
WARNING: CTestNormDispIncr::test() - failed to converge 
after: 50 iterations  current Norm: 29663.3 (max: 1e-06, Norm deltaR: 5.71285e+08)
NewtonLineSearch::solveCurrentStep() -the ConvergenceTest object failed in test()
StaticAnalysis::analyze() - the Algorithm failed at step: 0 with domain at load factor 147367
OpenSees > analyze failed, returned: -3 error flag
WARNING: CTestNormDispIncr::test() - failed to converge 
after: 50 iterations  current Norm: 37350.4 (max: 1e-06, Norm deltaR: 9.50858e+08)
AcceleratedNewton::solveCurrentStep() -The ConvergenceTest object failed in test()
StaticAnalysis::analyze() - the Algorithm failed at step: 0 with domain at load factor -3508.69
OpenSees > analyze failed, returned: -3 error flag
WARNING: CTestNormDispIncr::test() - failed to converge 
after: 50 iterations  current Norm: 1.6133e+66 (max: 1e-06, Norm deltaR: 1.42331e+70)
ModifiedNewton::solveCurrentStep() -the ConvergenceTest object failed in test()
StaticAnalysis::analyze() - the Algorithm failed at step: 0 with domain at load factor -4.35226e+65
OpenSees > analyze failed, returned: -3 error flag
WARNING: CTestNormDispIncr::test() - failed to converge 
after: 50 iterations  current Norm: 15886.5 (max: 1e-06, Norm deltaR: 3.44038e+08)
NewtonRaphson::solveCurrentStep() -the ConvergenceTest object failed in test()
StaticAnalysis::analyze() - the Algorithm failed at step: 0 with domain at load factor 1076.9
OpenSees > analyze failed, returned: -3 error flag
WARNING: CTestNormDispIncr::test() - failed to converge 
after: 50 iterations  current Norm: 1787.53 (max: 1e-06, Norm deltaR: 7.31467e+07)
NewtonLineSearch::solveCurrentStep() -the ConvergenceTest object failed in test()
StaticAnalysis::analyze() - the Algorithm failed at step: 0 with domain at load factor -4775.19
OpenSees > analyze failed, returned: -3 error flag
WARNING: CTestNormDispIncr::test() - failed to converge 
after: 50 iterations  current Norm: 2315.97 (max: 1e-06, Norm deltaR: 5.01752e+08)
AcceleratedNewton::solveCurrentStep() -The ConvergenceTest object failed in test()
StaticAnalysis::analyze() - the Algorithm failed at step: 0 with domain at load factor -1972.34
OpenSees > analyze failed, returned: -3 error flag
WARNING: CTestNormDispIncr::test() - failed to converge 
after: 50 iterations  current Norm: 4.34117e+68 (max: 1e-06, Norm deltaR: 4.03388e+72)
ModifiedNewton::solveCurrentStep() -the ConvergenceTest object failed in test()
StaticAnalysis::analyze() - the Algorithm failed at step: 0 with domain at load factor -4.20051e+67
OpenSees > analyze failed, returned: -3 error flag
WARNING: CTestNormDispIncr::test() - failed to converge 
after: 50 iterations  current Norm: 57918 (max: 1e-06, Norm deltaR: 3.69832e+09)
NewtonRaphson::solveCurrentStep() -the ConvergenceTest object failed in test()
StaticAnalysis::analyze() - the Algorithm failed at step: 0 with domain at load factor 3027.58
OpenSees > analyze failed, returned: -3 error flag
WARNING: CTestNormDispIncr::test() - failed to converge 
after: 50 iterations  current Norm: 79202.1 (max: 1e-06, Norm deltaR: 1.1692e+09)
NewtonRaphson::solveCurrentStep() -the ConvergenceTest object failed in test()
StaticAnalysis::analyze() - the Algorithm failed at step: 0 with domain at load factor -5036.46
OpenSees > analyze failed, returned: -3 error flag
WARNING: CTestNormDispIncr::test() - failed to converge 
after: 50 iterations  current Norm: 1904.36 (max: 1e-06, Norm deltaR: 1.22713e+08)
NewtonLineSearch::solveCurrentStep() -the ConvergenceTest object failed in test()
StaticAnalysis::analyze() - the Algorithm failed at step: 0 with domain at load factor -365.341
OpenSees > analyze failed, returned: -3 error flag
WARNING: CTestNormDispIncr::test() - failed to converge 
after: 50 iterations  current Norm: 15751.1 (max: 1e-06, Norm deltaR: 1.88705e+08)
AcceleratedNewton::solveCurrentStep() -The ConvergenceTest object failed in test()
StaticAnalysis::analyze() - the Algorithm failed at step: 0 with domain at load factor -902.967
OpenSees > analyze failed, returned: -3 error flag
WARNING: CTestNormDispIncr::test() - failed to converge 
after: 50 iterations  current Norm: 4.62549e+67 (max: 1e-06, Norm deltaR: 3.99104e+71)
ModifiedNewton::solveCurrentStep() -the ConvergenceTest object failed in test()
StaticAnalysis::analyze() - the Algorithm failed at step: 0 with domain at load factor -1.03401e+67
OpenSees > analyze failed, returned: -3 error flag
WARNING: CTestNormDispIncr::test() - failed to converge 
after: 50 iterations  current Norm: 32338.3 (max: 1e-06, Norm deltaR: 1.73085e+08)
NewtonRaphson::solveCurrentStep() -the ConvergenceTest object failed in test()
StaticAnalysis::analyze() - the Algorithm failed at step: 0 with domain at load factor -441.767
OpenSees > analyze failed, returned: -3 error flag
WARNING: CTestNormDispIncr::test() - failed to converge 
after: 50 iterations  current Norm: 1359.29 (max: 1e-06, Norm deltaR: 9.37054e+07)
NewtonLineSearch::solveCurrentStep() -the ConvergenceTest object failed in test()
StaticAnalysis::analyze() - the Algorithm failed at step: 0 with domain at load factor -1021.85
OpenSees > analyze failed, returned: -3 error flag
WARNING: CTestNormDispIncr::test() - failed to converge 
after: 50 iterations  current Norm: 0.0022475 (max: 1e-06, Norm deltaR: 729.452)
AcceleratedNewton::solveCurrentStep() -The ConvergenceTest object failed in test()
StaticAnalysis::analyze() - the Algorithm failed at step: 0 with domain at load factor 269.891
OpenSees > analyze failed, returned: -3 error flag
WARNING: CTestNormDispIncr::test() - failed to converge 
after: 50 iterations  current Norm: 5.84158e+69 (max: 1e-06, Norm deltaR: 4.71383e+73)
ModifiedNewton::solveCurrentStep() -the ConvergenceTest object failed in test()
StaticAnalysis::analyze() - the Algorithm failed at step: 0 with domain at load factor 2.07431e+69
OpenSees > analyze failed, returned: -3 error flag
WARNING ZeroLength::setDomain(): Element 5000093 has L= 7.90318, which is greater than the tolerance
WARNING ZeroLength::setDomain(): Element 5000094 has L= 8.06106, which is greater than the tolerance
WARNING ZeroLength::setDomain(): Element 5000095 has L= 7.75731, which is greater than the tolerance
WARNING ZeroLength::setDomain(): Element 5000096 has L= 52.8909, which is greater than the tolerance
WARNING ZeroLength::setDomain(): Element 5000097 has L= 8.21356, which is greater than the tolerance
WARNING ZeroLength::setDomain(): Element 5000098 has L= 49.9307, which is greater than the tolerance
WARNING ZeroLength::setDomain(): Element 5000099 has L= 56.9647, which is greater than the tolerance
WARNING ZeroLength::setDomain(): Element 5000100 has L= 53.4252, which is greater than the tolerance
WARNING ZeroLength::setDomain(): Element 5000101 has L= 7.90318, which is greater than the tolerance
WARNING ZeroLength::setDomain(): Element 5000102 has L= 21.469, which is greater than the tolerance
WARNING ZeroLength::setDomain(): Element 5000103 has L= 8.06106, which is greater than the tolerance
WARNING ZeroLength::setDomain(): Element 5000104 has L= 21.065, which is greater than the tolerance
WARNING ZeroLength::setDomain(): Element 5000105 has L= 61.0958, which is greater than the tolerance
WARNING: CTestNormDispIncr::test() - failed to converge 
after: 50 iterations  current Norm: 13920.4 (max: 1e-06, Norm deltaR: 2.82398e+08)
NewtonRaphson::solveCurrentStep() -the ConvergenceTest object failed in test()
StaticAnalysis::analyze() - the Algorithm failed at step: 0 with domain at load factor -331.62
OpenSees > analyze failed, returned: -3 error flag
WARNING ZeroLength::setDomain(): Element 5000106 has L= 56.3017, which is greater than the tolerance
WARNING ZeroLength::setDomain(): Element 5000107 has L= 60.6619, which is greater than the tolerance
WARNING ZeroLength::setDomain(): Element 5000108 has L= 7.75731, which is greater than the tolerance
WARNING: CTestNormDispIncr::test() - failed to converge 
after: 50 iterations  current Norm: 45425.5 (max: 1e-06, Norm deltaR: 3.32826e+08)
NewtonRaphson::solveCurrentStep() -the ConvergenceTest object failed in test()
StaticAnalysis::analyze() - the Algorithm failed at step: 0 with domain at load factor 594.313
OpenSees > analyze failed, returned: -3 error flag
WARNING: CTestNormDispIncr::test() - failed to converge 
after: 50 iterations  current Norm: 46364.7 (max: 1e-06, Norm deltaR: 5.18962e+08)
NewtonLineSearch::solveCurrentStep() -the ConvergenceTest object failed in test()
StaticAnalysis::analyze() - the Algorithm failed at step: 0 with domain at load factor 1087.91
OpenSees > analyze failed, returned: -3 error flag
WARNING ZeroLength::setDomain(): Element 5000109 has L= 21.9178, which is greater than the tolerance
WARNING ZeroLength::setDomain(): Element 5000110 has L= 60.9059, which is greater than the tolerance
WARNING ZeroLength::setDomain(): Element 5000111 has L= 21.469, which is greater than the tolerance
WARNING ZeroLength::setDomain(): Element 5000112 has L= 7.6023, which is greater than the tolerance
WARNING: CTestNormDispIncr::test() - failed to converge 
after: 50 iterations  current Norm: 26747.1 (max: 1e-06, Norm deltaR: 8.44356e+08)
NewtonRaphson::solveCurrentStep() -the ConvergenceTest object failed in test()
StaticAnalysis::analyze() - the Algorithm failed at step: 0 with domain at load factor -4033.2
OpenSees > analyze failed, returned: -3 error flag
WARNING: CTestNormDispIncr::test() - failed to converge 
after: 50 iterations  current Norm: 3075.3 (max: 1e-06, Norm deltaR: 1.13941e+08)
NewtonLineSearch::solveCurrentStep() -the ConvergenceTest object failed in test()
StaticAnalysis::analyze() - the Algorithm failed at step: 0 with domain at load factor 4228.9
OpenSees > analyze failed, returned: -3 error flag
WARNING: CTestNormDispIncr::test() - failed to converge 
after: 50 iterations  current Norm: 257.816 (max: 1e-06, Norm deltaR: 3.81953e+06)
AcceleratedNewton::solveCurrentStep() -The ConvergenceTest object failed in test()
StaticAnalysis::analyze() - the Algorithm failed at step: 0 with domain at load factor 407.288
OpenSees > analyze failed, returned: -3 error flag
WARNING: CTestNormDispIncr::test() - failed to converge 
after: 50 iterations  current Norm: 4.3643e+66 (max: 1e-06, Norm deltaR: 3.18543e+70)
ModifiedNewton::solveCurrentStep() -the ConvergenceTest object failed in test()
StaticAnalysis::analyze() - the Algorithm failed at step: 0 with domain at load factor 1.97069e+65
OpenSees > analyze failed, returned: -3 error flag
WARNING ZeroLength::setDomain(): Element 5000113 has L= 57.0625, which is greater than the tolerance
WARNING ZeroLength::setDomain(): Element 5000114 has L= 56.1702, which is greater than the tolerance
WARNING ZeroLength::setDomain(): Element 5000115 has L= 50.3348, which is greater than the tolerance
WARNING ZeroLength::setDomain(): Element 5000116 has L= 53.6853, which is greater than the tolerance
WARNING ZeroLength::setDomain(): Element 5000117 has L= 21.065, which is greater than the tolerance
WARNING ZeroLength::setDomain(): Element 5000118 has L= 8.38186, which is greater than the tolerance
WARNING ZeroLength::setDomain(): Element 5000119 has L= 63.5282, which is greater than the tolerance
WARNING ZeroLength::setDomain(): Element 5000120 has L= 21.9178, which is greater than the tolerance
WARNING ZeroLength::setDomain(): Element 5000121 has L= 8.21356, which is greater than the tolerance
WARNING ZeroLength::setDomain(): Element 5000122 has L= 22.4274, which is greater than the tolerance
WARNING ZeroLength::setDomain(): Element 5000123 has L= 16.9952, which is greater than the tolerance
WARNING ZeroLength::setDomain(): Element 5000124 has L= 17.4037, which is greater than the tolerance
WARNING ZeroLength::setDomain(): Element 5000125 has L= 20.6716, which is greater than the tolerance
WARNING ZeroLength::setDomain(): Element 5000126 has L= 7.6023, which is greater than the tolerance
WARNING ZeroLength::setDomain(): Element 5000127 has L= 9.9875, which is greater than the tolerance
WARNING ZeroLength::setDomain(): Element 5000128 has L= 16.3038, which is greater than the tolerance
WARNING ZeroLength::setDomain(): Element 5000129 has L= 17.8084, which is greater than the tolerance
WARNING ZeroLength::setDomain(): Element 5000130 has L= 65.5532, which is greater than the tolerance
WARNING ZeroLength::setDomain(): Element 5000131 has L= 7.42799, which is greater than the tolerance
WARNING ZeroLength::setDomain(): Element 5000132 has L= 59.0901, which is greater than the tolerance
WARNING ZeroLength::setDomain(): Element 5000133 has L= 16.6467, which is greater than the tolerance
WARNING ZeroLength::setDomain(): Element 5000134 has L= 16.3038, which is greater than the tolerance
WARNING ZeroLength::setDomain(): Element 5000135 has L= 20.6716, which is greater than the tolerance
WARNING ZeroLength::setDomain(): Element 5000136 has L= 22.4274, which is greater than the tolerance
WARNING ZeroLength::setDomain(): Element 5000137 has L= 8.58087, which is greater than the tolerance
WARNING ZeroLength::setDomain(): Element 5000138 has L= 56.8922, which is greater than the tolerance
WARNING ZeroLength::setDomain(): Element 5000139 has L= 7.42799, which is greater than the tolerance
WARNING ZeroLength::setDomain(): Element 5000140 has L= 9.76007, which is greater than the tolerance
WARNING ZeroLength::setDomain(): Element 5000141 has L= 7.27275, which is greater than the tolerance
WARNING ZeroLength::setDomain(): Element 5000142 has L= 18.1842, which is greater than the tolerance
WARNING ZeroLength::setDomain(): Element 5000143 has L= 15.9979, which is greater than the tolerance
WARNING ZeroLength::setDomain(): Element 5000144 has L= 16.9952, which is greater than the tolerance
WARNING ZeroLength::setDomain(): Element 5000145 has L= 60.6735, which is greater than the tolerance
WARNING ZeroLength::setDomain(): Element 5000146 has L= 53.5354, which is greater than the tolerance
WARNING ZeroLength::setDomain(): Element 5000147 has L= 58.3883, which is greater than the tolerance
WARNING ZeroLength::setDomain(): Element 5000148 has L= 70.0927, which is greater than the tolerance
WARNING ZeroLength::setDomain(): Element 5000149 has L= 56.9156, which is greater than the tolerance
WARNING ZeroLength::setDomain(): Element 5000150 has L= 68.4787, which is greater than the tolerance
WARNING ZeroLength::setDomain(): Element 5000151 has L= 56.4713, which is greater than the tolerance
WARNING ZeroLength::setDomain(): Element 5000152 has L= 60.7983, which is greater than the tolerance
WARNING ZeroLength::setDomain(): Element 5000153 has L= 58.758, which is greater than the tolerance
WARNING ZeroLength::setDomain(): Element 5000154 has L= 8.77781, which is greater than the tolerance
WARNING ZeroLength::setDomain(): Element 5000155 has L= 54.7122, which is greater than the tolerance
WARNING ZeroLength::setDomain(): Element 5000156 has L= 53.7014, which is greater than the tolerance
WARNING ZeroLength::setDomain(): Element 5000157 has L= 10.2417, which is greater than the tolerance
WARNING ZeroLength::setDomain(): Element 5000158 has L= 63.2384, which is greater than the tolerance
WARNING ZeroLength::setDomain(): Element 5000159 has L= 65.6466, which is greater than the tolerance
WARNING ZeroLength::setDomain(): Element 5000160 has L= 35.0876, which is greater than the tolerance
WARNING ZeroLength::setDomain(): Element 5000161 has L= 15.9979, which is greater than the tolerance
WARNING ZeroLength::setDomain(): Element 5000162 has L= 10.5098, which is greater than the tolerance
WARNING ZeroLength::setDomain(): Element 5000163 has L= 18.5206, which is greater than the tolerance
WARNING ZeroLength::setDomain(): Element 5000164 has L= 20.2468, which is greater than the tolerance
WARNING ZeroLength::setDomain(): Element 5000165 has L= 20.2468, which is greater than the tolerance
WARNING ZeroLength::setDomain(): Element 5000166 has L= 7.15516, which is greater than the tolerance
WARNING ZeroLength::setDomain(): Element 5000167 has L= 17.4037, which is greater than the tolerance
WARNING ZeroLength::setDomain(): Element 5000168 has L= 54.6871, which is greater than the tolerance
WARNING ZeroLength::setDomain(): Element 5000169 has L= 68.4522, which is greater than the tolerance
WARNING ZeroLength::setDomain(): Element 5000170 has L= 34.4045, which is greater than the tolerance
WARNING ZeroLength::setDomain(): Element 5000171 has L= 55.78, which is greater than the tolerance
WARNING ZeroLength::setDomain(): Element 5000172 has L= 15.6853, which is greater than the tolerance
WARNING ZeroLength::setDomain(): Element 5000173 has L= 9.55501, which is greater than the tolerance
WARNING ZeroLength::setDomain(): Element 5000174 has L= 58.2236, which is greater than the tolerance
WARNING ZeroLength::setDomain(): Element 5000175 has L= 55.0248, which is greater than the tolerance
WARNING ZeroLength::setDomain(): Element 5000176 has L= 66.8689, which is greater than the tolerance
WARNING ZeroLength::setDomain(): Element 5000177 has L= 44.965, which is greater than the tolerance
WARNING ZeroLength::setDomain(): Element 5000178 has L= 7.94375, which is greater than the tolerance
WARNING ZeroLength::setDomain(): Element 5000179 has L= 22.8484, which is greater than the tolerance
WARNING ZeroLength::setDomain(): Element 5000180 has L= 27.4298, which is greater than the tolerance
WARNING ZeroLength::setDomain(): Element 5000181 has L= 33.797, which is greater than the tolerance
WARNING ZeroLength::setDomain(): Element 5000182 has L= 45.1755, which is greater than the tolerance
WARNING ZeroLength::setDomain(): Element 5000183 has L= 7.27275, which is greater than the tolerance
WARNING ZeroLength::setDomain(): Element 5000184 has L= 63.6481, which is greater than the tolerance
WARNING ZeroLength::setDomain(): Element 5000185 has L= 28.0683, which is greater than the tolerance
WARNING ZeroLength::setDomain(): Element 5000186 has L= 52.2888, which is greater than the tolerance
WARNING ZeroLength::setDomain(): Element 5000187 has L= 15.6853, which is greater than the tolerance
WARNING ZeroLength::setDomain(): Element 5000188 has L= 28.7788, which is greater than the tolerance
WARNING ZeroLength::setDomain(): Element 5000189 has L= 35.7985, which is greater than the tolerance
WARNING ZeroLength::setDomain(): Element 5000190 has L= 44.4366, which is greater than the tolerance
WARNING ZeroLength::setDomain(): Element 5000191 has L= 57.743, which is greater than the tolerance
WARNING ZeroLength::setDomain(): Element 5000192 has L= 52.5461, which is greater than the tolerance
WARNING ZeroLength::setDomain(): Element 5000193 has L= 45.2371, which is greater than the tolerance
WARNING ZeroLength::setDomain(): Element 5000194 has L= 44.5381, which is greater than the tolerance
WARNING ZeroLength::setDomain(): Element 5000195 has L= 35.0876, which is greater than the tolerance
WARNING ZeroLength::setDomain(): Element 5000196 has L= 55.0179, which is greater than the tolerance
WARNING ZeroLength::setDomain(): Element 5000197 has L= 29.3621, which is greater than the tolerance
WARNING ZeroLength::setDomain(): Element 5000198 has L= 62.1937, which is greater than the tolerance
WARNING ZeroLength::setDomain(): Element 5000199 has L= 58.3331, which is greater than the tolerance
WARNING ZeroLength::setDomain(): Element 5000200 has L= 51.136, which is greater than the tolerance
WARNING ZeroLength::setDomain(): Element 5000201 has L= 54.6159, which is greater than the tolerance
WARNING ZeroLength::setDomain(): Element 5000202 has L= 59.6431, which is greater than the tolerance
