WARNING ZeroLength::setDomain(): Element 5000001 has L= 2.46771, which is greater than the tolerance
WARNING ZeroLength::setDomain(): Element 5000002 has L= 2.21422, which is greater than the tolerance
WARNING ZeroLength::setDomain(): Element 5000003 has L= 1.80892, which is greater than the tolerance
WARNING ZeroLength::setDomain(): Element 5000004 has L= 1.81058, which is greater than the tolerance
WARNING ZeroLength::setDomain(): Element 5000005 has L= 1.74589, which is greater than the tolerance
WARNING ZeroLength::setDomain(): Element 5000006 has L= 1.74589, which is greater than the tolerance
WARNING ZeroLength::setDomain(): Element 5000007 has L= 1.81058, which is greater than the tolerance
WARNING ZeroLength::setDomain(): Element 5000008 has L= 1.80892, which is greater than the tolerance
WARNING ZeroLength::setDomain(): Element 5000009 has L= 2.21422, which is greater than the tolerance
WARNING ZeroLength::setDomain(): Element 5000010 has L= 2.46771, which is greater than the tolerance
WARNING ZeroLength::setDomain(): Element 5000011 has L= 2.321, which is greater than the tolerance
WARNING ZeroLength::setDomain(): Element 5000012 has L= 2.18258, which is greater than the tolerance
WARNING ZeroLength::setDomain(): Element 5000013 has L= 1.92381, which is greater than the tolerance
WARNING ZeroLength::setDomain(): Element 5000014 has L= 1.94944, which is greater than the tolerance
WARNING ZeroLength::setDomain(): Element 5000015 has L= 1.93715, which is greater than the tolerance
WARNING ZeroLength::setDomain(): Element 5000016 has L= 1.93715, which is greater than the tolerance
WARNING ZeroLength::setDomain(): Element 5000017 has L= 1.94944, which is greater than the tolerance
WARNING ZeroLength::setDomain(): Element 5000018 has L= 1.92381, which is greater than the tolerance
WARNING ZeroLength::setDomain(): Element 5000019 has L= 2.18258, which is greater than the tolerance
WARNING ZeroLength::setDomain(): Element 5000020 has L= 2.321, which is greater than the tolerance
WARNING ZeroLength::setDomain(): Element 5000021 has L= 2.25593, which is greater than the tolerance
WARNING ZeroLength::setDomain(): Element 5000022 has L= 2.21581, which is greater than the tolerance
WARNING ZeroLength::setDomain(): Element 5000023 has L= 2.09764, which is greater than the tolerance
WARNING ZeroLength::setDomain(): Element 5000024 has L= 2.16244, which is greater than the tolerance
WARNING ZeroLength::setDomain(): Element 5000025 has L= 2.19932, which is greater than the tolerance
WARNING ZeroLength::setDomain(): Element 5000026 has L= 2.19932, which is greater than the tolerance
WARNING ZeroLength::setDomain(): Element 5000027 has L= 2.16244, which is greater than the tolerance
WARNING ZeroLength::setDomain(): Element 5000028 has L= 2.09764, which is greater than the tolerance
WARNING ZeroLength::setDomain(): Element 5000029 has L= 2.21581, which is greater than the tolerance
WARNING ZeroLength::setDomain(): Element 5000030 has L= 2.25593, which is greater than the tolerance
WARNING ZeroLength::setDomain(): Element 5000031 has L= 2.30041, which is greater than the tolerance
WARNING ZeroLength::setDomain(): Element 5000032 has L= 2.31217, which is greater than the tolerance
WARNING ZeroLength::setDomain(): Element 5000033 has L= 2.31128, which is greater than the tolerance
WARNING ZeroLength::setDomain(): Element 5000034 has L= 2.48262, which is greater than the tolerance
WARNING ZeroLength::setDomain(): Element 5000035 has L= 2.62274, which is greater than the tolerance
WARNING ZeroLength::setDomain(): Element 5000036 has L= 2.62274, which is greater than the tolerance
WARNING ZeroLength::setDomain(): Element 5000037 has L= 2.48262, which is greater than the tolerance
WARNING ZeroLength::setDomain(): Element 5000038 has L= 2.31128, which is greater than the tolerance
WARNING ZeroLength::setDomain(): Element 5000039 has L= 2.31217, which is greater than the tolerance
WARNING ZeroLength::setDomain(): Element 5000040 has L= 2.30041, which is greater than the tolerance
WARNING ZeroLength::setDomain(): Element 5000041 has L= 2.36008, which is greater than the tolerance
WARNING ZeroLength::setDomain(): Element 5000042 has L= 2.46792, which is greater than the tolerance
WARNING ZeroLength::setDomain(): Element 5000043 has L= 2.62113, which is greater than the tolerance
WARNING ZeroLength::setDomain(): Element 5000044 has L= 2.78743, which is greater than the tolerance
WARNING ZeroLength::setDomain(): Element 5000045 has L= 2.89303, which is greater than the tolerance
WARNING ZeroLength::setDomain(): Element 5000046 has L= 2.89303, which is greater than the tolerance
WARNING ZeroLength::setDomain(): Element 5000047 has L= 2.78743, which is greater than the tolerance
WARNING ZeroLength::setDomain(): Element 5000048 has L= 2.62113, which is greater than the tolerance
WARNING ZeroLength::setDomain(): Element 5000049 has L= 2.46792, which is greater than the tolerance
WARNING ZeroLength::setDomain(): Element 5000050 has L= 2.36008, which is greater than the tolerance
WARNING ZeroLength::setDomain(): Element 5000051 has L= 2.29598, which is greater than the tolerance
WARNING ZeroLength::setDomain(): Element 5000052 has L= 2.49582, which is greater than the tolerance
WARNING ZeroLength::setDomain(): Element 5000053 has L= 2.80085, which is greater than the tolerance
WARNING ZeroLength::setDomain(): Element 5000054 has L= 2.87737, which is greater than the tolerance
WARNING ZeroLength::setDomain(): Element 5000055 has L= 2.96119, which is greater than the tolerance
WARNING ZeroLength::setDomain(): Element 5000056 has L= 2.96119, which is greater than the tolerance
WARNING ZeroLength::setDomain(): Element 5000057 has L= 2.87737, which is greater than the tolerance
WARNING ZeroLength::setDomain(): Element 5000058 has L= 2.80085, which is greater than the tolerance
WARNING ZeroLength::setDomain(): Element 5000059 has L= 2.49582, which is greater than the tolerance
WARNING ZeroLength::setDomain(): Element 5000060 has L= 2.29598, which is greater than the tolerance
WARNING ZeroLength::setDomain(): Element 5000061 has L= 2.20467, which is greater than the tolerance
WARNING ZeroLength::setDomain(): Element 5000062 has L= 2.3637, which is greater than the tolerance
WARNING ZeroLength::setDomain(): Element 5000063 has L= 2.72171, which is greater than the tolerance
WARNING ZeroLength::setDomain(): Element 5000064 has L= 2.8272, which is greater than the tolerance
WARNING ZeroLength::setDomain(): Element 5000065 has L= 2.9575, which is greater than the tolerance
WARNING ZeroLength::setDomain(): Element 5000066 has L= 2.9575, which is greater than the tolerance
WARNING ZeroLength::setDomain(): Element 5000067 has L= 2.8272, which is greater than the tolerance
WARNING ZeroLength::setDomain(): Element 5000068 has L= 2.72171, which is greater than the tolerance
WARNING ZeroLength::setDomain(): Element 5000069 has L= 2.3637, which is greater than the tolerance
WARNING ZeroLength::setDomain(): Element 5000070 has L= 2.20467, which is greater than the tolerance
WARNING ZeroLength::setDomain(): Element 5000071 has L= 2.12982, which is greater than the tolerance
WARNING ZeroLength::setDomain(): Element 5000072 has L= 2.28993, which is greater than the tolerance
WARNING ZeroLength::setDomain(): Element 5000073 has L= 2.65925, which is greater than the tolerance
WARNING ZeroLength::setDomain(): Element 5000074 has L= 2.81081, which is greater than the tolerance
WARNING ZeroLength::setDomain(): Element 5000075 has L= 2.92015, which is greater than the tolerance
WARNING ZeroLength::setDomain(): Element 5000076 has L= 2.92015, which is greater than the tolerance
WARNING ZeroLength::setDomain(): Element 5000077 has L= 2.81081, which is greater than the tolerance
WARNING ZeroLength::setDomain(): Element 5000078 has L= 2.65925, which is greater than the tolerance
WARNING ZeroLength::setDomain(): Element 5000079 has L= 2.28993, which is greater than the tolerance
WARNING ZeroLength::setDomain(): Element 5000080 has L= 2.12982, which is greater than the tolerance
WARNING ZeroLength::setDomain(): Element 5000081 has L= 2.10107, which is greater than the tolerance
WARNING ZeroLength::setDomain(): Element 5000082 has L= 2.23428, which is greater than the tolerance
WARNING ZeroLength::setDomain(): Element 5000083 has L= 2.58592, which is greater than the tolerance
WARNING ZeroLength::setDomain(): Element 5000084 has L= 2.77272, which is greater than the tolerance
WARNING ZeroLength::setDomain(): Element 5000085 has L= 2.81878, which is greater than the tolerance
WARNING ZeroLength::setDomain(): Element 5000086 has L= 2.81878, which is greater than the tolerance
WARNING ZeroLength::setDomain(): Element 5000087 has L= 2.77272, which is greater than the tolerance
WARNING ZeroLength::setDomain(): Element 5000088 has L= 2.58592, which is greater than the tolerance
WARNING ZeroLength::setDomain(): Element 5000089 has L= 2.23428, which is greater than the tolerance
WARNING ZeroLength::setDomain(): Element 5000090 has L= 2.10107, which is greater than the tolerance
WARNING: CTestNormDispIncr::test() - failed to converge 
after: 50 iterations  current Norm: 28881.8 (max: 1e-06, Norm deltaR: 1.32797e+09)
NewtonRaphson::solveCurrentStep() -the ConvergenceTest object failed in test()
StaticAnalysis::analyze() - the Algorithm failed at step: 0 with domain at load factor 134.615
OpenSees > analyze failed, returned: -3 error flag
WARNING: CTestNormDispIncr::test() - failed to converge 
after: 50 iterations  current Norm: 25152.2 (max: 1e-06, Norm deltaR: 4.01466e+08)
NewtonRaphson::solveCurrentStep() -the ConvergenceTest object failed in test()
StaticAnalysis::analyze() - the Algorithm failed at step: 0 with domain at load factor -344.652
OpenSees > analyze failed, returned: -3 error flag
WARNING: CTestNormDispIncr::test() - failed to converge 
after: 50 iterations  current Norm: 2778.4 (max: 1e-06, Norm deltaR: 1.03658e+08)
NewtonLineSearch::solveCurrentStep() -the ConvergenceTest object failed in test()
StaticAnalysis::analyze() - the Algorithm failed at step: 0 with domain at load factor -1964.99
OpenSees > analyze failed, returned: -3 error flag
WARNING: CTestNormDispIncr::test() - failed to converge 
after: 50 iterations  current Norm: 37528.8 (max: 1e-06, Norm deltaR: 1.06588e+09)
AcceleratedNewton::solveCurrentStep() -The ConvergenceTest object failed in test()
StaticAnalysis::analyze() - the Algorithm failed at step: 0 with domain at load factor -2994.65
OpenSees > analyze failed, returned: -3 error flag
WARNING: CTestNormDispIncr::test() - failed to converge 
after: 50 iterations  current Norm: 6.4946e+71 (max: 1e-06, Norm deltaR: 1.85948e+75)
ModifiedNewton::solveCurrentStep() -the ConvergenceTest object failed in test()
StaticAnalysis::analyze() - the Algorithm failed at step: 0 with domain at load factor -1.29841e+70
OpenSees > analyze failed, returned: -3 error flag
WARNING: CTestNormDispIncr::test() - failed to converge 
after: 50 iterations  current Norm: 110037 (max: 1e-06, Norm deltaR: 2.57494e+09)
NewtonRaphson::solveCurrentStep() -the ConvergenceTest object failed in test()
StaticAnalysis::analyze() - the Algorithm failed at step: 0 with domain at load factor 13420.8
OpenSees > analyze failed, returned: -3 error flag
WARNING: CTestNormDispIncr::test() - failed to converge 
after: 50 iterations  current Norm: 34381.5 (max: 1e-06, Norm deltaR: 8.43555e+08)
NewtonRaphson::solveCurrentStep() -the ConvergenceTest object failed in test()
StaticAnalysis::analyze() - the Algorithm failed at step: 0 with domain at load factor -2561.03
OpenSees > analyze failed, returned: -3 error flag
WARNING: CTestNormDispIncr::test() - failed to converge 
after: 50 iterations  current Norm: 163636 (max: 1e-06, Norm deltaR: 3.42427e+09)
NewtonLineSearch::solveCurrentStep() -the ConvergenceTest object failed in test()
StaticAnalysis::analyze() - the Algorithm failed at step: 0 with domain at load factor -74690.1
OpenSees > analyze failed, returned: -3 error flag
WARNING ZeroLength::setDomain(): Element 5000091 has L= 7.88406, which is greater than the tolerance
WARNING ZeroLength::setDomain(): Element 5000092 has L= 8.04194, which is greater than the tolerance
WARNING ZeroLength::setDomain(): Element 5000093 has L= 7.7382, which is greater than the tolerance
WARNING ZeroLength::setDomain(): Element 5000094 has L= 54.4221, which is greater than the tolerance
WARNING ZeroLength::setDomain(): Element 5000095 has L= 8.19444, which is greater than the tolerance
WARNING: CTestNormDispIncr::test() - failed to converge 
after: 50 iterations  current Norm: 114895 (max: 1e-06, Norm deltaR: 7.56782e+07)
NewtonRaphson::solveCurrentStep() -the ConvergenceTest object failed in test()
StaticAnalysis::analyze() - the Algorithm failed at step: 0 with domain at load factor 70.9547
OpenSees > analyze failed, returned: -3 error flag
WARNING ZeroLength::setDomain(): Element 5000096 has L= 21.451, which is greater than the tolerance
WARNING ZeroLength::setDomain(): Element 5000097 has L= 21.0469, which is greater than the tolerance
WARNING ZeroLength::setDomain(): Element 5000098 has L= 49.7626, which is greater than the tolerance
WARNING ZeroLength::setDomain(): Element 5000099 has L= 50.4764, which is greater than the tolerance
WARNING ZeroLength::setDomain(): Element 5000100 has L= 51.3708, which is greater than the tolerance
WARNING ZeroLength::setDomain(): Element 5000101 has L= 52.3503, which is greater than the tolerance
WARNING ZeroLength::setDomain(): Element 5000102 has L= 10.9873, which is greater than the tolerance
WARNING ZeroLength::setDomain(): Element 5000103 has L= 7.88406, which is greater than the tolerance
WARNING ZeroLength::setDomain(): Element 5000104 has L= 10.7451, which is greater than the tolerance
WARNING ZeroLength::setDomain(): Element 5000105 has L= 7.58319, which is greater than the tolerance
WARNING: CTestNormDispIncr::test() - failed to converge 
after: 50 iterations  current Norm: 21878.6 (max: 1e-06, Norm deltaR: 1.42949e+08)
NewtonRaphson::solveCurrentStep() -the ConvergenceTest object failed in test()
StaticAnalysis::analyze() - the Algorithm failed at step: 0 with domain at load factor -686.65
OpenSees > analyze failed, returned: -3 error flag
WARNING ZeroLength::setDomain(): Element 5000106 has L= 54.802, which is greater than the tolerance
WARNING ZeroLength::setDomain(): Element 5000107 has L= 10.4952, which is greater than the tolerance
WARNING ZeroLength::setDomain(): Element 5000108 has L= 17.3846, which is greater than the tolerance
WARNING ZeroLength::setDomain(): Element 5000109 has L= 16.9761, which is greater than the tolerance
WARNING ZeroLength::setDomain(): Element 5000110 has L= 58.6674, which is greater than the tolerance
WARNING ZeroLength::setDomain(): Element 5000111 has L= 7.7382, which is greater than the tolerance
WARNING: CTestNormDispIncr::test() - failed to converge 
after: 50 iterations  current Norm: 86386.5 (max: 1e-06, Norm deltaR: 2.62011e+08)
NewtonRaphson::solveCurrentStep() -the ConvergenceTest object failed in test()
StaticAnalysis::analyze() - the Algorithm failed at step: 0 with domain at load factor -3739.62
OpenSees > analyze failed, returned: -3 error flag
WARNING ZeroLength::setDomain(): Element 5000112 has L= 17.7892, which is greater than the tolerance
WARNING ZeroLength::setDomain(): Element 5000113 has L= 10.2271, which is greater than the tolerance
WARNING: CTestNormDispIncr::test() - failed to converge 
after: 50 iterations  current Norm: 2.63409e+06 (max: 1e-06, Norm deltaR: 6.35076e+10)
NewtonRaphson::solveCurrentStep() -the ConvergenceTest object failed in test()
StaticAnalysis::analyze() - the Algorithm failed at step: 0 with domain at load factor 100845
OpenSees > analyze failed, returned: -3 error flag
WARNING: CTestNormDispIncr::test() - failed to converge 
after: 50 iterations  current Norm: 12266.7 (max: 1e-06, Norm deltaR: 2.5866e+08)
NewtonLineSearch::solveCurrentStep() -the ConvergenceTest object failed in test()
StaticAnalysis::analyze() - the Algorithm failed at step: 0 with domain at load factor 6146.96
OpenSees > analyze failed, returned: -3 error flag
WARNING: CTestNormDispIncr::test() - failed to converge 
after: 50 iterations  current Norm: 44267.6 (max: 1e-06, Norm deltaR: 3.37869e+08)
AcceleratedNewton::solveCurrentStep() -The ConvergenceTest object failed in test()
StaticAnalysis::analyze() - the Algorithm failed at step: 0 with domain at load factor 1331.02
OpenSees > analyze failed, returned: -3 error flag
WARNING: CTestNormDispIncr::test() - failed to converge 
after: 50 iterations  current Norm: 3.00055e+79 (max: 1e-06, Norm deltaR: 4.43139e+83)
ModifiedNewton::solveCurrentStep() -the ConvergenceTest object failed in test()
StaticAnalysis::analyze() - the Algorithm failed at step: 0 with domain at load factor -4.01273e+76
OpenSees > analyze failed, returned: -3 error flag
WARNING: CTestNormDispIncr::test() - failed to converge 
after: 50 iterations  current Norm: 26961.5 (max: 1e-06, Norm deltaR: 3.5773e+08)
NewtonRaphson::solveCurrentStep() -the ConvergenceTest object failed in test()
StaticAnalysis::analyze() - the Algorithm failed at step: 0 with domain at load factor -3249.35
OpenSees > analyze failed, returned: -3 error flag
WARNING ZeroLength::setDomain(): Element 5000114 has L= 22.4094, which is greater than the tolerance
WARNING ZeroLength::setDomain(): Element 5000115 has L= 21.8998, which is greater than the tolerance
WARNING ZeroLength::setDomain(): Element 5000116 has L= 53.8016, which is greater than the tolerance
WARNING ZeroLength::setDomain(): Element 5000117 has L= 7.58319, which is greater than the tolerance
WARNING ZeroLength::setDomain(): Element 5000118 has L= 18.1651, which is greater than the tolerance
WARNING ZeroLength::setDomain(): Element 5000119 has L= 7.40888, which is greater than the tolerance
WARNING ZeroLength::setDomain(): Element 5000120 has L= 16.2847, which is greater than the tolerance
WARNING ZeroLength::setDomain(): Element 5000121 has L= 16.6275, which is greater than the tolerance
WARNING ZeroLength::setDomain(): Element 5000122 has L= 9.97284, which is greater than the tolerance
WARNING ZeroLength::setDomain(): Element 5000123 has L= 20.6535, which is greater than the tolerance
WARNING ZeroLength::setDomain(): Element 5000124 has L= 7.40888, which is greater than the tolerance
WARNING ZeroLength::setDomain(): Element 5000125 has L= 8.36273, which is greater than the tolerance
WARNING ZeroLength::setDomain(): Element 5000126 has L= 21.8998, which is greater than the tolerance
WARNING ZeroLength::setDomain(): Element 5000127 has L= 16.2847, which is greater than the tolerance
WARNING ZeroLength::setDomain(): Element 5000128 has L= 15.9788, which is greater than the tolerance
WARNING ZeroLength::setDomain(): Element 5000129 has L= 10.7451, which is greater than the tolerance
WARNING ZeroLength::setDomain(): Element 5000130 has L= 15.9788, which is greater than the tolerance
WARNING ZeroLength::setDomain(): Element 5000131 has L= 9.97284, which is greater than the tolerance
WARNING ZeroLength::setDomain(): Element 5000132 has L= 16.9761, which is greater than the tolerance
WARNING ZeroLength::setDomain(): Element 5000133 has L= 7.25364, which is greater than the tolerance
WARNING ZeroLength::setDomain(): Element 5000134 has L= 8.04194, which is greater than the tolerance
WARNING ZeroLength::setDomain(): Element 5000135 has L= 21.0469, which is greater than the tolerance
WARNING ZeroLength::setDomain(): Element 5000136 has L= 9.74533, which is greater than the tolerance
WARNING ZeroLength::setDomain(): Element 5000137 has L= 62.4599, which is greater than the tolerance
WARNING ZeroLength::setDomain(): Element 5000138 has L= 10.2271, which is greater than the tolerance
WARNING ZeroLength::setDomain(): Element 5000139 has L= 16.6275, which is greater than the tolerance
WARNING ZeroLength::setDomain(): Element 5000140 has L= 20.6535, which is greater than the tolerance
WARNING ZeroLength::setDomain(): Element 5000141 has L= 8.56175, which is greater than the tolerance
WARNING ZeroLength::setDomain(): Element 5000142 has L= 65.1811, which is greater than the tolerance
WARNING ZeroLength::setDomain(): Element 5000143 has L= 21.451, which is greater than the tolerance
WARNING ZeroLength::setDomain(): Element 5000144 has L= 60.5509, which is greater than the tolerance
WARNING ZeroLength::setDomain(): Element 5000145 has L= 35.0688, which is greater than the tolerance
WARNING ZeroLength::setDomain(): Element 5000146 has L= 7.13605, which is greater than the tolerance
WARNING ZeroLength::setDomain(): Element 5000147 has L= 55.7406, which is greater than the tolerance
WARNING ZeroLength::setDomain(): Element 5000148 has L= 10.5782, which is greater than the tolerance
WARNING ZeroLength::setDomain(): Element 5000149 has L= 18.5015, which is greater than the tolerance
WARNING ZeroLength::setDomain(): Element 5000150 has L= 22.4094, which is greater than the tolerance
WARNING ZeroLength::setDomain(): Element 5000151 has L= 57.6858, which is greater than the tolerance
WARNING ZeroLength::setDomain(): Element 5000152 has L= 9.74533, which is greater than the tolerance
WARNING ZeroLength::setDomain(): Element 5000153 has L= 27.4107, which is greater than the tolerance
WARNING ZeroLength::setDomain(): Element 5000154 has L= 26.8343, which is greater than the tolerance
WARNING ZeroLength::setDomain(): Element 5000155 has L= 9.54017, which is greater than the tolerance
WARNING ZeroLength::setDomain(): Element 5000156 has L= 28.7597, which is greater than the tolerance
WARNING ZeroLength::setDomain(): Element 5000157 has L= 7.25364, which is greater than the tolerance
WARNING ZeroLength::setDomain(): Element 5000158 has L= 28.0492, which is greater than the tolerance
WARNING ZeroLength::setDomain(): Element 5000159 has L= 56.3764, which is greater than the tolerance
WARNING ZeroLength::setDomain(): Element 5000160 has L= 63.8811, which is greater than the tolerance
WARNING ZeroLength::setDomain(): Element 5000161 has L= 8.7587, which is greater than the tolerance
WARNING ZeroLength::setDomain(): Element 5000162 has L= 59.9752, which is greater than the tolerance
WARNING ZeroLength::setDomain(): Element 5000163 has L= 52.5837, which is greater than the tolerance
WARNING ZeroLength::setDomain(): Element 5000164 has L= 34.3857, which is greater than the tolerance
WARNING ZeroLength::setDomain(): Element 5000165 has L= 35.7797, which is greater than the tolerance
WARNING ZeroLength::setDomain(): Element 5000166 has L= 26.2556, which is greater than the tolerance
WARNING ZeroLength::setDomain(): Element 5000167 has L= 35.0688, which is greater than the tolerance
WARNING ZeroLength::setDomain(): Element 5000168 has L= 7.05025, which is greater than the tolerance
WARNING ZeroLength::setDomain(): Element 5000169 has L= 15.6661, which is greater than the tolerance
WARNING ZeroLength::setDomain(): Element 5000170 has L= 20.2287, which is greater than the tolerance
WARNING ZeroLength::setDomain(): Element 5000171 has L= 58.5517, which is greater than the tolerance
WARNING ZeroLength::setDomain(): Element 5000172 has L= 10.4952, which is greater than the tolerance
WARNING ZeroLength::setDomain(): Element 5000173 has L= 34.3857, which is greater than the tolerance
WARNING ZeroLength::setDomain(): Element 5000174 has L= 33.7782, which is greater than the tolerance
WARNING ZeroLength::setDomain(): Element 5000175 has L= 20.2287, which is greater than the tolerance
WARNING ZeroLength::setDomain(): Element 5000176 has L= 35.7797, which is greater than the tolerance
WARNING ZeroLength::setDomain(): Element 5000177 has L= 48.4587, which is greater than the tolerance
WARNING ZeroLength::setDomain(): Element 5000178 has L= 47.9791, which is greater than the tolerance
WARNING ZeroLength::setDomain(): Element 5000179 has L= 29.343, which is greater than the tolerance
WARNING ZeroLength::setDomain(): Element 5000180 has L= 69.8578, which is greater than the tolerance
WARNING ZeroLength::setDomain(): Element 5000181 has L= 48.0225, which is greater than the tolerance
WARNING ZeroLength::setDomain(): Element 5000182 has L= 25.6601, which is greater than the tolerance
WARNING ZeroLength::setDomain(): Element 5000183 has L= 15.6661, which is greater than the tolerance
WARNING: CTestNormDispIncr::test() - failed to converge 
after: 50 iterations  current Norm: 233672 (max: 1e-06, Norm deltaR: 1.74472e+08)
NewtonRaphson::solveCurrentStep() -the ConvergenceTest object failed in test()
StaticAnalysis::analyze() - the Algorithm failed at step: 0 with domain at load factor 1306.57
OpenSees > analyze failed, returned: -3 error flag
WARNING: CTestNormDispIncr::test() - failed to converge 
after: 50 iterations  current Norm: 12989.3 (max: 1e-06, Norm deltaR: 2.76937e+08)
NewtonLineSearch::solveCurrentStep() -the ConvergenceTest object failed in test()
StaticAnalysis::analyze() - the Algorithm failed at step: 0 with domain at load factor -21289.5
OpenSees > analyze failed, returned: -3 error flag
WARNING: CTestNormDispIncr::test() - failed to converge 
after: 50 iterations  current Norm: 22.1277 (max: 1e-06, Norm deltaR: 3.22727e+06)
AcceleratedNewton::solveCurrentStep() -The ConvergenceTest object failed in test()
StaticAnalysis::analyze() - the Algorithm failed at step: 0 with domain at load factor 801.28
OpenSees > analyze failed, returned: -3 error flag
WARNING: CTestNormDispIncr::test() - failed to converge 
after: 50 iterations  current Norm: 1.19937e+62 (max: 1e-06, Norm deltaR: 1.0077e+66)
ModifiedNewton::solveCurrentStep() -the ConvergenceTest object failed in test()
StaticAnalysis::analyze() - the Algorithm failed at step: 0 with domain at load factor -8.78707e+57
OpenSees > analyze failed, returned: -3 error flag
WARNING ZeroLength::setDomain(): Element 5000184 has L= 48.1958, which is greater than the tolerance
WARNING: CTestNormDispIncr::test() - failed to converge 
after: 50 iterations  current Norm: 66467.5 (max: 1e-06, Norm deltaR: 1.49388e+09)
NewtonRaphson::solveCurrentStep() -the ConvergenceTest object failed in test()
StaticAnalysis::analyze() - the Algorithm failed at step: 0 with domain at load factor -3037.71
OpenSees > analyze failed, returned: -3 error flag
WARNING: CTestNormDispIncr::test() - failed to converge 
after: 50 iterations  current Norm: 3.33182 (max: 1e-06, Norm deltaR: 1.2702e+06)
NewtonLineSearch::solveCurrentStep() -the ConvergenceTest object failed in test()
StaticAnalysis::analyze() - the Algorithm failed at step: 0 with domain at load factor 806.77
OpenSees > analyze failed, returned: -3 error flag
WARNING: CTestNormDispIncr::test() - failed to converge 
after: 50 iterations  current Norm: 29.3288 (max: 1e-06, Norm deltaR: 362914)
AcceleratedNewton::solveCurrentStep() -The ConvergenceTest object failed in test()
StaticAnalysis::analyze() - the Algorithm failed at step: 0 with domain at load factor 811.683
OpenSees > analyze failed, returned: -3 error flag
WARNING: CTestNormDispIncr::test() - failed to converge 
after: 50 iterations  current Norm: 1.11283e+73 (max: 1e-06, Norm deltaR: 7.88322e+76)
ModifiedNewton::solveCurrentStep() -the ConvergenceTest object failed in test()
StaticAnalysis::analyze() - the Algorithm failed at step: 0 with domain at load factor -7.67293e+71
OpenSees > analyze failed, returned: -3 error flag
WARNING: CTestNormDispIncr::test() - failed to converge 
after: 50 iterations  current Norm: 107277 (max: 1e-06, Norm deltaR: 3.35672e+09)
NewtonRaphson::solveCurrentStep() -the ConvergenceTest object failed in test()
StaticAnalysis::analyze() - the Algorithm failed at step: 0 with domain at load factor -33811.7
OpenSees > analyze failed, returned: -3 error flag
WARNING: CTestNormDispIncr::test() - failed to converge 
after: 50 iterations  current Norm: 3209.3 (max: 1e-06, Norm deltaR: 1.43696e+08)
NewtonLineSearch::solveCurrentStep() -the ConvergenceTest object failed in test()
StaticAnalysis::analyze() - the Algorithm failed at step: 0 with domain at load factor -162.199
OpenSees > analyze failed, returned: -3 error flag
WARNING: CTestNormDispIncr::test() - failed to converge 
after: 50 iterations  current Norm: 53.4619 (max: 1e-06, Norm deltaR: 3.89297e+06)
AcceleratedNewton::solveCurrentStep() -The ConvergenceTest object failed in test()
StaticAnalysis::analyze() - the Algorithm failed at step: 0 with domain at load factor 802.326
OpenSees > analyze failed, returned: -3 error flag
WARNING: CTestNormDispIncr::test() - failed to converge 
after: 50 iterations  current Norm: 6.87304e+74 (max: 1e-06, Norm deltaR: 5.91573e+78)
ModifiedNewton::solveCurrentStep() -the ConvergenceTest object failed in test()
StaticAnalysis::analyze() - the Algorithm failed at step: 0 with domain at load factor 6.28723e+72
OpenSees > analyze failed, returned: -3 error flag
WARNING: CTestNormDispIncr::test() - failed to converge 
after: 50 iterations  current Norm: 46767.1 (max: 1e-06, Norm deltaR: 1.00949e+08)
NewtonRaphson::solveCurrentStep() -the ConvergenceTest object failed in test()
StaticAnalysis::analyze() - the Algorithm failed at step: 0 with domain at load factor 590.519
OpenSees > analyze failed, returned: -3 error flag
WARNING ZeroLength::setDomain(): Element 5000185 has L= 8.91154, which is greater than the tolerance
WARNING ZeroLength::setDomain(): Element 5000186 has L= 58.9451, which is greater than the tolerance
WARNING ZeroLength::setDomain(): Element 5000187 has L= 61.3976, which is greater than the tolerance
WARNING ZeroLength::setDomain(): Element 5000188 has L= 64.1083, which is greater than the tolerance
WARNING ZeroLength::setDomain(): Element 5000189 has L= 62.3726, which is greater than the tolerance
WARNING ZeroLength::setDomain(): Element 5000190 has L= 65.4295, which is greater than the tolerance
WARNING ZeroLength::setDomain(): Element 5000191 has L= 17.3846, which is greater than the tolerance
WARNING ZeroLength::setDomain(): Element 5000192 has L= 55.502, which is greater than the tolerance
WARNING ZeroLength::setDomain(): Element 5000193 has L= 33.7782, which is greater than the tolerance
WARNING ZeroLength::setDomain(): Element 5000194 has L= 22.8305, which is greater than the tolerance
WARNING ZeroLength::setDomain(): Element 5000195 has L= 8.19444, which is greater than the tolerance
WARNING ZeroLength::setDomain(): Element 5000196 has L= 64.0498, which is greater than the tolerance
WARNING ZeroLength::setDomain(): Element 5000197 has L= 24.9953, which is greater than the tolerance
WARNING ZeroLength::setDomain(): Element 5000198 has L= 36.4607, which is greater than the tolerance
WARNING ZeroLength::setDomain(): Element 5000199 has L= 61.4447, which is greater than the tolerance
