WARNING ZeroLength::setDomain(): Element 5000001 has L= 2.52309, which is greater than the tolerance
WARNING ZeroLength::setDomain(): Element 5000002 has L= 2.26977, which is greater than the tolerance
WARNING ZeroLength::setDomain(): Element 5000003 has L= 1.86458, which is greater than the tolerance
WARNING ZeroLength::setDomain(): Element 5000004 has L= 1.86622, which is greater than the tolerance
WARNING ZeroLength::setDomain(): Element 5000005 has L= 1.80157, which is greater than the tolerance
WARNING ZeroLength::setDomain(): Element 5000006 has L= 1.80157, which is greater than the tolerance
WARNING ZeroLength::setDomain(): Element 5000007 has L= 1.86622, which is greater than the tolerance
WARNING ZeroLength::setDomain(): Element 5000008 has L= 1.86458, which is greater than the tolerance
WARNING ZeroLength::setDomain(): Element 5000009 has L= 2.26977, which is greater than the tolerance
WARNING ZeroLength::setDomain(): Element 5000010 has L= 2.52309, which is greater than the tolerance
WARNING ZeroLength::setDomain(): Element 5000011 has L= 2.37636, which is greater than the tolerance
WARNING ZeroLength::setDomain(): Element 5000012 has L= 2.23817, which is greater than the tolerance
WARNING ZeroLength::setDomain(): Element 5000013 has L= 1.97948, which is greater than the tolerance
WARNING ZeroLength::setDomain(): Element 5000014 has L= 2.00512, which is greater than the tolerance
WARNING ZeroLength::setDomain(): Element 5000015 has L= 1.99283, which is greater than the tolerance
WARNING ZeroLength::setDomain(): Element 5000016 has L= 1.99283, which is greater than the tolerance
WARNING ZeroLength::setDomain(): Element 5000017 has L= 2.00512, which is greater than the tolerance
WARNING ZeroLength::setDomain(): Element 5000018 has L= 1.97948, which is greater than the tolerance
WARNING ZeroLength::setDomain(): Element 5000019 has L= 2.23817, which is greater than the tolerance
WARNING ZeroLength::setDomain(): Element 5000020 has L= 2.37636, which is greater than the tolerance
WARNING ZeroLength::setDomain(): Element 5000021 has L= 2.31136, which is greater than the tolerance
WARNING ZeroLength::setDomain(): Element 5000022 has L= 2.27144, which is greater than the tolerance
WARNING ZeroLength::setDomain(): Element 5000023 has L= 2.15332, which is greater than the tolerance
WARNING ZeroLength::setDomain(): Element 5000024 has L= 2.21812, which is greater than the tolerance
WARNING ZeroLength::setDomain(): Element 5000025 has L= 2.255, which is greater than the tolerance
WARNING ZeroLength::setDomain(): Element 5000026 has L= 2.255, which is greater than the tolerance
WARNING ZeroLength::setDomain(): Element 5000027 has L= 2.21812, which is greater than the tolerance
WARNING ZeroLength::setDomain(): Element 5000028 has L= 2.15332, which is greater than the tolerance
WARNING ZeroLength::setDomain(): Element 5000029 has L= 2.27144, which is greater than the tolerance
WARNING ZeroLength::setDomain(): Element 5000030 has L= 2.31136, which is greater than the tolerance
WARNING ZeroLength::setDomain(): Element 5000031 has L= 2.356, which is greater than the tolerance
WARNING ZeroLength::setDomain(): Element 5000032 has L= 2.36783, which is greater than the tolerance
WARNING ZeroLength::setDomain(): Element 5000033 has L= 2.36696, which is greater than the tolerance
WARNING ZeroLength::setDomain(): Element 5000034 has L= 2.5383, which is greater than the tolerance
WARNING ZeroLength::setDomain(): Element 5000035 has L= 2.67842, which is greater than the tolerance
WARNING ZeroLength::setDomain(): Element 5000036 has L= 2.67842, which is greater than the tolerance
WARNING ZeroLength::setDomain(): Element 5000037 has L= 2.5383, which is greater than the tolerance
WARNING ZeroLength::setDomain(): Element 5000038 has L= 2.36696, which is greater than the tolerance
WARNING ZeroLength::setDomain(): Element 5000039 has L= 2.36783, which is greater than the tolerance
WARNING ZeroLength::setDomain(): Element 5000040 has L= 2.356, which is greater than the tolerance
WARNING ZeroLength::setDomain(): Element 5000041 has L= 2.41574, which is greater than the tolerance
WARNING ZeroLength::setDomain(): Element 5000042 has L= 2.52359, which is greater than the tolerance
WARNING ZeroLength::setDomain(): Element 5000043 has L= 2.67681, which is greater than the tolerance
WARNING ZeroLength::setDomain(): Element 5000044 has L= 2.8431, which is greater than the tolerance
WARNING ZeroLength::setDomain(): Element 5000045 has L= 2.94871, which is greater than the tolerance
WARNING ZeroLength::setDomain(): Element 5000046 has L= 2.94871, which is greater than the tolerance
WARNING ZeroLength::setDomain(): Element 5000047 has L= 2.8431, which is greater than the tolerance
WARNING ZeroLength::setDomain(): Element 5000048 has L= 2.67681, which is greater than the tolerance
WARNING ZeroLength::setDomain(): Element 5000049 has L= 2.52359, which is greater than the tolerance
WARNING ZeroLength::setDomain(): Element 5000050 has L= 2.41574, which is greater than the tolerance
WARNING ZeroLength::setDomain(): Element 5000051 has L= 2.35164, which is greater than the tolerance
WARNING ZeroLength::setDomain(): Element 5000052 has L= 2.5515, which is greater than the tolerance
WARNING ZeroLength::setDomain(): Element 5000053 has L= 2.85653, which is greater than the tolerance
WARNING ZeroLength::setDomain(): Element 5000054 has L= 2.93305, which is greater than the tolerance
WARNING ZeroLength::setDomain(): Element 5000055 has L= 3.01687, which is greater than the tolerance
WARNING ZeroLength::setDomain(): Element 5000056 has L= 3.01687, which is greater than the tolerance
WARNING ZeroLength::setDomain(): Element 5000057 has L= 2.93305, which is greater than the tolerance
WARNING ZeroLength::setDomain(): Element 5000058 has L= 2.85653, which is greater than the tolerance
WARNING ZeroLength::setDomain(): Element 5000059 has L= 2.5515, which is greater than the tolerance
WARNING ZeroLength::setDomain(): Element 5000060 has L= 2.35164, which is greater than the tolerance
WARNING ZeroLength::setDomain(): Element 5000061 has L= 2.26031, which is greater than the tolerance
WARNING ZeroLength::setDomain(): Element 5000062 has L= 2.41938, which is greater than the tolerance
WARNING ZeroLength::setDomain(): Element 5000063 has L= 2.77739, which is greater than the tolerance
WARNING ZeroLength::setDomain(): Element 5000064 has L= 2.88288, which is greater than the tolerance
WARNING ZeroLength::setDomain(): Element 5000065 has L= 3.01318, which is greater than the tolerance
WARNING ZeroLength::setDomain(): Element 5000066 has L= 3.01318, which is greater than the tolerance
WARNING ZeroLength::setDomain(): Element 5000067 has L= 2.88288, which is greater than the tolerance
WARNING ZeroLength::setDomain(): Element 5000068 has L= 2.77739, which is greater than the tolerance
WARNING ZeroLength::setDomain(): Element 5000069 has L= 2.41938, which is greater than the tolerance
WARNING ZeroLength::setDomain(): Element 5000070 has L= 2.26031, which is greater than the tolerance
WARNING ZeroLength::setDomain(): Element 5000071 has L= 2.18545, which is greater than the tolerance
WARNING ZeroLength::setDomain(): Element 5000072 has L= 2.34561, which is greater than the tolerance
WARNING ZeroLength::setDomain(): Element 5000073 has L= 2.71493, which is greater than the tolerance
WARNING ZeroLength::setDomain(): Element 5000074 has L= 2.86649, which is greater than the tolerance
WARNING ZeroLength::setDomain(): Element 5000075 has L= 2.97583, which is greater than the tolerance
WARNING ZeroLength::setDomain(): Element 5000076 has L= 2.97583, which is greater than the tolerance
WARNING ZeroLength::setDomain(): Element 5000077 has L= 2.86649, which is greater than the tolerance
WARNING ZeroLength::setDomain(): Element 5000078 has L= 2.71493, which is greater than the tolerance
WARNING ZeroLength::setDomain(): Element 5000079 has L= 2.34561, which is greater than the tolerance
WARNING ZeroLength::setDomain(): Element 5000080 has L= 2.18545, which is greater than the tolerance
WARNING ZeroLength::setDomain(): Element 5000081 has L= 2.15673, which is greater than the tolerance
WARNING ZeroLength::setDomain(): Element 5000082 has L= 2.28996, which is greater than the tolerance
WARNING ZeroLength::setDomain(): Element 5000083 has L= 2.64159, which is greater than the tolerance
WARNING ZeroLength::setDomain(): Element 5000084 has L= 2.8284, which is greater than the tolerance
WARNING ZeroLength::setDomain(): Element 5000085 has L= 2.87446, which is greater than the tolerance
WARNING ZeroLength::setDomain(): Element 5000086 has L= 2.87446, which is greater than the tolerance
WARNING ZeroLength::setDomain(): Element 5000087 has L= 2.8284, which is greater than the tolerance
WARNING ZeroLength::setDomain(): Element 5000088 has L= 2.64159, which is greater than the tolerance
WARNING ZeroLength::setDomain(): Element 5000089 has L= 2.28996, which is greater than the tolerance
WARNING ZeroLength::setDomain(): Element 5000090 has L= 2.15673, which is greater than the tolerance
WARNING: CTestNormDispIncr::test() - failed to converge 
after: 50 iterations  current Norm: 24088.4 (max: 1e-06, Norm deltaR: 1.8774e+08)
NewtonRaphson::solveCurrentStep() -the ConvergenceTest object failed in test()
StaticAnalysis::analyze() - the Algorithm failed at step: 0 with domain at load factor 1272.49
OpenSees > analyze failed, returned: -3 error flag
WARNING: CTestNormDispIncr::test() - failed to converge 
after: 50 iterations  current Norm: 10550.2 (max: 1e-06, Norm deltaR: 2.66548e+08)
NewtonRaphson::solveCurrentStep() -the ConvergenceTest object failed in test()
StaticAnalysis::analyze() - the Algorithm failed at step: 0 with domain at load factor -4072.1
OpenSees > analyze failed, returned: -3 error flag
WARNING: CTestNormDispIncr::test() - failed to converge 
after: 50 iterations  current Norm: 2.55469 (max: 1e-06, Norm deltaR: 105520)
NewtonLineSearch::solveCurrentStep() -the ConvergenceTest object failed in test()
StaticAnalysis::analyze() - the Algorithm failed at step: 0 with domain at load factor 328.952
OpenSees > analyze failed, returned: -3 error flag
WARNING: CTestNormDispIncr::test() - failed to converge 
after: 50 iterations  current Norm: 353.932 (max: 1e-06, Norm deltaR: 2.20807e+07)
AcceleratedNewton::solveCurrentStep() -The ConvergenceTest object failed in test()
StaticAnalysis::analyze() - the Algorithm failed at step: 0 with domain at load factor 680.063
OpenSees > analyze failed, returned: -3 error flag
WARNING: CTestNormDispIncr::test() - failed to converge 
after: 50 iterations  current Norm: 1.95362e+68 (max: 1e-06, Norm deltaR: 1.52527e+72)
ModifiedNewton::solveCurrentStep() -the ConvergenceTest object failed in test()
StaticAnalysis::analyze() - the Algorithm failed at step: 0 with domain at load factor -1.62787e+67
OpenSees > analyze failed, returned: -3 error flag
WARNING: CTestNormDispIncr::test() - failed to converge 
after: 50 iterations  current Norm: 62013.9 (max: 1e-06, Norm deltaR: 1.11065e+08)
NewtonRaphson::solveCurrentStep() -the ConvergenceTest object failed in test()
StaticAnalysis::analyze() - the Algorithm failed at step: 0 with domain at load factor -221.363
OpenSees > analyze failed, returned: -3 error flag
WARNING: CTestNormDispIncr::test() - failed to converge 
after: 50 iterations  current Norm: 3498.82 (max: 1e-06, Norm deltaR: 1.62307e+08)
NewtonLineSearch::solveCurrentStep() -the ConvergenceTest object failed in test()
StaticAnalysis::analyze() - the Algorithm failed at step: 0 with domain at load factor -4343.67
OpenSees > analyze failed, returned: -3 error flag
WARNING: CTestNormDispIncr::test() - failed to converge 
after: 50 iterations  current Norm: 2.09963e+06 (max: 1e-06, Norm deltaR: 8.85369e+08)
AcceleratedNewton::solveCurrentStep() -The ConvergenceTest object failed in test()
StaticAnalysis::analyze() - the Algorithm failed at step: 0 with domain at load factor -1674.7
OpenSees > analyze failed, returned: -3 error flag
WARNING: CTestNormDispIncr::test() - failed to converge 
after: 50 iterations  current Norm: 7.28778e+53 (max: 1e-06, Norm deltaR: 2.80212e+57)
ModifiedNewton::solveCurrentStep() -the ConvergenceTest object failed in test()
StaticAnalysis::analyze() - the Algorithm failed at step: 0 with domain at load factor 2.23661e+50
OpenSees > analyze failed, returned: -3 error flag
WARNING: CTestNormDispIncr::test() - failed to converge 
after: 50 iterations  current Norm: 21115.4 (max: 1e-06, Norm deltaR: 4.64037e+08)
NewtonRaphson::solveCurrentStep() -the ConvergenceTest object failed in test()
StaticAnalysis::analyze() - the Algorithm failed at step: 0 with domain at load factor -1183.71
OpenSees > analyze failed, returned: -3 error flag
WARNING: CTestNormDispIncr::test() - failed to converge 
after: 50 iterations  current Norm: 2199.45 (max: 1e-06, Norm deltaR: 1.21239e+08)
NewtonLineSearch::solveCurrentStep() -the ConvergenceTest object failed in test()
StaticAnalysis::analyze() - the Algorithm failed at step: 0 with domain at load factor -162.385
OpenSees > analyze failed, returned: -3 error flag
WARNING: CTestNormDispIncr::test() - failed to converge 
after: 50 iterations  current Norm: 24775 (max: 1e-06, Norm deltaR: 3.33873e+08)
AcceleratedNewton::solveCurrentStep() -The ConvergenceTest object failed in test()
StaticAnalysis::analyze() - the Algorithm failed at step: 0 with domain at load factor -1042.97
OpenSees > analyze failed, returned: -3 error flag
WARNING: CTestNormDispIncr::test() - failed to converge 
after: 50 iterations  current Norm: 1.06069e+68 (max: 1e-06, Norm deltaR: 8.09558e+71)
ModifiedNewton::solveCurrentStep() -the ConvergenceTest object failed in test()
StaticAnalysis::analyze() - the Algorithm failed at step: 0 with domain at load factor 2.68246e+67
OpenSees > analyze failed, returned: -3 error flag
WARNING: CTestNormDispIncr::test() - failed to converge 
after: 50 iterations  current Norm: 59668.6 (max: 1e-06, Norm deltaR: 1.32033e+09)
NewtonRaphson::solveCurrentStep() -the ConvergenceTest object failed in test()
StaticAnalysis::analyze() - the Algorithm failed at step: 0 with domain at load factor 7830.29
OpenSees > analyze failed, returned: -3 error flag
WARNING: CTestNormDispIncr::test() - failed to converge 
after: 50 iterations  current Norm: 11811 (max: 1e-06, Norm deltaR: 1.00193e+08)
NewtonLineSearch::solveCurrentStep() -the ConvergenceTest object failed in test()
StaticAnalysis::analyze() - the Algorithm failed at step: 0 with domain at load factor -881.57
OpenSees > analyze failed, returned: -3 error flag
WARNING: CTestNormDispIncr::test() - failed to converge 
after: 50 iterations  current Norm: 0.466602 (max: 1e-06, Norm deltaR: 55527.5)
AcceleratedNewton::solveCurrentStep() -The ConvergenceTest object failed in test()
StaticAnalysis::analyze() - the Algorithm failed at step: 0 with domain at load factor 331.346
OpenSees > analyze failed, returned: -3 error flag
WARNING: CTestNormDispIncr::test() - failed to converge 
after: 50 iterations  current Norm: 1.4707e+91 (max: 1e-06, Norm deltaR: 1.26588e+95)
ModifiedNewton::solveCurrentStep() -the ConvergenceTest object failed in test()
StaticAnalysis::analyze() - the Algorithm failed at step: 0 with domain at load factor 5.67227e+90
OpenSees > analyze failed, returned: -3 error flag
WARNING: CTestNormDispIncr::test() - failed to converge 
after: 50 iterations  current Norm: 58707.8 (max: 1e-06, Norm deltaR: 1.21046e+09)
NewtonRaphson::solveCurrentStep() -the ConvergenceTest object failed in test()
StaticAnalysis::analyze() - the Algorithm failed at step: 0 with domain at load factor -8014.09
OpenSees > analyze failed, returned: -3 error flag
WARNING: CTestNormDispIncr::test() - failed to converge 
after: 50 iterations  current Norm: 2313.12 (max: 1e-06, Norm deltaR: 1.0565e+08)
NewtonLineSearch::solveCurrentStep() -the ConvergenceTest object failed in test()
StaticAnalysis::analyze() - the Algorithm failed at step: 0 with domain at load factor -450.404
OpenSees > analyze failed, returned: -3 error flag
WARNING: CTestNormDispIncr::test() - failed to converge 
after: 50 iterations  current Norm: 3.35532 (max: 1e-06, Norm deltaR: 188140)
AcceleratedNewton::solveCurrentStep() -The ConvergenceTest object failed in test()
StaticAnalysis::analyze() - the Algorithm failed at step: 0 with domain at load factor 333.721
OpenSees > analyze failed, returned: -3 error flag
WARNING: CTestNormDispIncr::test() - failed to converge 
after: 50 iterations  current Norm: 4.38265e+135 (max: 1e-06, Norm deltaR: 4.05523e+139)
ModifiedNewton::solveCurrentStep() -the ConvergenceTest object failed in test()
StaticAnalysis::analyze() - the Algorithm failed at step: 0 with domain at load factor 2.37294e+135
OpenSees > analyze failed, returned: -3 error flag
WARNING: CTestNormDispIncr::test() - failed to converge 
after: 50 iterations  current Norm: 5235.46 (max: 1e-06, Norm deltaR: 1.11107e+08)
NewtonRaphson::solveCurrentStep() -the ConvergenceTest object failed in test()
StaticAnalysis::analyze() - the Algorithm failed at step: 0 with domain at load factor 3003.97
OpenSees > analyze failed, returned: -3 error flag
WARNING: CTestNormDispIncr::test() - failed to converge 
after: 50 iterations  current Norm: 5376.97 (max: 1e-06, Norm deltaR: 1.5097e+08)
NewtonLineSearch::solveCurrentStep() -the ConvergenceTest object failed in test()
StaticAnalysis::analyze() - the Algorithm failed at step: 0 with domain at load factor -847.189
OpenSees > analyze failed, returned: -3 error flag
WARNING: CTestNormDispIncr::test() - failed to converge 
after: 50 iterations  current Norm: 0.536458 (max: 1e-06, Norm deltaR: 11310.5)
AcceleratedNewton::solveCurrentStep() -The ConvergenceTest object failed in test()
StaticAnalysis::analyze() - the Algorithm failed at step: 0 with domain at load factor 331.518
OpenSees > analyze failed, returned: -3 error flag
WARNING: CTestNormDispIncr::test() - failed to converge 
after: 50 iterations  current Norm: 5.33651e+98 (max: 1e-06, Norm deltaR: 5.08067e+102)
ModifiedNewton::solveCurrentStep() -the ConvergenceTest object failed in test()
StaticAnalysis::analyze() - the Algorithm failed at step: 0 with domain at load factor 3.40762e+98
OpenSees > analyze failed, returned: -3 error flag
WARNING: CTestNormDispIncr::test() - failed to converge 
after: 50 iterations  current Norm: 1.06557 (max: 1e-06, Norm deltaR: 30190.2)
NewtonRaphson::solveCurrentStep() -the ConvergenceTest object failed in test()
StaticAnalysis::analyze() - the Algorithm failed at step: 0 with domain at load factor 331.622
OpenSees > analyze failed, returned: -3 error flag
WARNING: CTestNormDispIncr::test() - failed to converge 
after: 50 iterations  current Norm: 0.0601824 (max: 1e-06, Norm deltaR: 8296.07)
NewtonLineSearch::solveCurrentStep() -the ConvergenceTest object failed in test()
StaticAnalysis::analyze() - the Algorithm failed at step: 0 with domain at load factor 331.505
OpenSees > analyze failed, returned: -3 error flag
WARNING: CTestNormDispIncr::test() - failed to converge 
after: 50 iterations  current Norm: 0.393324 (max: 1e-06, Norm deltaR: 10434.7)
AcceleratedNewton::solveCurrentStep() -The ConvergenceTest object failed in test()
StaticAnalysis::analyze() - the Algorithm failed at step: 0 with domain at load factor 331.503
OpenSees > analyze failed, returned: -3 error flag
WARNING: CTestNormDispIncr::test() - failed to converge 
after: 50 iterations  current Norm: 2.91421e+88 (max: 1e-06, Norm deltaR: 2.80497e+92)
ModifiedNewton::solveCurrentStep() -the ConvergenceTest object failed in test()
StaticAnalysis::analyze() - the Algorithm failed at step: 0 with domain at load factor 2.01226e+88
OpenSees > analyze failed, returned: -3 error flag
WARNING: CTestNormDispIncr::test() - failed to converge 
after: 50 iterations  current Norm: 16394 (max: 1e-06, Norm deltaR: 2.22566e+08)
NewtonRaphson::solveCurrentStep() -the ConvergenceTest object failed in test()
StaticAnalysis::analyze() - the Algorithm failed at step: 0 with domain at load factor 5460.8
OpenSees > analyze failed, returned: -3 error flag
WARNING: CTestNormDispIncr::test() - failed to converge 
after: 50 iterations  current Norm: 0.844152 (max: 1e-06, Norm deltaR: 165255)
NewtonLineSearch::solveCurrentStep() -the ConvergenceTest object failed in test()
StaticAnalysis::analyze() - the Algorithm failed at step: 0 with domain at load factor 332.006
OpenSees > analyze failed, returned: -3 error flag
WARNING: CTestNormDispIncr::test() - failed to converge 
after: 50 iterations  current Norm: 0.0979 (max: 1e-06, Norm deltaR: 2876.97)
AcceleratedNewton::solveCurrentStep() -The ConvergenceTest object failed in test()
StaticAnalysis::analyze() - the Algorithm failed at step: 0 with domain at load factor 331.502
OpenSees > analyze failed, returned: -3 error flag
WARNING: CTestNormDispIncr::test() - failed to converge 
after: 50 iterations  current Norm: 1.0111e+83 (max: 1e-06, Norm deltaR: 9.78005e+86)
ModifiedNewton::solveCurrentStep() -the ConvergenceTest object failed in test()
StaticAnalysis::analyze() - the Algorithm failed at step: 0 with domain at load factor 7.2123e+82
OpenSees > analyze failed, returned: -3 error flag
