WARNING ZeroLength::setDomain(): Element 5000001 has L= 2.58767, which is greater than the tolerance
WARNING ZeroLength::setDomain(): Element 5000002 has L= 2.33454, which is greater than the tolerance
WARNING ZeroLength::setDomain(): Element 5000003 has L= 1.92946, which is greater than the tolerance
WARNING ZeroLength::setDomain(): Element 5000004 has L= 1.9311, which is greater than the tolerance
WARNING ZeroLength::setDomain(): Element 5000005 has L= 1.86647, which is greater than the tolerance
WARNING ZeroLength::setDomain(): Element 5000006 has L= 1.86647, which is greater than the tolerance
WARNING ZeroLength::setDomain(): Element 5000007 has L= 1.9311, which is greater than the tolerance
WARNING ZeroLength::setDomain(): Element 5000008 has L= 1.92946, which is greater than the tolerance
WARNING ZeroLength::setDomain(): Element 5000009 has L= 2.33454, which is greater than the tolerance
WARNING ZeroLength::setDomain(): Element 5000010 has L= 2.58767, which is greater than the tolerance
WARNING ZeroLength::setDomain(): Element 5000011 has L= 2.44091, which is greater than the tolerance
WARNING ZeroLength::setDomain(): Element 5000012 has L= 2.30297, which is greater than the tolerance
WARNING ZeroLength::setDomain(): Element 5000013 has L= 2.04437, which is greater than the tolerance
WARNING ZeroLength::setDomain(): Element 5000014 has L= 2.07002, which is greater than the tolerance
WARNING ZeroLength::setDomain(): Element 5000015 has L= 2.05773, which is greater than the tolerance
WARNING ZeroLength::setDomain(): Element 5000016 has L= 2.05773, which is greater than the tolerance
WARNING ZeroLength::setDomain(): Element 5000017 has L= 2.07002, which is greater than the tolerance
WARNING ZeroLength::setDomain(): Element 5000018 has L= 2.04437, which is greater than the tolerance
WARNING ZeroLength::setDomain(): Element 5000019 has L= 2.30297, which is greater than the tolerance
WARNING ZeroLength::setDomain(): Element 5000020 has L= 2.44091, which is greater than the tolerance
WARNING ZeroLength::setDomain(): Element 5000021 has L= 2.37599, which is greater than the tolerance
WARNING ZeroLength::setDomain(): Element 5000022 has L= 2.33628, which is greater than the tolerance
WARNING ZeroLength::setDomain(): Element 5000023 has L= 2.21822, which is greater than the tolerance
WARNING ZeroLength::setDomain(): Element 5000024 has L= 2.28302, which is greater than the tolerance
WARNING ZeroLength::setDomain(): Element 5000025 has L= 2.3199, which is greater than the tolerance
WARNING ZeroLength::setDomain(): Element 5000026 has L= 2.3199, which is greater than the tolerance
WARNING ZeroLength::setDomain(): Element 5000027 has L= 2.28302, which is greater than the tolerance
WARNING ZeroLength::setDomain(): Element 5000028 has L= 2.21822, which is greater than the tolerance
WARNING ZeroLength::setDomain(): Element 5000029 has L= 2.33628, which is greater than the tolerance
WARNING ZeroLength::setDomain(): Element 5000030 has L= 2.37599, which is greater than the tolerance
WARNING ZeroLength::setDomain(): Element 5000031 has L= 2.42081, which is greater than the tolerance
WARNING ZeroLength::setDomain(): Element 5000032 has L= 2.43272, which is greater than the tolerance
WARNING ZeroLength::setDomain(): Element 5000033 has L= 2.43186, which is greater than the tolerance
WARNING ZeroLength::setDomain(): Element 5000034 has L= 2.6032, which is greater than the tolerance
WARNING ZeroLength::setDomain(): Element 5000035 has L= 2.74332, which is greater than the tolerance
WARNING ZeroLength::setDomain(): Element 5000036 has L= 2.74332, which is greater than the tolerance
WARNING ZeroLength::setDomain(): Element 5000037 has L= 2.6032, which is greater than the tolerance
WARNING ZeroLength::setDomain(): Element 5000038 has L= 2.43186, which is greater than the tolerance
WARNING ZeroLength::setDomain(): Element 5000039 has L= 2.43272, which is greater than the tolerance
WARNING ZeroLength::setDomain(): Element 5000040 has L= 2.42081, which is greater than the tolerance
WARNING ZeroLength::setDomain(): Element 5000041 has L= 2.48061, which is greater than the tolerance
WARNING ZeroLength::setDomain(): Element 5000042 has L= 2.58849, which is greater than the tolerance
WARNING ZeroLength::setDomain(): Element 5000043 has L= 2.74171, which is greater than the tolerance
WARNING ZeroLength::setDomain(): Element 5000044 has L= 2.90801, which is greater than the tolerance
WARNING ZeroLength::setDomain(): Element 5000045 has L= 3.01361, which is greater than the tolerance
WARNING ZeroLength::setDomain(): Element 5000046 has L= 3.01361, which is greater than the tolerance
WARNING ZeroLength::setDomain(): Element 5000047 has L= 2.90801, which is greater than the tolerance
WARNING ZeroLength::setDomain(): Element 5000048 has L= 2.74171, which is greater than the tolerance
WARNING ZeroLength::setDomain(): Element 5000049 has L= 2.58849, which is greater than the tolerance
WARNING ZeroLength::setDomain(): Element 5000050 has L= 2.48061, which is greater than the tolerance
WARNING ZeroLength::setDomain(): Element 5000051 has L= 2.41651, which is greater than the tolerance
WARNING ZeroLength::setDomain(): Element 5000052 has L= 2.6164, which is greater than the tolerance
WARNING ZeroLength::setDomain(): Element 5000053 has L= 2.92143, which is greater than the tolerance
WARNING ZeroLength::setDomain(): Element 5000054 has L= 2.99795, which is greater than the tolerance
WARNING ZeroLength::setDomain(): Element 5000055 has L= 3.08178, which is greater than the tolerance
WARNING ZeroLength::setDomain(): Element 5000056 has L= 3.08178, which is greater than the tolerance
WARNING ZeroLength::setDomain(): Element 5000057 has L= 2.99795, which is greater than the tolerance
WARNING ZeroLength::setDomain(): Element 5000058 has L= 2.92143, which is greater than the tolerance
WARNING ZeroLength::setDomain(): Element 5000059 has L= 2.6164, which is greater than the tolerance
WARNING ZeroLength::setDomain(): Element 5000060 has L= 2.41651, which is greater than the tolerance
WARNING ZeroLength::setDomain(): Element 5000061 has L= 2.32517, which is greater than the tolerance
WARNING ZeroLength::setDomain(): Element 5000062 has L= 2.48428, which is greater than the tolerance
WARNING ZeroLength::setDomain(): Element 5000063 has L= 2.84229, which is greater than the tolerance
WARNING ZeroLength::setDomain(): Element 5000064 has L= 2.94779, which is greater than the tolerance
WARNING ZeroLength::setDomain(): Element 5000065 has L= 3.07809, which is greater than the tolerance
WARNING ZeroLength::setDomain(): Element 5000066 has L= 3.07809, which is greater than the tolerance
WARNING ZeroLength::setDomain(): Element 5000067 has L= 2.94779, which is greater than the tolerance
WARNING ZeroLength::setDomain(): Element 5000068 has L= 2.84229, which is greater than the tolerance
WARNING ZeroLength::setDomain(): Element 5000069 has L= 2.48428, which is greater than the tolerance
WARNING ZeroLength::setDomain(): Element 5000070 has L= 2.32517, which is greater than the tolerance
WARNING ZeroLength::setDomain(): Element 5000071 has L= 2.2503, which is greater than the tolerance
WARNING ZeroLength::setDomain(): Element 5000072 has L= 2.41051, which is greater than the tolerance
WARNING ZeroLength::setDomain(): Element 5000073 has L= 2.77983, which is greater than the tolerance
WARNING ZeroLength::setDomain(): Element 5000074 has L= 2.93139, which is greater than the tolerance
WARNING ZeroLength::setDomain(): Element 5000075 has L= 3.04074, which is greater than the tolerance
WARNING ZeroLength::setDomain(): Element 5000076 has L= 3.04074, which is greater than the tolerance
WARNING ZeroLength::setDomain(): Element 5000077 has L= 2.93139, which is greater than the tolerance
WARNING ZeroLength::setDomain(): Element 5000078 has L= 2.77983, which is greater than the tolerance
WARNING ZeroLength::setDomain(): Element 5000079 has L= 2.41051, which is greater than the tolerance
WARNING ZeroLength::setDomain(): Element 5000080 has L= 2.2503, which is greater than the tolerance
WARNING ZeroLength::setDomain(): Element 5000081 has L= 2.2216, which is greater than the tolerance
WARNING ZeroLength::setDomain(): Element 5000082 has L= 2.35487, which is greater than the tolerance
WARNING ZeroLength::setDomain(): Element 5000083 has L= 2.7065, which is greater than the tolerance
WARNING ZeroLength::setDomain(): Element 5000084 has L= 2.8933, which is greater than the tolerance
WARNING ZeroLength::setDomain(): Element 5000085 has L= 2.93936, which is greater than the tolerance
WARNING ZeroLength::setDomain(): Element 5000086 has L= 2.93936, which is greater than the tolerance
WARNING ZeroLength::setDomain(): Element 5000087 has L= 2.8933, which is greater than the tolerance
WARNING ZeroLength::setDomain(): Element 5000088 has L= 2.7065, which is greater than the tolerance
WARNING ZeroLength::setDomain(): Element 5000089 has L= 2.35487, which is greater than the tolerance
WARNING ZeroLength::setDomain(): Element 5000090 has L= 2.2216, which is greater than the tolerance
WARNING: CTestNormDispIncr::test() - failed to converge 
after: 50 iterations  current Norm: 48529.7 (max: 1e-06, Norm deltaR: 2.71842e+08)
NewtonRaphson::solveCurrentStep() -the ConvergenceTest object failed in test()
StaticAnalysis::analyze() - the Algorithm failed at step: 0 with domain at load factor 693.376
OpenSees > analyze failed, returned: -3 error flag
WARNING: CTestNormDispIncr::test() - failed to converge 
after: 50 iterations  current Norm: 253983 (max: 1e-06, Norm deltaR: 1.76312e+09)
NewtonRaphson::solveCurrentStep() -the ConvergenceTest object failed in test()
StaticAnalysis::analyze() - the Algorithm failed at step: 0 with domain at load factor -1084.22
OpenSees > analyze failed, returned: -3 error flag
WARNING: CTestNormDispIncr::test() - failed to converge 
after: 50 iterations  current Norm: 35029.3 (max: 1e-06, Norm deltaR: 7.45441e+07)
NewtonLineSearch::solveCurrentStep() -the ConvergenceTest object failed in test()
StaticAnalysis::analyze() - the Algorithm failed at step: 0 with domain at load factor -118.922
OpenSees > analyze failed, returned: -3 error flag
WARNING: CTestNormDispIncr::test() - failed to converge 
after: 50 iterations  current Norm: 33745.8 (max: 1e-06, Norm deltaR: 9.03618e+08)
AcceleratedNewton::solveCurrentStep() -The ConvergenceTest object failed in test()
StaticAnalysis::analyze() - the Algorithm failed at step: 0 with domain at load factor 3355.88
OpenSees > analyze failed, returned: -3 error flag
WARNING: CTestNormDispIncr::test() - failed to converge 
after: 50 iterations  current Norm: 2.47058e+61 (max: 1e-06, Norm deltaR: 1.65444e+65)
ModifiedNewton::solveCurrentStep() -the ConvergenceTest object failed in test()
StaticAnalysis::analyze() - the Algorithm failed at step: 0 with domain at load factor 1.38209e+60
OpenSees > analyze failed, returned: -3 error flag
WARNING: CTestNormDispIncr::test() - failed to converge 
after: 50 iterations  current Norm: 34459.9 (max: 1e-06, Norm deltaR: 1.30179e+08)
NewtonRaphson::solveCurrentStep() -the ConvergenceTest object failed in test()
StaticAnalysis::analyze() - the Algorithm failed at step: 0 with domain at load factor -1152.69
OpenSees > analyze failed, returned: -3 error flag
WARNING: CTestNormDispIncr::test() - failed to converge 
after: 50 iterations  current Norm: 3.40076 (max: 1e-06, Norm deltaR: 1.8483e+06)
NewtonLineSearch::solveCurrentStep() -the ConvergenceTest object failed in test()
StaticAnalysis::analyze() - the Algorithm failed at step: 0 with domain at load factor 316.432
OpenSees > analyze failed, returned: -3 error flag
WARNING: CTestNormDispIncr::test() - failed to converge 
after: 50 iterations  current Norm: 63891.6 (max: 1e-06, Norm deltaR: 1.54411e+09)
NewtonRaphson::solveCurrentStep() -the ConvergenceTest object failed in test()
StaticAnalysis::analyze() - the Algorithm failed at step: 0 with domain at load factor 4378.97
OpenSees > analyze failed, returned: -3 error flag
WARNING: CTestNormDispIncr::test() - failed to converge 
after: 50 iterations  current Norm: 6.64796 (max: 1e-06, Norm deltaR: 2.0859e+06)
NewtonLineSearch::solveCurrentStep() -the ConvergenceTest object failed in test()
StaticAnalysis::analyze() - the Algorithm failed at step: 0 with domain at load factor 318.195
OpenSees > analyze failed, returned: -3 error flag
WARNING: CTestNormDispIncr::test() - failed to converge 
after: 50 iterations  current Norm: 766.118 (max: 1e-06, Norm deltaR: 1.33863e+08)
AcceleratedNewton::solveCurrentStep() -The ConvergenceTest object failed in test()
StaticAnalysis::analyze() - the Algorithm failed at step: 0 with domain at load factor 3125.85
OpenSees > analyze failed, returned: -3 error flag
WARNING: CTestNormDispIncr::test() - failed to converge 
after: 50 iterations  current Norm: 3.92547e+67 (max: 1e-06, Norm deltaR: 3.73279e+71)
ModifiedNewton::solveCurrentStep() -the ConvergenceTest object failed in test()
StaticAnalysis::analyze() - the Algorithm failed at step: 0 with domain at load factor 6.46196e+66
OpenSees > analyze failed, returned: -3 error flag
WARNING: CTestNormDispIncr::test() - failed to converge 
after: 50 iterations  current Norm: 131696 (max: 1e-06, Norm deltaR: 1.84384e+09)
NewtonRaphson::solveCurrentStep() -the ConvergenceTest object failed in test()
StaticAnalysis::analyze() - the Algorithm failed at step: 0 with domain at load factor -7499.5
OpenSees > analyze failed, returned: -3 error flag
WARNING: CTestNormDispIncr::test() - failed to converge 
after: 50 iterations  current Norm: 4308.72 (max: 1e-06, Norm deltaR: 1.23415e+08)
NewtonLineSearch::solveCurrentStep() -the ConvergenceTest object failed in test()
StaticAnalysis::analyze() - the Algorithm failed at step: 0 with domain at load factor 6082.84
OpenSees > analyze failed, returned: -3 error flag
WARNING: CTestNormDispIncr::test() - failed to converge 
after: 50 iterations  current Norm: 81320 (max: 1e-06, Norm deltaR: 1.57283e+09)
AcceleratedNewton::solveCurrentStep() -The ConvergenceTest object failed in test()
StaticAnalysis::analyze() - the Algorithm failed at step: 0 with domain at load factor -1907.31
OpenSees > analyze failed, returned: -3 error flag
WARNING: CTestNormDispIncr::test() - failed to converge 
after: 50 iterations  current Norm: 4.05429e+70 (max: 1e-06, Norm deltaR: 3.7071e+74)
ModifiedNewton::solveCurrentStep() -the ConvergenceTest object failed in test()
StaticAnalysis::analyze() - the Algorithm failed at step: 0 with domain at load factor 6.34386e+67
OpenSees > analyze failed, returned: -3 error flag
WARNING: CTestNormDispIncr::test() - failed to converge 
after: 50 iterations  current Norm: 101754 (max: 1e-06, Norm deltaR: 6.67501e+09)
NewtonRaphson::solveCurrentStep() -the ConvergenceTest object failed in test()
StaticAnalysis::analyze() - the Algorithm failed at step: 0 with domain at load factor 19674.1
OpenSees > analyze failed, returned: -3 error flag
WARNING: CTestNormDispIncr::test() - failed to converge 
after: 50 iterations  current Norm: 3931.15 (max: 1e-06, Norm deltaR: 1.2815e+08)
NewtonLineSearch::solveCurrentStep() -the ConvergenceTest object failed in test()
StaticAnalysis::analyze() - the Algorithm failed at step: 0 with domain at load factor -1577.6
OpenSees > analyze failed, returned: -3 error flag
WARNING: CTestNormDispIncr::test() - failed to converge 
after: 50 iterations  current Norm: 5036.61 (max: 1e-06, Norm deltaR: 1.78025e+08)
AcceleratedNewton::solveCurrentStep() -The ConvergenceTest object failed in test()
StaticAnalysis::analyze() - the Algorithm failed at step: 0 with domain at load factor 688.352
OpenSees > analyze failed, returned: -3 error flag
WARNING: CTestNormDispIncr::test() - failed to converge 
after: 50 iterations  current Norm: 2.70142e+68 (max: 1e-06, Norm deltaR: 2.3583e+72)
ModifiedNewton::solveCurrentStep() -the ConvergenceTest object failed in test()
StaticAnalysis::analyze() - the Algorithm failed at step: 0 with domain at load factor -2.95134e+67
OpenSees > analyze failed, returned: -3 error flag
WARNING: CTestNormDispIncr::test() - failed to converge 
after: 50 iterations  current Norm: 322476 (max: 1e-06, Norm deltaR: 8.38425e+09)
NewtonRaphson::solveCurrentStep() -the ConvergenceTest object failed in test()
StaticAnalysis::analyze() - the Algorithm failed at step: 0 with domain at load factor -931.952
OpenSees > analyze failed, returned: -3 error flag
WARNING: CTestNormDispIncr::test() - failed to converge 
after: 50 iterations  current Norm: 2533.95 (max: 1e-06, Norm deltaR: 1.46768e+08)
NewtonLineSearch::solveCurrentStep() -the ConvergenceTest object failed in test()
StaticAnalysis::analyze() - the Algorithm failed at step: 0 with domain at load factor -2492.56
OpenSees > analyze failed, returned: -3 error flag
WARNING: CTestNormDispIncr::test() - failed to converge 
after: 50 iterations  current Norm: 10608.4 (max: 1e-06, Norm deltaR: 5.69702e+08)
AcceleratedNewton::solveCurrentStep() -The ConvergenceTest object failed in test()
StaticAnalysis::analyze() - the Algorithm failed at step: 0 with domain at load factor 1561.73
OpenSees > analyze failed, returned: -3 error flag
WARNING: CTestNormDispIncr::test() - failed to converge 
after: 50 iterations  current Norm: 1.60385e+69 (max: 1e-06, Norm deltaR: 1.38824e+73)
ModifiedNewton::solveCurrentStep() -the ConvergenceTest object failed in test()
StaticAnalysis::analyze() - the Algorithm failed at step: 0 with domain at load factor -5.37405e+68
OpenSees > analyze failed, returned: -3 error flag
WARNING: CTestNormDispIncr::test() - failed to converge 
after: 50 iterations  current Norm: 32338.8 (max: 1e-06, Norm deltaR: 9.5669e+08)
NewtonRaphson::solveCurrentStep() -the ConvergenceTest object failed in test()
StaticAnalysis::analyze() - the Algorithm failed at step: 0 with domain at load factor -2859.89
OpenSees > analyze failed, returned: -3 error flag
WARNING: CTestNormDispIncr::test() - failed to converge 
after: 50 iterations  current Norm: 68402.3 (max: 1e-06, Norm deltaR: 9.09076e+08)
NewtonLineSearch::solveCurrentStep() -the ConvergenceTest object failed in test()
StaticAnalysis::analyze() - the Algorithm failed at step: 0 with domain at load factor 113328
OpenSees > analyze failed, returned: -3 error flag
WARNING: CTestNormDispIncr::test() - failed to converge 
after: 50 iterations  current Norm: 11818.2 (max: 1e-06, Norm deltaR: 5.06963e+08)
AcceleratedNewton::solveCurrentStep() -The ConvergenceTest object failed in test()
StaticAnalysis::analyze() - the Algorithm failed at step: 0 with domain at load factor 2204.39
OpenSees > analyze failed, returned: -3 error flag
WARNING: CTestNormDispIncr::test() - failed to converge 
after: 50 iterations  current Norm: 1.25049e+71 (max: 1e-06, Norm deltaR: 9.5851e+74)
ModifiedNewton::solveCurrentStep() -the ConvergenceTest object failed in test()
StaticAnalysis::analyze() - the Algorithm failed at step: 0 with domain at load factor -4.13001e+70
OpenSees > analyze failed, returned: -3 error flag
WARNING: CTestNormDispIncr::test() - failed to converge 
after: 50 iterations  current Norm: 86358.2 (max: 1e-06, Norm deltaR: 6.95459e+07)
NewtonRaphson::solveCurrentStep() -the ConvergenceTest object failed in test()
StaticAnalysis::analyze() - the Algorithm failed at step: 0 with domain at load factor -640.905
OpenSees > analyze failed, returned: -3 error flag
WARNING: CTestNormDispIncr::test() - failed to converge 
after: 50 iterations  current Norm: 3999.94 (max: 1e-06, Norm deltaR: 1.88642e+08)
NewtonLineSearch::solveCurrentStep() -the ConvergenceTest object failed in test()
StaticAnalysis::analyze() - the Algorithm failed at step: 0 with domain at load factor -516.776
OpenSees > analyze failed, returned: -3 error flag
WARNING ZeroLength::setDomain(): Element 5000091 has L= 7.86009, which is greater than the tolerance
WARNING ZeroLength::setDomain(): Element 5000092 has L= 8.01796, which is greater than the tolerance
WARNING ZeroLength::setDomain(): Element 5000093 has L= 7.71422, which is greater than the tolerance
WARNING ZeroLength::setDomain(): Element 5000094 has L= 50.2301, which is greater than the tolerance
WARNING ZeroLength::setDomain(): Element 5000095 has L= 48.5057, which is greater than the tolerance
WARNING ZeroLength::setDomain(): Element 5000096 has L= 8.17046, which is greater than the tolerance
WARNING ZeroLength::setDomain(): Element 5000097 has L= 54.2927, which is greater than the tolerance
WARNING ZeroLength::setDomain(): Element 5000098 has L= 52.1632, which is greater than the tolerance
WARNING ZeroLength::setDomain(): Element 5000099 has L= 55.916, which is greater than the tolerance
WARNING ZeroLength::setDomain(): Element 5000100 has L= 58.5335, which is greater than the tolerance
WARNING: CTestNormDispIncr::test() - failed to converge 
after: 50 iterations  current Norm: 39258.9 (max: 1e-06, Norm deltaR: 1.25801e+09)
NewtonRaphson::solveCurrentStep() -the ConvergenceTest object failed in test()
StaticAnalysis::analyze() - the Algorithm failed at step: 0 with domain at load factor -104.479
OpenSees > analyze failed, returned: -3 error flag
WARNING ZeroLength::setDomain(): Element 5000101 has L= 46.5574, which is greater than the tolerance
WARNING: CTestNormDispIncr::test() - failed to converge 
after: 50 iterations  current Norm: 18985 (max: 1e-06, Norm deltaR: 2.13385e+08)
NewtonRaphson::solveCurrentStep() -the ConvergenceTest object failed in test()
StaticAnalysis::analyze() - the Algorithm failed at step: 0 with domain at load factor -753.459
OpenSees > analyze failed, returned: -3 error flag
WARNING: CTestNormDispIncr::test() - failed to converge 
after: 50 iterations  current Norm: 3067.34 (max: 1e-06, Norm deltaR: 1.20127e+08)
NewtonLineSearch::solveCurrentStep() -the ConvergenceTest object failed in test()
StaticAnalysis::analyze() - the Algorithm failed at step: 0 with domain at load factor 713.63
OpenSees > analyze failed, returned: -3 error flag
WARNING: CTestNormDispIncr::test() - failed to converge 
after: 50 iterations  current Norm: 4.36393 (max: 1e-06, Norm deltaR: 4888.63)
AcceleratedNewton::solveCurrentStep() -The ConvergenceTest object failed in test()
StaticAnalysis::analyze() - the Algorithm failed at step: 0 with domain at load factor 343.422
OpenSees > analyze failed, returned: -3 error flag
WARNING: CTestNormDispIncr::test() - failed to converge 
after: 50 iterations  current Norm: 2.16622e+81 (max: 1e-06, Norm deltaR: 1.45116e+85)
ModifiedNewton::solveCurrentStep() -the ConvergenceTest object failed in test()
StaticAnalysis::analyze() - the Algorithm failed at step: 0 with domain at load factor -2.03751e+80
OpenSees > analyze failed, returned: -3 error flag
WARNING ZeroLength::setDomain(): Element 5000102 has L= 21.0243, which is greater than the tolerance
WARNING ZeroLength::setDomain(): Element 5000103 has L= 7.86009, which is greater than the tolerance
WARNING ZeroLength::setDomain(): Element 5000104 has L= 7.55922, which is greater than the tolerance
WARNING: CTestNormDispIncr::test() - failed to converge 
after: 50 iterations  current Norm: 20406.3 (max: 1e-06, Norm deltaR: 3.19372e+08)
NewtonRaphson::solveCurrentStep() -the ConvergenceTest object failed in test()
StaticAnalysis::analyze() - the Algorithm failed at step: 0 with domain at load factor -4181.82
OpenSees > analyze failed, returned: -3 error flag
WARNING ZeroLength::setDomain(): Element 5000105 has L= 8.01796, which is greater than the tolerance
WARNING ZeroLength::setDomain(): Element 5000106 has L= 49.5251, which is greater than the tolerance
WARNING ZeroLength::setDomain(): Element 5000107 has L= 53.026, which is greater than the tolerance
WARNING: CTestNormDispIncr::test() - failed to converge 
after: 50 iterations  current Norm: 127658 (max: 1e-06, Norm deltaR: 6.66545e+07)
NewtonRaphson::solveCurrentStep() -the ConvergenceTest object failed in test()
StaticAnalysis::analyze() - the Algorithm failed at step: 0 with domain at load factor 150.816
OpenSees > analyze failed, returned: -3 error flag
WARNING ZeroLength::setDomain(): Element 5000108 has L= 57.2824, which is greater than the tolerance
WARNING ZeroLength::setDomain(): Element 5000109 has L= 21.4284, which is greater than the tolerance
WARNING ZeroLength::setDomain(): Element 5000110 has L= 8.17046, which is greater than the tolerance
WARNING ZeroLength::setDomain(): Element 5000111 has L= 62.6864, which is greater than the tolerance
WARNING ZeroLength::setDomain(): Element 5000112 has L= 59.5873, which is greater than the tolerance
WARNING ZeroLength::setDomain(): Element 5000113 has L= 7.71422, which is greater than the tolerance
WARNING ZeroLength::setDomain(): Element 5000114 has L= 61.8736, which is greater than the tolerance
WARNING ZeroLength::setDomain(): Element 5000115 has L= 66.7924, which is greater than the tolerance
WARNING ZeroLength::setDomain(): Element 5000116 has L= 21.8772, which is greater than the tolerance
WARNING ZeroLength::setDomain(): Element 5000117 has L= 58.8053, which is greater than the tolerance
WARNING ZeroLength::setDomain(): Element 5000118 has L= 21.0243, which is greater than the tolerance
WARNING ZeroLength::setDomain(): Element 5000119 has L= 52.6764, which is greater than the tolerance
WARNING ZeroLength::setDomain(): Element 5000120 has L= 8.33876, which is greater than the tolerance
WARNING ZeroLength::setDomain(): Element 5000121 has L= 62.3188, which is greater than the tolerance
WARNING ZeroLength::setDomain(): Element 5000122 has L= 65.0418, which is greater than the tolerance
WARNING ZeroLength::setDomain(): Element 5000123 has L= 61.5037, which is greater than the tolerance
WARNING ZeroLength::setDomain(): Element 5000124 has L= 16.2607, which is greater than the tolerance
WARNING ZeroLength::setDomain(): Element 5000125 has L= 20.6308, which is greater than the tolerance
WARNING ZeroLength::setDomain(): Element 5000126 has L= 16.6036, which is greater than the tolerance
WARNING ZeroLength::setDomain(): Element 5000127 has L= 51.3697, which is greater than the tolerance
WARNING ZeroLength::setDomain(): Element 5000128 has L= 61.811, which is greater than the tolerance
WARNING ZeroLength::setDomain(): Element 5000129 has L= 21.4284, which is greater than the tolerance
WARNING ZeroLength::setDomain(): Element 5000130 has L= 8.02196, which is greater than the tolerance
WARNING ZeroLength::setDomain(): Element 5000131 has L= 22.3868, which is greater than the tolerance
WARNING ZeroLength::setDomain(): Element 5000132 has L= 59.8502, which is greater than the tolerance
WARNING ZeroLength::setDomain(): Element 5000133 has L= 69.722, which is greater than the tolerance
WARNING ZeroLength::setDomain(): Element 5000134 has L= 49.6477, which is greater than the tolerance
WARNING ZeroLength::setDomain(): Element 5000135 has L= 7.38491, which is greater than the tolerance
WARNING ZeroLength::setDomain(): Element 5000136 has L= 9.72686, which is greater than the tolerance
WARNING ZeroLength::setDomain(): Element 5000137 has L= 8.53778, which is greater than the tolerance
WARNING ZeroLength::setDomain(): Element 5000138 has L= 17.3606, which is greater than the tolerance
WARNING ZeroLength::setDomain(): Element 5000139 has L= 57.1642, which is greater than the tolerance
WARNING ZeroLength::setDomain(): Element 5000140 has L= 17.7653, which is greater than the tolerance
WARNING ZeroLength::setDomain(): Element 5000141 has L= 58.4138, which is greater than the tolerance
WARNING ZeroLength::setDomain(): Element 5000142 has L= 7.22968, which is greater than the tolerance
WARNING: CTestNormDispIncr::test() - failed to converge 
after: 50 iterations  current Norm: 165628 (max: 1e-06, Norm deltaR: 4.73309e+09)
NewtonRaphson::solveCurrentStep() -the ConvergenceTest object failed in test()
StaticAnalysis::analyze() - the Algorithm failed at step: 0 with domain at load factor 26336.7
OpenSees > analyze failed, returned: -3 error flag
WARNING: CTestNormDispIncr::test() - failed to converge 
after: 50 iterations  current Norm: 3876.96 (max: 1e-06, Norm deltaR: 1.46099e+08)
NewtonLineSearch::solveCurrentStep() -the ConvergenceTest object failed in test()
StaticAnalysis::analyze() - the Algorithm failed at step: 0 with domain at load factor 9464.71
OpenSees > analyze failed, returned: -3 error flag
WARNING: CTestNormDispIncr::test() - failed to converge 
after: 50 iterations  current Norm: 430664 (max: 1e-06, Norm deltaR: 1.21233e+10)
AcceleratedNewton::solveCurrentStep() -The ConvergenceTest object failed in test()
StaticAnalysis::analyze() - the Algorithm failed at step: 0 with domain at load factor -5208.99
OpenSees > analyze failed, returned: -3 error flag
WARNING: CTestNormDispIncr::test() - failed to converge 
after: 50 iterations  current Norm: 6.63982e+70 (max: 1e-06, Norm deltaR: 6.16035e+74)
ModifiedNewton::solveCurrentStep() -the ConvergenceTest object failed in test()
StaticAnalysis::analyze() - the Algorithm failed at step: 0 with domain at load factor -4.89106e+69
OpenSees > analyze failed, returned: -3 error flag
WARNING: CTestNormDispIncr::test() - failed to converge 
after: 50 iterations  current Norm: 15477.6 (max: 1e-06, Norm deltaR: 4.95758e+08)
NewtonRaphson::solveCurrentStep() -the ConvergenceTest object failed in test()
StaticAnalysis::analyze() - the Algorithm failed at step: 0 with domain at load factor 1101.88
OpenSees > analyze failed, returned: -3 error flag
WARNING: CTestNormDispIncr::test() - failed to converge 
after: 50 iterations  current Norm: 6.61857 (max: 1e-06, Norm deltaR: 454420)
NewtonLineSearch::solveCurrentStep() -the ConvergenceTest object failed in test()
StaticAnalysis::analyze() - the Algorithm failed at step: 0 with domain at load factor 606.778
OpenSees > analyze failed, returned: -3 error flag
WARNING: CTestNormDispIncr::test() - failed to converge 
after: 50 iterations  current Norm: 168.405 (max: 1e-06, Norm deltaR: 1.82341e+08)
AcceleratedNewton::solveCurrentStep() -The ConvergenceTest object failed in test()
StaticAnalysis::analyze() - the Algorithm failed at step: 0 with domain at load factor 877.826
OpenSees > analyze failed, returned: -3 error flag
WARNING: CTestNormDispIncr::test() - failed to converge 
after: 50 iterations  current Norm: 6.68696e+74 (max: 1e-06, Norm deltaR: 7.10685e+78)
ModifiedNewton::solveCurrentStep() -the ConvergenceTest object failed in test()
StaticAnalysis::analyze() - the Algorithm failed at step: 0 with domain at load factor -1.8224e+73
OpenSees > analyze failed, returned: -3 error flag
WARNING ZeroLength::setDomain(): Element 5000143 has L= 18.1411, which is greater than the tolerance
WARNING ZeroLength::setDomain(): Element 5000144 has L= 7.38491, which is greater than the tolerance
WARNING ZeroLength::setDomain(): Element 5000145 has L= 64.9013, which is greater than the tolerance
WARNING ZeroLength::setDomain(): Element 5000146 has L= 7.55922, which is greater than the tolerance
WARNING ZeroLength::setDomain(): Element 5000147 has L= 55.9259, which is greater than the tolerance
WARNING ZeroLength::setDomain(): Element 5000148 has L= 15.9548, which is greater than the tolerance
WARNING ZeroLength::setDomain(): Element 5000149 has L= 16.9521, which is greater than the tolerance
WARNING ZeroLength::setDomain(): Element 5000150 has L= 50.2868, which is greater than the tolerance
WARNING ZeroLength::setDomain(): Element 5000151 has L= 59.7719, which is greater than the tolerance
WARNING ZeroLength::setDomain(): Element 5000152 has L= 56.2433, which is greater than the tolerance
WARNING ZeroLength::setDomain(): Element 5000153 has L= 9.95446, which is greater than the tolerance
WARNING ZeroLength::setDomain(): Element 5000154 has L= 20.206, which is greater than the tolerance
WARNING ZeroLength::setDomain(): Element 5000155 has L= 8.33876, which is greater than the tolerance
WARNING ZeroLength::setDomain(): Element 5000156 has L= 20.6308, which is greater than the tolerance
WARNING ZeroLength::setDomain(): Element 5000157 has L= 8.73472, which is greater than the tolerance
WARNING ZeroLength::setDomain(): Element 5000158 has L= 54.2427, which is greater than the tolerance
WARNING ZeroLength::setDomain(): Element 5000159 has L= 60.4102, which is greater than the tolerance
WARNING ZeroLength::setDomain(): Element 5000160 has L= 57.3405, which is greater than the tolerance
WARNING ZeroLength::setDomain(): Element 5000161 has L= 7.11209, which is greater than the tolerance
WARNING ZeroLength::setDomain(): Element 5000162 has L= 35.0452, which is greater than the tolerance
WARNING ZeroLength::setDomain(): Element 5000163 has L= 54.2535, which is greater than the tolerance
WARNING ZeroLength::setDomain(): Element 5000164 has L= 66.2661, which is greater than the tolerance
WARNING ZeroLength::setDomain(): Element 5000165 has L= 18.4776, which is greater than the tolerance
WARNING ZeroLength::setDomain(): Element 5000166 has L= 64.8211, which is greater than the tolerance
WARNING ZeroLength::setDomain(): Element 5000167 has L= 59.4156, which is greater than the tolerance
WARNING ZeroLength::setDomain(): Element 5000168 has L= 28.0252, which is greater than the tolerance
WARNING ZeroLength::setDomain(): Element 5000169 has L= 10.4769, which is greater than the tolerance
WARNING ZeroLength::setDomain(): Element 5000170 has L= 62.3344, which is greater than the tolerance
WARNING ZeroLength::setDomain(): Element 5000171 has L= 20.206, which is greater than the tolerance
WARNING ZeroLength::setDomain(): Element 5000172 has L= 17.3606, which is greater than the tolerance
WARNING ZeroLength::setDomain(): Element 5000173 has L= 28.7357, which is greater than the tolerance
WARNING ZeroLength::setDomain(): Element 5000174 has L= 22.8079, which is greater than the tolerance
WARNING ZeroLength::setDomain(): Element 5000175 has L= 26.2316, which is greater than the tolerance
WARNING ZeroLength::setDomain(): Element 5000176 has L= 15.6422, which is greater than the tolerance
WARNING ZeroLength::setDomain(): Element 5000177 has L= 65.1906, which is greater than the tolerance
WARNING ZeroLength::setDomain(): Element 5000178 has L= 35.0452, which is greater than the tolerance
WARNING ZeroLength::setDomain(): Element 5000179 has L= 64.8049, which is greater than the tolerance
WARNING ZeroLength::setDomain(): Element 5000180 has L= 19.7036, which is greater than the tolerance
WARNING ZeroLength::setDomain(): Element 5000181 has L= 50.0854, which is greater than the tolerance
WARNING ZeroLength::setDomain(): Element 5000182 has L= 52.8652, which is greater than the tolerance
