WARNING ZeroLength::setDomain(): Element 5000001 has L= 2.52017, which is greater than the tolerance
WARNING ZeroLength::setDomain(): Element 5000002 has L= 2.26684, which is greater than the tolerance
WARNING ZeroLength::setDomain(): Element 5000003 has L= 1.86164, which is greater than the tolerance
WARNING ZeroLength::setDomain(): Element 5000004 has L= 1.86329, which is greater than the tolerance
WARNING ZeroLength::setDomain(): Element 5000005 has L= 1.79863, which is greater than the tolerance
WARNING ZeroLength::setDomain(): Element 5000006 has L= 1.79863, which is greater than the tolerance
WARNING ZeroLength::setDomain(): Element 5000007 has L= 1.86329, which is greater than the tolerance
WARNING ZeroLength::setDomain(): Element 5000008 has L= 1.86164, which is greater than the tolerance
WARNING ZeroLength::setDomain(): Element 5000009 has L= 2.26684, which is greater than the tolerance
WARNING ZeroLength::setDomain(): Element 5000010 has L= 2.52017, which is greater than the tolerance
WARNING ZeroLength::setDomain(): Element 5000011 has L= 2.37344, which is greater than the tolerance
WARNING ZeroLength::setDomain(): Element 5000012 has L= 2.23524, which is greater than the tolerance
WARNING ZeroLength::setDomain(): Element 5000013 has L= 1.97654, which is greater than the tolerance
WARNING ZeroLength::setDomain(): Element 5000014 has L= 2.00218, which is greater than the tolerance
WARNING ZeroLength::setDomain(): Element 5000015 has L= 1.98989, which is greater than the tolerance
WARNING ZeroLength::setDomain(): Element 5000016 has L= 1.98989, which is greater than the tolerance
WARNING ZeroLength::setDomain(): Element 5000017 has L= 2.00218, which is greater than the tolerance
WARNING ZeroLength::setDomain(): Element 5000018 has L= 1.97654, which is greater than the tolerance
WARNING ZeroLength::setDomain(): Element 5000019 has L= 2.23524, which is greater than the tolerance
WARNING ZeroLength::setDomain(): Element 5000020 has L= 2.37344, which is greater than the tolerance
WARNING ZeroLength::setDomain(): Element 5000021 has L= 2.30844, which is greater than the tolerance
WARNING ZeroLength::setDomain(): Element 5000022 has L= 2.2685, which is greater than the tolerance
WARNING ZeroLength::setDomain(): Element 5000023 has L= 2.15038, which is greater than the tolerance
WARNING ZeroLength::setDomain(): Element 5000024 has L= 2.21518, which is greater than the tolerance
WARNING ZeroLength::setDomain(): Element 5000025 has L= 2.25206, which is greater than the tolerance
WARNING ZeroLength::setDomain(): Element 5000026 has L= 2.25206, which is greater than the tolerance
WARNING ZeroLength::setDomain(): Element 5000027 has L= 2.21518, which is greater than the tolerance
WARNING ZeroLength::setDomain(): Element 5000028 has L= 2.15038, which is greater than the tolerance
WARNING ZeroLength::setDomain(): Element 5000029 has L= 2.2685, which is greater than the tolerance
WARNING ZeroLength::setDomain(): Element 5000030 has L= 2.30844, which is greater than the tolerance
WARNING ZeroLength::setDomain(): Element 5000031 has L= 2.35307, which is greater than the tolerance
WARNING ZeroLength::setDomain(): Element 5000032 has L= 2.3649, which is greater than the tolerance
WARNING ZeroLength::setDomain(): Element 5000033 has L= 2.36402, which is greater than the tolerance
WARNING ZeroLength::setDomain(): Element 5000034 has L= 2.53536, which is greater than the tolerance
WARNING ZeroLength::setDomain(): Element 5000035 has L= 2.67548, which is greater than the tolerance
WARNING ZeroLength::setDomain(): Element 5000036 has L= 2.67548, which is greater than the tolerance
WARNING ZeroLength::setDomain(): Element 5000037 has L= 2.53536, which is greater than the tolerance
WARNING ZeroLength::setDomain(): Element 5000038 has L= 2.36402, which is greater than the tolerance
WARNING ZeroLength::setDomain(): Element 5000039 has L= 2.3649, which is greater than the tolerance
WARNING ZeroLength::setDomain(): Element 5000040 has L= 2.35307, which is greater than the tolerance
WARNING ZeroLength::setDomain(): Element 5000041 has L= 2.4128, which is greater than the tolerance
WARNING ZeroLength::setDomain(): Element 5000042 has L= 2.52066, which is greater than the tolerance
WARNING ZeroLength::setDomain(): Element 5000043 has L= 2.67387, which is greater than the tolerance
WARNING ZeroLength::setDomain(): Element 5000044 has L= 2.84017, which is greater than the tolerance
WARNING ZeroLength::setDomain(): Element 5000045 has L= 2.94577, which is greater than the tolerance
WARNING ZeroLength::setDomain(): Element 5000046 has L= 2.94577, which is greater than the tolerance
WARNING ZeroLength::setDomain(): Element 5000047 has L= 2.84017, which is greater than the tolerance
WARNING ZeroLength::setDomain(): Element 5000048 has L= 2.67387, which is greater than the tolerance
WARNING ZeroLength::setDomain(): Element 5000049 has L= 2.52066, which is greater than the tolerance
WARNING ZeroLength::setDomain(): Element 5000050 has L= 2.4128, which is greater than the tolerance
WARNING ZeroLength::setDomain(): Element 5000051 has L= 2.3487, which is greater than the tolerance
WARNING ZeroLength::setDomain(): Element 5000052 has L= 2.54856, which is greater than the tolerance
WARNING ZeroLength::setDomain(): Element 5000053 has L= 2.85359, which is greater than the tolerance
WARNING ZeroLength::setDomain(): Element 5000054 has L= 2.93011, which is greater than the tolerance
WARNING ZeroLength::setDomain(): Element 5000055 has L= 3.01393, which is greater than the tolerance
WARNING ZeroLength::setDomain(): Element 5000056 has L= 3.01393, which is greater than the tolerance
WARNING ZeroLength::setDomain(): Element 5000057 has L= 2.93011, which is greater than the tolerance
WARNING ZeroLength::setDomain(): Element 5000058 has L= 2.85359, which is greater than the tolerance
WARNING ZeroLength::setDomain(): Element 5000059 has L= 2.54856, which is greater than the tolerance
WARNING ZeroLength::setDomain(): Element 5000060 has L= 2.3487, which is greater than the tolerance
WARNING ZeroLength::setDomain(): Element 5000061 has L= 2.25737, which is greater than the tolerance
WARNING ZeroLength::setDomain(): Element 5000062 has L= 2.41644, which is greater than the tolerance
WARNING ZeroLength::setDomain(): Element 5000063 has L= 2.77445, which is greater than the tolerance
WARNING ZeroLength::setDomain(): Element 5000064 has L= 2.87994, which is greater than the tolerance
WARNING ZeroLength::setDomain(): Element 5000065 has L= 3.01024, which is greater than the tolerance
WARNING ZeroLength::setDomain(): Element 5000066 has L= 3.01024, which is greater than the tolerance
WARNING ZeroLength::setDomain(): Element 5000067 has L= 2.87994, which is greater than the tolerance
WARNING ZeroLength::setDomain(): Element 5000068 has L= 2.77445, which is greater than the tolerance
WARNING ZeroLength::setDomain(): Element 5000069 has L= 2.41644, which is greater than the tolerance
WARNING ZeroLength::setDomain(): Element 5000070 has L= 2.25737, which is greater than the tolerance
WARNING ZeroLength::setDomain(): Element 5000071 has L= 2.18251, which is greater than the tolerance
WARNING ZeroLength::setDomain(): Element 5000072 has L= 2.34267, which is greater than the tolerance
WARNING ZeroLength::setDomain(): Element 5000073 has L= 2.71199, which is greater than the tolerance
WARNING ZeroLength::setDomain(): Element 5000074 has L= 2.86355, which is greater than the tolerance
WARNING ZeroLength::setDomain(): Element 5000075 has L= 2.9729, which is greater than the tolerance
WARNING ZeroLength::setDomain(): Element 5000076 has L= 2.9729, which is greater than the tolerance
WARNING ZeroLength::setDomain(): Element 5000077 has L= 2.86355, which is greater than the tolerance
WARNING ZeroLength::setDomain(): Element 5000078 has L= 2.71199, which is greater than the tolerance
WARNING ZeroLength::setDomain(): Element 5000079 has L= 2.34267, which is greater than the tolerance
WARNING ZeroLength::setDomain(): Element 5000080 has L= 2.18251, which is greater than the tolerance
WARNING ZeroLength::setDomain(): Element 5000081 has L= 2.15379, which is greater than the tolerance
WARNING ZeroLength::setDomain(): Element 5000082 has L= 2.28702, which is greater than the tolerance
WARNING ZeroLength::setDomain(): Element 5000083 has L= 2.63866, which is greater than the tolerance
WARNING ZeroLength::setDomain(): Element 5000084 has L= 2.82546, which is greater than the tolerance
WARNING ZeroLength::setDomain(): Element 5000085 has L= 2.87152, which is greater than the tolerance
WARNING ZeroLength::setDomain(): Element 5000086 has L= 2.87152, which is greater than the tolerance
WARNING ZeroLength::setDomain(): Element 5000087 has L= 2.82546, which is greater than the tolerance
WARNING ZeroLength::setDomain(): Element 5000088 has L= 2.63866, which is greater than the tolerance
WARNING ZeroLength::setDomain(): Element 5000089 has L= 2.28702, which is greater than the tolerance
WARNING ZeroLength::setDomain(): Element 5000090 has L= 2.15379, which is greater than the tolerance
WARNING: CTestNormDispIncr::test() - failed to converge 
after: 50 iterations  current Norm: 36229.1 (max: 1e-06, Norm deltaR: 1.08244e+08)
NewtonRaphson::solveCurrentStep() -the ConvergenceTest object failed in test()
StaticAnalysis::analyze() - the Algorithm failed at step: 0 with domain at load factor -308.271
OpenSees > analyze failed, returned: -3 error flag
WARNING: CTestNormDispIncr::test() - failed to converge 
after: 50 iterations  current Norm: 217207 (max: 1e-06, Norm deltaR: 1.14688e+08)
NewtonRaphson::solveCurrentStep() -the ConvergenceTest object failed in test()
StaticAnalysis::analyze() - the Algorithm failed at step: 0 with domain at load factor -223.478
OpenSees > analyze failed, returned: -3 error flag
WARNING: CTestNormDispIncr::test() - failed to converge 
after: 50 iterations  current Norm: 6778.14 (max: 1e-06, Norm deltaR: 1.90818e+08)
NewtonLineSearch::solveCurrentStep() -the ConvergenceTest object failed in test()
StaticAnalysis::analyze() - the Algorithm failed at step: 0 with domain at load factor -1033.14
OpenSees > analyze failed, returned: -3 error flag
WARNING: CTestNormDispIncr::test() - failed to converge 
after: 50 iterations  current Norm: 7402.49 (max: 1e-06, Norm deltaR: 1.01163e+09)
AcceleratedNewton::solveCurrentStep() -The ConvergenceTest object failed in test()
StaticAnalysis::analyze() - the Algorithm failed at step: 0 with domain at load factor -1527.08
OpenSees > analyze failed, returned: -3 error flag
WARNING: CTestNormDispIncr::test() - failed to converge 
after: 50 iterations  current Norm: 3.06214e+68 (max: 1e-06, Norm deltaR: 1.61476e+72)
ModifiedNewton::solveCurrentStep() -the ConvergenceTest object failed in test()
StaticAnalysis::analyze() - the Algorithm failed at step: 0 with domain at load factor 1.15807e+67
OpenSees > analyze failed, returned: -3 error flag
WARNING: CTestNormDispIncr::test() - failed to converge 
after: 50 iterations  current Norm: 24534.7 (max: 1e-06, Norm deltaR: 3.05294e+08)
NewtonRaphson::solveCurrentStep() -the ConvergenceTest object failed in test()
StaticAnalysis::analyze() - the Algorithm failed at step: 0 with domain at load factor -784.764
OpenSees > analyze failed, returned: -3 error flag
WARNING: CTestNormDispIncr::test() - failed to converge 
after: 50 iterations  current Norm: 41381.3 (max: 1e-06, Norm deltaR: 7.45912e+07)
NewtonLineSearch::solveCurrentStep() -the ConvergenceTest object failed in test()
StaticAnalysis::analyze() - the Algorithm failed at step: 0 with domain at load factor -440.138
OpenSees > analyze failed, returned: -3 error flag
WARNING: CTestNormDispIncr::test() - failed to converge 
after: 50 iterations  current Norm: 67132.7 (max: 1e-06, Norm deltaR: 5.74786e+08)
AcceleratedNewton::solveCurrentStep() -The ConvergenceTest object failed in test()
StaticAnalysis::analyze() - the Algorithm failed at step: 0 with domain at load factor -2569.34
OpenSees > analyze failed, returned: -3 error flag
WARNING: CTestNormDispIncr::test() - failed to converge 
after: 50 iterations  current Norm: 8.30208e+65 (max: 1e-06, Norm deltaR: 3.03673e+69)
ModifiedNewton::solveCurrentStep() -the ConvergenceTest object failed in test()
StaticAnalysis::analyze() - the Algorithm failed at step: 0 with domain at load factor -6.97045e+64
OpenSees > analyze failed, returned: -3 error flag
WARNING: CTestNormDispIncr::test() - failed to converge 
after: 50 iterations  current Norm: 437362 (max: 1e-06, Norm deltaR: 7.81673e+07)
NewtonRaphson::solveCurrentStep() -the ConvergenceTest object failed in test()
StaticAnalysis::analyze() - the Algorithm failed at step: 0 with domain at load factor -276.922
OpenSees > analyze failed, returned: -3 error flag
WARNING: CTestNormDispIncr::test() - failed to converge 
after: 50 iterations  current Norm: 3147.13 (max: 1e-06, Norm deltaR: 1.28331e+08)
NewtonLineSearch::solveCurrentStep() -the ConvergenceTest object failed in test()
StaticAnalysis::analyze() - the Algorithm failed at step: 0 with domain at load factor -3879.22
OpenSees > analyze failed, returned: -3 error flag
WARNING: CTestNormDispIncr::test() - failed to converge 
after: 50 iterations  current Norm: 15412.9 (max: 1e-06, Norm deltaR: 5.85707e+08)
AcceleratedNewton::solveCurrentStep() -The ConvergenceTest object failed in test()
StaticAnalysis::analyze() - the Algorithm failed at step: 0 with domain at load factor 7250.17
OpenSees > analyze failed, returned: -3 error flag
WARNING: CTestNormDispIncr::test() - failed to converge 
after: 50 iterations  current Norm: 1.94854e+65 (max: 1e-06, Norm deltaR: 8.36964e+68)
ModifiedNewton::solveCurrentStep() -the ConvergenceTest object failed in test()
StaticAnalysis::analyze() - the Algorithm failed at step: 0 with domain at load factor -1.10729e+64
OpenSees > analyze failed, returned: -3 error flag
WARNING: CTestNormDispIncr::test() - failed to converge 
after: 50 iterations  current Norm: 55770 (max: 1e-06, Norm deltaR: 2.3349e+08)
NewtonRaphson::solveCurrentStep() -the ConvergenceTest object failed in test()
StaticAnalysis::analyze() - the Algorithm failed at step: 0 with domain at load factor -286.241
OpenSees > analyze failed, returned: -3 error flag
WARNING: CTestNormDispIncr::test() - failed to converge 
after: 50 iterations  current Norm: 25868.7 (max: 1e-06, Norm deltaR: 7.15729e+08)
NewtonRaphson::solveCurrentStep() -the ConvergenceTest object failed in test()
StaticAnalysis::analyze() - the Algorithm failed at step: 0 with domain at load factor -1941.66
OpenSees > analyze failed, returned: -3 error flag
WARNING ZeroLength::setDomain(): Element 5000091 has L= 7.96052, which is greater than the tolerance
WARNING ZeroLength::setDomain(): Element 5000092 has L= 8.1184, which is greater than the tolerance
WARNING ZeroLength::setDomain(): Element 5000093 has L= 50.6218, which is greater than the tolerance
WARNING ZeroLength::setDomain(): Element 5000094 has L= 7.81465, which is greater than the tolerance
WARNING ZeroLength::setDomain(): Element 5000095 has L= 54.4386, which is greater than the tolerance
WARNING: CTestNormDispIncr::test() - failed to converge 
after: 50 iterations  current Norm: 36145.9 (max: 1e-06, Norm deltaR: 1.43046e+09)
NewtonRaphson::solveCurrentStep() -the ConvergenceTest object failed in test()
StaticAnalysis::analyze() - the Algorithm failed at step: 0 with domain at load factor 8101.9
OpenSees > analyze failed, returned: -3 error flag
WARNING ZeroLength::setDomain(): Element 5000096 has L= 8.2709, which is greater than the tolerance
WARNING ZeroLength::setDomain(): Element 5000097 has L= 21.1191, which is greater than the tolerance
WARNING ZeroLength::setDomain(): Element 5000098 has L= 49.3633, which is greater than the tolerance
WARNING ZeroLength::setDomain(): Element 5000099 has L= 49.9061, which is greater than the tolerance
WARNING ZeroLength::setDomain(): Element 5000100 has L= 54.0535, which is greater than the tolerance
WARNING ZeroLength::setDomain(): Element 5000101 has L= 53.015, which is greater than the tolerance
WARNING ZeroLength::setDomain(): Element 5000102 has L= 7.96052, which is greater than the tolerance
WARNING ZeroLength::setDomain(): Element 5000103 has L= 7.65963, which is greater than the tolerance
WARNING: CTestNormDispIncr::test() - failed to converge 
after: 50 iterations  current Norm: 6.75288e+06 (max: 1e-06, Norm deltaR: 6.78566e+07)
NewtonRaphson::solveCurrentStep() -the ConvergenceTest object failed in test()
StaticAnalysis::analyze() - the Algorithm failed at step: 0 with domain at load factor 171.941
OpenSees > analyze failed, returned: -3 error flag
WARNING: CTestNormDispIncr::test() - failed to converge 
after: 50 iterations  current Norm: 3662.97 (max: 1e-06, Norm deltaR: 1.17538e+08)
NewtonLineSearch::solveCurrentStep() -the ConvergenceTest object failed in test()
StaticAnalysis::analyze() - the Algorithm failed at step: 0 with domain at load factor -4013.92
OpenSees > analyze failed, returned: -3 error flag
WARNING: CTestNormDispIncr::test() - failed to converge 
after: 50 iterations  current Norm: 0.196057 (max: 1e-06, Norm deltaR: 6478.34)
AcceleratedNewton::solveCurrentStep() -The ConvergenceTest object failed in test()
StaticAnalysis::analyze() - the Algorithm failed at step: 0 with domain at load factor 362.438
OpenSees > analyze failed, returned: -3 error flag
WARNING: CTestNormDispIncr::test() - failed to converge 
after: 50 iterations  current Norm: 1.34609e+67 (max: 1e-06, Norm deltaR: 1.20134e+71)
ModifiedNewton::solveCurrentStep() -the ConvergenceTest object failed in test()
StaticAnalysis::analyze() - the Algorithm failed at step: 0 with domain at load factor 5.19204e+65
OpenSees > analyze failed, returned: -3 error flag
WARNING: CTestNormDispIncr::test() - failed to converge 
after: 50 iterations  current Norm: 34680.2 (max: 1e-06, Norm deltaR: 4.41646e+08)
NewtonRaphson::solveCurrentStep() -the ConvergenceTest object failed in test()
StaticAnalysis::analyze() - the Algorithm failed at step: 0 with domain at load factor 203.45
OpenSees > analyze failed, returned: -3 error flag
WARNING ZeroLength::setDomain(): Element 5000104 has L= 21.5231, which is greater than the tolerance
WARNING: CTestNormDispIncr::test() - failed to converge 
after: 50 iterations  current Norm: 0.0483106 (max: 1e-06, Norm deltaR: 39272.4)
NewtonRaphson::solveCurrentStep() -the ConvergenceTest object failed in test()
StaticAnalysis::analyze() - the Algorithm failed at step: 0 with domain at load factor 391.862
OpenSees > analyze failed, returned: -3 error flag
WARNING: CTestNormDispIncr::test() - failed to converge 
after: 50 iterations  current Norm: 62570 (max: 1e-06, Norm deltaR: 1.15949e+08)
NewtonRaphson::solveCurrentStep() -the ConvergenceTest object failed in test()
StaticAnalysis::analyze() - the Algorithm failed at step: 0 with domain at load factor 169.395
OpenSees > analyze failed, returned: -3 error flag
WARNING ZeroLength::setDomain(): Element 5000105 has L= 8.1184, which is greater than the tolerance
WARNING ZeroLength::setDomain(): Element 5000106 has L= 7.81465, which is greater than the tolerance
WARNING ZeroLength::setDomain(): Element 5000107 has L= 51.5662, which is greater than the tolerance
WARNING ZeroLength::setDomain(): Element 5000108 has L= 17.4611, which is greater than the tolerance
WARNING ZeroLength::setDomain(): Element 5000109 has L= 21.9719, which is greater than the tolerance
WARNING ZeroLength::setDomain(): Element 5000110 has L= 17.0526, which is greater than the tolerance
WARNING ZeroLength::setDomain(): Element 5000111 has L= 22.4814, which is greater than the tolerance
WARNING ZeroLength::setDomain(): Element 5000112 has L= 7.65963, which is greater than the tolerance
WARNING ZeroLength::setDomain(): Element 5000113 has L= 17.8657, which is greater than the tolerance
WARNING ZeroLength::setDomain(): Element 5000114 has L= 10.0316, which is greater than the tolerance
WARNING: CTestNormDispIncr::test() - failed to converge 
after: 50 iterations  current Norm: 30781.4 (max: 1e-06, Norm deltaR: 1.17831e+08)
NewtonRaphson::solveCurrentStep() -the ConvergenceTest object failed in test()
StaticAnalysis::analyze() - the Algorithm failed at step: 0 with domain at load factor 324.743
OpenSees > analyze failed, returned: -3 error flag
WARNING ZeroLength::setDomain(): Element 5000115 has L= 18.2415, which is greater than the tolerance
WARNING ZeroLength::setDomain(): Element 5000116 has L= 58.5306, which is greater than the tolerance
WARNING ZeroLength::setDomain(): Element 5000117 has L= 21.1191, which is greater than the tolerance
WARNING ZeroLength::setDomain(): Element 5000118 has L= 7.48531, which is greater than the tolerance
WARNING ZeroLength::setDomain(): Element 5000119 has L= 16.3612, which is greater than the tolerance
WARNING ZeroLength::setDomain(): Element 5000120 has L= 10.2857, which is greater than the tolerance
WARNING ZeroLength::setDomain(): Element 5000121 has L= 16.704, which is greater than the tolerance
WARNING ZeroLength::setDomain(): Element 5000122 has L= 16.3612, which is greater than the tolerance
WARNING ZeroLength::setDomain(): Element 5000123 has L= 21.9719, which is greater than the tolerance
WARNING ZeroLength::setDomain(): Element 5000124 has L= 57.9815, which is greater than the tolerance
WARNING ZeroLength::setDomain(): Element 5000125 has L= 21.5231, which is greater than the tolerance
WARNING ZeroLength::setDomain(): Element 5000126 has L= 20.7257, which is greater than the tolerance
WARNING: CTestNormDispIncr::test() - failed to converge 
after: 50 iterations  current Norm: 40690 (max: 1e-06, Norm deltaR: 1.16722e+08)
NewtonRaphson::solveCurrentStep() -the ConvergenceTest object failed in test()
StaticAnalysis::analyze() - the Algorithm failed at step: 0 with domain at load factor 143.387
OpenSees > analyze failed, returned: -3 error flag
WARNING ZeroLength::setDomain(): Element 5000127 has L= 8.4392, which is greater than the tolerance
WARNING ZeroLength::setDomain(): Element 5000128 has L= 10.8034, which is greater than the tolerance
WARNING ZeroLength::setDomain(): Element 5000129 has L= 7.33006, which is greater than the tolerance
WARNING ZeroLength::setDomain(): Element 5000130 has L= 9.80437, which is greater than the tolerance
WARNING ZeroLength::setDomain(): Element 5000131 has L= 20.7257, which is greater than the tolerance
WARNING ZeroLength::setDomain(): Element 5000132 has L= 16.0552, which is greater than the tolerance
WARNING ZeroLength::setDomain(): Element 5000133 has L= 7.48531, which is greater than the tolerance
WARNING ZeroLength::setDomain(): Element 5000134 has L= 17.0526, which is greater than the tolerance
WARNING ZeroLength::setDomain(): Element 5000135 has L= 61.0617, which is greater than the tolerance
WARNING ZeroLength::setDomain(): Element 5000136 has L= 16.704, which is greater than the tolerance
WARNING ZeroLength::setDomain(): Element 5000137 has L= 50.6634, which is greater than the tolerance
WARNING ZeroLength::setDomain(): Element 5000138 has L= 56.1865, which is greater than the tolerance
WARNING ZeroLength::setDomain(): Element 5000139 has L= 51.7741, which is greater than the tolerance
WARNING ZeroLength::setDomain(): Element 5000140 has L= 15.7426, which is greater than the tolerance
WARNING ZeroLength::setDomain(): Element 5000141 has L= 8.63821, which is greater than the tolerance
WARNING ZeroLength::setDomain(): Element 5000142 has L= 22.4814, which is greater than the tolerance
WARNING ZeroLength::setDomain(): Element 5000143 has L= 59.6721, which is greater than the tolerance
WARNING ZeroLength::setDomain(): Element 5000144 has L= 20.301, which is greater than the tolerance
WARNING ZeroLength::setDomain(): Element 5000145 has L= 10.5537, which is greater than the tolerance
WARNING ZeroLength::setDomain(): Element 5000146 has L= 7.21246, which is greater than the tolerance
WARNING ZeroLength::setDomain(): Element 5000147 has L= 9.59962, which is greater than the tolerance
WARNING ZeroLength::setDomain(): Element 5000148 has L= 18.578, which is greater than the tolerance
WARNING: CTestNormDispIncr::test() - failed to converge 
after: 50 iterations  current Norm: 23417.9 (max: 1e-06, Norm deltaR: 6.88046e+08)
NewtonRaphson::solveCurrentStep() -the ConvergenceTest object failed in test()
StaticAnalysis::analyze() - the Algorithm failed at step: 0 with domain at load factor -3045.36
OpenSees > analyze failed, returned: -3 error flag
WARNING: CTestNormDispIncr::test() - failed to converge 
after: 50 iterations  current Norm: 2060.73 (max: 1e-06, Norm deltaR: 1.11016e+08)
NewtonLineSearch::solveCurrentStep() -the ConvergenceTest object failed in test()
StaticAnalysis::analyze() - the Algorithm failed at step: 0 with domain at load factor -4615.16
OpenSees > analyze failed, returned: -3 error flag
WARNING: CTestNormDispIncr::test() - failed to converge 
after: 50 iterations  current Norm: 4509.05 (max: 1e-06, Norm deltaR: 2.05158e+08)
AcceleratedNewton::solveCurrentStep() -The ConvergenceTest object failed in test()
StaticAnalysis::analyze() - the Algorithm failed at step: 0 with domain at load factor -1214.58
OpenSees > analyze failed, returned: -3 error flag
WARNING: CTestNormDispIncr::test() - failed to converge 
after: 50 iterations  current Norm: 2.22296e+75 (max: 1e-06, Norm deltaR: 1.93672e+79)
ModifiedNewton::solveCurrentStep() -the ConvergenceTest object failed in test()
StaticAnalysis::analyze() - the Algorithm failed at step: 0 with domain at load factor -1.80756e+74
OpenSees > analyze failed, returned: -3 error flag
WARNING: CTestNormDispIncr::test() - failed to converge 
after: 50 iterations  current Norm: 18266.8 (max: 1e-06, Norm deltaR: 4.25365e+08)
NewtonRaphson::solveCurrentStep() -the ConvergenceTest object failed in test()
StaticAnalysis::analyze() - the Algorithm failed at step: 0 with domain at load factor -3410.34
OpenSees > analyze failed, returned: -3 error flag
WARNING: CTestNormDispIncr::test() - failed to converge 
after: 50 iterations  current Norm: 22923.5 (max: 1e-06, Norm deltaR: 6.56552e+08)
NewtonLineSearch::solveCurrentStep() -the ConvergenceTest object failed in test()
StaticAnalysis::analyze() - the Algorithm failed at step: 0 with domain at load factor 47186.1
OpenSees > analyze failed, returned: -3 error flag
WARNING: CTestNormDispIncr::test() - failed to converge 
after: 50 iterations  current Norm: 4815.74 (max: 1e-06, Norm deltaR: 2.70657e+08)
AcceleratedNewton::solveCurrentStep() -The ConvergenceTest object failed in test()
StaticAnalysis::analyze() - the Algorithm failed at step: 0 with domain at load factor -552.743
OpenSees > analyze failed, returned: -3 error flag
WARNING: CTestNormDispIncr::test() - failed to converge 
after: 50 iterations  current Norm: 3.30534e+84 (max: 1e-06, Norm deltaR: 3.09168e+88)
ModifiedNewton::solveCurrentStep() -the ConvergenceTest object failed in test()
StaticAnalysis::analyze() - the Algorithm failed at step: 0 with domain at load factor -5.70317e+82
OpenSees > analyze failed, returned: -3 error flag
WARNING: CTestNormDispIncr::test() - failed to converge 
after: 50 iterations  current Norm: 55839.5 (max: 1e-06, Norm deltaR: 1.6608e+09)
NewtonRaphson::solveCurrentStep() -the ConvergenceTest object failed in test()
StaticAnalysis::analyze() - the Algorithm failed at step: 0 with domain at load factor -6780.64
OpenSees > analyze failed, returned: -3 error flag
WARNING ZeroLength::setDomain(): Element 5000149 has L= 8.83515, which is greater than the tolerance
WARNING ZeroLength::setDomain(): Element 5000150 has L= 17.4611, which is greater than the tolerance
WARNING ZeroLength::setDomain(): Element 5000151 has L= 58.6261, which is greater than the tolerance
WARNING ZeroLength::setDomain(): Element 5000152 has L= 60.9876, which is greater than the tolerance
WARNING ZeroLength::setDomain(): Element 5000153 has L= 63.6473, which is greater than the tolerance
WARNING ZeroLength::setDomain(): Element 5000154 has L= 35.8549, which is greater than the tolerance
WARNING ZeroLength::setDomain(): Element 5000155 has L= 62.4297, which is greater than the tolerance
WARNING ZeroLength::setDomain(): Element 5000156 has L= 74.3526, which is greater than the tolerance
WARNING ZeroLength::setDomain(): Element 5000157 has L= 28.1257, which is greater than the tolerance
WARNING ZeroLength::setDomain(): Element 5000158 has L= 35.144, which is greater than the tolerance
WARNING ZeroLength::setDomain(): Element 5000159 has L= 35.144, which is greater than the tolerance
WARNING ZeroLength::setDomain(): Element 5000160 has L= 34.4609, which is greater than the tolerance
WARNING ZeroLength::setDomain(): Element 5000161 has L= 54.768, which is greater than the tolerance
WARNING ZeroLength::setDomain(): Element 5000162 has L= 34.4609, which is greater than the tolerance
WARNING ZeroLength::setDomain(): Element 5000163 has L= 16.0552, which is greater than the tolerance
WARNING ZeroLength::setDomain(): Element 5000164 has L= 33.8534, which is greater than the tolerance
WARNING ZeroLength::setDomain(): Element 5000165 has L= 7.33006, which is greater than the tolerance
WARNING: CTestNormDispIncr::test() - failed to converge 
after: 50 iterations  current Norm: 34050.9 (max: 1e-06, Norm deltaR: 9.7481e+08)
NewtonRaphson::solveCurrentStep() -the ConvergenceTest object failed in test()
StaticAnalysis::analyze() - the Algorithm failed at step: 0 with domain at load factor -729.474
OpenSees > analyze failed, returned: -3 error flag
WARNING ZeroLength::setDomain(): Element 5000166 has L= 22.9024, which is greater than the tolerance
WARNING ZeroLength::setDomain(): Element 5000167 has L= 28.8362, which is greater than the tolerance
WARNING ZeroLength::setDomain(): Element 5000168 has L= 15.7426, which is greater than the tolerance
WARNING ZeroLength::setDomain(): Element 5000169 has L= 72.335, which is greater than the tolerance
WARNING ZeroLength::setDomain(): Element 5000170 has L= 8.2709, which is greater than the tolerance
WARNING ZeroLength::setDomain(): Element 5000171 has L= 10.5537, which is greater than the tolerance
WARNING ZeroLength::setDomain(): Element 5000172 has L= 9.80437, which is greater than the tolerance
WARNING ZeroLength::setDomain(): Element 5000173 has L= 20.301, which is greater than the tolerance
WARNING ZeroLength::setDomain(): Element 5000174 has L= 7.92001, which is greater than the tolerance
WARNING ZeroLength::setDomain(): Element 5000175 has L= 49.8436, which is greater than the tolerance
WARNING ZeroLength::setDomain(): Element 5000176 has L= 50.4515, which is greater than the tolerance
WARNING ZeroLength::setDomain(): Element 5000177 has L= 10.0316, which is greater than the tolerance
WARNING ZeroLength::setDomain(): Element 5000178 has L= 25.7366, which is greater than the tolerance
WARNING ZeroLength::setDomain(): Element 5000179 has L= 51.1415, which is greater than the tolerance
WARNING ZeroLength::setDomain(): Element 5000180 has L= 36.5359, which is greater than the tolerance
WARNING ZeroLength::setDomain(): Element 5000181 has L= 10.2857, which is greater than the tolerance
WARNING ZeroLength::setDomain(): Element 5000182 has L= 33.8534, which is greater than the tolerance
WARNING ZeroLength::setDomain(): Element 5000183 has L= 50.7926, which is greater than the tolerance
WARNING ZeroLength::setDomain(): Element 5000184 has L= 50.9672, which is greater than the tolerance
WARNING ZeroLength::setDomain(): Element 5000185 has L= 29.4195, which is greater than the tolerance
WARNING ZeroLength::setDomain(): Element 5000186 has L= 56.086, which is greater than the tolerance
WARNING ZeroLength::setDomain(): Element 5000187 has L= 51.506, which is greater than the tolerance
WARNING ZeroLength::setDomain(): Element 5000188 has L= 45.6185, which is greater than the tolerance
WARNING ZeroLength::setDomain(): Element 5000189 has L= 52.2265, which is greater than the tolerance
WARNING ZeroLength::setDomain(): Element 5000190 has L= 33.2037, which is greater than the tolerance
WARNING ZeroLength::setDomain(): Element 5000191 has L= 27.4872, which is greater than the tolerance
WARNING ZeroLength::setDomain(): Element 5000192 has L= 45.3799, which is greater than the tolerance
WARNING ZeroLength::setDomain(): Element 5000193 has L= 44.8957, which is greater than the tolerance
WARNING ZeroLength::setDomain(): Element 5000194 has L= 8.98799, which is greater than the tolerance
WARNING ZeroLength::setDomain(): Element 5000195 has L= 26.3321, which is greater than the tolerance
WARNING ZeroLength::setDomain(): Element 5000196 has L= 54.4766, which is greater than the tolerance
WARNING ZeroLength::setDomain(): Element 5000197 has L= 64.7698, which is greater than the tolerance
WARNING ZeroLength::setDomain(): Element 5000198 has L= 44.9975, which is greater than the tolerance
