WARNING ZeroLength::setDomain(): Element 5000001 has L= 2.4377, which is greater than the tolerance
WARNING ZeroLength::setDomain(): Element 5000002 has L= 2.18411, which is greater than the tolerance
WARNING ZeroLength::setDomain(): Element 5000003 has L= 1.77876, which is greater than the tolerance
WARNING ZeroLength::setDomain(): Element 5000004 has L= 1.78042, which is greater than the tolerance
WARNING ZeroLength::setDomain(): Element 5000005 has L= 1.71572, which is greater than the tolerance
WARNING ZeroLength::setDomain(): Element 5000006 has L= 1.71572, which is greater than the tolerance
WARNING ZeroLength::setDomain(): Element 5000007 has L= 1.78042, which is greater than the tolerance
WARNING ZeroLength::setDomain(): Element 5000008 has L= 1.77876, which is greater than the tolerance
WARNING ZeroLength::setDomain(): Element 5000009 has L= 2.18411, which is greater than the tolerance
WARNING ZeroLength::setDomain(): Element 5000010 has L= 2.4377, which is greater than the tolerance
WARNING ZeroLength::setDomain(): Element 5000011 has L= 2.29101, which is greater than the tolerance
WARNING ZeroLength::setDomain(): Element 5000012 has L= 2.15246, which is greater than the tolerance
WARNING ZeroLength::setDomain(): Element 5000013 has L= 1.89365, which is greater than the tolerance
WARNING ZeroLength::setDomain(): Element 5000014 has L= 1.91927, which is greater than the tolerance
WARNING ZeroLength::setDomain(): Element 5000015 has L= 1.90697, which is greater than the tolerance
WARNING ZeroLength::setDomain(): Element 5000016 has L= 1.90697, which is greater than the tolerance
WARNING ZeroLength::setDomain(): Element 5000017 has L= 1.91927, which is greater than the tolerance
WARNING ZeroLength::setDomain(): Element 5000018 has L= 1.89365, which is greater than the tolerance
WARNING ZeroLength::setDomain(): Element 5000019 has L= 2.15246, which is greater than the tolerance
WARNING ZeroLength::setDomain(): Element 5000020 has L= 2.29101, which is greater than the tolerance
WARNING ZeroLength::setDomain(): Element 5000021 has L= 2.2259, which is greater than the tolerance
WARNING ZeroLength::setDomain(): Element 5000022 has L= 2.18567, which is greater than the tolerance
WARNING ZeroLength::setDomain(): Element 5000023 has L= 2.06747, which is greater than the tolerance
WARNING ZeroLength::setDomain(): Element 5000024 has L= 2.13227, which is greater than the tolerance
WARNING ZeroLength::setDomain(): Element 5000025 has L= 2.16914, which is greater than the tolerance
WARNING ZeroLength::setDomain(): Element 5000026 has L= 2.16914, which is greater than the tolerance
WARNING ZeroLength::setDomain(): Element 5000027 has L= 2.13227, which is greater than the tolerance
WARNING ZeroLength::setDomain(): Element 5000028 has L= 2.06747, which is greater than the tolerance
WARNING ZeroLength::setDomain(): Element 5000029 has L= 2.18567, which is greater than the tolerance
WARNING ZeroLength::setDomain(): Element 5000030 has L= 2.2259, which is greater than the tolerance
WARNING ZeroLength::setDomain(): Element 5000031 has L= 2.27028, which is greater than the tolerance
WARNING ZeroLength::setDomain(): Element 5000032 has L= 2.28201, which is greater than the tolerance
WARNING ZeroLength::setDomain(): Element 5000033 has L= 2.2811, which is greater than the tolerance
WARNING ZeroLength::setDomain(): Element 5000034 has L= 2.45244, which is greater than the tolerance
WARNING ZeroLength::setDomain(): Element 5000035 has L= 2.59257, which is greater than the tolerance
WARNING ZeroLength::setDomain(): Element 5000036 has L= 2.59257, which is greater than the tolerance
WARNING ZeroLength::setDomain(): Element 5000037 has L= 2.45244, which is greater than the tolerance
WARNING ZeroLength::setDomain(): Element 5000038 has L= 2.2811, which is greater than the tolerance
WARNING ZeroLength::setDomain(): Element 5000039 has L= 2.28201, which is greater than the tolerance
WARNING ZeroLength::setDomain(): Element 5000040 has L= 2.27028, which is greater than the tolerance
WARNING ZeroLength::setDomain(): Element 5000041 has L= 2.32992, which is greater than the tolerance
WARNING ZeroLength::setDomain(): Element 5000042 has L= 2.43775, which is greater than the tolerance
WARNING ZeroLength::setDomain(): Element 5000043 has L= 2.59096, which is greater than the tolerance
WARNING ZeroLength::setDomain(): Element 5000044 has L= 2.75725, which is greater than the tolerance
WARNING ZeroLength::setDomain(): Element 5000045 has L= 2.86286, which is greater than the tolerance
WARNING ZeroLength::setDomain(): Element 5000046 has L= 2.86286, which is greater than the tolerance
WARNING ZeroLength::setDomain(): Element 5000047 has L= 2.75725, which is greater than the tolerance
WARNING ZeroLength::setDomain(): Element 5000048 has L= 2.59096, which is greater than the tolerance
WARNING ZeroLength::setDomain(): Element 5000049 has L= 2.43775, which is greater than the tolerance
WARNING ZeroLength::setDomain(): Element 5000050 has L= 2.32992, which is greater than the tolerance
WARNING ZeroLength::setDomain(): Element 5000051 has L= 2.26582, which is greater than the tolerance
WARNING ZeroLength::setDomain(): Element 5000052 has L= 2.46565, which is greater than the tolerance
WARNING ZeroLength::setDomain(): Element 5000053 has L= 2.77068, which is greater than the tolerance
WARNING ZeroLength::setDomain(): Element 5000054 has L= 2.8472, which is greater than the tolerance
WARNING ZeroLength::setDomain(): Element 5000055 has L= 2.93102, which is greater than the tolerance
WARNING ZeroLength::setDomain(): Element 5000056 has L= 2.93102, which is greater than the tolerance
WARNING ZeroLength::setDomain(): Element 5000057 has L= 2.8472, which is greater than the tolerance
WARNING ZeroLength::setDomain(): Element 5000058 has L= 2.77068, which is greater than the tolerance
WARNING ZeroLength::setDomain(): Element 5000059 has L= 2.46565, which is greater than the tolerance
WARNING ZeroLength::setDomain(): Element 5000060 has L= 2.26582, which is greater than the tolerance
WARNING ZeroLength::setDomain(): Element 5000061 has L= 2.17451, which is greater than the tolerance
WARNING ZeroLength::setDomain(): Element 5000062 has L= 2.33352, which is greater than the tolerance
WARNING ZeroLength::setDomain(): Element 5000063 has L= 2.69154, which is greater than the tolerance
WARNING ZeroLength::setDomain(): Element 5000064 has L= 2.79703, which is greater than the tolerance
WARNING ZeroLength::setDomain(): Element 5000065 has L= 2.92733, which is greater than the tolerance
WARNING ZeroLength::setDomain(): Element 5000066 has L= 2.92733, which is greater than the tolerance
WARNING ZeroLength::setDomain(): Element 5000067 has L= 2.79703, which is greater than the tolerance
WARNING ZeroLength::setDomain(): Element 5000068 has L= 2.69154, which is greater than the tolerance
WARNING ZeroLength::setDomain(): Element 5000069 has L= 2.33352, which is greater than the tolerance
WARNING ZeroLength::setDomain(): Element 5000070 has L= 2.17451, which is greater than the tolerance
WARNING ZeroLength::setDomain(): Element 5000071 has L= 2.09967, which is greater than the tolerance
WARNING ZeroLength::setDomain(): Element 5000072 has L= 2.25976, which is greater than the tolerance
WARNING ZeroLength::setDomain(): Element 5000073 has L= 2.62908, which is greater than the tolerance
WARNING ZeroLength::setDomain(): Element 5000074 has L= 2.78064, which is greater than the tolerance
WARNING ZeroLength::setDomain(): Element 5000075 has L= 2.88998, which is greater than the tolerance
WARNING ZeroLength::setDomain(): Element 5000076 has L= 2.88998, which is greater than the tolerance
WARNING ZeroLength::setDomain(): Element 5000077 has L= 2.78064, which is greater than the tolerance
WARNING ZeroLength::setDomain(): Element 5000078 has L= 2.62908, which is greater than the tolerance
WARNING ZeroLength::setDomain(): Element 5000079 has L= 2.25976, which is greater than the tolerance
WARNING ZeroLength::setDomain(): Element 5000080 has L= 2.09967, which is greater than the tolerance
WARNING ZeroLength::setDomain(): Element 5000081 has L= 2.07091, which is greater than the tolerance
WARNING ZeroLength::setDomain(): Element 5000082 has L= 2.20411, which is greater than the tolerance
WARNING ZeroLength::setDomain(): Element 5000083 has L= 2.55574, which is greater than the tolerance
WARNING ZeroLength::setDomain(): Element 5000084 has L= 2.74255, which is greater than the tolerance
WARNING ZeroLength::setDomain(): Element 5000085 has L= 2.7886, which is greater than the tolerance
WARNING ZeroLength::setDomain(): Element 5000086 has L= 2.7886, which is greater than the tolerance
WARNING ZeroLength::setDomain(): Element 5000087 has L= 2.74255, which is greater than the tolerance
WARNING ZeroLength::setDomain(): Element 5000088 has L= 2.55574, which is greater than the tolerance
WARNING ZeroLength::setDomain(): Element 5000089 has L= 2.20411, which is greater than the tolerance
WARNING ZeroLength::setDomain(): Element 5000090 has L= 2.07091, which is greater than the tolerance
WARNING ZeroLength::setDomain(): Element 5000091 has L= 7.30531, which is greater than the tolerance
WARNING ZeroLength::setDomain(): Element 5000092 has L= 7.30531, which is greater than the tolerance
WARNING: CTestNormDispIncr::test() - failed to converge 
after: 50 iterations  current Norm: 30812.7 (max: 1e-06, Norm deltaR: 5.71079e+07)
NewtonRaphson::solveCurrentStep() -the ConvergenceTest object failed in test()
StaticAnalysis::analyze() - the Algorithm failed at step: 0 with domain at load factor -707.315
OpenSees > analyze failed, returned: -3 error flag
WARNING: CTestNormDispIncr::test() - failed to converge 
after: 50 iterations  current Norm: 2502.83 (max: 1e-06, Norm deltaR: 7.5613e+07)
NewtonLineSearch::solveCurrentStep() -the ConvergenceTest object failed in test()
StaticAnalysis::analyze() - the Algorithm failed at step: 0 with domain at load factor -124.25
OpenSees > analyze failed, returned: -3 error flag
WARNING: CTestNormDispIncr::test() - failed to converge 
after: 50 iterations  current Norm: 16637.2 (max: 1e-06, Norm deltaR: 1.11445e+08)
AcceleratedNewton::solveCurrentStep() -The ConvergenceTest object failed in test()
StaticAnalysis::analyze() - the Algorithm failed at step: 0 with domain at load factor -612.709
OpenSees > analyze failed, returned: -3 error flag
WARNING: CTestNormDispIncr::test() - failed to converge 
after: 50 iterations  current Norm: 5.10028e+69 (max: 1e-06, Norm deltaR: 2.39425e+73)
ModifiedNewton::solveCurrentStep() -the ConvergenceTest object failed in test()
StaticAnalysis::analyze() - the Algorithm failed at step: 0 with domain at load factor -3.09291e+68
OpenSees > analyze failed, returned: -3 error flag
WARNING: CTestNormDispIncr::test() - failed to converge 
after: 50 iterations  current Norm: 20979.2 (max: 1e-06, Norm deltaR: 2.53214e+08)
NewtonRaphson::solveCurrentStep() -the ConvergenceTest object failed in test()
StaticAnalysis::analyze() - the Algorithm failed at step: 0 with domain at load factor -150.855
OpenSees > analyze failed, returned: -3 error flag
WARNING: CTestNormDispIncr::test() - failed to converge 
after: 50 iterations  current Norm: 7393.46 (max: 1e-06, Norm deltaR: 1.91128e+08)
NewtonLineSearch::solveCurrentStep() -the ConvergenceTest object failed in test()
StaticAnalysis::analyze() - the Algorithm failed at step: 0 with domain at load factor 3773.02
OpenSees > analyze failed, returned: -3 error flag
WARNING: CTestNormDispIncr::test() - failed to converge 
after: 50 iterations  current Norm: 45233.2 (max: 1e-06, Norm deltaR: 3.58174e+08)
AcceleratedNewton::solveCurrentStep() -The ConvergenceTest object failed in test()
StaticAnalysis::analyze() - the Algorithm failed at step: 0 with domain at load factor -18.1789
OpenSees > analyze failed, returned: -3 error flag
WARNING: CTestNormDispIncr::test() - failed to converge 
after: 50 iterations  current Norm: 1.29668e+69 (max: 1e-06, Norm deltaR: 3.36759e+72)
ModifiedNewton::solveCurrentStep() -the ConvergenceTest object failed in test()
StaticAnalysis::analyze() - the Algorithm failed at step: 0 with domain at load factor -8.92449e+67
OpenSees > analyze failed, returned: -3 error flag
WARNING: CTestNormDispIncr::test() - failed to converge 
after: 50 iterations  current Norm: 35132 (max: 1e-06, Norm deltaR: 6.5426e+08)
NewtonRaphson::solveCurrentStep() -the ConvergenceTest object failed in test()
StaticAnalysis::analyze() - the Algorithm failed at step: 0 with domain at load factor 3918.06
OpenSees > analyze failed, returned: -3 error flag
WARNING: CTestNormDispIncr::test() - failed to converge 
after: 50 iterations  current Norm: 27600.1 (max: 1e-06, Norm deltaR: 6.34445e+08)
NewtonLineSearch::solveCurrentStep() -the ConvergenceTest object failed in test()
StaticAnalysis::analyze() - the Algorithm failed at step: 0 with domain at load factor -40384.4
OpenSees > analyze failed, returned: -3 error flag
WARNING: CTestNormDispIncr::test() - failed to converge 
after: 50 iterations  current Norm: 6888.9 (max: 1e-06, Norm deltaR: 9.67501e+08)
AcceleratedNewton::solveCurrentStep() -The ConvergenceTest object failed in test()
StaticAnalysis::analyze() - the Algorithm failed at step: 0 with domain at load factor -861.991
OpenSees > analyze failed, returned: -3 error flag
WARNING: CTestNormDispIncr::test() - failed to converge 
after: 50 iterations  current Norm: 1.73609e+69 (max: 1e-06, Norm deltaR: 9.06684e+72)
ModifiedNewton::solveCurrentStep() -the ConvergenceTest object failed in test()
StaticAnalysis::analyze() - the Algorithm failed at step: 0 with domain at load factor -1.38741e+68
OpenSees > analyze failed, returned: -3 error flag
WARNING: CTestNormDispIncr::test() - failed to converge 
after: 50 iterations  current Norm: 32708 (max: 1e-06, Norm deltaR: 7.01164e+08)
NewtonRaphson::solveCurrentStep() -the ConvergenceTest object failed in test()
StaticAnalysis::analyze() - the Algorithm failed at step: 0 with domain at load factor -1580.21
OpenSees > analyze failed, returned: -3 error flag
WARNING: CTestNormDispIncr::test() - failed to converge 
after: 50 iterations  current Norm: 11208.7 (max: 1e-06, Norm deltaR: 3.04249e+08)
NewtonLineSearch::solveCurrentStep() -the ConvergenceTest object failed in test()
StaticAnalysis::analyze() - the Algorithm failed at step: 0 with domain at load factor -4932.6
OpenSees > analyze failed, returned: -3 error flag
WARNING: CTestNormDispIncr::test() - failed to converge 
after: 50 iterations  current Norm: 5062.38 (max: 1e-06, Norm deltaR: 3.80102e+08)
AcceleratedNewton::solveCurrentStep() -The ConvergenceTest object failed in test()
StaticAnalysis::analyze() - the Algorithm failed at step: 0 with domain at load factor -837.964
OpenSees > analyze failed, returned: -3 error flag
WARNING: CTestNormDispIncr::test() - failed to converge 
after: 50 iterations  current Norm: 2.26878e+66 (max: 1e-06, Norm deltaR: 1.9006e+70)
ModifiedNewton::solveCurrentStep() -the ConvergenceTest object failed in test()
StaticAnalysis::analyze() - the Algorithm failed at step: 0 with domain at load factor 4.87556e+64
OpenSees > analyze failed, returned: -3 error flag
WARNING: CTestNormDispIncr::test() - failed to converge 
after: 50 iterations  current Norm: 120145 (max: 1e-06, Norm deltaR: 2.07908e+09)
NewtonRaphson::solveCurrentStep() -the ConvergenceTest object failed in test()
StaticAnalysis::analyze() - the Algorithm failed at step: 0 with domain at load factor -26847.5
OpenSees > analyze failed, returned: -3 error flag
WARNING: CTestNormDispIncr::test() - failed to converge 
after: 50 iterations  current Norm: 105744 (max: 1e-06, Norm deltaR: 5.54157e+07)
NewtonRaphson::solveCurrentStep() -the ConvergenceTest object failed in test()
StaticAnalysis::analyze() - the Algorithm failed at step: 0 with domain at load factor -516.507
OpenSees > analyze failed, returned: -3 error flag
WARNING: CTestNormDispIncr::test() - failed to converge 
after: 50 iterations  current Norm: 1051.96 (max: 1e-06, Norm deltaR: 5.65144e+07)
NewtonLineSearch::solveCurrentStep() -the ConvergenceTest object failed in test()
StaticAnalysis::analyze() - the Algorithm failed at step: 0 with domain at load factor -101.496
OpenSees > analyze failed, returned: -3 error flag
WARNING: CTestNormDispIncr::test() - failed to converge 
after: 50 iterations  current Norm: 19634.9 (max: 1e-06, Norm deltaR: 1.6161e+08)
AcceleratedNewton::solveCurrentStep() -The ConvergenceTest object failed in test()
StaticAnalysis::analyze() - the Algorithm failed at step: 0 with domain at load factor 302.973
OpenSees > analyze failed, returned: -3 error flag
WARNING: CTestNormDispIncr::test() - failed to converge 
after: 50 iterations  current Norm: 1.20643e+69 (max: 1e-06, Norm deltaR: 9.40173e+72)
ModifiedNewton::solveCurrentStep() -the ConvergenceTest object failed in test()
StaticAnalysis::analyze() - the Algorithm failed at step: 0 with domain at load factor 3.80293e+68
OpenSees > analyze failed, returned: -3 error flag
WARNING: CTestNormDispIncr::test() - failed to converge 
after: 50 iterations  current Norm: 58604.1 (max: 1e-06, Norm deltaR: 5.11082e+08)
NewtonRaphson::solveCurrentStep() -the ConvergenceTest object failed in test()
StaticAnalysis::analyze() - the Algorithm failed at step: 0 with domain at load factor -967.346
OpenSees > analyze failed, returned: -3 error flag
WARNING: CTestNormDispIncr::test() - failed to converge 
after: 50 iterations  current Norm: 6.519 (max: 1e-06, Norm deltaR: 1.0963e+06)
NewtonLineSearch::solveCurrentStep() -the ConvergenceTest object failed in test()
StaticAnalysis::analyze() - the Algorithm failed at step: 0 with domain at load factor 253.779
OpenSees > analyze failed, returned: -3 error flag
WARNING: CTestNormDispIncr::test() - failed to converge 
after: 50 iterations  current Norm: 27673.5 (max: 1e-06, Norm deltaR: 4.79421e+08)
AcceleratedNewton::solveCurrentStep() -The ConvergenceTest object failed in test()
StaticAnalysis::analyze() - the Algorithm failed at step: 0 with domain at load factor 1080.52
OpenSees > analyze failed, returned: -3 error flag
WARNING: CTestNormDispIncr::test() - failed to converge 
after: 50 iterations  current Norm: 2.36684e+72 (max: 1e-06, Norm deltaR: 1.73694e+76)
ModifiedNewton::solveCurrentStep() -the ConvergenceTest object failed in test()
StaticAnalysis::analyze() - the Algorithm failed at step: 0 with domain at load factor -7.49653e+71
OpenSees > analyze failed, returned: -3 error flag
WARNING ZeroLength::setDomain(): Element 5000093 has L= 7.74634, which is greater than the tolerance
WARNING ZeroLength::setDomain(): Element 5000094 has L= 7.90421, which is greater than the tolerance
WARNING ZeroLength::setDomain(): Element 5000095 has L= 46.9875, which is greater than the tolerance
WARNING ZeroLength::setDomain(): Element 5000096 has L= 7.60049, which is greater than the tolerance
WARNING ZeroLength::setDomain(): Element 5000097 has L= 50.3355, which is greater than the tolerance
WARNING ZeroLength::setDomain(): Element 5000098 has L= 54.3937, which is greater than the tolerance
WARNING ZeroLength::setDomain(): Element 5000099 has L= 8.05671, which is greater than the tolerance
WARNING ZeroLength::setDomain(): Element 5000100 has L= 58.6327, which is greater than the tolerance
WARNING: CTestNormDispIncr::test() - failed to converge 
after: 50 iterations  current Norm: 164272 (max: 1e-06, Norm deltaR: 4.56402e+09)
NewtonRaphson::solveCurrentStep() -the ConvergenceTest object failed in test()
StaticAnalysis::analyze() - the Algorithm failed at step: 0 with domain at load factor -424.119
OpenSees > analyze failed, returned: -3 error flag
WARNING ZeroLength::setDomain(): Element 5000101 has L= 7.74634, which is greater than the tolerance
WARNING ZeroLength::setDomain(): Element 5000102 has L= 21.3212, which is greater than the tolerance
WARNING ZeroLength::setDomain(): Element 5000103 has L= 7.90421, which is greater than the tolerance
WARNING ZeroLength::setDomain(): Element 5000104 has L= 20.9169, which is greater than the tolerance
WARNING: CTestNormDispIncr::test() - failed to converge 
after: 50 iterations  current Norm: 59755.3 (max: 1e-06, Norm deltaR: 1.04675e+09)
NewtonRaphson::solveCurrentStep() -the ConvergenceTest object failed in test()
StaticAnalysis::analyze() - the Algorithm failed at step: 0 with domain at load factor -6428.74
OpenSees > analyze failed, returned: -3 error flag
WARNING: CTestNormDispIncr::test() - failed to converge 
after: 50 iterations  current Norm: 1048.5 (max: 1e-06, Norm deltaR: 8.78103e+07)
NewtonLineSearch::solveCurrentStep() -the ConvergenceTest object failed in test()
StaticAnalysis::analyze() - the Algorithm failed at step: 0 with domain at load factor 857.819
OpenSees > analyze failed, returned: -3 error flag
WARNING ZeroLength::setDomain(): Element 5000105 has L= 62.7869, which is greater than the tolerance
WARNING ZeroLength::setDomain(): Element 5000106 has L= 7.60049, which is greater than the tolerance
WARNING ZeroLength::setDomain(): Element 5000107 has L= 21.7701, which is greater than the tolerance
WARNING ZeroLength::setDomain(): Element 5000108 has L= 21.7701, which is greater than the tolerance
WARNING ZeroLength::setDomain(): Element 5000109 has L= 8.22501, which is greater than the tolerance
WARNING ZeroLength::setDomain(): Element 5000110 has L= 22.2798, which is greater than the tolerance
WARNING ZeroLength::setDomain(): Element 5000111 has L= 16.8383, which is greater than the tolerance
WARNING ZeroLength::setDomain(): Element 5000112 has L= 66.8975, which is greater than the tolerance
WARNING ZeroLength::setDomain(): Element 5000113 has L= 21.3212, which is greater than the tolerance
WARNING ZeroLength::setDomain(): Element 5000114 has L= 20.9169, which is greater than the tolerance
WARNING ZeroLength::setDomain(): Element 5000115 has L= 7.4455, which is greater than the tolerance
WARNING ZeroLength::setDomain(): Element 5000116 has L= 9.86762, which is greater than the tolerance
WARNING ZeroLength::setDomain(): Element 5000117 has L= 17.2468, which is greater than the tolerance
WARNING ZeroLength::setDomain(): Element 5000118 has L= 16.4898, which is greater than the tolerance
WARNING ZeroLength::setDomain(): Element 5000119 has L= 16.147, which is greater than the tolerance
WARNING ZeroLength::setDomain(): Element 5000120 has L= 7.4455, which is greater than the tolerance
WARNING ZeroLength::setDomain(): Element 5000121 has L= 7.27121, which is greater than the tolerance
WARNING ZeroLength::setDomain(): Element 5000122 has L= 17.6515, which is greater than the tolerance
WARNING ZeroLength::setDomain(): Element 5000123 has L= 16.8383, which is greater than the tolerance
WARNING ZeroLength::setDomain(): Element 5000124 has L= 62.4233, which is greater than the tolerance
WARNING ZeroLength::setDomain(): Element 5000125 has L= 7.68221, which is greater than the tolerance
WARNING ZeroLength::setDomain(): Element 5000126 has L= 54.8066, which is greater than the tolerance
WARNING ZeroLength::setDomain(): Element 5000127 has L= 56.5456, which is greater than the tolerance
WARNING ZeroLength::setDomain(): Element 5000128 has L= 65.1505, which is greater than the tolerance
WARNING: CTestNormDispIncr::test() - failed to converge 
after: 50 iterations  current Norm: 28937.1 (max: 1e-06, Norm deltaR: 6.10427e+08)
NewtonRaphson::solveCurrentStep() -the ConvergenceTest object failed in test()
StaticAnalysis::analyze() - the Algorithm failed at step: 0 with domain at load factor 974.42
OpenSees > analyze failed, returned: -3 error flag
WARNING ZeroLength::setDomain(): Element 5000129 has L= 58.7223, which is greater than the tolerance
WARNING ZeroLength::setDomain(): Element 5000130 has L= 10.4948, which is greater than the tolerance
WARNING ZeroLength::setDomain(): Element 5000131 has L= 16.147, which is greater than the tolerance
WARNING ZeroLength::setDomain(): Element 5000132 has L= 10.1221, which is greater than the tolerance
WARNING ZeroLength::setDomain(): Element 5000133 has L= 9.63958, which is greater than the tolerance
WARNING ZeroLength::setDomain(): Element 5000134 has L= 20.5234, which is greater than the tolerance
WARNING ZeroLength::setDomain(): Element 5000135 has L= 7.11599, which is greater than the tolerance
WARNING ZeroLength::setDomain(): Element 5000136 has L= 8.42403, which is greater than the tolerance
WARNING ZeroLength::setDomain(): Element 5000137 has L= 60.5144, which is greater than the tolerance
WARNING ZeroLength::setDomain(): Element 5000138 has L= 18.0273, which is greater than the tolerance
WARNING ZeroLength::setDomain(): Element 5000139 has L= 15.841, which is greater than the tolerance
WARNING ZeroLength::setDomain(): Element 5000140 has L= 22.2798, which is greater than the tolerance
WARNING ZeroLength::setDomain(): Element 5000141 has L= 69.8384, which is greater than the tolerance
WARNING ZeroLength::setDomain(): Element 5000142 has L= 10.6406, which is greater than the tolerance
WARNING ZeroLength::setDomain(): Element 5000143 has L= 20.5234, which is greater than the tolerance
WARNING ZeroLength::setDomain(): Element 5000144 has L= 51.2341, which is greater than the tolerance
WARNING ZeroLength::setDomain(): Element 5000145 has L= 9.43372, which is greater than the tolerance
WARNING ZeroLength::setDomain(): Element 5000146 has L= 52.6819, which is greater than the tolerance
WARNING ZeroLength::setDomain(): Element 5000147 has L= 6.99841, which is greater than the tolerance
WARNING ZeroLength::setDomain(): Element 5000148 has L= 34.9333, which is greater than the tolerance
WARNING ZeroLength::setDomain(): Element 5000149 has L= 51.4309, which is greater than the tolerance
WARNING ZeroLength::setDomain(): Element 5000150 has L= 34.2503, which is greater than the tolerance
WARNING ZeroLength::setDomain(): Element 5000151 has L= 58.5214, which is greater than the tolerance
WARNING ZeroLength::setDomain(): Element 5000152 has L= 56.3573, which is greater than the tolerance
WARNING ZeroLength::setDomain(): Element 5000153 has L= 68.2523, which is greater than the tolerance
WARNING ZeroLength::setDomain(): Element 5000154 has L= 34.9333, which is greater than the tolerance
WARNING ZeroLength::setDomain(): Element 5000155 has L= 7.27121, which is greater than the tolerance
WARNING ZeroLength::setDomain(): Element 5000156 has L= 20.0985, which is greater than the tolerance
WARNING ZeroLength::setDomain(): Element 5000157 has L= 61.1152, which is greater than the tolerance
WARNING ZeroLength::setDomain(): Element 5000158 has L= 8.62099, which is greater than the tolerance
WARNING ZeroLength::setDomain(): Element 5000159 has L= 8.05671, which is greater than the tolerance
WARNING ZeroLength::setDomain(): Element 5000160 has L= 33.6427, which is greater than the tolerance
WARNING ZeroLength::setDomain(): Element 5000161 has L= 15.5284, which is greater than the tolerance
WARNING ZeroLength::setDomain(): Element 5000162 has L= 15.841, which is greater than the tolerance
WARNING: CTestNormDispIncr::test() - failed to converge 
after: 50 iterations  current Norm: 120823 (max: 1e-06, Norm deltaR: 3.28104e+09)
NewtonRaphson::solveCurrentStep() -the ConvergenceTest object failed in test()
StaticAnalysis::analyze() - the Algorithm failed at step: 0 with domain at load factor 431.201
OpenSees > analyze failed, returned: -3 error flag
WARNING: CTestNormDispIncr::test() - failed to converge 
after: 50 iterations  current Norm: 5845.61 (max: 1e-06, Norm deltaR: 1.65183e+08)
NewtonLineSearch::solveCurrentStep() -the ConvergenceTest object failed in test()
StaticAnalysis::analyze() - the Algorithm failed at step: 0 with domain at load factor 16116.4
OpenSees > analyze failed, returned: -3 error flag
WARNING: CTestNormDispIncr::test() - failed to converge 
after: 50 iterations  current Norm: 59308.7 (max: 1e-06, Norm deltaR: 4.38489e+09)
AcceleratedNewton::solveCurrentStep() -The ConvergenceTest object failed in test()
StaticAnalysis::analyze() - the Algorithm failed at step: 0 with domain at load factor -5119.53
OpenSees > analyze failed, returned: -3 error flag
WARNING: CTestNormDispIncr::test() - failed to converge 
after: 50 iterations  current Norm: 1.39639e+78 (max: 1e-06, Norm deltaR: 1.17053e+82)
ModifiedNewton::solveCurrentStep() -the ConvergenceTest object failed in test()
StaticAnalysis::analyze() - the Algorithm failed at step: 0 with domain at load factor -1.97357e+76
OpenSees > analyze failed, returned: -3 error flag
WARNING: CTestNormDispIncr::test() - failed to converge 
after: 50 iterations  current Norm: 35572.2 (max: 1e-06, Norm deltaR: 5.68756e+08)
NewtonRaphson::solveCurrentStep() -the ConvergenceTest object failed in test()
StaticAnalysis::analyze() - the Algorithm failed at step: 0 with domain at load factor -4001.91
OpenSees > analyze failed, returned: -3 error flag
WARNING: CTestNormDispIncr::test() - failed to converge 
after: 50 iterations  current Norm: 3628.45 (max: 1e-06, Norm deltaR: 1.4105e+08)
NewtonLineSearch::solveCurrentStep() -the ConvergenceTest object failed in test()
StaticAnalysis::analyze() - the Algorithm failed at step: 0 with domain at load factor -3629.53
OpenSees > analyze failed, returned: -3 error flag
WARNING: CTestNormDispIncr::test() - failed to converge 
after: 50 iterations  current Norm: 15589.4 (max: 1e-06, Norm deltaR: 5.08535e+08)
AcceleratedNewton::solveCurrentStep() -The ConvergenceTest object failed in test()
StaticAnalysis::analyze() - the Algorithm failed at step: 0 with domain at load factor 790.937
OpenSees > analyze failed, returned: -3 error flag
WARNING: CTestNormDispIncr::test() - failed to converge 
after: 50 iterations  current Norm: 1.99901e+77 (max: 1e-06, Norm deltaR: 1.5974e+81)
ModifiedNewton::solveCurrentStep() -the ConvergenceTest object failed in test()
StaticAnalysis::analyze() - the Algorithm failed at step: 0 with domain at load factor -2.69663e+75
OpenSees > analyze failed, returned: -3 error flag
WARNING: CTestNormDispIncr::test() - failed to converge 
after: 50 iterations  current Norm: 33617.4 (max: 1e-06, Norm deltaR: 9.39091e+07)
NewtonRaphson::solveCurrentStep() -the ConvergenceTest object failed in test()
StaticAnalysis::analyze() - the Algorithm failed at step: 0 with domain at load factor 902.843
OpenSees > analyze failed, returned: -3 error flag
WARNING ZeroLength::setDomain(): Element 5000163 has L= 27.9114, which is greater than the tolerance
WARNING ZeroLength::setDomain(): Element 5000164 has L= 55.8752, which is greater than the tolerance
WARNING ZeroLength::setDomain(): Element 5000165 has L= 9.62212, which is greater than the tolerance
WARNING ZeroLength::setDomain(): Element 5000166 has L= 49.6901, which is greater than the tolerance
WARNING ZeroLength::setDomain(): Element 5000167 has L= 50.5592, which is greater than the tolerance
WARNING ZeroLength::setDomain(): Element 5000168 has L= 57.9238, which is greater than the tolerance
WARNING ZeroLength::setDomain(): Element 5000169 has L= 55.9323, which is greater than the tolerance
WARNING ZeroLength::setDomain(): Element 5000170 has L= 20.0985, which is greater than the tolerance
WARNING ZeroLength::setDomain(): Element 5000171 has L= 7.11599, which is greater than the tolerance
WARNING: CTestNormDispIncr::test() - failed to converge 
after: 50 iterations  current Norm: 18894.3 (max: 1e-06, Norm deltaR: 1.38109e+08)
NewtonRaphson::solveCurrentStep() -the ConvergenceTest object failed in test()
StaticAnalysis::analyze() - the Algorithm failed at step: 0 with domain at load factor 753.335
OpenSees > analyze failed, returned: -3 error flag
WARNING ZeroLength::setDomain(): Element 5000172 has L= 54.4486, which is greater than the tolerance
WARNING ZeroLength::setDomain(): Element 5000173 has L= 18.3638, which is greater than the tolerance
WARNING ZeroLength::setDomain(): Element 5000174 has L= 10.3904, which is greater than the tolerance
WARNING ZeroLength::setDomain(): Element 5000175 has L= 64.2747, which is greater than the tolerance
WARNING ZeroLength::setDomain(): Element 5000176 has L= 7.68221, which is greater than the tolerance
WARNING ZeroLength::setDomain(): Element 5000177 has L= 6.91263, which is greater than the tolerance
WARNING ZeroLength::setDomain(): Element 5000178 has L= 62.3325, which is greater than the tolerance
WARNING ZeroLength::setDomain(): Element 5000179 has L= 28.6219, which is greater than the tolerance
WARNING ZeroLength::setDomain(): Element 5000180 has L= 59.7236, which is greater than the tolerance
WARNING ZeroLength::setDomain(): Element 5000181 has L= 27.2729, which is greater than the tolerance
WARNING ZeroLength::setDomain(): Element 5000182 has L= 50.3558, which is greater than the tolerance
WARNING ZeroLength::setDomain(): Element 5000183 has L= 65.1308, which is greater than the tolerance
WARNING ZeroLength::setDomain(): Element 5000184 has L= 15.5284, which is greater than the tolerance
WARNING: CTestNormDispIncr::test() - failed to converge 
after: 50 iterations  current Norm: 3.24047e+06 (max: 1e-06, Norm deltaR: 1.09105e+11)
NewtonRaphson::solveCurrentStep() -the ConvergenceTest object failed in test()
StaticAnalysis::analyze() - the Algorithm failed at step: 0 with domain at load factor 652477
OpenSees > analyze failed, returned: -3 error flag
WARNING ZeroLength::setDomain(): Element 5000185 has L= 22.7011, which is greater than the tolerance
WARNING ZeroLength::setDomain(): Element 5000186 has L= 35.6442, which is greater than the tolerance
WARNING: CTestNormDispIncr::test() - failed to converge 
after: 50 iterations  current Norm: 0.183725 (max: 1e-06, Norm deltaR: 58435.4)
NewtonRaphson::solveCurrentStep() -the ConvergenceTest object failed in test()
StaticAnalysis::analyze() - the Algorithm failed at step: 0 with domain at load factor 804.266
OpenSees > analyze failed, returned: -3 error flag
WARNING ZeroLength::setDomain(): Element 5000187 has L= 29.2052, which is greater than the tolerance
WARNING ZeroLength::setDomain(): Element 5000188 has L= 8.77384, which is greater than the tolerance
WARNING ZeroLength::setDomain(): Element 5000189 has L= 49.487, which is greater than the tolerance
WARNING ZeroLength::setDomain(): Element 5000190 has L= 48.9592, which is greater than the tolerance
WARNING ZeroLength::setDomain(): Element 5000191 has L= 33.6427, which is greater than the tolerance
WARNING ZeroLength::setDomain(): Element 5000192 has L= 48.8929, which is greater than the tolerance
WARNING ZeroLength::setDomain(): Element 5000193 has L= 17.2468, which is greater than the tolerance
WARNING: CTestNormDispIncr::test() - failed to converge 
after: 50 iterations  current Norm: 18800.5 (max: 1e-06, Norm deltaR: 2.63372e+08)
NewtonRaphson::solveCurrentStep() -the ConvergenceTest object failed in test()
StaticAnalysis::analyze() - the Algorithm failed at step: 0 with domain at load factor -115.461
OpenSees > analyze failed, returned: -3 error flag
WARNING ZeroLength::setDomain(): Element 5000194 has L= 26.6965, which is greater than the tolerance
WARNING ZeroLength::setDomain(): Element 5000195 has L= 10.1221, which is greater than the tolerance
WARNING: CTestNormDispIncr::test() - failed to converge 
after: 50 iterations  current Norm: 31492.3 (max: 1e-06, Norm deltaR: 3.41094e+08)
NewtonRaphson::solveCurrentStep() -the ConvergenceTest object failed in test()
StaticAnalysis::analyze() - the Algorithm failed at step: 0 with domain at load factor 3062.21
OpenSees > analyze failed, returned: -3 error flag
WARNING: CTestNormDispIncr::test() - failed to converge 
after: 50 iterations  current Norm: 6003.49 (max: 1e-06, Norm deltaR: 3.77937e+08)
NewtonLineSearch::solveCurrentStep() -the ConvergenceTest object failed in test()
StaticAnalysis::analyze() - the Algorithm failed at step: 0 with domain at load factor 3329.71
OpenSees > analyze failed, returned: -3 error flag
WARNING: CTestNormDispIncr::test() - failed to converge 
after: 50 iterations  current Norm: 8.8133 (max: 1e-06, Norm deltaR: 12887.5)
AcceleratedNewton::solveCurrentStep() -The ConvergenceTest object failed in test()
StaticAnalysis::analyze() - the Algorithm failed at step: 0 with domain at load factor 944.449
OpenSees > analyze failed, returned: -3 error flag
WARNING: CTestNormDispIncr::test() - failed to converge 
after: 50 iterations  current Norm: 3.65129e+49 (max: 1e-06, Norm deltaR: 4.27678e+53)
ModifiedNewton::solveCurrentStep() -the ConvergenceTest object failed in test()
StaticAnalysis::analyze() - the Algorithm failed at step: 0 with domain at load factor -2.96882e+47
OpenSees > analyze failed, returned: -3 error flag
WARNING ZeroLength::setDomain(): Element 5000196 has L= 67.9974, which is greater than the tolerance
WARNING ZeroLength::setDomain(): Element 5000197 has L= 32.993, which is greater than the tolerance
WARNING: CTestNormDispIncr::test() - failed to converge 
after: 50 iterations  current Norm: 23536.6 (max: 1e-06, Norm deltaR: 4.88223e+08)
NewtonRaphson::solveCurrentStep() -the ConvergenceTest object failed in test()
StaticAnalysis::analyze() - the Algorithm failed at step: 0 with domain at load factor -2047.66
OpenSees > analyze failed, returned: -3 error flag
WARNING ZeroLength::setDomain(): Element 5000198 has L= 36.3253, which is greater than the tolerance
WARNING ZeroLength::setDomain(): Element 5000199 has L= 34.2503, which is greater than the tolerance
WARNING ZeroLength::setDomain(): Element 5000200 has L= 55.1526, which is greater than the tolerance
WARNING ZeroLength::setDomain(): Element 5000201 has L= 54.5973, which is greater than the tolerance
WARNING ZeroLength::setDomain(): Element 5000202 has L= 48.9964, which is greater than the tolerance
WARNING ZeroLength::setDomain(): Element 5000203 has L= 48.5869, which is greater than the tolerance
