WARNING ZeroLength::setDomain(): Element 5000001 has L= 2.56997, which is greater than the tolerance
WARNING ZeroLength::setDomain(): Element 5000002 has L= 2.3168, which is greater than the tolerance
WARNING ZeroLength::setDomain(): Element 5000003 has L= 1.91169, which is greater than the tolerance
WARNING ZeroLength::setDomain(): Element 5000004 has L= 1.91332, which is greater than the tolerance
WARNING ZeroLength::setDomain(): Element 5000005 has L= 1.84869, which is greater than the tolerance
WARNING ZeroLength::setDomain(): Element 5000006 has L= 1.84869, which is greater than the tolerance
WARNING ZeroLength::setDomain(): Element 5000007 has L= 1.91332, which is greater than the tolerance
WARNING ZeroLength::setDomain(): Element 5000008 has L= 1.91169, which is greater than the tolerance
WARNING ZeroLength::setDomain(): Element 5000009 has L= 2.3168, which is greater than the tolerance
WARNING ZeroLength::setDomain(): Element 5000010 has L= 2.56997, which is greater than the tolerance
WARNING ZeroLength::setDomain(): Element 5000011 has L= 2.42322, which is greater than the tolerance
WARNING ZeroLength::setDomain(): Element 5000012 has L= 2.28522, which is greater than the tolerance
WARNING ZeroLength::setDomain(): Element 5000013 has L= 2.02659, which is greater than the tolerance
WARNING ZeroLength::setDomain(): Element 5000014 has L= 2.05224, which is greater than the tolerance
WARNING ZeroLength::setDomain(): Element 5000015 has L= 2.03995, which is greater than the tolerance
WARNING ZeroLength::setDomain(): Element 5000016 has L= 2.03995, which is greater than the tolerance
WARNING ZeroLength::setDomain(): Element 5000017 has L= 2.05224, which is greater than the tolerance
WARNING ZeroLength::setDomain(): Element 5000018 has L= 2.02659, which is greater than the tolerance
WARNING ZeroLength::setDomain(): Element 5000019 has L= 2.28522, which is greater than the tolerance
WARNING ZeroLength::setDomain(): Element 5000020 has L= 2.42322, which is greater than the tolerance
WARNING ZeroLength::setDomain(): Element 5000021 has L= 2.35828, which is greater than the tolerance
WARNING ZeroLength::setDomain(): Element 5000022 has L= 2.31852, which is greater than the tolerance
WARNING ZeroLength::setDomain(): Element 5000023 has L= 2.20044, which is greater than the tolerance
WARNING ZeroLength::setDomain(): Element 5000024 has L= 2.26524, which is greater than the tolerance
WARNING ZeroLength::setDomain(): Element 5000025 has L= 2.30212, which is greater than the tolerance
WARNING ZeroLength::setDomain(): Element 5000026 has L= 2.30212, which is greater than the tolerance
WARNING ZeroLength::setDomain(): Element 5000027 has L= 2.26524, which is greater than the tolerance
WARNING ZeroLength::setDomain(): Element 5000028 has L= 2.20044, which is greater than the tolerance
WARNING ZeroLength::setDomain(): Element 5000029 has L= 2.31852, which is greater than the tolerance
WARNING ZeroLength::setDomain(): Element 5000030 has L= 2.35828, which is greater than the tolerance
WARNING ZeroLength::setDomain(): Element 5000031 has L= 2.40306, which is greater than the tolerance
WARNING ZeroLength::setDomain(): Element 5000032 has L= 2.41494, which is greater than the tolerance
WARNING ZeroLength::setDomain(): Element 5000033 has L= 2.41408, which is greater than the tolerance
WARNING ZeroLength::setDomain(): Element 5000034 has L= 2.58542, which is greater than the tolerance
WARNING ZeroLength::setDomain(): Element 5000035 has L= 2.72554, which is greater than the tolerance
WARNING ZeroLength::setDomain(): Element 5000036 has L= 2.72554, which is greater than the tolerance
WARNING ZeroLength::setDomain(): Element 5000037 has L= 2.58542, which is greater than the tolerance
WARNING ZeroLength::setDomain(): Element 5000038 has L= 2.41408, which is greater than the tolerance
WARNING ZeroLength::setDomain(): Element 5000039 has L= 2.41494, which is greater than the tolerance
WARNING ZeroLength::setDomain(): Element 5000040 has L= 2.40306, which is greater than the tolerance
WARNING ZeroLength::setDomain(): Element 5000041 has L= 2.46284, which is greater than the tolerance
WARNING ZeroLength::setDomain(): Element 5000042 has L= 2.57071, which is greater than the tolerance
WARNING ZeroLength::setDomain(): Element 5000043 has L= 2.72393, which is greater than the tolerance
WARNING ZeroLength::setDomain(): Element 5000044 has L= 2.89023, which is greater than the tolerance
WARNING ZeroLength::setDomain(): Element 5000045 has L= 2.99583, which is greater than the tolerance
WARNING ZeroLength::setDomain(): Element 5000046 has L= 2.99583, which is greater than the tolerance
WARNING ZeroLength::setDomain(): Element 5000047 has L= 2.89023, which is greater than the tolerance
WARNING ZeroLength::setDomain(): Element 5000048 has L= 2.72393, which is greater than the tolerance
WARNING ZeroLength::setDomain(): Element 5000049 has L= 2.57071, which is greater than the tolerance
WARNING ZeroLength::setDomain(): Element 5000050 has L= 2.46284, which is greater than the tolerance
WARNING ZeroLength::setDomain(): Element 5000051 has L= 2.39874, which is greater than the tolerance
WARNING ZeroLength::setDomain(): Element 5000052 has L= 2.59862, which is greater than the tolerance
WARNING ZeroLength::setDomain(): Element 5000053 has L= 2.90365, which is greater than the tolerance
WARNING ZeroLength::setDomain(): Element 5000054 has L= 2.98017, which is greater than the tolerance
WARNING ZeroLength::setDomain(): Element 5000055 has L= 3.06399, which is greater than the tolerance
WARNING ZeroLength::setDomain(): Element 5000056 has L= 3.06399, which is greater than the tolerance
WARNING ZeroLength::setDomain(): Element 5000057 has L= 2.98017, which is greater than the tolerance
WARNING ZeroLength::setDomain(): Element 5000058 has L= 2.90365, which is greater than the tolerance
WARNING ZeroLength::setDomain(): Element 5000059 has L= 2.59862, which is greater than the tolerance
WARNING ZeroLength::setDomain(): Element 5000060 has L= 2.39874, which is greater than the tolerance
WARNING ZeroLength::setDomain(): Element 5000061 has L= 2.3074, which is greater than the tolerance
WARNING ZeroLength::setDomain(): Element 5000062 has L= 2.4665, which is greater than the tolerance
WARNING ZeroLength::setDomain(): Element 5000063 has L= 2.82451, which is greater than the tolerance
WARNING ZeroLength::setDomain(): Element 5000064 has L= 2.93, which is greater than the tolerance
WARNING ZeroLength::setDomain(): Element 5000065 has L= 3.06031, which is greater than the tolerance
WARNING ZeroLength::setDomain(): Element 5000066 has L= 3.06031, which is greater than the tolerance
WARNING ZeroLength::setDomain(): Element 5000067 has L= 2.93, which is greater than the tolerance
WARNING ZeroLength::setDomain(): Element 5000068 has L= 2.82451, which is greater than the tolerance
WARNING ZeroLength::setDomain(): Element 5000069 has L= 2.4665, which is greater than the tolerance
WARNING ZeroLength::setDomain(): Element 5000070 has L= 2.3074, which is greater than the tolerance
WARNING ZeroLength::setDomain(): Element 5000071 has L= 2.23254, which is greater than the tolerance
WARNING ZeroLength::setDomain(): Element 5000072 has L= 2.39273, which is greater than the tolerance
WARNING ZeroLength::setDomain(): Element 5000073 has L= 2.76205, which is greater than the tolerance
WARNING ZeroLength::setDomain(): Element 5000074 has L= 2.91361, which is greater than the tolerance
WARNING ZeroLength::setDomain(): Element 5000075 has L= 3.02296, which is greater than the tolerance
WARNING ZeroLength::setDomain(): Element 5000076 has L= 3.02296, which is greater than the tolerance
WARNING ZeroLength::setDomain(): Element 5000077 has L= 2.91361, which is greater than the tolerance
WARNING ZeroLength::setDomain(): Element 5000078 has L= 2.76205, which is greater than the tolerance
WARNING ZeroLength::setDomain(): Element 5000079 has L= 2.39273, which is greater than the tolerance
WARNING ZeroLength::setDomain(): Element 5000080 has L= 2.23254, which is greater than the tolerance
WARNING ZeroLength::setDomain(): Element 5000081 has L= 2.20383, which is greater than the tolerance
WARNING ZeroLength::setDomain(): Element 5000082 has L= 2.33708, which is greater than the tolerance
WARNING ZeroLength::setDomain(): Element 5000083 has L= 2.68872, which is greater than the tolerance
WARNING ZeroLength::setDomain(): Element 5000084 has L= 2.87552, which is greater than the tolerance
WARNING ZeroLength::setDomain(): Element 5000085 has L= 2.92158, which is greater than the tolerance
WARNING ZeroLength::setDomain(): Element 5000086 has L= 2.92158, which is greater than the tolerance
WARNING ZeroLength::setDomain(): Element 5000087 has L= 2.87552, which is greater than the tolerance
WARNING ZeroLength::setDomain(): Element 5000088 has L= 2.68872, which is greater than the tolerance
WARNING ZeroLength::setDomain(): Element 5000089 has L= 2.33708, which is greater than the tolerance
WARNING ZeroLength::setDomain(): Element 5000090 has L= 2.20383, which is greater than the tolerance
WARNING: CTestNormDispIncr::test() - failed to converge 
after: 50 iterations  current Norm: 35520.4 (max: 1e-06, Norm deltaR: 9.1622e+08)
NewtonRaphson::solveCurrentStep() -the ConvergenceTest object failed in test()
StaticAnalysis::analyze() - the Algorithm failed at step: 0 with domain at load factor -5287.45
OpenSees > analyze failed, returned: -3 error flag
WARNING: CTestNormDispIncr::test() - failed to converge 
after: 50 iterations  current Norm: 2047.18 (max: 1e-06, Norm deltaR: 8.12576e+07)
NewtonLineSearch::solveCurrentStep() -the ConvergenceTest object failed in test()
StaticAnalysis::analyze() - the Algorithm failed at step: 0 with domain at load factor -726.519
OpenSees > analyze failed, returned: -3 error flag
WARNING: CTestNormDispIncr::test() - failed to converge 
after: 50 iterations  current Norm: 240934 (max: 1e-06, Norm deltaR: 7.95646e+08)
AcceleratedNewton::solveCurrentStep() -The ConvergenceTest object failed in test()
StaticAnalysis::analyze() - the Algorithm failed at step: 0 with domain at load factor 1275.42
OpenSees > analyze failed, returned: -3 error flag
WARNING: CTestNormDispIncr::test() - failed to converge 
after: 50 iterations  current Norm: 4.86677e+81 (max: 1e-06, Norm deltaR: 2.55377e+85)
ModifiedNewton::solveCurrentStep() -the ConvergenceTest object failed in test()
StaticAnalysis::analyze() - the Algorithm failed at step: 0 with domain at load factor 6.86824e+81
OpenSees > analyze failed, returned: -3 error flag
WARNING: CTestNormDispIncr::test() - failed to converge 
after: 50 iterations  current Norm: 40888.1 (max: 1e-06, Norm deltaR: 1.09036e+09)
NewtonRaphson::solveCurrentStep() -the ConvergenceTest object failed in test()
StaticAnalysis::analyze() - the Algorithm failed at step: 0 with domain at load factor -7265.6
OpenSees > analyze failed, returned: -3 error flag
WARNING: CTestNormDispIncr::test() - failed to converge 
after: 50 iterations  current Norm: 79125.4 (max: 1e-06, Norm deltaR: 5.63354e+07)
NewtonLineSearch::solveCurrentStep() -the ConvergenceTest object failed in test()
StaticAnalysis::analyze() - the Algorithm failed at step: 0 with domain at load factor -773.23
OpenSees > analyze failed, returned: -3 error flag
WARNING: CTestNormDispIncr::test() - failed to converge 
after: 50 iterations  current Norm: 24857.8 (max: 1e-06, Norm deltaR: 4.82194e+08)
AcceleratedNewton::solveCurrentStep() -The ConvergenceTest object failed in test()
StaticAnalysis::analyze() - the Algorithm failed at step: 0 with domain at load factor 215.577
OpenSees > analyze failed, returned: -3 error flag
WARNING: CTestNormDispIncr::test() - failed to converge 
after: 50 iterations  current Norm: 1.03807e+71 (max: 1e-06, Norm deltaR: 9.37989e+74)
ModifiedNewton::solveCurrentStep() -the ConvergenceTest object failed in test()
StaticAnalysis::analyze() - the Algorithm failed at step: 0 with domain at load factor -1.28829e+69
OpenSees > analyze failed, returned: -3 error flag
WARNING: CTestNormDispIncr::test() - failed to converge 
after: 50 iterations  current Norm: 52110.7 (max: 1e-06, Norm deltaR: 1.81561e+09)
NewtonRaphson::solveCurrentStep() -the ConvergenceTest object failed in test()
StaticAnalysis::analyze() - the Algorithm failed at step: 0 with domain at load factor 3219.72
OpenSees > analyze failed, returned: -3 error flag
WARNING: CTestNormDispIncr::test() - failed to converge 
after: 50 iterations  current Norm: 1620.93 (max: 1e-06, Norm deltaR: 7.13119e+07)
NewtonLineSearch::solveCurrentStep() -the ConvergenceTest object failed in test()
StaticAnalysis::analyze() - the Algorithm failed at step: 0 with domain at load factor 1689.26
OpenSees > analyze failed, returned: -3 error flag
WARNING: CTestNormDispIncr::test() - failed to converge 
after: 50 iterations  current Norm: 18756.6 (max: 1e-06, Norm deltaR: 3.37159e+08)
AcceleratedNewton::solveCurrentStep() -The ConvergenceTest object failed in test()
StaticAnalysis::analyze() - the Algorithm failed at step: 0 with domain at load factor -415.289
OpenSees > analyze failed, returned: -3 error flag
WARNING: CTestNormDispIncr::test() - failed to converge 
after: 50 iterations  current Norm: 2.61101e+71 (max: 1e-06, Norm deltaR: 2.57753e+75)
ModifiedNewton::solveCurrentStep() -the ConvergenceTest object failed in test()
StaticAnalysis::analyze() - the Algorithm failed at step: 0 with domain at load factor -2.05721e+70
OpenSees > analyze failed, returned: -3 error flag
WARNING: CTestNormDispIncr::test() - failed to converge 
after: 50 iterations  current Norm: 109595 (max: 1e-06, Norm deltaR: 6.12515e+07)
NewtonRaphson::solveCurrentStep() -the ConvergenceTest object failed in test()
StaticAnalysis::analyze() - the Algorithm failed at step: 0 with domain at load factor -346.625
OpenSees > analyze failed, returned: -3 error flag
WARNING: CTestNormDispIncr::test() - failed to converge 
after: 50 iterations  current Norm: 230101 (max: 1e-06, Norm deltaR: 5.83067e+07)
NewtonRaphson::solveCurrentStep() -the ConvergenceTest object failed in test()
StaticAnalysis::analyze() - the Algorithm failed at step: 0 with domain at load factor -543.758
OpenSees > analyze failed, returned: -3 error flag
WARNING: CTestNormDispIncr::test() - failed to converge 
after: 50 iterations  current Norm: 30118.1 (max: 1e-06, Norm deltaR: 8.83312e+07)
NewtonRaphson::solveCurrentStep() -the ConvergenceTest object failed in test()
StaticAnalysis::analyze() - the Algorithm failed at step: 0 with domain at load factor -1123.02
OpenSees > analyze failed, returned: -3 error flag
WARNING: CTestNormDispIncr::test() - failed to converge 
after: 50 iterations  current Norm: 10.4737 (max: 1e-06, Norm deltaR: 975298)
NewtonLineSearch::solveCurrentStep() -the ConvergenceTest object failed in test()
StaticAnalysis::analyze() - the Algorithm failed at step: 0 with domain at load factor 172.252
OpenSees > analyze failed, returned: -3 error flag
WARNING: CTestNormDispIncr::test() - failed to converge 
after: 50 iterations  current Norm: 5181.18 (max: 1e-06, Norm deltaR: 5.41488e+07)
AcceleratedNewton::solveCurrentStep() -The ConvergenceTest object failed in test()
StaticAnalysis::analyze() - the Algorithm failed at step: 0 with domain at load factor -97.9576
OpenSees > analyze failed, returned: -3 error flag
WARNING: CTestNormDispIncr::test() - failed to converge 
after: 50 iterations  current Norm: 1.6187e+74 (max: 1e-06, Norm deltaR: 1.26458e+78)
ModifiedNewton::solveCurrentStep() -the ConvergenceTest object failed in test()
StaticAnalysis::analyze() - the Algorithm failed at step: 0 with domain at load factor -6.23316e+73
OpenSees > analyze failed, returned: -3 error flag
WARNING: CTestNormDispIncr::test() - failed to converge 
after: 50 iterations  current Norm: 20832.7 (max: 1e-06, Norm deltaR: 7.44007e+08)
NewtonRaphson::solveCurrentStep() -the ConvergenceTest object failed in test()
StaticAnalysis::analyze() - the Algorithm failed at step: 0 with domain at load factor -3126.7
OpenSees > analyze failed, returned: -3 error flag
WARNING: CTestNormDispIncr::test() - failed to converge 
after: 50 iterations  current Norm: 11798.3 (max: 1e-06, Norm deltaR: 2.02271e+08)
NewtonLineSearch::solveCurrentStep() -the ConvergenceTest object failed in test()
StaticAnalysis::analyze() - the Algorithm failed at step: 0 with domain at load factor -8247.16
OpenSees > analyze failed, returned: -3 error flag
WARNING: CTestNormDispIncr::test() - failed to converge 
after: 50 iterations  current Norm: 300950 (max: 1e-06, Norm deltaR: 1.9361e+09)
AcceleratedNewton::solveCurrentStep() -The ConvergenceTest object failed in test()
StaticAnalysis::analyze() - the Algorithm failed at step: 0 with domain at load factor 3876.03
OpenSees > analyze failed, returned: -3 error flag
WARNING: CTestNormDispIncr::test() - failed to converge 
after: 50 iterations  current Norm: 1.62421e+70 (max: 1e-06, Norm deltaR: 1.20944e+74)
ModifiedNewton::solveCurrentStep() -the ConvergenceTest object failed in test()
StaticAnalysis::analyze() - the Algorithm failed at step: 0 with domain at load factor 6.83817e+69
OpenSees > analyze failed, returned: -3 error flag
WARNING ZeroLength::setDomain(): Element 5000091 has L= 7.81609, which is greater than the tolerance
WARNING ZeroLength::setDomain(): Element 5000092 has L= 7.97396, which is greater than the tolerance
WARNING ZeroLength::setDomain(): Element 5000093 has L= 48.0062, which is greater than the tolerance
WARNING ZeroLength::setDomain(): Element 5000094 has L= 45.5041, which is greater than the tolerance
WARNING: CTestNormDispIncr::test() - failed to converge 
after: 50 iterations  current Norm: 19980.3 (max: 1e-06, Norm deltaR: 3.48417e+08)
NewtonRaphson::solveCurrentStep() -the ConvergenceTest object failed in test()
StaticAnalysis::analyze() - the Algorithm failed at step: 0 with domain at load factor 514.476
OpenSees > analyze failed, returned: -3 error flag
WARNING ZeroLength::setDomain(): Element 5000095 has L= 51.5632, which is greater than the tolerance
WARNING ZeroLength::setDomain(): Element 5000096 has L= 48.4951, which is greater than the tolerance
WARNING ZeroLength::setDomain(): Element 5000097 has L= 7.67023, which is greater than the tolerance
WARNING ZeroLength::setDomain(): Element 5000098 has L= 51.8376, which is greater than the tolerance
WARNING ZeroLength::setDomain(): Element 5000099 has L= 55.4975, which is greater than the tolerance
WARNING ZeroLength::setDomain(): Element 5000100 has L= 8.12646, which is greater than the tolerance
WARNING: CTestNormDispIncr::test() - failed to converge 
after: 50 iterations  current Norm: 36589.4 (max: 1e-06, Norm deltaR: 1.56185e+08)
NewtonRaphson::solveCurrentStep() -the ConvergenceTest object failed in test()
StaticAnalysis::analyze() - the Algorithm failed at step: 0 with domain at load factor 90.0427
OpenSees > analyze failed, returned: -3 error flag
WARNING: CTestNormDispIncr::test() - failed to converge 
after: 50 iterations  current Norm: 37962.1 (max: 1e-06, Norm deltaR: 7.38709e+08)
NewtonRaphson::solveCurrentStep() -the ConvergenceTest object failed in test()
StaticAnalysis::analyze() - the Algorithm failed at step: 0 with domain at load factor 3.52973
OpenSees > analyze failed, returned: -3 error flag
WARNING: CTestNormDispIncr::test() - failed to converge 
after: 50 iterations  current Norm: 32676.2 (max: 1e-06, Norm deltaR: 5.6802e+07)
NewtonLineSearch::solveCurrentStep() -the ConvergenceTest object failed in test()
StaticAnalysis::analyze() - the Algorithm failed at step: 0 with domain at load factor 45.6491
OpenSees > analyze failed, returned: -3 error flag
WARNING: CTestNormDispIncr::test() - failed to converge 
after: 50 iterations  current Norm: 5.47043 (max: 1e-06, Norm deltaR: 19094.6)
AcceleratedNewton::solveCurrentStep() -The ConvergenceTest object failed in test()
StaticAnalysis::analyze() - the Algorithm failed at step: 0 with domain at load factor 341.813
OpenSees > analyze failed, returned: -3 error flag
WARNING: CTestNormDispIncr::test() - failed to converge 
after: 50 iterations  current Norm: 4.66466e+75 (max: 1e-06, Norm deltaR: 3.05023e+79)
ModifiedNewton::solveCurrentStep() -the ConvergenceTest object failed in test()
StaticAnalysis::analyze() - the Algorithm failed at step: 0 with domain at load factor 2.33089e+74
OpenSees > analyze failed, returned: -3 error flag
WARNING: CTestNormDispIncr::test() - failed to converge 
after: 50 iterations  current Norm: 41970.2 (max: 1e-06, Norm deltaR: 8.93173e+07)
NewtonRaphson::solveCurrentStep() -the ConvergenceTest object failed in test()
StaticAnalysis::analyze() - the Algorithm failed at step: 0 with domain at load factor -28.5368
OpenSees > analyze failed, returned: -3 error flag
WARNING ZeroLength::setDomain(): Element 5000101 has L= 51.4358, which is greater than the tolerance
WARNING ZeroLength::setDomain(): Element 5000102 has L= 55.5048, which is greater than the tolerance
WARNING ZeroLength::setDomain(): Element 5000103 has L= 59.6066, which is greater than the tolerance
WARNING ZeroLength::setDomain(): Element 5000104 has L= 7.97396, which is greater than the tolerance
WARNING ZeroLength::setDomain(): Element 5000105 has L= 55.4506, which is greater than the tolerance
WARNING ZeroLength::setDomain(): Element 5000106 has L= 44.5158, which is greater than the tolerance
WARNING ZeroLength::setDomain(): Element 5000107 has L= 47.2911, which is greater than the tolerance
WARNING ZeroLength::setDomain(): Element 5000108 has L= 50.3295, which is greater than the tolerance
WARNING ZeroLength::setDomain(): Element 5000109 has L= 7.81609, which is greater than the tolerance
WARNING ZeroLength::setDomain(): Element 5000110 has L= 7.51523, which is greater than the tolerance
WARNING ZeroLength::setDomain(): Element 5000111 has L= 8.12646, which is greater than the tolerance
WARNING ZeroLength::setDomain(): Element 5000112 has L= 63.9386, which is greater than the tolerance
WARNING ZeroLength::setDomain(): Element 5000113 has L= 7.89139, which is greater than the tolerance
WARNING ZeroLength::setDomain(): Element 5000114 has L= 60.0644, which is greater than the tolerance
WARNING ZeroLength::setDomain(): Element 5000115 has L= 21.3869, which is greater than the tolerance
WARNING ZeroLength::setDomain(): Element 5000116 has L= 59.5111, which is greater than the tolerance
WARNING ZeroLength::setDomain(): Element 5000117 has L= 53.4926, which is greater than the tolerance
WARNING ZeroLength::setDomain(): Element 5000118 has L= 20.9827, which is greater than the tolerance
WARNING ZeroLength::setDomain(): Element 5000119 has L= 57.5271, which is greater than the tolerance
WARNING ZeroLength::setDomain(): Element 5000120 has L= 62.0876, which is greater than the tolerance
WARNING ZeroLength::setDomain(): Element 5000121 has L= 54.4822, which is greater than the tolerance
WARNING ZeroLength::setDomain(): Element 5000122 has L= 7.67023, which is greater than the tolerance
WARNING: CTestNormDispIncr::test() - failed to converge 
after: 50 iterations  current Norm: 33059.8 (max: 1e-06, Norm deltaR: 8.75298e+07)
NewtonRaphson::solveCurrentStep() -the ConvergenceTest object failed in test()
StaticAnalysis::analyze() - the Algorithm failed at step: 0 with domain at load factor 51.3266
OpenSees > analyze failed, returned: -3 error flag
WARNING ZeroLength::setDomain(): Element 5000123 has L= 21.8358, which is greater than the tolerance
WARNING ZeroLength::setDomain(): Element 5000124 has L= 8.29476, which is greater than the tolerance
WARNING ZeroLength::setDomain(): Element 5000125 has L= 59.9174, which is greater than the tolerance
WARNING ZeroLength::setDomain(): Element 5000126 has L= 67.2544, which is greater than the tolerance
WARNING ZeroLength::setDomain(): Element 5000127 has L= 20.5893, which is greater than the tolerance
WARNING ZeroLength::setDomain(): Element 5000128 has L= 20.9827, which is greater than the tolerance
WARNING ZeroLength::setDomain(): Element 5000129 has L= 16.5596, which is greater than the tolerance
WARNING ZeroLength::setDomain(): Element 5000130 has L= 16.2167, which is greater than the tolerance
WARNING ZeroLength::setDomain(): Element 5000131 has L= 22.3454, which is greater than the tolerance
WARNING ZeroLength::setDomain(): Element 5000132 has L= 55.4907, which is greater than the tolerance
WARNING ZeroLength::setDomain(): Element 5000133 has L= 52.2262, which is greater than the tolerance
WARNING ZeroLength::setDomain(): Element 5000134 has L= 8.49378, which is greater than the tolerance
WARNING ZeroLength::setDomain(): Element 5000135 has L= 55.4475, which is greater than the tolerance
WARNING ZeroLength::setDomain(): Element 5000136 has L= 63.1617, which is greater than the tolerance
WARNING ZeroLength::setDomain(): Element 5000137 has L= 57.2079, which is greater than the tolerance
WARNING ZeroLength::setDomain(): Element 5000138 has L= 59.1071, which is greater than the tolerance
WARNING ZeroLength::setDomain(): Element 5000139 has L= 7.34093, which is greater than the tolerance
WARNING ZeroLength::setDomain(): Element 5000140 has L= 50.4393, which is greater than the tolerance
WARNING ZeroLength::setDomain(): Element 5000141 has L= 17.7212, which is greater than the tolerance
WARNING ZeroLength::setDomain(): Element 5000142 has L= 61.1279, which is greater than the tolerance
WARNING ZeroLength::setDomain(): Element 5000143 has L= 17.3166, which is greater than the tolerance
WARNING ZeroLength::setDomain(): Element 5000144 has L= 51.9888, which is greater than the tolerance
WARNING ZeroLength::setDomain(): Element 5000145 has L= 7.34093, which is greater than the tolerance
WARNING: CTestNormDispIncr::test() - failed to converge 
after: 50 iterations  current Norm: 44122 (max: 1e-06, Norm deltaR: 7.77414e+08)
NewtonRaphson::solveCurrentStep() -the ConvergenceTest object failed in test()
StaticAnalysis::analyze() - the Algorithm failed at step: 0 with domain at load factor -2764.81
OpenSees > analyze failed, returned: -3 error flag
WARNING ZeroLength::setDomain(): Element 5000146 has L= 18.0971, which is greater than the tolerance
WARNING ZeroLength::setDomain(): Element 5000147 has L= 53.0289, which is greater than the tolerance
WARNING ZeroLength::setDomain(): Element 5000148 has L= 7.51523, which is greater than the tolerance
WARNING ZeroLength::setDomain(): Element 5000149 has L= 7.1857, which is greater than the tolerance
WARNING ZeroLength::setDomain(): Element 5000150 has L= 9.69304, which is greater than the tolerance
WARNING ZeroLength::setDomain(): Element 5000151 has L= 15.9108, which is greater than the tolerance
WARNING ZeroLength::setDomain(): Element 5000152 has L= 8.29476, which is greater than the tolerance
WARNING ZeroLength::setDomain(): Element 5000153 has L= 16.9081, which is greater than the tolerance
WARNING ZeroLength::setDomain(): Element 5000154 has L= 51.1412, which is greater than the tolerance
WARNING: CTestNormDispIncr::test() - failed to converge 
after: 50 iterations  current Norm: 68651.2 (max: 1e-06, Norm deltaR: 2.0299e+09)
NewtonRaphson::solveCurrentStep() -the ConvergenceTest object failed in test()
StaticAnalysis::analyze() - the Algorithm failed at step: 0 with domain at load factor -1796.22
OpenSees > analyze failed, returned: -3 error flag
WARNING ZeroLength::setDomain(): Element 5000155 has L= 57.5292, which is greater than the tolerance
WARNING ZeroLength::setDomain(): Element 5000156 has L= 53.8265, which is greater than the tolerance
WARNING ZeroLength::setDomain(): Element 5000157 has L= 10.4434, which is greater than the tolerance
WARNING ZeroLength::setDomain(): Element 5000158 has L= 45.1702, which is greater than the tolerance
WARNING ZeroLength::setDomain(): Element 5000159 has L= 8.69073, which is greater than the tolerance
WARNING ZeroLength::setDomain(): Element 5000160 has L= 61.0086, which is greater than the tolerance
WARNING ZeroLength::setDomain(): Element 5000161 has L= 62.9331, which is greater than the tolerance
WARNING ZeroLength::setDomain(): Element 5000162 has L= 35.0019, which is greater than the tolerance
WARNING ZeroLength::setDomain(): Element 5000163 has L= 20.1644, which is greater than the tolerance
WARNING ZeroLength::setDomain(): Element 5000164 has L= 44.954, which is greater than the tolerance
WARNING ZeroLength::setDomain(): Element 5000165 has L= 44.4311, which is greater than the tolerance
WARNING ZeroLength::setDomain(): Element 5000166 has L= 55.0421, which is greater than the tolerance
WARNING ZeroLength::setDomain(): Element 5000167 has L= 65.6224, which is greater than the tolerance
WARNING ZeroLength::setDomain(): Element 5000168 has L= 20.5893, which is greater than the tolerance
WARNING ZeroLength::setDomain(): Element 5000169 has L= 18.4336, which is greater than the tolerance
WARNING ZeroLength::setDomain(): Element 5000170 has L= 44.5326, which is greater than the tolerance
WARNING ZeroLength::setDomain(): Element 5000171 has L= 66.1202, which is greater than the tolerance
WARNING ZeroLength::setDomain(): Element 5000172 has L= 50.9863, which is greater than the tolerance
WARNING ZeroLength::setDomain(): Element 5000173 has L= 17.3166, which is greater than the tolerance
WARNING ZeroLength::setDomain(): Element 5000174 has L= 61.4089, which is greater than the tolerance
WARNING ZeroLength::setDomain(): Element 5000175 has L= 7.06812, which is greater than the tolerance
WARNING ZeroLength::setDomain(): Element 5000176 has L= 63.6843, which is greater than the tolerance
WARNING ZeroLength::setDomain(): Element 5000177 has L= 56.1425, which is greater than the tolerance
WARNING ZeroLength::setDomain(): Element 5000178 has L= 22.7666, which is greater than the tolerance
WARNING ZeroLength::setDomain(): Element 5000179 has L= 53.6851, which is greater than the tolerance
WARNING ZeroLength::setDomain(): Element 5000180 has L= 27.9812, which is greater than the tolerance
WARNING ZeroLength::setDomain(): Element 5000181 has L= 60.7214, which is greater than the tolerance
WARNING ZeroLength::setDomain(): Element 5000182 has L= 9.42784, which is greater than the tolerance
WARNING ZeroLength::setDomain(): Element 5000183 has L= 53.2838, which is greater than the tolerance
WARNING ZeroLength::setDomain(): Element 5000184 has L= 49.8093, which is greater than the tolerance
WARNING ZeroLength::setDomain(): Element 5000185 has L= 50.9669, which is greater than the tolerance
WARNING ZeroLength::setDomain(): Element 5000186 has L= 9.92081, which is greater than the tolerance
WARNING ZeroLength::setDomain(): Element 5000187 has L= 58.0497, which is greater than the tolerance
WARNING ZeroLength::setDomain(): Element 5000188 has L= 35.0019, which is greater than the tolerance
WARNING ZeroLength::setDomain(): Element 5000189 has L= 66.5457, which is greater than the tolerance
WARNING ZeroLength::setDomain(): Element 5000190 has L= 28.6917, which is greater than the tolerance
