WARNING ZeroLength::setDomain(): Element 5000001 has L= 2.48449, which is greater than the tolerance
WARNING ZeroLength::setDomain(): Element 5000002 has L= 2.23106, which is greater than the tolerance
WARNING ZeroLength::setDomain(): Element 5000003 has L= 1.82579, which is greater than the tolerance
WARNING ZeroLength::setDomain(): Element 5000004 has L= 1.82745, which is greater than the tolerance
WARNING ZeroLength::setDomain(): Element 5000005 has L= 1.76277, which is greater than the tolerance
WARNING ZeroLength::setDomain(): Element 5000006 has L= 1.76277, which is greater than the tolerance
WARNING ZeroLength::setDomain(): Element 5000007 has L= 1.82745, which is greater than the tolerance
WARNING ZeroLength::setDomain(): Element 5000008 has L= 1.82579, which is greater than the tolerance
WARNING ZeroLength::setDomain(): Element 5000009 has L= 2.23106, which is greater than the tolerance
WARNING ZeroLength::setDomain(): Element 5000010 has L= 2.48449, which is greater than the tolerance
WARNING ZeroLength::setDomain(): Element 5000011 has L= 2.33779, which is greater than the tolerance
WARNING ZeroLength::setDomain(): Element 5000012 has L= 2.19943, which is greater than the tolerance
WARNING ZeroLength::setDomain(): Element 5000013 has L= 1.94069, which is greater than the tolerance
WARNING ZeroLength::setDomain(): Element 5000014 has L= 1.96632, which is greater than the tolerance
WARNING ZeroLength::setDomain(): Element 5000015 has L= 1.95403, which is greater than the tolerance
WARNING ZeroLength::setDomain(): Element 5000016 has L= 1.95403, which is greater than the tolerance
WARNING ZeroLength::setDomain(): Element 5000017 has L= 1.96632, which is greater than the tolerance
WARNING ZeroLength::setDomain(): Element 5000018 has L= 1.94069, which is greater than the tolerance
WARNING ZeroLength::setDomain(): Element 5000019 has L= 2.19943, which is greater than the tolerance
WARNING ZeroLength::setDomain(): Element 5000020 has L= 2.33779, which is greater than the tolerance
WARNING ZeroLength::setDomain(): Element 5000021 has L= 2.27274, which is greater than the tolerance
WARNING ZeroLength::setDomain(): Element 5000022 has L= 2.23268, which is greater than the tolerance
WARNING ZeroLength::setDomain(): Element 5000023 has L= 2.11452, which is greater than the tolerance
WARNING ZeroLength::setDomain(): Element 5000024 has L= 2.17932, which is greater than the tolerance
WARNING ZeroLength::setDomain(): Element 5000025 has L= 2.2162, which is greater than the tolerance
WARNING ZeroLength::setDomain(): Element 5000026 has L= 2.2162, which is greater than the tolerance
WARNING ZeroLength::setDomain(): Element 5000027 has L= 2.17932, which is greater than the tolerance
WARNING ZeroLength::setDomain(): Element 5000028 has L= 2.11452, which is greater than the tolerance
WARNING ZeroLength::setDomain(): Element 5000029 has L= 2.23268, which is greater than the tolerance
WARNING ZeroLength::setDomain(): Element 5000030 has L= 2.27274, which is greater than the tolerance
WARNING ZeroLength::setDomain(): Element 5000031 has L= 2.31726, which is greater than the tolerance
WARNING ZeroLength::setDomain(): Element 5000032 has L= 2.32905, which is greater than the tolerance
WARNING ZeroLength::setDomain(): Element 5000033 has L= 2.32816, which is greater than the tolerance
WARNING ZeroLength::setDomain(): Element 5000034 has L= 2.4995, which is greater than the tolerance
WARNING ZeroLength::setDomain(): Element 5000035 has L= 2.63962, which is greater than the tolerance
WARNING ZeroLength::setDomain(): Element 5000036 has L= 2.63962, which is greater than the tolerance
WARNING ZeroLength::setDomain(): Element 5000037 has L= 2.4995, which is greater than the tolerance
WARNING ZeroLength::setDomain(): Element 5000038 has L= 2.32816, which is greater than the tolerance
WARNING ZeroLength::setDomain(): Element 5000039 has L= 2.32905, which is greater than the tolerance
WARNING ZeroLength::setDomain(): Element 5000040 has L= 2.31726, which is greater than the tolerance
WARNING ZeroLength::setDomain(): Element 5000041 has L= 2.37695, which is greater than the tolerance
WARNING ZeroLength::setDomain(): Element 5000042 has L= 2.4848, which is greater than the tolerance
WARNING ZeroLength::setDomain(): Element 5000043 has L= 2.63801, which is greater than the tolerance
WARNING ZeroLength::setDomain(): Element 5000044 has L= 2.8043, which is greater than the tolerance
WARNING ZeroLength::setDomain(): Element 5000045 has L= 2.90991, which is greater than the tolerance
WARNING ZeroLength::setDomain(): Element 5000046 has L= 2.90991, which is greater than the tolerance
WARNING ZeroLength::setDomain(): Element 5000047 has L= 2.8043, which is greater than the tolerance
WARNING ZeroLength::setDomain(): Element 5000048 has L= 2.63801, which is greater than the tolerance
WARNING ZeroLength::setDomain(): Element 5000049 has L= 2.4848, which is greater than the tolerance
WARNING ZeroLength::setDomain(): Element 5000050 has L= 2.37695, which is greater than the tolerance
WARNING ZeroLength::setDomain(): Element 5000051 has L= 2.31285, which is greater than the tolerance
WARNING ZeroLength::setDomain(): Element 5000052 has L= 2.5127, which is greater than the tolerance
WARNING ZeroLength::setDomain(): Element 5000053 has L= 2.81773, which is greater than the tolerance
WARNING ZeroLength::setDomain(): Element 5000054 has L= 2.89425, which is greater than the tolerance
WARNING ZeroLength::setDomain(): Element 5000055 has L= 2.97807, which is greater than the tolerance
WARNING ZeroLength::setDomain(): Element 5000056 has L= 2.97807, which is greater than the tolerance
WARNING ZeroLength::setDomain(): Element 5000057 has L= 2.89425, which is greater than the tolerance
WARNING ZeroLength::setDomain(): Element 5000058 has L= 2.81773, which is greater than the tolerance
WARNING ZeroLength::setDomain(): Element 5000059 has L= 2.5127, which is greater than the tolerance
WARNING ZeroLength::setDomain(): Element 5000060 has L= 2.31285, which is greater than the tolerance
WARNING ZeroLength::setDomain(): Element 5000061 has L= 2.22153, which is greater than the tolerance
WARNING ZeroLength::setDomain(): Element 5000062 has L= 2.38058, which is greater than the tolerance
WARNING ZeroLength::setDomain(): Element 5000063 has L= 2.73859, which is greater than the tolerance
WARNING ZeroLength::setDomain(): Element 5000064 has L= 2.84408, which is greater than the tolerance
WARNING ZeroLength::setDomain(): Element 5000065 has L= 2.97438, which is greater than the tolerance
WARNING ZeroLength::setDomain(): Element 5000066 has L= 2.97438, which is greater than the tolerance
WARNING ZeroLength::setDomain(): Element 5000067 has L= 2.84408, which is greater than the tolerance
WARNING ZeroLength::setDomain(): Element 5000068 has L= 2.73859, which is greater than the tolerance
WARNING ZeroLength::setDomain(): Element 5000069 has L= 2.38058, which is greater than the tolerance
WARNING ZeroLength::setDomain(): Element 5000070 has L= 2.22153, which is greater than the tolerance
WARNING ZeroLength::setDomain(): Element 5000071 has L= 2.14668, which is greater than the tolerance
WARNING ZeroLength::setDomain(): Element 5000072 has L= 2.30681, which is greater than the tolerance
WARNING ZeroLength::setDomain(): Element 5000073 has L= 2.67613, which is greater than the tolerance
WARNING ZeroLength::setDomain(): Element 5000074 has L= 2.82769, which is greater than the tolerance
WARNING ZeroLength::setDomain(): Element 5000075 has L= 2.93703, which is greater than the tolerance
WARNING ZeroLength::setDomain(): Element 5000076 has L= 2.93703, which is greater than the tolerance
WARNING ZeroLength::setDomain(): Element 5000077 has L= 2.82769, which is greater than the tolerance
WARNING ZeroLength::setDomain(): Element 5000078 has L= 2.67613, which is greater than the tolerance
WARNING ZeroLength::setDomain(): Element 5000079 has L= 2.30681, which is greater than the tolerance
WARNING ZeroLength::setDomain(): Element 5000080 has L= 2.14668, which is greater than the tolerance
WARNING ZeroLength::setDomain(): Element 5000081 has L= 2.11794, which is greater than the tolerance
WARNING ZeroLength::setDomain(): Element 5000082 has L= 2.25116, which is greater than the tolerance
WARNING ZeroLength::setDomain(): Element 5000083 has L= 2.6028, which is greater than the tolerance
WARNING ZeroLength::setDomain(): Element 5000084 has L= 2.7896, which is greater than the tolerance
WARNING ZeroLength::setDomain(): Element 5000085 has L= 2.83566, which is greater than the tolerance
WARNING ZeroLength::setDomain(): Element 5000086 has L= 2.83566, which is greater than the tolerance
WARNING ZeroLength::setDomain(): Element 5000087 has L= 2.7896, which is greater than the tolerance
WARNING ZeroLength::setDomain(): Element 5000088 has L= 2.6028, which is greater than the tolerance
WARNING ZeroLength::setDomain(): Element 5000089 has L= 2.25116, which is greater than the tolerance
WARNING ZeroLength::setDomain(): Element 5000090 has L= 2.11794, which is greater than the tolerance
WARNING: CTestNormDispIncr::test() - failed to converge 
after: 50 iterations  current Norm: 27078.9 (max: 1e-06, Norm deltaR: 3.48253e+08)
NewtonRaphson::solveCurrentStep() -the ConvergenceTest object failed in test()
StaticAnalysis::analyze() - the Algorithm failed at step: 0 with domain at load factor -462.351
OpenSees > analyze failed, returned: -3 error flag
WARNING: CTestNormDispIncr::test() - failed to converge 
after: 50 iterations  current Norm: 9327.36 (max: 1e-06, Norm deltaR: 1.94269e+08)
NewtonLineSearch::solveCurrentStep() -the ConvergenceTest object failed in test()
StaticAnalysis::analyze() - the Algorithm failed at step: 0 with domain at load factor 9995.02
OpenSees > analyze failed, returned: -3 error flag
WARNING: CTestNormDispIncr::test() - failed to converge 
after: 50 iterations  current Norm: 42.6544 (max: 1e-06, Norm deltaR: 73384.5)
AcceleratedNewton::solveCurrentStep() -The ConvergenceTest object failed in test()
StaticAnalysis::analyze() - the Algorithm failed at step: 0 with domain at load factor 369.479
OpenSees > analyze failed, returned: -3 error flag
WARNING: CTestNormDispIncr::test() - failed to converge 
after: 50 iterations  current Norm: 1.1402e+70 (max: 1e-06, Norm deltaR: 1.01025e+74)
ModifiedNewton::solveCurrentStep() -the ConvergenceTest object failed in test()
StaticAnalysis::analyze() - the Algorithm failed at step: 0 with domain at load factor -2.56709e+69
OpenSees > analyze failed, returned: -3 error flag
WARNING: CTestNormDispIncr::test() - failed to converge 
after: 50 iterations  current Norm: 114798 (max: 1e-06, Norm deltaR: 2.36171e+09)
NewtonRaphson::solveCurrentStep() -the ConvergenceTest object failed in test()
StaticAnalysis::analyze() - the Algorithm failed at step: 0 with domain at load factor 24174.8
OpenSees > analyze failed, returned: -3 error flag
WARNING: CTestNormDispIncr::test() - failed to converge 
after: 50 iterations  current Norm: 2004.49 (max: 1e-06, Norm deltaR: 1.10248e+08)
NewtonLineSearch::solveCurrentStep() -the ConvergenceTest object failed in test()
StaticAnalysis::analyze() - the Algorithm failed at step: 0 with domain at load factor 1411.93
OpenSees > analyze failed, returned: -3 error flag
WARNING: CTestNormDispIncr::test() - failed to converge 
after: 50 iterations  current Norm: 0.0629349 (max: 1e-06, Norm deltaR: 7146.95)
AcceleratedNewton::solveCurrentStep() -The ConvergenceTest object failed in test()
StaticAnalysis::analyze() - the Algorithm failed at step: 0 with domain at load factor 350.586
OpenSees > analyze failed, returned: -3 error flag
WARNING: CTestNormDispIncr::test() - failed to converge 
after: 50 iterations  current Norm: 1.44619e+63 (max: 1e-06, Norm deltaR: 5.07409e+66)
ModifiedNewton::solveCurrentStep() -the ConvergenceTest object failed in test()
StaticAnalysis::analyze() - the Algorithm failed at step: 0 with domain at load factor -1.02396e+62
OpenSees > analyze failed, returned: -3 error flag
WARNING: CTestNormDispIncr::test() - failed to converge 
after: 50 iterations  current Norm: 19190.9 (max: 1e-06, Norm deltaR: 2.53181e+08)
NewtonRaphson::solveCurrentStep() -the ConvergenceTest object failed in test()
StaticAnalysis::analyze() - the Algorithm failed at step: 0 with domain at load factor 44.534
OpenSees > analyze failed, returned: -3 error flag
WARNING: CTestNormDispIncr::test() - failed to converge 
after: 50 iterations  current Norm: 168037 (max: 1e-06, Norm deltaR: 9.10655e+07)
NewtonLineSearch::solveCurrentStep() -the ConvergenceTest object failed in test()
StaticAnalysis::analyze() - the Algorithm failed at step: 0 with domain at load factor -282.231
OpenSees > analyze failed, returned: -3 error flag
WARNING: CTestNormDispIncr::test() - failed to converge 
after: 50 iterations  current Norm: 50515.1 (max: 1e-06, Norm deltaR: 4.12509e+08)
AcceleratedNewton::solveCurrentStep() -The ConvergenceTest object failed in test()
StaticAnalysis::analyze() - the Algorithm failed at step: 0 with domain at load factor 1369.54
OpenSees > analyze failed, returned: -3 error flag
WARNING: CTestNormDispIncr::test() - failed to converge 
after: 50 iterations  current Norm: 1.36513e+67 (max: 1e-06, Norm deltaR: 6.37747e+70)
ModifiedNewton::solveCurrentStep() -the ConvergenceTest object failed in test()
StaticAnalysis::analyze() - the Algorithm failed at step: 0 with domain at load factor -3.41352e+65
OpenSees > analyze failed, returned: -3 error flag
WARNING ZeroLength::setDomain(): Element 5000091 has L= 7.98941, which is greater than the tolerance
WARNING ZeroLength::setDomain(): Element 5000092 has L= 8.14729, which is greater than the tolerance
WARNING ZeroLength::setDomain(): Element 5000093 has L= 7.84354, which is greater than the tolerance
WARNING ZeroLength::setDomain(): Element 5000094 has L= 8.2998, which is greater than the tolerance
WARNING ZeroLength::setDomain(): Element 5000095 has L= 7.98941, which is greater than the tolerance
WARNING ZeroLength::setDomain(): Element 5000096 has L= 21.5504, which is greater than the tolerance
WARNING ZeroLength::setDomain(): Element 5000097 has L= 56.3906, which is greater than the tolerance
WARNING ZeroLength::setDomain(): Element 5000098 has L= 58.6742, which is greater than the tolerance
WARNING ZeroLength::setDomain(): Element 5000099 has L= 21.1464, which is greater than the tolerance
WARNING ZeroLength::setDomain(): Element 5000100 has L= 7.84354, which is greater than the tolerance
WARNING ZeroLength::setDomain(): Element 5000101 has L= 7.68852, which is greater than the tolerance
WARNING ZeroLength::setDomain(): Element 5000102 has L= 54.3713, which is greater than the tolerance
WARNING ZeroLength::setDomain(): Element 5000103 has L= 8.14729, which is greater than the tolerance
WARNING ZeroLength::setDomain(): Element 5000104 has L= 10.5759, which is greater than the tolerance
WARNING ZeroLength::setDomain(): Element 5000105 has L= 10.3079, which is greater than the tolerance
WARNING ZeroLength::setDomain(): Element 5000106 has L= 16.3901, which is greater than the tolerance
WARNING ZeroLength::setDomain(): Element 5000107 has L= 51.1181, which is greater than the tolerance
WARNING ZeroLength::setDomain(): Element 5000108 has L= 52.2717, which is greater than the tolerance
WARNING ZeroLength::setDomain(): Element 5000109 has L= 7.68852, which is greater than the tolerance
WARNING ZeroLength::setDomain(): Element 5000110 has L= 17.0815, which is greater than the tolerance
WARNING ZeroLength::setDomain(): Element 5000111 has L= 16.7329, which is greater than the tolerance
WARNING ZeroLength::setDomain(): Element 5000112 has L= 10.0539, which is greater than the tolerance
WARNING ZeroLength::setDomain(): Element 5000113 has L= 17.49, which is greater than the tolerance
WARNING ZeroLength::setDomain(): Element 5000114 has L= 58.5614, which is greater than the tolerance
WARNING ZeroLength::setDomain(): Element 5000115 has L= 53.5189, which is greater than the tolerance
WARNING ZeroLength::setDomain(): Element 5000116 has L= 11.0674, which is greater than the tolerance
WARNING ZeroLength::setDomain(): Element 5000117 has L= 20.7531, which is greater than the tolerance
WARNING ZeroLength::setDomain(): Element 5000118 has L= 21.9991, which is greater than the tolerance
WARNING ZeroLength::setDomain(): Element 5000119 has L= 16.0841, which is greater than the tolerance
WARNING ZeroLength::setDomain(): Element 5000120 has L= 7.5142, which is greater than the tolerance
WARNING ZeroLength::setDomain(): Element 5000121 has L= 17.8946, which is greater than the tolerance
WARNING ZeroLength::setDomain(): Element 5000122 has L= 22.5086, which is greater than the tolerance
WARNING ZeroLength::setDomain(): Element 5000123 has L= 16.0841, which is greater than the tolerance
WARNING ZeroLength::setDomain(): Element 5000124 has L= 7.5142, which is greater than the tolerance
WARNING ZeroLength::setDomain(): Element 5000125 has L= 10.0539, which is greater than the tolerance
WARNING ZeroLength::setDomain(): Element 5000126 has L= 21.9991, which is greater than the tolerance
WARNING ZeroLength::setDomain(): Element 5000127 has L= 16.3901, which is greater than the tolerance
WARNING ZeroLength::setDomain(): Element 5000128 has L= 16.7329, which is greater than the tolerance
WARNING ZeroLength::setDomain(): Element 5000129 has L= 54.696, which is greater than the tolerance
WARNING ZeroLength::setDomain(): Element 5000130 has L= 10.8255, which is greater than the tolerance
WARNING ZeroLength::setDomain(): Element 5000131 has L= 8.46809, which is greater than the tolerance
WARNING ZeroLength::setDomain(): Element 5000132 has L= 17.0815, which is greater than the tolerance
WARNING ZeroLength::setDomain(): Element 5000133 has L= 22.9295, which is greater than the tolerance
WARNING ZeroLength::setDomain(): Element 5000134 has L= 18.2704, which is greater than the tolerance
WARNING ZeroLength::setDomain(): Element 5000135 has L= 21.1464, which is greater than the tolerance
WARNING ZeroLength::setDomain(): Element 5000136 has L= 10.3079, which is greater than the tolerance
WARNING ZeroLength::setDomain(): Element 5000137 has L= 7.35894, which is greater than the tolerance
WARNING ZeroLength::setDomain(): Element 5000138 has L= 21.5504, which is greater than the tolerance
WARNING ZeroLength::setDomain(): Element 5000139 has L= 20.7531, which is greater than the tolerance
WARNING ZeroLength::setDomain(): Element 5000140 has L= 9.82675, which is greater than the tolerance
WARNING ZeroLength::setDomain(): Element 5000141 has L= 62.4671, which is greater than the tolerance
WARNING ZeroLength::setDomain(): Element 5000142 has L= 35.1724, which is greater than the tolerance
WARNING ZeroLength::setDomain(): Element 5000143 has L= 10.8255, which is greater than the tolerance
WARNING ZeroLength::setDomain(): Element 5000144 has L= 10.5759, which is greater than the tolerance
WARNING: CTestNormDispIncr::test() - failed to converge 
after: 50 iterations  current Norm: 152637 (max: 1e-06, Norm deltaR: 3.93921e+09)
NewtonRaphson::solveCurrentStep() -the ConvergenceTest object failed in test()
StaticAnalysis::analyze() - the Algorithm failed at step: 0 with domain at load factor 34472.5
OpenSees > analyze failed, returned: -3 error flag
WARNING ZeroLength::setDomain(): Element 5000145 has L= 65.1909, which is greater than the tolerance
WARNING ZeroLength::setDomain(): Element 5000146 has L= 34.4893, which is greater than the tolerance
WARNING ZeroLength::setDomain(): Element 5000147 has L= 20.3284, which is greater than the tolerance
WARNING ZeroLength::setDomain(): Element 5000148 has L= 7.35894, which is greater than the tolerance
WARNING ZeroLength::setDomain(): Element 5000149 has L= 8.6671, which is greater than the tolerance
WARNING ZeroLength::setDomain(): Element 5000150 has L= 60.5581, which is greater than the tolerance
WARNING ZeroLength::setDomain(): Element 5000151 has L= 56.1541, which is greater than the tolerance
WARNING ZeroLength::setDomain(): Element 5000152 has L= 34.4893, which is greater than the tolerance
WARNING ZeroLength::setDomain(): Element 5000153 has L= 9.82675, which is greater than the tolerance
WARNING ZeroLength::setDomain(): Element 5000154 has L= 28.8651, which is greater than the tolerance
WARNING ZeroLength::setDomain(): Element 5000155 has L= 28.1546, which is greater than the tolerance
WARNING ZeroLength::setDomain(): Element 5000156 has L= 7.24134, which is greater than the tolerance
WARNING ZeroLength::setDomain(): Element 5000157 has L= 22.5086, which is greater than the tolerance
WARNING ZeroLength::setDomain(): Element 5000158 has L= 69.8723, which is greater than the tolerance
WARNING ZeroLength::setDomain(): Element 5000159 has L= 18.6069, which is greater than the tolerance
WARNING ZeroLength::setDomain(): Element 5000160 has L= 54.4591, which is greater than the tolerance
WARNING ZeroLength::setDomain(): Element 5000161 has L= 56.1331, which is greater than the tolerance
WARNING ZeroLength::setDomain(): Element 5000162 has L= 26.9397, which is greater than the tolerance
WARNING ZeroLength::setDomain(): Element 5000163 has L= 33.8818, which is greater than the tolerance
WARNING ZeroLength::setDomain(): Element 5000164 has L= 9.62214, which is greater than the tolerance
WARNING ZeroLength::setDomain(): Element 5000165 has L= 17.49, which is greater than the tolerance
WARNING ZeroLength::setDomain(): Element 5000166 has L= 35.8833, which is greater than the tolerance
WARNING ZeroLength::setDomain(): Element 5000167 has L= 35.1724, which is greater than the tolerance
WARNING ZeroLength::setDomain(): Element 5000168 has L= 26.361, which is greater than the tolerance
WARNING ZeroLength::setDomain(): Element 5000169 has L= 15.7715, which is greater than the tolerance
WARNING ZeroLength::setDomain(): Element 5000170 has L= 35.8833, which is greater than the tolerance
WARNING ZeroLength::setDomain(): Element 5000171 has L= 8.86404, which is greater than the tolerance
WARNING ZeroLength::setDomain(): Element 5000172 has L= 55.0013, which is greater than the tolerance
WARNING ZeroLength::setDomain(): Element 5000173 has L= 58.2741, which is greater than the tolerance
WARNING ZeroLength::setDomain(): Element 5000174 has L= 36.5643, which is greater than the tolerance
WARNING ZeroLength::setDomain(): Element 5000175 has L= 15.7715, which is greater than the tolerance
WARNING ZeroLength::setDomain(): Element 5000176 has L= 29.4484, which is greater than the tolerance
WARNING ZeroLength::setDomain(): Element 5000177 has L= 27.5161, which is greater than the tolerance
WARNING ZeroLength::setDomain(): Element 5000178 has L= 7.15552, which is greater than the tolerance
WARNING ZeroLength::setDomain(): Element 5000179 has L= 33.8818, which is greater than the tolerance
WARNING ZeroLength::setDomain(): Element 5000180 has L= 20.3284, which is greater than the tolerance
WARNING ZeroLength::setDomain(): Element 5000181 has L= 49.1569, which is greater than the tolerance
WARNING ZeroLength::setDomain(): Element 5000182 has L= 49.5562, which is greater than the tolerance
WARNING ZeroLength::setDomain(): Element 5000183 has L= 50.6372, which is greater than the tolerance
WARNING ZeroLength::setDomain(): Element 5000184 has L= 49.3308, which is greater than the tolerance
WARNING ZeroLength::setDomain(): Element 5000185 has L= 33.2321, which is greater than the tolerance
WARNING ZeroLength::setDomain(): Element 5000186 has L= 25.7655, which is greater than the tolerance
WARNING ZeroLength::setDomain(): Element 5000187 has L= 8.2998, which is greater than the tolerance
WARNING ZeroLength::setDomain(): Element 5000188 has L= 57.726, which is greater than the tolerance
WARNING ZeroLength::setDomain(): Element 5000189 has L= 60.6652, which is greater than the tolerance
WARNING: CTestNormDispIncr::test() - failed to converge 
after: 50 iterations  current Norm: 186655 (max: 1e-06, Norm deltaR: 8.69495e+07)
NewtonRaphson::solveCurrentStep() -the ConvergenceTest object failed in test()
StaticAnalysis::analyze() - the Algorithm failed at step: 0 with domain at load factor 1133.76
OpenSees > analyze failed, returned: -3 error flag
WARNING ZeroLength::setDomain(): Element 5000190 has L= 59.6943, which is greater than the tolerance
WARNING: CTestNormDispIncr::test() - failed to converge 
after: 50 iterations  current Norm: 14619.5 (max: 1e-06, Norm deltaR: 1.42589e+08)
NewtonRaphson::solveCurrentStep() -the ConvergenceTest object failed in test()
StaticAnalysis::analyze() - the Algorithm failed at step: 0 with domain at load factor 529.425
OpenSees > analyze failed, returned: -3 error flag
WARNING ZeroLength::setDomain(): Element 5000191 has L= 9.01687, which is greater than the tolerance
WARNING ZeroLength::setDomain(): Element 5000192 has L= 58.8082, which is greater than the tolerance
WARNING ZeroLength::setDomain(): Element 5000193 has L= 61.2248, which is greater than the tolerance
WARNING ZeroLength::setDomain(): Element 5000194 has L= 22.9295, which is greater than the tolerance
WARNING ZeroLength::setDomain(): Element 5000195 has L= 63.9154, which is greater than the tolerance
WARNING ZeroLength::setDomain(): Element 5000196 has L= 68.2869, which is greater than the tolerance
WARNING: CTestNormDispIncr::test() - failed to converge 
after: 50 iterations  current Norm: 82521.4 (max: 1e-06, Norm deltaR: 2.22812e+09)
NewtonRaphson::solveCurrentStep() -the ConvergenceTest object failed in test()
StaticAnalysis::analyze() - the Algorithm failed at step: 0 with domain at load factor -11943.3
OpenSees > analyze failed, returned: -3 error flag
WARNING ZeroLength::setDomain(): Element 5000197 has L= 36.5643, which is greater than the tolerance
