WARNING ZeroLength::setDomain(): Element 5000001 has L= 2.48703, which is greater than the tolerance
WARNING ZeroLength::setDomain(): Element 5000002 has L= 2.2336, which is greater than the tolerance
WARNING ZeroLength::setDomain(): Element 5000003 has L= 1.82834, which is greater than the tolerance
WARNING ZeroLength::setDomain(): Element 5000004 has L= 1.82999, which is greater than the tolerance
WARNING ZeroLength::setDomain(): Element 5000005 has L= 1.76532, which is greater than the tolerance
WARNING ZeroLength::setDomain(): Element 5000006 has L= 1.76532, which is greater than the tolerance
WARNING ZeroLength::setDomain(): Element 5000007 has L= 1.82999, which is greater than the tolerance
WARNING ZeroLength::setDomain(): Element 5000008 has L= 1.82834, which is greater than the tolerance
WARNING ZeroLength::setDomain(): Element 5000009 has L= 2.2336, which is greater than the tolerance
WARNING ZeroLength::setDomain(): Element 5000010 has L= 2.48703, which is greater than the tolerance
WARNING ZeroLength::setDomain(): Element 5000011 has L= 2.34032, which is greater than the tolerance
WARNING ZeroLength::setDomain(): Element 5000012 has L= 2.20198, which is greater than the tolerance
WARNING ZeroLength::setDomain(): Element 5000013 has L= 1.94324, which is greater than the tolerance
WARNING ZeroLength::setDomain(): Element 5000014 has L= 1.96887, which is greater than the tolerance
WARNING ZeroLength::setDomain(): Element 5000015 has L= 1.95657, which is greater than the tolerance
WARNING ZeroLength::setDomain(): Element 5000016 has L= 1.95657, which is greater than the tolerance
WARNING ZeroLength::setDomain(): Element 5000017 has L= 1.96887, which is greater than the tolerance
WARNING ZeroLength::setDomain(): Element 5000018 has L= 1.94324, which is greater than the tolerance
WARNING ZeroLength::setDomain(): Element 5000019 has L= 2.20198, which is greater than the tolerance
WARNING ZeroLength::setDomain(): Element 5000020 has L= 2.34032, which is greater than the tolerance
WARNING ZeroLength::setDomain(): Element 5000021 has L= 2.27527, which is greater than the tolerance
WARNING ZeroLength::setDomain(): Element 5000022 has L= 2.23522, which is greater than the tolerance
WARNING ZeroLength::setDomain(): Element 5000023 has L= 2.11706, which is greater than the tolerance
WARNING ZeroLength::setDomain(): Element 5000024 has L= 2.18187, which is greater than the tolerance
WARNING ZeroLength::setDomain(): Element 5000025 has L= 2.21874, which is greater than the tolerance
WARNING ZeroLength::setDomain(): Element 5000026 has L= 2.21874, which is greater than the tolerance
WARNING ZeroLength::setDomain(): Element 5000027 has L= 2.18187, which is greater than the tolerance
WARNING ZeroLength::setDomain(): Element 5000028 has L= 2.11706, which is greater than the tolerance
WARNING ZeroLength::setDomain(): Element 5000029 has L= 2.23522, which is greater than the tolerance
WARNING ZeroLength::setDomain(): Element 5000030 has L= 2.27527, which is greater than the tolerance
WARNING ZeroLength::setDomain(): Element 5000031 has L= 2.31981, which is greater than the tolerance
WARNING ZeroLength::setDomain(): Element 5000032 has L= 2.33159, which is greater than the tolerance
WARNING ZeroLength::setDomain(): Element 5000033 has L= 2.3307, which is greater than the tolerance
WARNING ZeroLength::setDomain(): Element 5000034 has L= 2.50204, which is greater than the tolerance
WARNING ZeroLength::setDomain(): Element 5000035 has L= 2.64217, which is greater than the tolerance
WARNING ZeroLength::setDomain(): Element 5000036 has L= 2.64217, which is greater than the tolerance
WARNING ZeroLength::setDomain(): Element 5000037 has L= 2.50204, which is greater than the tolerance
WARNING ZeroLength::setDomain(): Element 5000038 has L= 2.3307, which is greater than the tolerance
WARNING ZeroLength::setDomain(): Element 5000039 has L= 2.33159, which is greater than the tolerance
WARNING ZeroLength::setDomain(): Element 5000040 has L= 2.31981, which is greater than the tolerance
WARNING ZeroLength::setDomain(): Element 5000041 has L= 2.3795, which is greater than the tolerance
WARNING ZeroLength::setDomain(): Element 5000042 has L= 2.48734, which is greater than the tolerance
WARNING ZeroLength::setDomain(): Element 5000043 has L= 2.64056, which is greater than the tolerance
WARNING ZeroLength::setDomain(): Element 5000044 has L= 2.80685, which is greater than the tolerance
WARNING ZeroLength::setDomain(): Element 5000045 has L= 2.91246, which is greater than the tolerance
WARNING ZeroLength::setDomain(): Element 5000046 has L= 2.91246, which is greater than the tolerance
WARNING ZeroLength::setDomain(): Element 5000047 has L= 2.80685, which is greater than the tolerance
WARNING ZeroLength::setDomain(): Element 5000048 has L= 2.64056, which is greater than the tolerance
WARNING ZeroLength::setDomain(): Element 5000049 has L= 2.48734, which is greater than the tolerance
WARNING ZeroLength::setDomain(): Element 5000050 has L= 2.3795, which is greater than the tolerance
WARNING ZeroLength::setDomain(): Element 5000051 has L= 2.3154, which is greater than the tolerance
WARNING ZeroLength::setDomain(): Element 5000052 has L= 2.51525, which is greater than the tolerance
WARNING ZeroLength::setDomain(): Element 5000053 has L= 2.82028, which is greater than the tolerance
WARNING ZeroLength::setDomain(): Element 5000054 has L= 2.8968, which is greater than the tolerance
WARNING ZeroLength::setDomain(): Element 5000055 has L= 2.98062, which is greater than the tolerance
WARNING ZeroLength::setDomain(): Element 5000056 has L= 2.98062, which is greater than the tolerance
WARNING ZeroLength::setDomain(): Element 5000057 has L= 2.8968, which is greater than the tolerance
WARNING ZeroLength::setDomain(): Element 5000058 has L= 2.82028, which is greater than the tolerance
WARNING ZeroLength::setDomain(): Element 5000059 has L= 2.51525, which is greater than the tolerance
WARNING ZeroLength::setDomain(): Element 5000060 has L= 2.3154, which is greater than the tolerance
WARNING ZeroLength::setDomain(): Element 5000061 has L= 2.22408, which is greater than the tolerance
WARNING ZeroLength::setDomain(): Element 5000062 has L= 2.38312, which is greater than the tolerance
WARNING ZeroLength::setDomain(): Element 5000063 has L= 2.74114, which is greater than the tolerance
WARNING ZeroLength::setDomain(): Element 5000064 has L= 2.84663, which is greater than the tolerance
WARNING ZeroLength::setDomain(): Element 5000065 has L= 2.97693, which is greater than the tolerance
WARNING ZeroLength::setDomain(): Element 5000066 has L= 2.97693, which is greater than the tolerance
WARNING ZeroLength::setDomain(): Element 5000067 has L= 2.84663, which is greater than the tolerance
WARNING ZeroLength::setDomain(): Element 5000068 has L= 2.74114, which is greater than the tolerance
WARNING ZeroLength::setDomain(): Element 5000069 has L= 2.38312, which is greater than the tolerance
WARNING ZeroLength::setDomain(): Element 5000070 has L= 2.22408, which is greater than the tolerance
WARNING ZeroLength::setDomain(): Element 5000071 has L= 2.14923, which is greater than the tolerance
WARNING ZeroLength::setDomain(): Element 5000072 has L= 2.30936, which is greater than the tolerance
WARNING ZeroLength::setDomain(): Element 5000073 has L= 2.67868, which is greater than the tolerance
WARNING ZeroLength::setDomain(): Element 5000074 has L= 2.83024, which is greater than the tolerance
WARNING ZeroLength::setDomain(): Element 5000075 has L= 2.93958, which is greater than the tolerance
WARNING ZeroLength::setDomain(): Element 5000076 has L= 2.93958, which is greater than the tolerance
WARNING ZeroLength::setDomain(): Element 5000077 has L= 2.83024, which is greater than the tolerance
WARNING ZeroLength::setDomain(): Element 5000078 has L= 2.67868, which is greater than the tolerance
WARNING ZeroLength::setDomain(): Element 5000079 has L= 2.30936, which is greater than the tolerance
WARNING ZeroLength::setDomain(): Element 5000080 has L= 2.14923, which is greater than the tolerance
WARNING ZeroLength::setDomain(): Element 5000081 has L= 2.12049, which is greater than the tolerance
WARNING ZeroLength::setDomain(): Element 5000082 has L= 2.25371, which is greater than the tolerance
WARNING ZeroLength::setDomain(): Element 5000083 has L= 2.60534, which is greater than the tolerance
WARNING ZeroLength::setDomain(): Element 5000084 has L= 2.79215, which is greater than the tolerance
WARNING ZeroLength::setDomain(): Element 5000085 has L= 2.8382, which is greater than the tolerance
WARNING ZeroLength::setDomain(): Element 5000086 has L= 2.8382, which is greater than the tolerance
WARNING ZeroLength::setDomain(): Element 5000087 has L= 2.79215, which is greater than the tolerance
WARNING ZeroLength::setDomain(): Element 5000088 has L= 2.60534, which is greater than the tolerance
WARNING ZeroLength::setDomain(): Element 5000089 has L= 2.25371, which is greater than the tolerance
WARNING ZeroLength::setDomain(): Element 5000090 has L= 2.12049, which is greater than the tolerance
WARNING: CTestNormDispIncr::test() - failed to converge 
after: 50 iterations  current Norm: 21169.6 (max: 1e-06, Norm deltaR: 5.41621e+08)
NewtonRaphson::solveCurrentStep() -the ConvergenceTest object failed in test()
StaticAnalysis::analyze() - the Algorithm failed at step: 0 with domain at load factor 1610.38
OpenSees > analyze failed, returned: -3 error flag
WARNING: CTestNormDispIncr::test() - failed to converge 
after: 50 iterations  current Norm: 2994.49 (max: 1e-06, Norm deltaR: 1.13621e+08)
NewtonLineSearch::solveCurrentStep() -the ConvergenceTest object failed in test()
StaticAnalysis::analyze() - the Algorithm failed at step: 0 with domain at load factor -5275.4
OpenSees > analyze failed, returned: -3 error flag
WARNING: CTestNormDispIncr::test() - failed to converge 
after: 50 iterations  current Norm: 0.932868 (max: 1e-06, Norm deltaR: 1739.62)
AcceleratedNewton::solveCurrentStep() -The ConvergenceTest object failed in test()
StaticAnalysis::analyze() - the Algorithm failed at step: 0 with domain at load factor 301.223
OpenSees > analyze failed, returned: -3 error flag
WARNING: CTestNormDispIncr::test() - failed to converge 
after: 50 iterations  current Norm: 3.54006e+66 (max: 1e-06, Norm deltaR: 2.85233e+70)
ModifiedNewton::solveCurrentStep() -the ConvergenceTest object failed in test()
StaticAnalysis::analyze() - the Algorithm failed at step: 0 with domain at load factor -3.75276e+65
OpenSees > analyze failed, returned: -3 error flag
WARNING: CTestNormDispIncr::test() - failed to converge 
after: 50 iterations  current Norm: 431152 (max: 1e-06, Norm deltaR: 9.486e+09)
NewtonRaphson::solveCurrentStep() -the ConvergenceTest object failed in test()
StaticAnalysis::analyze() - the Algorithm failed at step: 0 with domain at load factor 32558.6
OpenSees > analyze failed, returned: -3 error flag
WARNING: CTestNormDispIncr::test() - failed to converge 
after: 50 iterations  current Norm: 2191.28 (max: 1e-06, Norm deltaR: 1.22431e+08)
NewtonLineSearch::solveCurrentStep() -the ConvergenceTest object failed in test()
StaticAnalysis::analyze() - the Algorithm failed at step: 0 with domain at load factor -50.9683
OpenSees > analyze failed, returned: -3 error flag
WARNING: CTestNormDispIncr::test() - failed to converge 
after: 50 iterations  current Norm: 7635.83 (max: 1e-06, Norm deltaR: 7.22611e+08)
AcceleratedNewton::solveCurrentStep() -The ConvergenceTest object failed in test()
StaticAnalysis::analyze() - the Algorithm failed at step: 0 with domain at load factor 344.873
OpenSees > analyze failed, returned: -3 error flag
WARNING: CTestNormDispIncr::test() - failed to converge 
after: 50 iterations  current Norm: 3.06002e+66 (max: 1e-06, Norm deltaR: 1.6116e+70)
ModifiedNewton::solveCurrentStep() -the ConvergenceTest object failed in test()
StaticAnalysis::analyze() - the Algorithm failed at step: 0 with domain at load factor -5.59422e+62
OpenSees > analyze failed, returned: -3 error flag
WARNING: CTestNormDispIncr::test() - failed to converge 
after: 50 iterations  current Norm: 25057.6 (max: 1e-06, Norm deltaR: 8.9913e+07)
NewtonRaphson::solveCurrentStep() -the ConvergenceTest object failed in test()
StaticAnalysis::analyze() - the Algorithm failed at step: 0 with domain at load factor -272.626
OpenSees > analyze failed, returned: -3 error flag
WARNING: CTestNormDispIncr::test() - failed to converge 
after: 50 iterations  current Norm: 10327.4 (max: 1e-06, Norm deltaR: 1.00562e+08)
NewtonLineSearch::solveCurrentStep() -the ConvergenceTest object failed in test()
StaticAnalysis::analyze() - the Algorithm failed at step: 0 with domain at load factor 1557.98
OpenSees > analyze failed, returned: -3 error flag
WARNING: CTestNormDispIncr::test() - failed to converge 
after: 50 iterations  current Norm: 73421.2 (max: 1e-06, Norm deltaR: 1.15376e+09)
AcceleratedNewton::solveCurrentStep() -The ConvergenceTest object failed in test()
StaticAnalysis::analyze() - the Algorithm failed at step: 0 with domain at load factor 652.569
OpenSees > analyze failed, returned: -3 error flag
WARNING: CTestNormDispIncr::test() - failed to converge 
after: 50 iterations  current Norm: 5.13356e+67 (max: 1e-06, Norm deltaR: 4.55897e+71)
ModifiedNewton::solveCurrentStep() -the ConvergenceTest object failed in test()
StaticAnalysis::analyze() - the Algorithm failed at step: 0 with domain at load factor -1.14106e+67
OpenSees > analyze failed, returned: -3 error flag
WARNING: CTestNormDispIncr::test() - failed to converge 
after: 50 iterations  current Norm: 245189 (max: 1e-06, Norm deltaR: 1.251e+10)
NewtonRaphson::solveCurrentStep() -the ConvergenceTest object failed in test()
StaticAnalysis::analyze() - the Algorithm failed at step: 0 with domain at load factor -42916.5
OpenSees > analyze failed, returned: -3 error flag
WARNING: CTestNormDispIncr::test() - failed to converge 
after: 50 iterations  current Norm: 7573.8 (max: 1e-06, Norm deltaR: 1.981e+08)
NewtonLineSearch::solveCurrentStep() -the ConvergenceTest object failed in test()
StaticAnalysis::analyze() - the Algorithm failed at step: 0 with domain at load factor -14701.7
OpenSees > analyze failed, returned: -3 error flag
WARNING: CTestNormDispIncr::test() - failed to converge 
after: 50 iterations  current Norm: 5835.54 (max: 1e-06, Norm deltaR: 6.97587e+07)
AcceleratedNewton::solveCurrentStep() -The ConvergenceTest object failed in test()
StaticAnalysis::analyze() - the Algorithm failed at step: 0 with domain at load factor -245.497
OpenSees > analyze failed, returned: -3 error flag
WARNING: CTestNormDispIncr::test() - failed to converge 
after: 50 iterations  current Norm: 6.24423e+69 (max: 1e-06, Norm deltaR: 5.64202e+73)
ModifiedNewton::solveCurrentStep() -the ConvergenceTest object failed in test()
StaticAnalysis::analyze() - the Algorithm failed at step: 0 with domain at load factor -4.93669e+68
OpenSees > analyze failed, returned: -3 error flag
WARNING: CTestNormDispIncr::test() - failed to converge 
after: 50 iterations  current Norm: 33653.7 (max: 1e-06, Norm deltaR: 1.3427e+08)
NewtonRaphson::solveCurrentStep() -the ConvergenceTest object failed in test()
StaticAnalysis::analyze() - the Algorithm failed at step: 0 with domain at load factor -1431.55
OpenSees > analyze failed, returned: -3 error flag
WARNING: CTestNormDispIncr::test() - failed to converge 
after: 50 iterations  current Norm: 41233.3 (max: 1e-06, Norm deltaR: 7.24501e+07)
NewtonRaphson::solveCurrentStep() -the ConvergenceTest object failed in test()
StaticAnalysis::analyze() - the Algorithm failed at step: 0 with domain at load factor -510.456
OpenSees > analyze failed, returned: -3 error flag
WARNING ZeroLength::setDomain(): Element 5000091 has L= 7.84421, which is greater than the tolerance
WARNING ZeroLength::setDomain(): Element 5000092 has L= 8.00209, which is greater than the tolerance
WARNING ZeroLength::setDomain(): Element 5000093 has L= 48.7993, which is greater than the tolerance
WARNING ZeroLength::setDomain(): Element 5000094 has L= 7.69835, which is greater than the tolerance
WARNING ZeroLength::setDomain(): Element 5000095 has L= 52.5429, which is greater than the tolerance
WARNING: CTestNormDispIncr::test() - failed to converge 
after: 50 iterations  current Norm: 2.74773e+06 (max: 1e-06, Norm deltaR: 5.68324e+10)
NewtonRaphson::solveCurrentStep() -the ConvergenceTest object failed in test()
StaticAnalysis::analyze() - the Algorithm failed at step: 0 with domain at load factor 191435
OpenSees > analyze failed, returned: -3 error flag
WARNING ZeroLength::setDomain(): Element 5000096 has L= 47.1525, which is greater than the tolerance
WARNING ZeroLength::setDomain(): Element 5000097 has L= 50.5132, which is greater than the tolerance
WARNING ZeroLength::setDomain(): Element 5000098 has L= 54.0843, which is greater than the tolerance
WARNING ZeroLength::setDomain(): Element 5000099 has L= 8.15459, which is greater than the tolerance
WARNING ZeroLength::setDomain(): Element 5000100 has L= 56.5908, which is greater than the tolerance
WARNING ZeroLength::setDomain(): Element 5000101 has L= 7.84421, which is greater than the tolerance
WARNING ZeroLength::setDomain(): Element 5000102 has L= 21.4134, which is greater than the tolerance
WARNING ZeroLength::setDomain(): Element 5000103 has L= 21.0093, which is greater than the tolerance
WARNING: CTestNormDispIncr::test() - failed to converge 
after: 50 iterations  current Norm: 0.995986 (max: 1e-06, Norm deltaR: 29541)
NewtonRaphson::solveCurrentStep() -the ConvergenceTest object failed in test()
StaticAnalysis::analyze() - the Algorithm failed at step: 0 with domain at load factor 374.157
OpenSees > analyze failed, returned: -3 error flag
WARNING ZeroLength::setDomain(): Element 5000104 has L= 8.00209, which is greater than the tolerance
WARNING ZeroLength::setDomain(): Element 5000105 has L= 57.731, which is greater than the tolerance
WARNING ZeroLength::setDomain(): Element 5000106 has L= 48.8253, which is greater than the tolerance
WARNING ZeroLength::setDomain(): Element 5000107 has L= 52.0303, which is greater than the tolerance
WARNING ZeroLength::setDomain(): Element 5000108 has L= 7.54335, which is greater than the tolerance
WARNING ZeroLength::setDomain(): Element 5000109 has L= 60.7164, which is greater than the tolerance
WARNING ZeroLength::setDomain(): Element 5000110 has L= 56.175, which is greater than the tolerance
WARNING ZeroLength::setDomain(): Element 5000111 has L= 56.869, which is greater than the tolerance
WARNING ZeroLength::setDomain(): Element 5000112 has L= 7.69835, which is greater than the tolerance
WARNING ZeroLength::setDomain(): Element 5000113 has L= 60.7774, which is greater than the tolerance
WARNING ZeroLength::setDomain(): Element 5000114 has L= 21.0093, which is greater than the tolerance
WARNING ZeroLength::setDomain(): Element 5000115 has L= 21.4134, which is greater than the tolerance
WARNING ZeroLength::setDomain(): Element 5000116 has L= 21.8623, which is greater than the tolerance
WARNING: CTestNormDispIncr::test() - failed to converge 
after: 50 iterations  current Norm: 17220.7 (max: 1e-06, Norm deltaR: 4.4381e+08)
NewtonRaphson::solveCurrentStep() -the ConvergenceTest object failed in test()
StaticAnalysis::analyze() - the Algorithm failed at step: 0 with domain at load factor 2126.76
OpenSees > analyze failed, returned: -3 error flag
WARNING ZeroLength::setDomain(): Element 5000117 has L= 64.9651, which is greater than the tolerance
WARNING ZeroLength::setDomain(): Element 5000118 has L= 8.15459, which is greater than the tolerance
WARNING ZeroLength::setDomain(): Element 5000119 has L= 9.94231, which is greater than the tolerance
WARNING ZeroLength::setDomain(): Element 5000120 has L= 17.3447, which is greater than the tolerance
WARNING ZeroLength::setDomain(): Element 5000121 has L= 55.2166, which is greater than the tolerance
WARNING ZeroLength::setDomain(): Element 5000122 has L= 8.32289, which is greater than the tolerance
WARNING ZeroLength::setDomain(): Element 5000123 has L= 16.9362, which is greater than the tolerance
WARNING ZeroLength::setDomain(): Element 5000124 has L= 17.7494, which is greater than the tolerance
WARNING ZeroLength::setDomain(): Element 5000125 has L= 22.3719, which is greater than the tolerance
WARNING ZeroLength::setDomain(): Element 5000126 has L= 7.54335, which is greater than the tolerance
WARNING: CTestNormDispIncr::test() - failed to converge 
after: 50 iterations  current Norm: 29125.9 (max: 1e-06, Norm deltaR: 8.52737e+08)
NewtonRaphson::solveCurrentStep() -the ConvergenceTest object failed in test()
StaticAnalysis::analyze() - the Algorithm failed at step: 0 with domain at load factor 6051.56
OpenSees > analyze failed, returned: -3 error flag
WARNING ZeroLength::setDomain(): Element 5000127 has L= 65.4228, which is greater than the tolerance
WARNING ZeroLength::setDomain(): Element 5000128 has L= 61.6244, which is greater than the tolerance
WARNING ZeroLength::setDomain(): Element 5000129 has L= 7.36905, which is greater than the tolerance
WARNING ZeroLength::setDomain(): Element 5000130 has L= 20.6158, which is greater than the tolerance
WARNING ZeroLength::setDomain(): Element 5000131 has L= 59.7218, which is greater than the tolerance
WARNING ZeroLength::setDomain(): Element 5000132 has L= 20.6158, which is greater than the tolerance
WARNING ZeroLength::setDomain(): Element 5000133 has L= 9.71465, which is greater than the tolerance
WARNING ZeroLength::setDomain(): Element 5000134 has L= 7.21382, which is greater than the tolerance
WARNING ZeroLength::setDomain(): Element 5000135 has L= 8.52191, which is greater than the tolerance
WARNING ZeroLength::setDomain(): Element 5000136 has L= 60.2661, which is greater than the tolerance
WARNING ZeroLength::setDomain(): Element 5000137 has L= 63.1513, which is greater than the tolerance
WARNING ZeroLength::setDomain(): Element 5000138 has L= 18.1252, which is greater than the tolerance
WARNING ZeroLength::setDomain(): Element 5000139 has L= 22.3719, which is greater than the tolerance
WARNING ZeroLength::setDomain(): Element 5000140 has L= 16.5877, which is greater than the tolerance
WARNING ZeroLength::setDomain(): Element 5000141 has L= 16.2449, which is greater than the tolerance
WARNING ZeroLength::setDomain(): Element 5000142 has L= 7.36905, which is greater than the tolerance
WARNING ZeroLength::setDomain(): Element 5000143 has L= 62.883, which is greater than the tolerance
WARNING ZeroLength::setDomain(): Element 5000144 has L= 65.5111, which is greater than the tolerance
WARNING ZeroLength::setDomain(): Element 5000145 has L= 15.9389, which is greater than the tolerance
WARNING ZeroLength::setDomain(): Element 5000146 has L= 8.71885, which is greater than the tolerance
WARNING ZeroLength::setDomain(): Element 5000147 has L= 54.031, which is greater than the tolerance
WARNING ZeroLength::setDomain(): Element 5000148 has L= 59.9939, which is greater than the tolerance
WARNING ZeroLength::setDomain(): Element 5000149 has L= 16.9362, which is greater than the tolerance
WARNING ZeroLength::setDomain(): Element 5000150 has L= 28.0093, which is greater than the tolerance
WARNING ZeroLength::setDomain(): Element 5000151 has L= 34.3465, which is greater than the tolerance
WARNING ZeroLength::setDomain(): Element 5000152 has L= 10.1966, which is greater than the tolerance
WARNING ZeroLength::setDomain(): Element 5000153 has L= 7.09623, which is greater than the tolerance
WARNING ZeroLength::setDomain(): Element 5000154 has L= 15.9389, which is greater than the tolerance
WARNING ZeroLength::setDomain(): Element 5000155 has L= 20.191, which is greater than the tolerance
WARNING ZeroLength::setDomain(): Element 5000156 has L= 52.0877, which is greater than the tolerance
WARNING ZeroLength::setDomain(): Element 5000157 has L= 10.4648, which is greater than the tolerance
WARNING ZeroLength::setDomain(): Element 5000158 has L= 9.50929, which is greater than the tolerance
WARNING ZeroLength::setDomain(): Element 5000159 has L= 68.3156, which is greater than the tolerance
WARNING ZeroLength::setDomain(): Element 5000160 has L= 56.5426, which is greater than the tolerance
WARNING ZeroLength::setDomain(): Element 5000161 has L= 54.1607, which is greater than the tolerance
WARNING ZeroLength::setDomain(): Element 5000162 has L= 20.191, which is greater than the tolerance
WARNING: CTestNormDispIncr::test() - failed to converge 
after: 50 iterations  current Norm: 48078.3 (max: 1e-06, Norm deltaR: 1.60524e+09)
NewtonRaphson::solveCurrentStep() -the ConvergenceTest object failed in test()
StaticAnalysis::analyze() - the Algorithm failed at step: 0 with domain at load factor -2221.82
OpenSees > analyze failed, returned: -3 error flag
WARNING ZeroLength::setDomain(): Element 5000163 has L= 18.4617, which is greater than the tolerance
WARNING ZeroLength::setDomain(): Element 5000164 has L= 58.3634, which is greater than the tolerance
WARNING ZeroLength::setDomain(): Element 5000165 has L= 55.4091, which is greater than the tolerance
WARNING ZeroLength::setDomain(): Element 5000166 has L= 60.5384, which is greater than the tolerance
WARNING ZeroLength::setDomain(): Element 5000167 has L= 27.3708, which is greater than the tolerance
WARNING ZeroLength::setDomain(): Element 5000168 has L= 62.6875, which is greater than the tolerance
WARNING ZeroLength::setDomain(): Element 5000169 has L= 56.7057, which is greater than the tolerance
WARNING ZeroLength::setDomain(): Element 5000170 has L= 33.739, which is greater than the tolerance
WARNING ZeroLength::setDomain(): Element 5000171 has L= 15.6263, which is greater than the tolerance
WARNING ZeroLength::setDomain(): Element 5000172 has L= 28.7198, which is greater than the tolerance
WARNING ZeroLength::setDomain(): Element 5000173 has L= 51.1758, which is greater than the tolerance
WARNING ZeroLength::setDomain(): Element 5000174 has L= 7.21382, which is greater than the tolerance
WARNING ZeroLength::setDomain(): Element 5000175 has L= 35.0296, which is greater than the tolerance
WARNING ZeroLength::setDomain(): Element 5000176 has L= 52.9418, which is greater than the tolerance
WARNING ZeroLength::setDomain(): Element 5000177 has L= 65.533, which is greater than the tolerance
WARNING ZeroLength::setDomain(): Element 5000178 has L= 22.793, which is greater than the tolerance
WARNING ZeroLength::setDomain(): Element 5000179 has L= 17.3447, which is greater than the tolerance
WARNING ZeroLength::setDomain(): Element 5000180 has L= 52.7859, which is greater than the tolerance
WARNING ZeroLength::setDomain(): Element 5000181 has L= 29.3031, which is greater than the tolerance
WARNING ZeroLength::setDomain(): Element 5000182 has L= 68.1376, which is greater than the tolerance
WARNING ZeroLength::setDomain(): Element 5000183 has L= 26.7944, which is greater than the tolerance
WARNING ZeroLength::setDomain(): Element 5000184 has L= 50.6054, which is greater than the tolerance
WARNING ZeroLength::setDomain(): Element 5000185 has L= 67.9027, which is greater than the tolerance
WARNING ZeroLength::setDomain(): Element 5000186 has L= 63.1032, which is greater than the tolerance
WARNING ZeroLength::setDomain(): Element 5000187 has L= 64.7702, which is greater than the tolerance
WARNING ZeroLength::setDomain(): Element 5000188 has L= 15.6263, which is greater than the tolerance
WARNING ZeroLength::setDomain(): Element 5000189 has L= 49.9853, which is greater than the tolerance
WARNING ZeroLength::setDomain(): Element 5000190 has L= 50.0446, which is greater than the tolerance
WARNING ZeroLength::setDomain(): Element 5000191 has L= 8.8717, which is greater than the tolerance
WARNING ZeroLength::setDomain(): Element 5000192 has L= 58.0882, which is greater than the tolerance
WARNING ZeroLength::setDomain(): Element 5000193 has L= 63.2816, which is greater than the tolerance
