WARNING ZeroLength::setDomain(): Element 5000001 has L= 2.49453, which is greater than the tolerance
WARNING ZeroLength::setDomain(): Element 5000002 has L= 2.24112, which is greater than the tolerance
WARNING ZeroLength::setDomain(): Element 5000003 has L= 1.83588, which is greater than the tolerance
WARNING ZeroLength::setDomain(): Element 5000004 has L= 1.83753, which is greater than the tolerance
WARNING ZeroLength::setDomain(): Element 5000005 has L= 1.77286, which is greater than the tolerance
WARNING ZeroLength::setDomain(): Element 5000006 has L= 1.77286, which is greater than the tolerance
WARNING ZeroLength::setDomain(): Element 5000007 has L= 1.83753, which is greater than the tolerance
WARNING ZeroLength::setDomain(): Element 5000008 has L= 1.83588, which is greater than the tolerance
WARNING ZeroLength::setDomain(): Element 5000009 has L= 2.24112, which is greater than the tolerance
WARNING ZeroLength::setDomain(): Element 5000010 has L= 2.49453, which is greater than the tolerance
WARNING ZeroLength::setDomain(): Element 5000011 has L= 2.34781, which is greater than the tolerance
WARNING ZeroLength::setDomain(): Element 5000012 has L= 2.2095, which is greater than the tolerance
WARNING ZeroLength::setDomain(): Element 5000013 has L= 1.95078, which is greater than the tolerance
WARNING ZeroLength::setDomain(): Element 5000014 has L= 1.97641, which is greater than the tolerance
WARNING ZeroLength::setDomain(): Element 5000015 has L= 1.96411, which is greater than the tolerance
WARNING ZeroLength::setDomain(): Element 5000016 has L= 1.96411, which is greater than the tolerance
WARNING ZeroLength::setDomain(): Element 5000017 has L= 1.97641, which is greater than the tolerance
WARNING ZeroLength::setDomain(): Element 5000018 has L= 1.95078, which is greater than the tolerance
WARNING ZeroLength::setDomain(): Element 5000019 has L= 2.2095, which is greater than the tolerance
WARNING ZeroLength::setDomain(): Element 5000020 has L= 2.34781, which is greater than the tolerance
WARNING ZeroLength::setDomain(): Element 5000021 has L= 2.28278, which is greater than the tolerance
WARNING ZeroLength::setDomain(): Element 5000022 has L= 2.24275, which is greater than the tolerance
WARNING ZeroLength::setDomain(): Element 5000023 has L= 2.12461, which is greater than the tolerance
WARNING ZeroLength::setDomain(): Element 5000024 has L= 2.18941, which is greater than the tolerance
WARNING ZeroLength::setDomain(): Element 5000025 has L= 2.22628, which is greater than the tolerance
WARNING ZeroLength::setDomain(): Element 5000026 has L= 2.22628, which is greater than the tolerance
WARNING ZeroLength::setDomain(): Element 5000027 has L= 2.18941, which is greater than the tolerance
WARNING ZeroLength::setDomain(): Element 5000028 has L= 2.12461, which is greater than the tolerance
WARNING ZeroLength::setDomain(): Element 5000029 has L= 2.24275, which is greater than the tolerance
WARNING ZeroLength::setDomain(): Element 5000030 has L= 2.28278, which is greater than the tolerance
WARNING ZeroLength::setDomain(): Element 5000031 has L= 2.32734, which is greater than the tolerance
WARNING ZeroLength::setDomain(): Element 5000032 has L= 2.33913, which is greater than the tolerance
WARNING ZeroLength::setDomain(): Element 5000033 has L= 2.33825, which is greater than the tolerance
WARNING ZeroLength::setDomain(): Element 5000034 has L= 2.50958, which is greater than the tolerance
WARNING ZeroLength::setDomain(): Element 5000035 has L= 2.64971, which is greater than the tolerance
WARNING ZeroLength::setDomain(): Element 5000036 has L= 2.64971, which is greater than the tolerance
WARNING ZeroLength::setDomain(): Element 5000037 has L= 2.50958, which is greater than the tolerance
WARNING ZeroLength::setDomain(): Element 5000038 has L= 2.33825, which is greater than the tolerance
WARNING ZeroLength::setDomain(): Element 5000039 has L= 2.33913, which is greater than the tolerance
WARNING ZeroLength::setDomain(): Element 5000040 has L= 2.32734, which is greater than the tolerance
WARNING ZeroLength::setDomain(): Element 5000041 has L= 2.38704, which is greater than the tolerance
WARNING ZeroLength::setDomain(): Element 5000042 has L= 2.49488, which is greater than the tolerance
WARNING ZeroLength::setDomain(): Element 5000043 has L= 2.6481, which is greater than the tolerance
WARNING ZeroLength::setDomain(): Element 5000044 has L= 2.81439, which is greater than the tolerance
WARNING ZeroLength::setDomain(): Element 5000045 has L= 2.92, which is greater than the tolerance
WARNING ZeroLength::setDomain(): Element 5000046 has L= 2.92, which is greater than the tolerance
WARNING ZeroLength::setDomain(): Element 5000047 has L= 2.81439, which is greater than the tolerance
WARNING ZeroLength::setDomain(): Element 5000048 has L= 2.6481, which is greater than the tolerance
WARNING ZeroLength::setDomain(): Element 5000049 has L= 2.49488, which is greater than the tolerance
WARNING ZeroLength::setDomain(): Element 5000050 has L= 2.38704, which is greater than the tolerance
WARNING ZeroLength::setDomain(): Element 5000051 has L= 2.32294, which is greater than the tolerance
WARNING ZeroLength::setDomain(): Element 5000052 has L= 2.52279, which is greater than the tolerance
WARNING ZeroLength::setDomain(): Element 5000053 has L= 2.82782, which is greater than the tolerance
WARNING ZeroLength::setDomain(): Element 5000054 has L= 2.90434, which is greater than the tolerance
WARNING ZeroLength::setDomain(): Element 5000055 has L= 2.98816, which is greater than the tolerance
WARNING ZeroLength::setDomain(): Element 5000056 has L= 2.98816, which is greater than the tolerance
WARNING ZeroLength::setDomain(): Element 5000057 has L= 2.90434, which is greater than the tolerance
WARNING ZeroLength::setDomain(): Element 5000058 has L= 2.82782, which is greater than the tolerance
WARNING ZeroLength::setDomain(): Element 5000059 has L= 2.52279, which is greater than the tolerance
WARNING ZeroLength::setDomain(): Element 5000060 has L= 2.32294, which is greater than the tolerance
WARNING ZeroLength::setDomain(): Element 5000061 has L= 2.23161, which is greater than the tolerance
WARNING ZeroLength::setDomain(): Element 5000062 has L= 2.39067, which is greater than the tolerance
WARNING ZeroLength::setDomain(): Element 5000063 has L= 2.74868, which is greater than the tolerance
WARNING ZeroLength::setDomain(): Element 5000064 has L= 2.85417, which is greater than the tolerance
WARNING ZeroLength::setDomain(): Element 5000065 has L= 2.98447, which is greater than the tolerance
WARNING ZeroLength::setDomain(): Element 5000066 has L= 2.98447, which is greater than the tolerance
WARNING ZeroLength::setDomain(): Element 5000067 has L= 2.85417, which is greater than the tolerance
WARNING ZeroLength::setDomain(): Element 5000068 has L= 2.74868, which is greater than the tolerance
WARNING ZeroLength::setDomain(): Element 5000069 has L= 2.39067, which is greater than the tolerance
WARNING ZeroLength::setDomain(): Element 5000070 has L= 2.23161, which is greater than the tolerance
WARNING ZeroLength::setDomain(): Element 5000071 has L= 2.15676, which is greater than the tolerance
WARNING ZeroLength::setDomain(): Element 5000072 has L= 2.3169, which is greater than the tolerance
WARNING ZeroLength::setDomain(): Element 5000073 has L= 2.68622, which is greater than the tolerance
WARNING ZeroLength::setDomain(): Element 5000074 has L= 2.83778, which is greater than the tolerance
WARNING ZeroLength::setDomain(): Element 5000075 has L= 2.94712, which is greater than the tolerance
WARNING ZeroLength::setDomain(): Element 5000076 has L= 2.94712, which is greater than the tolerance
WARNING ZeroLength::setDomain(): Element 5000077 has L= 2.83778, which is greater than the tolerance
WARNING ZeroLength::setDomain(): Element 5000078 has L= 2.68622, which is greater than the tolerance
WARNING ZeroLength::setDomain(): Element 5000079 has L= 2.3169, which is greater than the tolerance
WARNING ZeroLength::setDomain(): Element 5000080 has L= 2.15676, which is greater than the tolerance
WARNING ZeroLength::setDomain(): Element 5000081 has L= 2.12803, which is greater than the tolerance
WARNING ZeroLength::setDomain(): Element 5000082 has L= 2.26125, which is greater than the tolerance
WARNING ZeroLength::setDomain(): Element 5000083 has L= 2.61288, which is greater than the tolerance
WARNING ZeroLength::setDomain(): Element 5000084 has L= 2.79969, which is greater than the tolerance
WARNING ZeroLength::setDomain(): Element 5000085 has L= 2.84575, which is greater than the tolerance
WARNING ZeroLength::setDomain(): Element 5000086 has L= 2.84575, which is greater than the tolerance
WARNING ZeroLength::setDomain(): Element 5000087 has L= 2.79969, which is greater than the tolerance
WARNING ZeroLength::setDomain(): Element 5000088 has L= 2.61288, which is greater than the tolerance
WARNING ZeroLength::setDomain(): Element 5000089 has L= 2.26125, which is greater than the tolerance
WARNING ZeroLength::setDomain(): Element 5000090 has L= 2.12803, which is greater than the tolerance
WARNING ZeroLength::setDomain(): Element 5000091 has L= 7.71929, which is greater than the tolerance
WARNING ZeroLength::setDomain(): Element 5000092 has L= 7.71929, which is greater than the tolerance
WARNING: CTestNormDispIncr::test() - failed to converge 
after: 50 iterations  current Norm: 4.70265e+06 (max: 1e-06, Norm deltaR: 9.49206e+10)
NewtonRaphson::solveCurrentStep() -the ConvergenceTest object failed in test()
StaticAnalysis::analyze() - the Algorithm failed at step: 0 with domain at load factor -3500.6
OpenSees > analyze failed, returned: -3 error flag
WARNING: CTestNormDispIncr::test() - failed to converge 
after: 50 iterations  current Norm: 1772.41 (max: 1e-06, Norm deltaR: 1.31698e+08)
NewtonLineSearch::solveCurrentStep() -the ConvergenceTest object failed in test()
StaticAnalysis::analyze() - the Algorithm failed at step: 0 with domain at load factor -1642.91
OpenSees > analyze failed, returned: -3 error flag
WARNING: CTestNormDispIncr::test() - failed to converge 
after: 50 iterations  current Norm: 104607 (max: 1e-06, Norm deltaR: 2.00655e+09)
AcceleratedNewton::solveCurrentStep() -The ConvergenceTest object failed in test()
StaticAnalysis::analyze() - the Algorithm failed at step: 0 with domain at load factor -2779.07
OpenSees > analyze failed, returned: -3 error flag
WARNING: CTestNormDispIncr::test() - failed to converge 
after: 50 iterations  current Norm: 3.58892e+64 (max: 1e-06, Norm deltaR: 1.25623e+68)
ModifiedNewton::solveCurrentStep() -the ConvergenceTest object failed in test()
StaticAnalysis::analyze() - the Algorithm failed at step: 0 with domain at load factor 1.71935e+63
OpenSees > analyze failed, returned: -3 error flag
WARNING: CTestNormDispIncr::test() - failed to converge 
after: 50 iterations  current Norm: 76640.4 (max: 1e-06, Norm deltaR: 1.60394e+09)
NewtonRaphson::solveCurrentStep() -the ConvergenceTest object failed in test()
StaticAnalysis::analyze() - the Algorithm failed at step: 0 with domain at load factor -10750.8
OpenSees > analyze failed, returned: -3 error flag
WARNING: CTestNormDispIncr::test() - failed to converge 
after: 50 iterations  current Norm: 44729.2 (max: 1e-06, Norm deltaR: 1.26822e+09)
NewtonRaphson::solveCurrentStep() -the ConvergenceTest object failed in test()
StaticAnalysis::analyze() - the Algorithm failed at step: 0 with domain at load factor -3374.31
OpenSees > analyze failed, returned: -3 error flag
WARNING: CTestNormDispIncr::test() - failed to converge 
after: 50 iterations  current Norm: 3426.63 (max: 1e-06, Norm deltaR: 1.10325e+08)
NewtonLineSearch::solveCurrentStep() -the ConvergenceTest object failed in test()
StaticAnalysis::analyze() - the Algorithm failed at step: 0 with domain at load factor 4431.75
OpenSees > analyze failed, returned: -3 error flag
WARNING: CTestNormDispIncr::test() - failed to converge 
after: 50 iterations  current Norm: 25620.1 (max: 1e-06, Norm deltaR: 9.15007e+08)
AcceleratedNewton::solveCurrentStep() -The ConvergenceTest object failed in test()
StaticAnalysis::analyze() - the Algorithm failed at step: 0 with domain at load factor -635.522
OpenSees > analyze failed, returned: -3 error flag
WARNING: CTestNormDispIncr::test() - failed to converge 
after: 50 iterations  current Norm: 8.4037e+66 (max: 1e-06, Norm deltaR: 8.10124e+70)
ModifiedNewton::solveCurrentStep() -the ConvergenceTest object failed in test()
StaticAnalysis::analyze() - the Algorithm failed at step: 0 with domain at load factor 6.28265e+65
OpenSees > analyze failed, returned: -3 error flag
WARNING: CTestNormDispIncr::test() - failed to converge 
after: 50 iterations  current Norm: 34310.5 (max: 1e-06, Norm deltaR: 8.12843e+08)
NewtonRaphson::solveCurrentStep() -the ConvergenceTest object failed in test()
StaticAnalysis::analyze() - the Algorithm failed at step: 0 with domain at load factor 3257.87
OpenSees > analyze failed, returned: -3 error flag
WARNING: CTestNormDispIncr::test() - failed to converge 
after: 50 iterations  current Norm: 16502.1 (max: 1e-06, Norm deltaR: 4.52075e+08)
NewtonRaphson::solveCurrentStep() -the ConvergenceTest object failed in test()
StaticAnalysis::analyze() - the Algorithm failed at step: 0 with domain at load factor 30.8835
OpenSees > analyze failed, returned: -3 error flag
WARNING: CTestNormDispIncr::test() - failed to converge 
after: 50 iterations  current Norm: 4251.06 (max: 1e-06, Norm deltaR: 2.50099e+08)
NewtonLineSearch::solveCurrentStep() -the ConvergenceTest object failed in test()
StaticAnalysis::analyze() - the Algorithm failed at step: 0 with domain at load factor -1551.85
OpenSees > analyze failed, returned: -3 error flag
WARNING: CTestNormDispIncr::test() - failed to converge 
after: 50 iterations  current Norm: 6394.14 (max: 1e-06, Norm deltaR: 2.71704e+08)
AcceleratedNewton::solveCurrentStep() -The ConvergenceTest object failed in test()
StaticAnalysis::analyze() - the Algorithm failed at step: 0 with domain at load factor 1636.8
OpenSees > analyze failed, returned: -3 error flag
WARNING: CTestNormDispIncr::test() - failed to converge 
after: 50 iterations  current Norm: 5.54432e+70 (max: 1e-06, Norm deltaR: 4.88704e+74)
ModifiedNewton::solveCurrentStep() -the ConvergenceTest object failed in test()
StaticAnalysis::analyze() - the Algorithm failed at step: 0 with domain at load factor -2.34321e+67
OpenSees > analyze failed, returned: -3 error flag
WARNING: CTestNormDispIncr::test() - failed to converge 
after: 50 iterations  current Norm: 54223.7 (max: 1e-06, Norm deltaR: 9.31309e+08)
NewtonRaphson::solveCurrentStep() -the ConvergenceTest object failed in test()
StaticAnalysis::analyze() - the Algorithm failed at step: 0 with domain at load factor 3488.81
OpenSees > analyze failed, returned: -3 error flag
WARNING: CTestNormDispIncr::test() - failed to converge 
after: 50 iterations  current Norm: 28699.4 (max: 1e-06, Norm deltaR: 2.97907e+08)
NewtonLineSearch::solveCurrentStep() -the ConvergenceTest object failed in test()
StaticAnalysis::analyze() - the Algorithm failed at step: 0 with domain at load factor 2408.88
OpenSees > analyze failed, returned: -3 error flag
WARNING: CTestNormDispIncr::test() - failed to converge 
after: 50 iterations  current Norm: 8691.69 (max: 1e-06, Norm deltaR: 1.80351e+08)
AcceleratedNewton::solveCurrentStep() -The ConvergenceTest object failed in test()
StaticAnalysis::analyze() - the Algorithm failed at step: 0 with domain at load factor 32.5773
OpenSees > analyze failed, returned: -3 error flag
WARNING: CTestNormDispIncr::test() - failed to converge 
after: 50 iterations  current Norm: 1.85116e+68 (max: 1e-06, Norm deltaR: 1.60747e+72)
ModifiedNewton::solveCurrentStep() -the ConvergenceTest object failed in test()
StaticAnalysis::analyze() - the Algorithm failed at step: 0 with domain at load factor -2.44582e+67
OpenSees > analyze failed, returned: -3 error flag
WARNING: CTestNormDispIncr::test() - failed to converge 
after: 50 iterations  current Norm: 14410.2 (max: 1e-06, Norm deltaR: 3.35894e+08)
NewtonRaphson::solveCurrentStep() -the ConvergenceTest object failed in test()
StaticAnalysis::analyze() - the Algorithm failed at step: 0 with domain at load factor -2361.53
OpenSees > analyze failed, returned: -3 error flag
WARNING ZeroLength::setDomain(): Element 5000093 has L= 7.79407, which is greater than the tolerance
WARNING ZeroLength::setDomain(): Element 5000094 has L= 7.95194, which is greater than the tolerance
WARNING ZeroLength::setDomain(): Element 5000095 has L= 47.6245, which is greater than the tolerance
WARNING ZeroLength::setDomain(): Element 5000096 has L= 51.1109, which is greater than the tolerance
WARNING ZeroLength::setDomain(): Element 5000097 has L= 7.64822, which is greater than the tolerance
WARNING: CTestNormDispIncr::test() - failed to converge 
after: 50 iterations  current Norm: 39573.8 (max: 1e-06, Norm deltaR: 9.03445e+08)
NewtonRaphson::solveCurrentStep() -the ConvergenceTest object failed in test()
StaticAnalysis::analyze() - the Algorithm failed at step: 0 with domain at load factor 6211.09
OpenSees > analyze failed, returned: -3 error flag
WARNING: CTestNormDispIncr::test() - failed to converge 
after: 50 iterations  current Norm: 4.95413 (max: 1e-06, Norm deltaR: 1.66535e+06)
NewtonLineSearch::solveCurrentStep() -the ConvergenceTest object failed in test()
StaticAnalysis::analyze() - the Algorithm failed at step: 0 with domain at load factor 282.746
OpenSees > analyze failed, returned: -3 error flag
WARNING: CTestNormDispIncr::test() - failed to converge 
after: 50 iterations  current Norm: 16408.4 (max: 1e-06, Norm deltaR: 8.47395e+08)
AcceleratedNewton::solveCurrentStep() -The ConvergenceTest object failed in test()
StaticAnalysis::analyze() - the Algorithm failed at step: 0 with domain at load factor 8530.23
OpenSees > analyze failed, returned: -3 error flag
WARNING: CTestNormDispIncr::test() - failed to converge 
after: 50 iterations  current Norm: 2.23709e+74 (max: 1e-06, Norm deltaR: 1.66602e+78)
ModifiedNewton::solveCurrentStep() -the ConvergenceTest object failed in test()
StaticAnalysis::analyze() - the Algorithm failed at step: 0 with domain at load factor -3.15272e+73
OpenSees > analyze failed, returned: -3 error flag
WARNING: CTestNormDispIncr::test() - failed to converge 
after: 50 iterations  current Norm: 26012.1 (max: 1e-06, Norm deltaR: 5.48536e+08)
NewtonRaphson::solveCurrentStep() -the ConvergenceTest object failed in test()
StaticAnalysis::analyze() - the Algorithm failed at step: 0 with domain at load factor -2067.03
OpenSees > analyze failed, returned: -3 error flag
WARNING ZeroLength::setDomain(): Element 5000098 has L= 47.8236, which is greater than the tolerance
WARNING ZeroLength::setDomain(): Element 5000099 has L= 51.3323, which is greater than the tolerance
WARNING ZeroLength::setDomain(): Element 5000100 has L= 55.0013, which is greater than the tolerance
WARNING ZeroLength::setDomain(): Element 5000101 has L= 8.10444, which is greater than the tolerance
WARNING ZeroLength::setDomain(): Element 5000102 has L= 54.9943, which is greater than the tolerance
WARNING: CTestNormDispIncr::test() - failed to converge 
after: 50 iterations  current Norm: 30468.3 (max: 1e-06, Norm deltaR: 1.44901e+08)
NewtonRaphson::solveCurrentStep() -the ConvergenceTest object failed in test()
StaticAnalysis::analyze() - the Algorithm failed at step: 0 with domain at load factor -868.233
OpenSees > analyze failed, returned: -3 error flag
WARNING ZeroLength::setDomain(): Element 5000103 has L= 46.5771, which is greater than the tolerance
WARNING ZeroLength::setDomain(): Element 5000104 has L= 49.8072, which is greater than the tolerance
WARNING ZeroLength::setDomain(): Element 5000105 has L= 7.49322, which is greater than the tolerance
WARNING: CTestNormDispIncr::test() - failed to converge 
after: 50 iterations  current Norm: 35817.5 (max: 1e-06, Norm deltaR: 4.10691e+08)
NewtonRaphson::solveCurrentStep() -the ConvergenceTest object failed in test()
StaticAnalysis::analyze() - the Algorithm failed at step: 0 with domain at load factor -326.407
OpenSees > analyze failed, returned: -3 error flag
WARNING ZeroLength::setDomain(): Element 5000106 has L= 7.79407, which is greater than the tolerance
WARNING ZeroLength::setDomain(): Element 5000107 has L= 53.1158, which is greater than the tolerance
WARNING: CTestNormDispIncr::test() - failed to converge 
after: 50 iterations  current Norm: 24089.5 (max: 1e-06, Norm deltaR: 4.03559e+08)
NewtonRaphson::solveCurrentStep() -the ConvergenceTest object failed in test()
StaticAnalysis::analyze() - the Algorithm failed at step: 0 with domain at load factor -3972.78
OpenSees > analyze failed, returned: -3 error flag
WARNING ZeroLength::setDomain(): Element 5000108 has L= 59.1025, which is greater than the tolerance
WARNING ZeroLength::setDomain(): Element 5000109 has L= 7.95194, which is greater than the tolerance
WARNING ZeroLength::setDomain(): Element 5000110 has L= 20.962, which is greater than the tolerance
WARNING ZeroLength::setDomain(): Element 5000111 has L= 58.6535, which is greater than the tolerance
WARNING ZeroLength::setDomain(): Element 5000112 has L= 55.395, which is greater than the tolerance
WARNING ZeroLength::setDomain(): Element 5000113 has L= 21.3661, which is greater than the tolerance
WARNING ZeroLength::setDomain(): Element 5000114 has L= 8.10444, which is greater than the tolerance
WARNING ZeroLength::setDomain(): Element 5000115 has L= 59.9132, which is greater than the tolerance
WARNING ZeroLength::setDomain(): Element 5000116 has L= 7.64822, which is greater than the tolerance
WARNING ZeroLength::setDomain(): Element 5000117 has L= 63.4639, which is greater than the tolerance
WARNING ZeroLength::setDomain(): Element 5000118 has L= 62.4792, which is greater than the tolerance
WARNING ZeroLength::setDomain(): Element 5000119 has L= 56.3158, which is greater than the tolerance
WARNING ZeroLength::setDomain(): Element 5000120 has L= 7.93427, which is greater than the tolerance
WARNING ZeroLength::setDomain(): Element 5000121 has L= 64.5461, which is greater than the tolerance
WARNING ZeroLength::setDomain(): Element 5000122 has L= 20.962, which is greater than the tolerance
WARNING ZeroLength::setDomain(): Element 5000123 has L= 8.27274, which is greater than the tolerance
WARNING ZeroLength::setDomain(): Element 5000124 has L= 17.2946, which is greater than the tolerance
WARNING ZeroLength::setDomain(): Element 5000125 has L= 9.67614, which is greater than the tolerance
WARNING ZeroLength::setDomain(): Element 5000126 has L= 17.6992, which is greater than the tolerance
WARNING ZeroLength::setDomain(): Element 5000127 has L= 21.8151, which is greater than the tolerance
WARNING ZeroLength::setDomain(): Element 5000128 has L= 20.5685, which is greater than the tolerance
WARNING ZeroLength::setDomain(): Element 5000129 has L= 7.31892, which is greater than the tolerance
WARNING ZeroLength::setDomain(): Element 5000130 has L= 55.1789, which is greater than the tolerance
WARNING ZeroLength::setDomain(): Element 5000131 has L= 18.0751, which is greater than the tolerance
WARNING ZeroLength::setDomain(): Element 5000132 has L= 8.47176, which is greater than the tolerance
WARNING ZeroLength::setDomain(): Element 5000133 has L= 62.6781, which is greater than the tolerance
WARNING ZeroLength::setDomain(): Element 5000134 has L= 57.832, which is greater than the tolerance
WARNING ZeroLength::setDomain(): Element 5000135 has L= 60.6077, which is greater than the tolerance
WARNING ZeroLength::setDomain(): Element 5000136 has L= 7.1637, which is greater than the tolerance
WARNING ZeroLength::setDomain(): Element 5000137 has L= 58.5801, which is greater than the tolerance
WARNING ZeroLength::setDomain(): Element 5000138 has L= 61.5952, which is greater than the tolerance
WARNING ZeroLength::setDomain(): Element 5000139 has L= 7.49322, which is greater than the tolerance
WARNING ZeroLength::setDomain(): Element 5000140 has L= 7.31892, which is greater than the tolerance
WARNING: CTestNormDispIncr::test() - failed to converge 
after: 50 iterations  current Norm: 54099.6 (max: 1e-06, Norm deltaR: 6.87037e+07)
NewtonRaphson::solveCurrentStep() -the ConvergenceTest object failed in test()
StaticAnalysis::analyze() - the Algorithm failed at step: 0 with domain at load factor 677.972
OpenSees > analyze failed, returned: -3 error flag
WARNING: CTestNormDispIncr::test() - failed to converge 
after: 50 iterations  current Norm: 3557.58 (max: 1e-06, Norm deltaR: 1.44406e+08)
NewtonLineSearch::solveCurrentStep() -the ConvergenceTest object failed in test()
StaticAnalysis::analyze() - the Algorithm failed at step: 0 with domain at load factor 4599.84
OpenSees > analyze failed, returned: -3 error flag
WARNING: CTestNormDispIncr::test() - failed to converge 
after: 50 iterations  current Norm: 0.271933 (max: 1e-06, Norm deltaR: 43502.1)
AcceleratedNewton::solveCurrentStep() -The ConvergenceTest object failed in test()
StaticAnalysis::analyze() - the Algorithm failed at step: 0 with domain at load factor 575.993
OpenSees > analyze failed, returned: -3 error flag
WARNING: CTestNormDispIncr::test() - failed to converge 
after: 50 iterations  current Norm: 5.78818e+72 (max: 1e-06, Norm deltaR: 5.53972e+76)
ModifiedNewton::solveCurrentStep() -the ConvergenceTest object failed in test()
StaticAnalysis::analyze() - the Algorithm failed at step: 0 with domain at load factor 7.17556e+70
OpenSees > analyze failed, returned: -3 error flag
WARNING ZeroLength::setDomain(): Element 5000141 has L= 22.3247, which is greater than the tolerance
WARNING ZeroLength::setDomain(): Element 5000142 has L= 69.1452, which is greater than the tolerance
WARNING: CTestNormDispIncr::test() - failed to converge 
after: 50 iterations  current Norm: 460036 (max: 1e-06, Norm deltaR: 2.30799e+08)
NewtonRaphson::solveCurrentStep() -the ConvergenceTest object failed in test()
StaticAnalysis::analyze() - the Algorithm failed at step: 0 with domain at load factor 592.009
OpenSees > analyze failed, returned: -3 error flag
WARNING ZeroLength::setDomain(): Element 5000143 has L= 59.8282, which is greater than the tolerance
WARNING ZeroLength::setDomain(): Element 5000144 has L= 8.27274, which is greater than the tolerance
WARNING ZeroLength::setDomain(): Element 5000145 has L= 16.1947, which is greater than the tolerance
WARNING ZeroLength::setDomain(): Element 5000146 has L= 64.5988, which is greater than the tolerance
WARNING ZeroLength::setDomain(): Element 5000147 has L= 9.904, which is greater than the tolerance
WARNING ZeroLength::setDomain(): Element 5000148 has L= 67.4733, which is greater than the tolerance
WARNING ZeroLength::setDomain(): Element 5000149 has L= 16.5375, which is greater than the tolerance
WARNING ZeroLength::setDomain(): Element 5000150 has L= 15.8888, which is greater than the tolerance
WARNING ZeroLength::setDomain(): Element 5000151 has L= 8.66872, which is greater than the tolerance
WARNING ZeroLength::setDomain(): Element 5000152 has L= 10.4266, which is greater than the tolerance
WARNING ZeroLength::setDomain(): Element 5000153 has L= 49.5534, which is greater than the tolerance
WARNING ZeroLength::setDomain(): Element 5000154 has L= 56.3696, which is greater than the tolerance
WARNING ZeroLength::setDomain(): Element 5000155 has L= 34.9803, which is greater than the tolerance
WARNING ZeroLength::setDomain(): Element 5000156 has L= 57.7652, which is greater than the tolerance
WARNING ZeroLength::setDomain(): Element 5000157 has L= 20.5685, which is greater than the tolerance
WARNING ZeroLength::setDomain(): Element 5000158 has L= 16.8861, which is greater than the tolerance
WARNING ZeroLength::setDomain(): Element 5000159 has L= 56.6825, which is greater than the tolerance
WARNING ZeroLength::setDomain(): Element 5000160 has L= 20.1436, which is greater than the tolerance
WARNING ZeroLength::setDomain(): Element 5000161 has L= 50.0257, which is greater than the tolerance
WARNING ZeroLength::setDomain(): Element 5000162 has L= 20.1436, which is greater than the tolerance
WARNING ZeroLength::setDomain(): Element 5000163 has L= 7.04611, which is greater than the tolerance
WARNING ZeroLength::setDomain(): Element 5000164 has L= 55.0039, which is greater than the tolerance
WARNING ZeroLength::setDomain(): Element 5000165 has L= 27.9592, which is greater than the tolerance
WARNING ZeroLength::setDomain(): Element 5000166 has L= 54.0873, which is greater than the tolerance
WARNING ZeroLength::setDomain(): Element 5000167 has L= 65.3175, which is greater than the tolerance
WARNING ZeroLength::setDomain(): Element 5000168 has L= 49.4471, which is greater than the tolerance
WARNING ZeroLength::setDomain(): Element 5000169 has L= 18.4115, which is greater than the tolerance
WARNING ZeroLength::setDomain(): Element 5000170 has L= 59.7055, which is greater than the tolerance
WARNING ZeroLength::setDomain(): Element 5000171 has L= 62.4899, which is greater than the tolerance
WARNING ZeroLength::setDomain(): Element 5000172 has L= 66.8279, which is greater than the tolerance
WARNING ZeroLength::setDomain(): Element 5000173 has L= 55.0382, which is greater than the tolerance
WARNING ZeroLength::setDomain(): Element 5000174 has L= 50.8247, which is greater than the tolerance
WARNING ZeroLength::setDomain(): Element 5000175 has L= 53.1381, which is greater than the tolerance
WARNING ZeroLength::setDomain(): Element 5000176 has L= 22.7459, which is greater than the tolerance
WARNING ZeroLength::setDomain(): Element 5000177 has L= 28.6697, which is greater than the tolerance
WARNING ZeroLength::setDomain(): Element 5000178 has L= 17.2946, which is greater than the tolerance
WARNING ZeroLength::setDomain(): Element 5000179 has L= 67.6947, which is greater than the tolerance
WARNING ZeroLength::setDomain(): Element 5000180 has L= 16.8861, which is greater than the tolerance
WARNING ZeroLength::setDomain(): Element 5000181 has L= 26.1655, which is greater than the tolerance
WARNING ZeroLength::setDomain(): Element 5000182 has L= 68.1848, which is greater than the tolerance
WARNING ZeroLength::setDomain(): Element 5000183 has L= 62.1938, which is greater than the tolerance
WARNING ZeroLength::setDomain(): Element 5000184 has L= 8.82156, which is greater than the tolerance
WARNING ZeroLength::setDomain(): Element 5000185 has L= 57.3956, which is greater than the tolerance
