WARNING ZeroLength::setDomain(): Element 5000001 has L= 2.48999, which is greater than the tolerance
WARNING ZeroLength::setDomain(): Element 5000002 has L= 2.23657, which is greater than the tolerance
WARNING ZeroLength::setDomain(): Element 5000003 has L= 1.83132, which is greater than the tolerance
WARNING ZeroLength::setDomain(): Element 5000004 has L= 1.83297, which is greater than the tolerance
WARNING ZeroLength::setDomain(): Element 5000005 has L= 1.7683, which is greater than the tolerance
WARNING ZeroLength::setDomain(): Element 5000006 has L= 1.7683, which is greater than the tolerance
WARNING ZeroLength::setDomain(): Element 5000007 has L= 1.83297, which is greater than the tolerance
WARNING ZeroLength::setDomain(): Element 5000008 has L= 1.83132, which is greater than the tolerance
WARNING ZeroLength::setDomain(): Element 5000009 has L= 2.23657, which is greater than the tolerance
WARNING ZeroLength::setDomain(): Element 5000010 has L= 2.48999, which is greater than the tolerance
WARNING ZeroLength::setDomain(): Element 5000011 has L= 2.34328, which is greater than the tolerance
WARNING ZeroLength::setDomain(): Element 5000012 has L= 2.20495, which is greater than the tolerance
WARNING ZeroLength::setDomain(): Element 5000013 has L= 1.94622, which is greater than the tolerance
WARNING ZeroLength::setDomain(): Element 5000014 has L= 1.97185, which is greater than the tolerance
WARNING ZeroLength::setDomain(): Element 5000015 has L= 1.95956, which is greater than the tolerance
WARNING ZeroLength::setDomain(): Element 5000016 has L= 1.95956, which is greater than the tolerance
WARNING ZeroLength::setDomain(): Element 5000017 has L= 1.97185, which is greater than the tolerance
WARNING ZeroLength::setDomain(): Element 5000018 has L= 1.94622, which is greater than the tolerance
WARNING ZeroLength::setDomain(): Element 5000019 has L= 2.20495, which is greater than the tolerance
WARNING ZeroLength::setDomain(): Element 5000020 has L= 2.34328, which is greater than the tolerance
WARNING ZeroLength::setDomain(): Element 5000021 has L= 2.27824, which is greater than the tolerance
WARNING ZeroLength::setDomain(): Element 5000022 has L= 2.2382, which is greater than the tolerance
WARNING ZeroLength::setDomain(): Element 5000023 has L= 2.12005, which is greater than the tolerance
WARNING ZeroLength::setDomain(): Element 5000024 has L= 2.18485, which is greater than the tolerance
WARNING ZeroLength::setDomain(): Element 5000025 has L= 2.22173, which is greater than the tolerance
WARNING ZeroLength::setDomain(): Element 5000026 has L= 2.22173, which is greater than the tolerance
WARNING ZeroLength::setDomain(): Element 5000027 has L= 2.18485, which is greater than the tolerance
WARNING ZeroLength::setDomain(): Element 5000028 has L= 2.12005, which is greater than the tolerance
WARNING ZeroLength::setDomain(): Element 5000029 has L= 2.2382, which is greater than the tolerance
WARNING ZeroLength::setDomain(): Element 5000030 has L= 2.27824, which is greater than the tolerance
WARNING ZeroLength::setDomain(): Element 5000031 has L= 2.32278, which is greater than the tolerance
WARNING ZeroLength::setDomain(): Element 5000032 has L= 2.33457, which is greater than the tolerance
WARNING ZeroLength::setDomain(): Element 5000033 has L= 2.33369, which is greater than the tolerance
WARNING ZeroLength::setDomain(): Element 5000034 has L= 2.50502, which is greater than the tolerance
WARNING ZeroLength::setDomain(): Element 5000035 has L= 2.64515, which is greater than the tolerance
WARNING ZeroLength::setDomain(): Element 5000036 has L= 2.64515, which is greater than the tolerance
WARNING ZeroLength::setDomain(): Element 5000037 has L= 2.50502, which is greater than the tolerance
WARNING ZeroLength::setDomain(): Element 5000038 has L= 2.33369, which is greater than the tolerance
WARNING ZeroLength::setDomain(): Element 5000039 has L= 2.33457, which is greater than the tolerance
WARNING ZeroLength::setDomain(): Element 5000040 has L= 2.32278, which is greater than the tolerance
WARNING ZeroLength::setDomain(): Element 5000041 has L= 2.38248, which is greater than the tolerance
WARNING ZeroLength::setDomain(): Element 5000042 has L= 2.49032, which is greater than the tolerance
WARNING ZeroLength::setDomain(): Element 5000043 has L= 2.64354, which is greater than the tolerance
WARNING ZeroLength::setDomain(): Element 5000044 has L= 2.80983, which is greater than the tolerance
WARNING ZeroLength::setDomain(): Element 5000045 has L= 2.91544, which is greater than the tolerance
WARNING ZeroLength::setDomain(): Element 5000046 has L= 2.91544, which is greater than the tolerance
WARNING ZeroLength::setDomain(): Element 5000047 has L= 2.80983, which is greater than the tolerance
WARNING ZeroLength::setDomain(): Element 5000048 has L= 2.64354, which is greater than the tolerance
WARNING ZeroLength::setDomain(): Element 5000049 has L= 2.49032, which is greater than the tolerance
WARNING ZeroLength::setDomain(): Element 5000050 has L= 2.38248, which is greater than the tolerance
WARNING ZeroLength::setDomain(): Element 5000051 has L= 2.31838, which is greater than the tolerance
WARNING ZeroLength::setDomain(): Element 5000052 has L= 2.51823, which is greater than the tolerance
WARNING ZeroLength::setDomain(): Element 5000053 has L= 2.82326, which is greater than the tolerance
WARNING ZeroLength::setDomain(): Element 5000054 has L= 2.89978, which is greater than the tolerance
WARNING ZeroLength::setDomain(): Element 5000055 has L= 2.9836, which is greater than the tolerance
WARNING ZeroLength::setDomain(): Element 5000056 has L= 2.9836, which is greater than the tolerance
WARNING ZeroLength::setDomain(): Element 5000057 has L= 2.89978, which is greater than the tolerance
WARNING ZeroLength::setDomain(): Element 5000058 has L= 2.82326, which is greater than the tolerance
WARNING ZeroLength::setDomain(): Element 5000059 has L= 2.51823, which is greater than the tolerance
WARNING ZeroLength::setDomain(): Element 5000060 has L= 2.31838, which is greater than the tolerance
WARNING ZeroLength::setDomain(): Element 5000061 has L= 2.22706, which is greater than the tolerance
WARNING ZeroLength::setDomain(): Element 5000062 has L= 2.38611, which is greater than the tolerance
WARNING ZeroLength::setDomain(): Element 5000063 has L= 2.74412, which is greater than the tolerance
WARNING ZeroLength::setDomain(): Element 5000064 has L= 2.84961, which is greater than the tolerance
WARNING ZeroLength::setDomain(): Element 5000065 has L= 2.97991, which is greater than the tolerance
WARNING ZeroLength::setDomain(): Element 5000066 has L= 2.97991, which is greater than the tolerance
WARNING ZeroLength::setDomain(): Element 5000067 has L= 2.84961, which is greater than the tolerance
WARNING ZeroLength::setDomain(): Element 5000068 has L= 2.74412, which is greater than the tolerance
WARNING ZeroLength::setDomain(): Element 5000069 has L= 2.38611, which is greater than the tolerance
WARNING ZeroLength::setDomain(): Element 5000070 has L= 2.22706, which is greater than the tolerance
WARNING ZeroLength::setDomain(): Element 5000071 has L= 2.15221, which is greater than the tolerance
WARNING ZeroLength::setDomain(): Element 5000072 has L= 2.31234, which is greater than the tolerance
WARNING ZeroLength::setDomain(): Element 5000073 has L= 2.68166, which is greater than the tolerance
WARNING ZeroLength::setDomain(): Element 5000074 has L= 2.83322, which is greater than the tolerance
WARNING ZeroLength::setDomain(): Element 5000075 has L= 2.94256, which is greater than the tolerance
WARNING ZeroLength::setDomain(): Element 5000076 has L= 2.94256, which is greater than the tolerance
WARNING ZeroLength::setDomain(): Element 5000077 has L= 2.83322, which is greater than the tolerance
WARNING ZeroLength::setDomain(): Element 5000078 has L= 2.68166, which is greater than the tolerance
WARNING ZeroLength::setDomain(): Element 5000079 has L= 2.31234, which is greater than the tolerance
WARNING ZeroLength::setDomain(): Element 5000080 has L= 2.15221, which is greater than the tolerance
WARNING ZeroLength::setDomain(): Element 5000081 has L= 2.12347, which is greater than the tolerance
WARNING ZeroLength::setDomain(): Element 5000082 has L= 2.25669, which is greater than the tolerance
WARNING ZeroLength::setDomain(): Element 5000083 has L= 2.60832, which is greater than the tolerance
WARNING ZeroLength::setDomain(): Element 5000084 has L= 2.79513, which is greater than the tolerance
WARNING ZeroLength::setDomain(): Element 5000085 has L= 2.84119, which is greater than the tolerance
WARNING ZeroLength::setDomain(): Element 5000086 has L= 2.84119, which is greater than the tolerance
WARNING ZeroLength::setDomain(): Element 5000087 has L= 2.79513, which is greater than the tolerance
WARNING ZeroLength::setDomain(): Element 5000088 has L= 2.60832, which is greater than the tolerance
WARNING ZeroLength::setDomain(): Element 5000089 has L= 2.25669, which is greater than the tolerance
WARNING ZeroLength::setDomain(): Element 5000090 has L= 2.12347, which is greater than the tolerance
WARNING: CTestNormDispIncr::test() - failed to converge 
after: 50 iterations  current Norm: 26863.3 (max: 1e-06, Norm deltaR: 5.90795e+08)
NewtonRaphson::solveCurrentStep() -the ConvergenceTest object failed in test()
StaticAnalysis::analyze() - the Algorithm failed at step: 0 with domain at load factor 2822.25
OpenSees > analyze failed, returned: -3 error flag
WARNING: CTestNormDispIncr::test() - failed to converge 
after: 50 iterations  current Norm: 204000 (max: 1e-06, Norm deltaR: 6.94244e+09)
NewtonRaphson::solveCurrentStep() -the ConvergenceTest object failed in test()
StaticAnalysis::analyze() - the Algorithm failed at step: 0 with domain at load factor -57222.6
OpenSees > analyze failed, returned: -3 error flag
WARNING: CTestNormDispIncr::test() - failed to converge 
after: 50 iterations  current Norm: 2633.42 (max: 1e-06, Norm deltaR: 1.99178e+08)
NewtonLineSearch::solveCurrentStep() -the ConvergenceTest object failed in test()
StaticAnalysis::analyze() - the Algorithm failed at step: 0 with domain at load factor 2457.82
OpenSees > analyze failed, returned: -3 error flag
WARNING: CTestNormDispIncr::test() - failed to converge 
after: 50 iterations  current Norm: 18809.2 (max: 1e-06, Norm deltaR: 3.91358e+08)
AcceleratedNewton::solveCurrentStep() -The ConvergenceTest object failed in test()
StaticAnalysis::analyze() - the Algorithm failed at step: 0 with domain at load factor 537.95
OpenSees > analyze failed, returned: -3 error flag
WARNING: CTestNormDispIncr::test() - failed to converge 
after: 50 iterations  current Norm: 1.82957e+66 (max: 1e-06, Norm deltaR: 5.26769e+69)
ModifiedNewton::solveCurrentStep() -the ConvergenceTest object failed in test()
StaticAnalysis::analyze() - the Algorithm failed at step: 0 with domain at load factor -1.53405e+65
OpenSees > analyze failed, returned: -3 error flag
WARNING: CTestNormDispIncr::test() - failed to converge 
after: 50 iterations  current Norm: 148817 (max: 1e-06, Norm deltaR: 2.36064e+09)
NewtonRaphson::solveCurrentStep() -the ConvergenceTest object failed in test()
StaticAnalysis::analyze() - the Algorithm failed at step: 0 with domain at load factor -27777.8
OpenSees > analyze failed, returned: -3 error flag
WARNING: CTestNormDispIncr::test() - failed to converge 
after: 50 iterations  current Norm: 2775.74 (max: 1e-06, Norm deltaR: 1.5815e+08)
NewtonLineSearch::solveCurrentStep() -the ConvergenceTest object failed in test()
StaticAnalysis::analyze() - the Algorithm failed at step: 0 with domain at load factor 3058.32
OpenSees > analyze failed, returned: -3 error flag
WARNING: CTestNormDispIncr::test() - failed to converge 
after: 50 iterations  current Norm: 17085.5 (max: 1e-06, Norm deltaR: 3.23301e+08)
NewtonRaphson::solveCurrentStep() -the ConvergenceTest object failed in test()
StaticAnalysis::analyze() - the Algorithm failed at step: 0 with domain at load factor 542.916
OpenSees > analyze failed, returned: -3 error flag
WARNING: CTestNormDispIncr::test() - failed to converge 
after: 50 iterations  current Norm: 1728.86 (max: 1e-06, Norm deltaR: 8.89464e+07)
NewtonLineSearch::solveCurrentStep() -the ConvergenceTest object failed in test()
StaticAnalysis::analyze() - the Algorithm failed at step: 0 with domain at load factor 292.857
OpenSees > analyze failed, returned: -3 error flag
WARNING: CTestNormDispIncr::test() - failed to converge 
after: 50 iterations  current Norm: 23503.6 (max: 1e-06, Norm deltaR: 9.95586e+07)
AcceleratedNewton::solveCurrentStep() -The ConvergenceTest object failed in test()
StaticAnalysis::analyze() - the Algorithm failed at step: 0 with domain at load factor -133.242
OpenSees > analyze failed, returned: -3 error flag
WARNING: CTestNormDispIncr::test() - failed to converge 
after: 50 iterations  current Norm: 1.76436e+68 (max: 1e-06, Norm deltaR: 1.58067e+72)
ModifiedNewton::solveCurrentStep() -the ConvergenceTest object failed in test()
StaticAnalysis::analyze() - the Algorithm failed at step: 0 with domain at load factor -4.35524e+67
OpenSees > analyze failed, returned: -3 error flag
WARNING: CTestNormDispIncr::test() - failed to converge 
after: 50 iterations  current Norm: 24474.5 (max: 1e-06, Norm deltaR: 6.32574e+08)
NewtonRaphson::solveCurrentStep() -the ConvergenceTest object failed in test()
StaticAnalysis::analyze() - the Algorithm failed at step: 0 with domain at load factor 7376.28
OpenSees > analyze failed, returned: -3 error flag
WARNING: CTestNormDispIncr::test() - failed to converge 
after: 50 iterations  current Norm: 38907.3 (max: 1e-06, Norm deltaR: 8.43716e+08)
NewtonRaphson::solveCurrentStep() -the ConvergenceTest object failed in test()
StaticAnalysis::analyze() - the Algorithm failed at step: 0 with domain at load factor 6657.66
OpenSees > analyze failed, returned: -3 error flag
WARNING: CTestNormDispIncr::test() - failed to converge 
after: 50 iterations  current Norm: 2364.82 (max: 1e-06, Norm deltaR: 1.11601e+08)
NewtonLineSearch::solveCurrentStep() -the ConvergenceTest object failed in test()
StaticAnalysis::analyze() - the Algorithm failed at step: 0 with domain at load factor -4601.35
OpenSees > analyze failed, returned: -3 error flag
WARNING: CTestNormDispIncr::test() - failed to converge 
after: 50 iterations  current Norm: 3413.18 (max: 1e-06, Norm deltaR: 2.36069e+08)
AcceleratedNewton::solveCurrentStep() -The ConvergenceTest object failed in test()
StaticAnalysis::analyze() - the Algorithm failed at step: 0 with domain at load factor -355.182
OpenSees > analyze failed, returned: -3 error flag
WARNING: CTestNormDispIncr::test() - failed to converge 
after: 50 iterations  current Norm: 7.26323e+71 (max: 1e-06, Norm deltaR: 6.39285e+75)
ModifiedNewton::solveCurrentStep() -the ConvergenceTest object failed in test()
StaticAnalysis::analyze() - the Algorithm failed at step: 0 with domain at load factor -6.0392e+70
OpenSees > analyze failed, returned: -3 error flag
WARNING: CTestNormDispIncr::test() - failed to converge 
after: 50 iterations  current Norm: 36043.4 (max: 1e-06, Norm deltaR: 9.07462e+08)
NewtonRaphson::solveCurrentStep() -the ConvergenceTest object failed in test()
StaticAnalysis::analyze() - the Algorithm failed at step: 0 with domain at load factor 5943.97
OpenSees > analyze failed, returned: -3 error flag
WARNING: CTestNormDispIncr::test() - failed to converge 
after: 50 iterations  current Norm: 217103 (max: 1e-06, Norm deltaR: 6.16291e+07)
NewtonRaphson::solveCurrentStep() -the ConvergenceTest object failed in test()
StaticAnalysis::analyze() - the Algorithm failed at step: 0 with domain at load factor -499.006
OpenSees > analyze failed, returned: -3 error flag
WARNING: CTestNormDispIncr::test() - failed to converge 
after: 50 iterations  current Norm: 11787.6 (max: 1e-06, Norm deltaR: 7.86327e+07)
NewtonLineSearch::solveCurrentStep() -the ConvergenceTest object failed in test()
StaticAnalysis::analyze() - the Algorithm failed at step: 0 with domain at load factor 436.527
OpenSees > analyze failed, returned: -3 error flag
WARNING: CTestNormDispIncr::test() - failed to converge 
after: 50 iterations  current Norm: 84907.3 (max: 1e-06, Norm deltaR: 1.88023e+09)
AcceleratedNewton::solveCurrentStep() -The ConvergenceTest object failed in test()
StaticAnalysis::analyze() - the Algorithm failed at step: 0 with domain at load factor 268.475
OpenSees > analyze failed, returned: -3 error flag
WARNING: CTestNormDispIncr::test() - failed to converge 
after: 50 iterations  current Norm: 1.27606e+68 (max: 1e-06, Norm deltaR: 1.06919e+72)
ModifiedNewton::solveCurrentStep() -the ConvergenceTest object failed in test()
StaticAnalysis::analyze() - the Algorithm failed at step: 0 with domain at load factor -8.39519e+66
OpenSees > analyze failed, returned: -3 error flag
WARNING: CTestNormDispIncr::test() - failed to converge 
after: 50 iterations  current Norm: 28044.4 (max: 1e-06, Norm deltaR: 1.68993e+08)
NewtonRaphson::solveCurrentStep() -the ConvergenceTest object failed in test()
StaticAnalysis::analyze() - the Algorithm failed at step: 0 with domain at load factor -259.212
OpenSees > analyze failed, returned: -3 error flag
WARNING: CTestNormDispIncr::test() - failed to converge 
after: 50 iterations  current Norm: 3011.12 (max: 1e-06, Norm deltaR: 1.21088e+08)
NewtonLineSearch::solveCurrentStep() -the ConvergenceTest object failed in test()
StaticAnalysis::analyze() - the Algorithm failed at step: 0 with domain at load factor -7645.57
OpenSees > analyze failed, returned: -3 error flag
WARNING: CTestNormDispIncr::test() - failed to converge 
after: 50 iterations  current Norm: 17707.7 (max: 1e-06, Norm deltaR: 2.87233e+08)
AcceleratedNewton::solveCurrentStep() -The ConvergenceTest object failed in test()
StaticAnalysis::analyze() - the Algorithm failed at step: 0 with domain at load factor 1943.44
OpenSees > analyze failed, returned: -3 error flag
WARNING: CTestNormDispIncr::test() - failed to converge 
after: 50 iterations  current Norm: 2.69133e+69 (max: 1e-06, Norm deltaR: 2.28971e+73)
ModifiedNewton::solveCurrentStep() -the ConvergenceTest object failed in test()
StaticAnalysis::analyze() - the Algorithm failed at step: 0 with domain at load factor -7.09412e+68
OpenSees > analyze failed, returned: -3 error flag
WARNING: CTestNormDispIncr::test() - failed to converge 
after: 50 iterations  current Norm: 34104.7 (max: 1e-06, Norm deltaR: 1.54894e+09)
NewtonRaphson::solveCurrentStep() -the ConvergenceTest object failed in test()
StaticAnalysis::analyze() - the Algorithm failed at step: 0 with domain at load factor 409.641
OpenSees > analyze failed, returned: -3 error flag
WARNING: CTestNormDispIncr::test() - failed to converge 
after: 50 iterations  current Norm: 3.04797 (max: 1e-06, Norm deltaR: 1.29681e+06)
NewtonLineSearch::solveCurrentStep() -the ConvergenceTest object failed in test()
StaticAnalysis::analyze() - the Algorithm failed at step: 0 with domain at load factor 213.712
OpenSees > analyze failed, returned: -3 error flag
WARNING: CTestNormDispIncr::test() - failed to converge 
after: 50 iterations  current Norm: 11364.1 (max: 1e-06, Norm deltaR: 2.6784e+08)
AcceleratedNewton::solveCurrentStep() -The ConvergenceTest object failed in test()
StaticAnalysis::analyze() - the Algorithm failed at step: 0 with domain at load factor 927.35
OpenSees > analyze failed, returned: -3 error flag
WARNING: CTestNormDispIncr::test() - failed to converge 
after: 50 iterations  current Norm: 8.17135e+69 (max: 1e-06, Norm deltaR: 6.23773e+73)
ModifiedNewton::solveCurrentStep() -the ConvergenceTest object failed in test()
StaticAnalysis::analyze() - the Algorithm failed at step: 0 with domain at load factor 3.19619e+69
OpenSees > analyze failed, returned: -3 error flag
WARNING: CTestNormDispIncr::test() - failed to converge 
after: 50 iterations  current Norm: 732655 (max: 1e-06, Norm deltaR: 5.91647e+07)
NewtonRaphson::solveCurrentStep() -the ConvergenceTest object failed in test()
StaticAnalysis::analyze() - the Algorithm failed at step: 0 with domain at load factor -304.555
OpenSees > analyze failed, returned: -3 error flag
WARNING: CTestNormDispIncr::test() - failed to converge 
after: 50 iterations  current Norm: 1382.15 (max: 1e-06, Norm deltaR: 7.33868e+07)
NewtonLineSearch::solveCurrentStep() -the ConvergenceTest object failed in test()
StaticAnalysis::analyze() - the Algorithm failed at step: 0 with domain at load factor 93.6175
OpenSees > analyze failed, returned: -3 error flag
WARNING ZeroLength::setDomain(): Element 5000091 has L= 7.7682, which is greater than the tolerance
WARNING ZeroLength::setDomain(): Element 5000092 has L= 7.92607, which is greater than the tolerance
WARNING ZeroLength::setDomain(): Element 5000093 has L= 7.62235, which is greater than the tolerance
WARNING ZeroLength::setDomain(): Element 5000094 has L= 50.0726, which is greater than the tolerance
WARNING ZeroLength::setDomain(): Element 5000095 has L= 47.498, which is greater than the tolerance
WARNING ZeroLength::setDomain(): Element 5000096 has L= 54.0847, which is greater than the tolerance
WARNING ZeroLength::setDomain(): Element 5000097 has L= 8.07857, which is greater than the tolerance
WARNING ZeroLength::setDomain(): Element 5000098 has L= 58.2955, which is greater than the tolerance
WARNING ZeroLength::setDomain(): Element 5000099 has L= 7.7682, which is greater than the tolerance
WARNING ZeroLength::setDomain(): Element 5000100 has L= 7.92607, which is greater than the tolerance
WARNING ZeroLength::setDomain(): Element 5000101 has L= 21.3418, which is greater than the tolerance
WARNING ZeroLength::setDomain(): Element 5000102 has L= 20.9376, which is greater than the tolerance
WARNING ZeroLength::setDomain(): Element 5000103 has L= 62.4452, which is greater than the tolerance
WARNING ZeroLength::setDomain(): Element 5000104 has L= 21.7907, which is greater than the tolerance
WARNING ZeroLength::setDomain(): Element 5000105 has L= 7.62235, which is greater than the tolerance
WARNING ZeroLength::setDomain(): Element 5000106 has L= 21.3418, which is greater than the tolerance
WARNING ZeroLength::setDomain(): Element 5000107 has L= 8.24686, which is greater than the tolerance
WARNING ZeroLength::setDomain(): Element 5000108 has L= 20.9376, which is greater than the tolerance
WARNING ZeroLength::setDomain(): Element 5000109 has L= 7.46735, which is greater than the tolerance
WARNING ZeroLength::setDomain(): Element 5000110 has L= 53.5662, which is greater than the tolerance
WARNING ZeroLength::setDomain(): Element 5000111 has L= 55.0629, which is greater than the tolerance
WARNING ZeroLength::setDomain(): Element 5000112 has L= 66.5755, which is greater than the tolerance
WARNING ZeroLength::setDomain(): Element 5000113 has L= 59.6597, which is greater than the tolerance
WARNING ZeroLength::setDomain(): Element 5000114 has L= 16.5117, which is greater than the tolerance
WARNING ZeroLength::setDomain(): Element 5000115 has L= 16.1688, which is greater than the tolerance
WARNING ZeroLength::setDomain(): Element 5000116 has L= 7.46735, which is greater than the tolerance
WARNING ZeroLength::setDomain(): Element 5000117 has L= 57.1065, which is greater than the tolerance
WARNING ZeroLength::setDomain(): Element 5000118 has L= 7.29306, which is greater than the tolerance
WARNING ZeroLength::setDomain(): Element 5000119 has L= 16.8602, which is greater than the tolerance
WARNING ZeroLength::setDomain(): Element 5000120 has L= 62.0677, which is greater than the tolerance
WARNING ZeroLength::setDomain(): Element 5000121 has L= 64.8176, which is greater than the tolerance
WARNING ZeroLength::setDomain(): Element 5000122 has L= 9.88427, which is greater than the tolerance
WARNING ZeroLength::setDomain(): Element 5000123 has L= 21.7907, which is greater than the tolerance
WARNING ZeroLength::setDomain(): Element 5000124 has L= 8.07857, which is greater than the tolerance
WARNING ZeroLength::setDomain(): Element 5000125 has L= 22.3003, which is greater than the tolerance
WARNING ZeroLength::setDomain(): Element 5000126 has L= 17.2687, which is greater than the tolerance
WARNING ZeroLength::setDomain(): Element 5000127 has L= 16.8602, which is greater than the tolerance
WARNING ZeroLength::setDomain(): Element 5000128 has L= 10.5971, which is greater than the tolerance
WARNING ZeroLength::setDomain(): Element 5000129 has L= 16.1688, which is greater than the tolerance
WARNING ZeroLength::setDomain(): Element 5000130 has L= 9.65631, which is greater than the tolerance
WARNING ZeroLength::setDomain(): Element 5000131 has L= 20.544, which is greater than the tolerance
WARNING ZeroLength::setDomain(): Element 5000132 has L= 17.6733, which is greater than the tolerance
WARNING ZeroLength::setDomain(): Element 5000133 has L= 7.13784, which is greater than the tolerance
WARNING ZeroLength::setDomain(): Element 5000134 has L= 60.1599, which is greater than the tolerance
WARNING ZeroLength::setDomain(): Element 5000135 has L= 8.44589, which is greater than the tolerance
WARNING ZeroLength::setDomain(): Element 5000136 has L= 10.6571, which is greater than the tolerance
WARNING ZeroLength::setDomain(): Element 5000137 has L= 20.544, which is greater than the tolerance
WARNING ZeroLength::setDomain(): Element 5000138 has L= 69.5482, which is greater than the tolerance
WARNING ZeroLength::setDomain(): Element 5000139 has L= 10.1388, which is greater than the tolerance
WARNING ZeroLength::setDomain(): Element 5000140 has L= 22.3003, which is greater than the tolerance
WARNING ZeroLength::setDomain(): Element 5000141 has L= 15.8629, which is greater than the tolerance
WARNING ZeroLength::setDomain(): Element 5000142 has L= 9.45056, which is greater than the tolerance
WARNING ZeroLength::setDomain(): Element 5000143 has L= 51.8475, which is greater than the tolerance
WARNING ZeroLength::setDomain(): Element 5000144 has L= 53.2972, which is greater than the tolerance
WARNING ZeroLength::setDomain(): Element 5000145 has L= 18.0492, which is greater than the tolerance
WARNING ZeroLength::setDomain(): Element 5000146 has L= 58.1918, which is greater than the tolerance
WARNING ZeroLength::setDomain(): Element 5000147 has L= 7.29306, which is greater than the tolerance
WARNING ZeroLength::setDomain(): Element 5000148 has L= 34.9548, which is greater than the tolerance
WARNING ZeroLength::setDomain(): Element 5000149 has L= 56.0728, which is greater than the tolerance
WARNING ZeroLength::setDomain(): Element 5000150 has L= 52.0646, which is greater than the tolerance
WARNING ZeroLength::setDomain(): Element 5000151 has L= 34.2717, which is greater than the tolerance
WARNING ZeroLength::setDomain(): Element 5000152 has L= 7.02026, which is greater than the tolerance
WARNING ZeroLength::setDomain(): Element 5000153 has L= 20.1192, which is greater than the tolerance
WARNING ZeroLength::setDomain(): Element 5000154 has L= 67.9572, which is greater than the tolerance
WARNING ZeroLength::setDomain(): Element 5000155 has L= 15.8629, which is greater than the tolerance
WARNING: CTestNormDispIncr::test() - failed to converge 
after: 50 iterations  current Norm: 38085.2 (max: 1e-06, Norm deltaR: 2.19274e+08)
NewtonRaphson::solveCurrentStep() -the ConvergenceTest object failed in test()
StaticAnalysis::analyze() - the Algorithm failed at step: 0 with domain at load factor 1816.09
OpenSees > analyze failed, returned: -3 error flag
WARNING ZeroLength::setDomain(): Element 5000156 has L= 56.4359, which is greater than the tolerance
WARNING ZeroLength::setDomain(): Element 5000157 has L= 47.8423, which is greater than the tolerance
WARNING ZeroLength::setDomain(): Element 5000158 has L= 53.0016, which is greater than the tolerance
WARNING ZeroLength::setDomain(): Element 5000159 has L= 10.407, which is greater than the tolerance
WARNING ZeroLength::setDomain(): Element 5000160 has L= 20.1192, which is greater than the tolerance
WARNING ZeroLength::setDomain(): Element 5000161 has L= 7.13784, which is greater than the tolerance
WARNING: CTestNormDispIncr::test() - failed to converge 
after: 50 iterations  current Norm: 78888.4 (max: 1e-06, Norm deltaR: 1.8114e+08)
NewtonRaphson::solveCurrentStep() -the ConvergenceTest object failed in test()
StaticAnalysis::analyze() - the Algorithm failed at step: 0 with domain at load factor 1695.2
OpenSees > analyze failed, returned: -3 error flag
WARNING: CTestNormDispIncr::test() - failed to converge 
after: 50 iterations  current Norm: 2.69778 (max: 1e-06, Norm deltaR: 671174)
NewtonLineSearch::solveCurrentStep() -the ConvergenceTest object failed in test()
StaticAnalysis::analyze() - the Algorithm failed at step: 0 with domain at load factor 592.079
OpenSees > analyze failed, returned: -3 error flag
WARNING ZeroLength::setDomain(): Element 5000162 has L= 33.6642, which is greater than the tolerance
WARNING ZeroLength::setDomain(): Element 5000163 has L= 8.64285, which is greater than the tolerance
WARNING ZeroLength::setDomain(): Element 5000164 has L= 59.493, which is greater than the tolerance
WARNING ZeroLength::setDomain(): Element 5000165 has L= 15.5503, which is greater than the tolerance
WARNING ZeroLength::setDomain(): Element 5000166 has L= 18.3857, which is greater than the tolerance
WARNING ZeroLength::setDomain(): Element 5000167 has L= 57.732, which is greater than the tolerance
WARNING ZeroLength::setDomain(): Element 5000168 has L= 50.9099, which is greater than the tolerance
WARNING: CTestNormDispIncr::test() - failed to converge 
after: 50 iterations  current Norm: 18398.5 (max: 1e-06, Norm deltaR: 1.5976e+08)
NewtonRaphson::solveCurrentStep() -the ConvergenceTest object failed in test()
StaticAnalysis::analyze() - the Algorithm failed at step: 0 with domain at load factor 793.684
OpenSees > analyze failed, returned: -3 error flag
WARNING: CTestNormDispIncr::test() - failed to converge 
after: 50 iterations  current Norm: 7992.09 (max: 1e-06, Norm deltaR: 1.91928e+08)
NewtonLineSearch::solveCurrentStep() -the ConvergenceTest object failed in test()
StaticAnalysis::analyze() - the Algorithm failed at step: 0 with domain at load factor 12847.4
OpenSees > analyze failed, returned: -3 error flag
WARNING: CTestNormDispIncr::test() - failed to converge 
after: 50 iterations  current Norm: 6018.89 (max: 1e-06, Norm deltaR: 1.59762e+08)
AcceleratedNewton::solveCurrentStep() -The ConvergenceTest object failed in test()
StaticAnalysis::analyze() - the Algorithm failed at step: 0 with domain at load factor 1158.73
OpenSees > analyze failed, returned: -3 error flag
WARNING: CTestNormDispIncr::test() - failed to converge 
after: 50 iterations  current Norm: 3.61756e+77 (max: 1e-06, Norm deltaR: 3.00379e+81)
ModifiedNewton::solveCurrentStep() -the ConvergenceTest object failed in test()
StaticAnalysis::analyze() - the Algorithm failed at step: 0 with domain at load factor -1.05006e+76
OpenSees > analyze failed, returned: -3 error flag
WARNING: CTestNormDispIncr::test() - failed to converge 
after: 50 iterations  current Norm: 126386 (max: 1e-06, Norm deltaR: 5.80259e+07)
NewtonRaphson::solveCurrentStep() -the ConvergenceTest object failed in test()
StaticAnalysis::analyze() - the Algorithm failed at step: 0 with domain at load factor 670.703
OpenSees > analyze failed, returned: -3 error flag
WARNING: CTestNormDispIncr::test() - failed to converge 
after: 50 iterations  current Norm: 2.60176 (max: 1e-06, Norm deltaR: 1.03876e+06)
NewtonLineSearch::solveCurrentStep() -the ConvergenceTest object failed in test()
StaticAnalysis::analyze() - the Algorithm failed at step: 0 with domain at load factor 632.937
OpenSees > analyze failed, returned: -3 error flag
WARNING: CTestNormDispIncr::test() - failed to converge 
after: 50 iterations  current Norm: 18786.3 (max: 1e-06, Norm deltaR: 1.85816e+09)
AcceleratedNewton::solveCurrentStep() -The ConvergenceTest object failed in test()
StaticAnalysis::analyze() - the Algorithm failed at step: 0 with domain at load factor 1983.24
OpenSees > analyze failed, returned: -3 error flag
WARNING: CTestNormDispIncr::test() - failed to converge 
after: 50 iterations  current Norm: 1.34858e+76 (max: 1e-06, Norm deltaR: 1.132e+80)
ModifiedNewton::solveCurrentStep() -the ConvergenceTest object failed in test()
StaticAnalysis::analyze() - the Algorithm failed at step: 0 with domain at load factor -3.77082e+74
OpenSees > analyze failed, returned: -3 error flag
WARNING ZeroLength::setDomain(): Element 5000169 has L= 55.9186, which is greater than the tolerance
WARNING ZeroLength::setDomain(): Element 5000170 has L= 55.0239, which is greater than the tolerance
WARNING ZeroLength::setDomain(): Element 5000171 has L= 60.0835, which is greater than the tolerance
WARNING ZeroLength::setDomain(): Element 5000172 has L= 15.5503, which is greater than the tolerance
WARNING ZeroLength::setDomain(): Element 5000173 has L= 27.9333, which is greater than the tolerance
WARNING ZeroLength::setDomain(): Element 5000174 has L= 47.9544, which is greater than the tolerance
WARNING ZeroLength::setDomain(): Element 5000175 has L= 48.4076, which is greater than the tolerance
WARNING ZeroLength::setDomain(): Element 5000176 has L= 47.7334, which is greater than the tolerance
WARNING ZeroLength::setDomain(): Element 5000177 has L= 47.7798, which is greater than the tolerance
WARNING ZeroLength::setDomain(): Element 5000178 has L= 28.6438, which is greater than the tolerance
WARNING ZeroLength::setDomain(): Element 5000179 has L= 62.7717, which is greater than the tolerance
WARNING ZeroLength::setDomain(): Element 5000180 has L= 34.9548, which is greater than the tolerance
WARNING ZeroLength::setDomain(): Element 5000181 has L= 50.0903, which is greater than the tolerance
WARNING ZeroLength::setDomain(): Element 5000182 has L= 10.1388, which is greater than the tolerance
WARNING: CTestNormDispIncr::test() - failed to converge 
after: 50 iterations  current Norm: 2.8333e+06 (max: 1e-06, Norm deltaR: 4.34386e+10)
NewtonRaphson::solveCurrentStep() -the ConvergenceTest object failed in test()
StaticAnalysis::analyze() - the Algorithm failed at step: 0 with domain at load factor 275881
OpenSees > analyze failed, returned: -3 error flag
WARNING: CTestNormDispIncr::test() - failed to converge 
after: 50 iterations  current Norm: 4356.04 (max: 1e-06, Norm deltaR: 7.77258e+07)
NewtonLineSearch::solveCurrentStep() -the ConvergenceTest object failed in test()
StaticAnalysis::analyze() - the Algorithm failed at step: 0 with domain at load factor -403.726
OpenSees > analyze failed, returned: -3 error flag
WARNING ZeroLength::setDomain(): Element 5000183 has L= 29.2271, which is greater than the tolerance
WARNING ZeroLength::setDomain(): Element 5000184 has L= 17.2687, which is greater than the tolerance
WARNING ZeroLength::setDomain(): Element 5000185 has L= 26.7184, which is greater than the tolerance
WARNING ZeroLength::setDomain(): Element 5000186 has L= 54.7171, which is greater than the tolerance
WARNING ZeroLength::setDomain(): Element 5000187 has L= 62.9302, which is greater than the tolerance
WARNING ZeroLength::setDomain(): Element 5000188 has L= 49.4696, which is greater than the tolerance
WARNING ZeroLength::setDomain(): Element 5000189 has L= 33.6642, which is greater than the tolerance
WARNING ZeroLength::setDomain(): Element 5000190 has L= 35.6657, which is greater than the tolerance
WARNING ZeroLength::setDomain(): Element 5000191 has L= 47.8829, which is greater than the tolerance
WARNING ZeroLength::setDomain(): Element 5000192 has L= 8.7957, which is greater than the tolerance
WARNING ZeroLength::setDomain(): Element 5000193 has L= 33.0145, which is greater than the tolerance
WARNING ZeroLength::setDomain(): Element 5000194 has L= 22.7216, which is greater than the tolerance
WARNING ZeroLength::setDomain(): Element 5000195 has L= 51.5909, which is greater than the tolerance
WARNING ZeroLength::setDomain(): Element 5000196 has L= 57.2163, which is greater than the tolerance
WARNING ZeroLength::setDomain(): Element 5000197 has L= 61.0821, which is greater than the tolerance
WARNING ZeroLength::setDomain(): Element 5000198 has L= 26.1396, which is greater than the tolerance
