WARNING ZeroLength::setDomain(): Element 5000001 has L= 2.41797, which is greater than the tolerance
WARNING ZeroLength::setDomain(): Element 5000002 has L= 2.16431, which is greater than the tolerance
WARNING ZeroLength::setDomain(): Element 5000003 has L= 1.75892, which is greater than the tolerance
WARNING ZeroLength::setDomain(): Element 5000004 has L= 1.76059, which is greater than the tolerance
WARNING ZeroLength::setDomain(): Element 5000005 has L= 1.69588, which is greater than the tolerance
WARNING ZeroLength::setDomain(): Element 5000006 has L= 1.69588, which is greater than the tolerance
WARNING ZeroLength::setDomain(): Element 5000007 has L= 1.76059, which is greater than the tolerance
WARNING ZeroLength::setDomain(): Element 5000008 has L= 1.75892, which is greater than the tolerance
WARNING ZeroLength::setDomain(): Element 5000009 has L= 2.16431, which is greater than the tolerance
WARNING ZeroLength::setDomain(): Element 5000010 has L= 2.41797, which is greater than the tolerance
WARNING ZeroLength::setDomain(): Element 5000011 has L= 2.27129, which is greater than the tolerance
WARNING ZeroLength::setDomain(): Element 5000012 has L= 2.13266, which is greater than the tolerance
WARNING ZeroLength::setDomain(): Element 5000013 has L= 1.87381, which is greater than the tolerance
WARNING ZeroLength::setDomain(): Element 5000014 has L= 1.89943, which is greater than the tolerance
WARNING ZeroLength::setDomain(): Element 5000015 has L= 1.88713, which is greater than the tolerance
WARNING ZeroLength::setDomain(): Element 5000016 has L= 1.88713, which is greater than the tolerance
WARNING ZeroLength::setDomain(): Element 5000017 has L= 1.89943, which is greater than the tolerance
WARNING ZeroLength::setDomain(): Element 5000018 has L= 1.87381, which is greater than the tolerance
WARNING ZeroLength::setDomain(): Element 5000019 has L= 2.13266, which is greater than the tolerance
WARNING ZeroLength::setDomain(): Element 5000020 has L= 2.27129, which is greater than the tolerance
WARNING ZeroLength::setDomain(): Element 5000021 has L= 2.20615, which is greater than the tolerance
WARNING ZeroLength::setDomain(): Element 5000022 has L= 2.16585, which is greater than the tolerance
WARNING ZeroLength::setDomain(): Element 5000023 has L= 2.04763, which is greater than the tolerance
WARNING ZeroLength::setDomain(): Element 5000024 has L= 2.11243, which is greater than the tolerance
WARNING ZeroLength::setDomain(): Element 5000025 has L= 2.1493, which is greater than the tolerance
WARNING ZeroLength::setDomain(): Element 5000026 has L= 2.1493, which is greater than the tolerance
WARNING ZeroLength::setDomain(): Element 5000027 has L= 2.11243, which is greater than the tolerance
WARNING ZeroLength::setDomain(): Element 5000028 has L= 2.04763, which is greater than the tolerance
WARNING ZeroLength::setDomain(): Element 5000029 has L= 2.16585, which is greater than the tolerance
WARNING ZeroLength::setDomain(): Element 5000030 has L= 2.20615, which is greater than the tolerance
WARNING ZeroLength::setDomain(): Element 5000031 has L= 2.25048, which is greater than the tolerance
WARNING ZeroLength::setDomain(): Element 5000032 has L= 2.26217, which is greater than the tolerance
WARNING ZeroLength::setDomain(): Element 5000033 has L= 2.26126, which is greater than the tolerance
WARNING ZeroLength::setDomain(): Element 5000034 has L= 2.4326, which is greater than the tolerance
WARNING ZeroLength::setDomain(): Element 5000035 has L= 2.57272, which is greater than the tolerance
WARNING ZeroLength::setDomain(): Element 5000036 has L= 2.57272, which is greater than the tolerance
WARNING ZeroLength::setDomain(): Element 5000037 has L= 2.4326, which is greater than the tolerance
WARNING ZeroLength::setDomain(): Element 5000038 has L= 2.26126, which is greater than the tolerance
WARNING ZeroLength::setDomain(): Element 5000039 has L= 2.26217, which is greater than the tolerance
WARNING ZeroLength::setDomain(): Element 5000040 has L= 2.25048, which is greater than the tolerance
WARNING ZeroLength::setDomain(): Element 5000041 has L= 2.31009, which is greater than the tolerance
WARNING ZeroLength::setDomain(): Element 5000042 has L= 2.41791, which is greater than the tolerance
WARNING ZeroLength::setDomain(): Element 5000043 has L= 2.57112, which is greater than the tolerance
WARNING ZeroLength::setDomain(): Element 5000044 has L= 2.73741, which is greater than the tolerance
WARNING ZeroLength::setDomain(): Element 5000045 has L= 2.84302, which is greater than the tolerance
WARNING ZeroLength::setDomain(): Element 5000046 has L= 2.84302, which is greater than the tolerance
WARNING ZeroLength::setDomain(): Element 5000047 has L= 2.73741, which is greater than the tolerance
WARNING ZeroLength::setDomain(): Element 5000048 has L= 2.57112, which is greater than the tolerance
WARNING ZeroLength::setDomain(): Element 5000049 has L= 2.41791, which is greater than the tolerance
WARNING ZeroLength::setDomain(): Element 5000050 has L= 2.31009, which is greater than the tolerance
WARNING ZeroLength::setDomain(): Element 5000051 has L= 2.24599, which is greater than the tolerance
WARNING ZeroLength::setDomain(): Element 5000052 has L= 2.44581, which is greater than the tolerance
WARNING ZeroLength::setDomain(): Element 5000053 has L= 2.75084, which is greater than the tolerance
WARNING ZeroLength::setDomain(): Element 5000054 has L= 2.82735, which is greater than the tolerance
WARNING ZeroLength::setDomain(): Element 5000055 has L= 2.91118, which is greater than the tolerance
WARNING ZeroLength::setDomain(): Element 5000056 has L= 2.91118, which is greater than the tolerance
WARNING ZeroLength::setDomain(): Element 5000057 has L= 2.82735, which is greater than the tolerance
WARNING ZeroLength::setDomain(): Element 5000058 has L= 2.75084, which is greater than the tolerance
WARNING ZeroLength::setDomain(): Element 5000059 has L= 2.44581, which is greater than the tolerance
WARNING ZeroLength::setDomain(): Element 5000060 has L= 2.24599, which is greater than the tolerance
WARNING ZeroLength::setDomain(): Element 5000061 has L= 2.15469, which is greater than the tolerance
WARNING ZeroLength::setDomain(): Element 5000062 has L= 2.31368, which is greater than the tolerance
WARNING ZeroLength::setDomain(): Element 5000063 has L= 2.6717, which is greater than the tolerance
WARNING ZeroLength::setDomain(): Element 5000064 has L= 2.77719, which is greater than the tolerance
WARNING ZeroLength::setDomain(): Element 5000065 has L= 2.90749, which is greater than the tolerance
WARNING ZeroLength::setDomain(): Element 5000066 has L= 2.90749, which is greater than the tolerance
WARNING ZeroLength::setDomain(): Element 5000067 has L= 2.77719, which is greater than the tolerance
WARNING ZeroLength::setDomain(): Element 5000068 has L= 2.6717, which is greater than the tolerance
WARNING ZeroLength::setDomain(): Element 5000069 has L= 2.31368, which is greater than the tolerance
WARNING ZeroLength::setDomain(): Element 5000070 has L= 2.15469, which is greater than the tolerance
WARNING ZeroLength::setDomain(): Element 5000071 has L= 2.07985, which is greater than the tolerance
WARNING ZeroLength::setDomain(): Element 5000072 has L= 2.23991, which is greater than the tolerance
WARNING ZeroLength::setDomain(): Element 5000073 has L= 2.60924, which is greater than the tolerance
WARNING ZeroLength::setDomain(): Element 5000074 has L= 2.7608, which is greater than the tolerance
WARNING ZeroLength::setDomain(): Element 5000075 has L= 2.87014, which is greater than the tolerance
WARNING ZeroLength::setDomain(): Element 5000076 has L= 2.87014, which is greater than the tolerance
WARNING ZeroLength::setDomain(): Element 5000077 has L= 2.7608, which is greater than the tolerance
WARNING ZeroLength::setDomain(): Element 5000078 has L= 2.60924, which is greater than the tolerance
WARNING ZeroLength::setDomain(): Element 5000079 has L= 2.23991, which is greater than the tolerance
WARNING ZeroLength::setDomain(): Element 5000080 has L= 2.07985, which is greater than the tolerance
WARNING ZeroLength::setDomain(): Element 5000081 has L= 2.05108, which is greater than the tolerance
WARNING ZeroLength::setDomain(): Element 5000082 has L= 2.18427, which is greater than the tolerance
WARNING ZeroLength::setDomain(): Element 5000083 has L= 2.5359, which is greater than the tolerance
WARNING ZeroLength::setDomain(): Element 5000084 has L= 2.7227, which is greater than the tolerance
WARNING ZeroLength::setDomain(): Element 5000085 has L= 2.76876, which is greater than the tolerance
WARNING ZeroLength::setDomain(): Element 5000086 has L= 2.76876, which is greater than the tolerance
WARNING ZeroLength::setDomain(): Element 5000087 has L= 2.7227, which is greater than the tolerance
WARNING ZeroLength::setDomain(): Element 5000088 has L= 2.5359, which is greater than the tolerance
WARNING ZeroLength::setDomain(): Element 5000089 has L= 2.18427, which is greater than the tolerance
WARNING ZeroLength::setDomain(): Element 5000090 has L= 2.05108, which is greater than the tolerance
WARNING: CTestNormDispIncr::test() - failed to converge 
after: 50 iterations  current Norm: 48488.2 (max: 1e-06, Norm deltaR: 8.44033e+07)
NewtonRaphson::solveCurrentStep() -the ConvergenceTest object failed in test()
StaticAnalysis::analyze() - the Algorithm failed at step: 0 with domain at load factor -263.639
OpenSees > analyze failed, returned: -3 error flag
WARNING: CTestNormDispIncr::test() - failed to converge 
after: 50 iterations  current Norm: 48915.2 (max: 1e-06, Norm deltaR: 7.39922e+08)
NewtonRaphson::solveCurrentStep() -the ConvergenceTest object failed in test()
StaticAnalysis::analyze() - the Algorithm failed at step: 0 with domain at load factor 1766.08
OpenSees > analyze failed, returned: -3 error flag
WARNING: CTestNormDispIncr::test() - failed to converge 
after: 50 iterations  current Norm: 2486.49 (max: 1e-06, Norm deltaR: 1.80884e+08)
NewtonLineSearch::solveCurrentStep() -the ConvergenceTest object failed in test()
StaticAnalysis::analyze() - the Algorithm failed at step: 0 with domain at load factor 1466.69
OpenSees > analyze failed, returned: -3 error flag
WARNING: CTestNormDispIncr::test() - failed to converge 
after: 50 iterations  current Norm: 201932 (max: 1e-06, Norm deltaR: 5.15078e+09)
AcceleratedNewton::solveCurrentStep() -The ConvergenceTest object failed in test()
StaticAnalysis::analyze() - the Algorithm failed at step: 0 with domain at load factor -26921.1
OpenSees > analyze failed, returned: -3 error flag
WARNING: CTestNormDispIncr::test() - failed to converge 
after: 50 iterations  current Norm: 2.57405e+84 (max: 1e-06, Norm deltaR: 4.10501e+88)
ModifiedNewton::solveCurrentStep() -the ConvergenceTest object failed in test()
StaticAnalysis::analyze() - the Algorithm failed at step: 0 with domain at load factor 9.4218e+83
OpenSees > analyze failed, returned: -3 error flag
WARNING: CTestNormDispIncr::test() - failed to converge 
after: 50 iterations  current Norm: 98734.1 (max: 1e-06, Norm deltaR: 1.01275e+08)
NewtonRaphson::solveCurrentStep() -the ConvergenceTest object failed in test()
StaticAnalysis::analyze() - the Algorithm failed at step: 0 with domain at load factor -346.312
OpenSees > analyze failed, returned: -3 error flag
WARNING: CTestNormDispIncr::test() - failed to converge 
after: 50 iterations  current Norm: 3301.82 (max: 1e-06, Norm deltaR: 1.40819e+08)
NewtonLineSearch::solveCurrentStep() -the ConvergenceTest object failed in test()
StaticAnalysis::analyze() - the Algorithm failed at step: 0 with domain at load factor -6216.37
OpenSees > analyze failed, returned: -3 error flag
WARNING: CTestNormDispIncr::test() - failed to converge 
after: 50 iterations  current Norm: 587.738 (max: 1e-06, Norm deltaR: 2.77743e+08)
AcceleratedNewton::solveCurrentStep() -The ConvergenceTest object failed in test()
StaticAnalysis::analyze() - the Algorithm failed at step: 0 with domain at load factor -323.931
OpenSees > analyze failed, returned: -3 error flag
WARNING: CTestNormDispIncr::test() - failed to converge 
after: 50 iterations  current Norm: 1.09893e+70 (max: 1e-06, Norm deltaR: 2.44723e+74)
ModifiedNewton::solveCurrentStep() -the ConvergenceTest object failed in test()
StaticAnalysis::analyze() - the Algorithm failed at step: 0 with domain at load factor -2.14993e+69
OpenSees > analyze failed, returned: -3 error flag
WARNING: CTestNormDispIncr::test() - failed to converge 
after: 50 iterations  current Norm: 103603 (max: 1e-06, Norm deltaR: 4.20947e+09)
NewtonRaphson::solveCurrentStep() -the ConvergenceTest object failed in test()
StaticAnalysis::analyze() - the Algorithm failed at step: 0 with domain at load factor -1773.29
OpenSees > analyze failed, returned: -3 error flag
WARNING: CTestNormDispIncr::test() - failed to converge 
after: 50 iterations  current Norm: 2317.92 (max: 1e-06, Norm deltaR: 1.20818e+08)
NewtonLineSearch::solveCurrentStep() -the ConvergenceTest object failed in test()
StaticAnalysis::analyze() - the Algorithm failed at step: 0 with domain at load factor 261.329
OpenSees > analyze failed, returned: -3 error flag
WARNING: CTestNormDispIncr::test() - failed to converge 
after: 50 iterations  current Norm: 8116.34 (max: 1e-06, Norm deltaR: 1.9062e+08)
AcceleratedNewton::solveCurrentStep() -The ConvergenceTest object failed in test()
StaticAnalysis::analyze() - the Algorithm failed at step: 0 with domain at load factor -450.856
OpenSees > analyze failed, returned: -3 error flag
WARNING: CTestNormDispIncr::test() - failed to converge 
after: 50 iterations  current Norm: 6.41186e+71 (max: 1e-06, Norm deltaR: 1.03702e+76)
ModifiedNewton::solveCurrentStep() -the ConvergenceTest object failed in test()
StaticAnalysis::analyze() - the Algorithm failed at step: 0 with domain at load factor 5.91201e+71
OpenSees > analyze failed, returned: -3 error flag
WARNING: CTestNormDispIncr::test() - failed to converge 
after: 50 iterations  current Norm: 95701.2 (max: 1e-06, Norm deltaR: 4.28029e+09)
NewtonRaphson::solveCurrentStep() -the ConvergenceTest object failed in test()
StaticAnalysis::analyze() - the Algorithm failed at step: 0 with domain at load factor -9818.95
OpenSees > analyze failed, returned: -3 error flag
WARNING: CTestNormDispIncr::test() - failed to converge 
after: 50 iterations  current Norm: 5182.49 (max: 1e-06, Norm deltaR: 1.6099e+08)
NewtonLineSearch::solveCurrentStep() -the ConvergenceTest object failed in test()
StaticAnalysis::analyze() - the Algorithm failed at step: 0 with domain at load factor -2493.54
OpenSees > analyze failed, returned: -3 error flag
WARNING: CTestNormDispIncr::test() - failed to converge 
after: 50 iterations  current Norm: 6050.49 (max: 1e-06, Norm deltaR: 3.9838e+08)
AcceleratedNewton::solveCurrentStep() -The ConvergenceTest object failed in test()
StaticAnalysis::analyze() - the Algorithm failed at step: 0 with domain at load factor -457.825
OpenSees > analyze failed, returned: -3 error flag
WARNING: CTestNormDispIncr::test() - failed to converge 
after: 50 iterations  current Norm: 4.59845e+100 (max: 1e-06, Norm deltaR: 2.56043e+104)
ModifiedNewton::solveCurrentStep() -the ConvergenceTest object failed in test()
StaticAnalysis::analyze() - the Algorithm failed at step: 0 with domain at load factor 5.98332e+100
OpenSees > analyze failed, returned: -3 error flag
WARNING: CTestNormDispIncr::test() - failed to converge 
after: 50 iterations  current Norm: 22904.3 (max: 1e-06, Norm deltaR: 5.76109e+08)
NewtonRaphson::solveCurrentStep() -the ConvergenceTest object failed in test()
StaticAnalysis::analyze() - the Algorithm failed at step: 0 with domain at load factor -7979.39
OpenSees > analyze failed, returned: -3 error flag
WARNING: CTestNormDispIncr::test() - failed to converge 
after: 50 iterations  current Norm: 6803.07 (max: 1e-06, Norm deltaR: 1.73903e+08)
NewtonLineSearch::solveCurrentStep() -the ConvergenceTest object failed in test()
StaticAnalysis::analyze() - the Algorithm failed at step: 0 with domain at load factor 1056.43
OpenSees > analyze failed, returned: -3 error flag
WARNING: CTestNormDispIncr::test() - failed to converge 
after: 50 iterations  current Norm: 13708.7 (max: 1e-06, Norm deltaR: 1.1022e+08)
AcceleratedNewton::solveCurrentStep() -The ConvergenceTest object failed in test()
StaticAnalysis::analyze() - the Algorithm failed at step: 0 with domain at load factor -684.701
OpenSees > analyze failed, returned: -3 error flag
WARNING: CTestNormDispIncr::test() - failed to converge 
after: 50 iterations  current Norm: 1.58774e+68 (max: 1e-06, Norm deltaR: 5.1342e+71)
ModifiedNewton::solveCurrentStep() -the ConvergenceTest object failed in test()
StaticAnalysis::analyze() - the Algorithm failed at step: 0 with domain at load factor 7.26862e+66
OpenSees > analyze failed, returned: -3 error flag
WARNING: CTestNormDispIncr::test() - failed to converge 
after: 50 iterations  current Norm: 35631.2 (max: 1e-06, Norm deltaR: 1.08639e+09)
NewtonRaphson::solveCurrentStep() -the ConvergenceTest object failed in test()
StaticAnalysis::analyze() - the Algorithm failed at step: 0 with domain at load factor 8477.02
OpenSees > analyze failed, returned: -3 error flag
WARNING: CTestNormDispIncr::test() - failed to converge 
after: 50 iterations  current Norm: 5344.14 (max: 1e-06, Norm deltaR: 1.3226e+08)
NewtonLineSearch::solveCurrentStep() -the ConvergenceTest object failed in test()
StaticAnalysis::analyze() - the Algorithm failed at step: 0 with domain at load factor 2311.14
OpenSees > analyze failed, returned: -3 error flag
WARNING: CTestNormDispIncr::test() - failed to converge 
after: 50 iterations  current Norm: 12794.7 (max: 1e-06, Norm deltaR: 4.65409e+08)
AcceleratedNewton::solveCurrentStep() -The ConvergenceTest object failed in test()
StaticAnalysis::analyze() - the Algorithm failed at step: 0 with domain at load factor 6302.01
OpenSees > analyze failed, returned: -3 error flag
WARNING: CTestNormDispIncr::test() - failed to converge 
after: 50 iterations  current Norm: 4.4584e+95 (max: 1e-06, Norm deltaR: 2.39429e+99)
ModifiedNewton::solveCurrentStep() -the ConvergenceTest object failed in test()
StaticAnalysis::analyze() - the Algorithm failed at step: 0 with domain at load factor 6.00392e+95
OpenSees > analyze failed, returned: -3 error flag
WARNING: CTestNormDispIncr::test() - failed to converge 
after: 50 iterations  current Norm: 21696.8 (max: 1e-06, Norm deltaR: 1.83624e+08)
NewtonRaphson::solveCurrentStep() -the ConvergenceTest object failed in test()
StaticAnalysis::analyze() - the Algorithm failed at step: 0 with domain at load factor 249.437
OpenSees > analyze failed, returned: -3 error flag
WARNING: CTestNormDispIncr::test() - failed to converge 
after: 50 iterations  current Norm: 20415.7 (max: 1e-06, Norm deltaR: 5.62876e+08)
NewtonLineSearch::solveCurrentStep() -the ConvergenceTest object failed in test()
StaticAnalysis::analyze() - the Algorithm failed at step: 0 with domain at load factor 74475.6
OpenSees > analyze failed, returned: -3 error flag
WARNING: CTestNormDispIncr::test() - failed to converge 
after: 50 iterations  current Norm: 3478.28 (max: 1e-06, Norm deltaR: 1.65078e+08)
AcceleratedNewton::solveCurrentStep() -The ConvergenceTest object failed in test()
StaticAnalysis::analyze() - the Algorithm failed at step: 0 with domain at load factor -1659.68
OpenSees > analyze failed, returned: -3 error flag
WARNING: CTestNormDispIncr::test() - failed to converge 
after: 50 iterations  current Norm: 4.2097e+71 (max: 1e-06, Norm deltaR: 1.21136e+75)
ModifiedNewton::solveCurrentStep() -the ConvergenceTest object failed in test()
StaticAnalysis::analyze() - the Algorithm failed at step: 0 with domain at load factor -1.79928e+70
OpenSees > analyze failed, returned: -3 error flag
WARNING: CTestNormDispIncr::test() - failed to converge 
after: 50 iterations  current Norm: 46382.9 (max: 1e-06, Norm deltaR: 9.58347e+08)
NewtonRaphson::solveCurrentStep() -the ConvergenceTest object failed in test()
StaticAnalysis::analyze() - the Algorithm failed at step: 0 with domain at load factor 1570.12
OpenSees > analyze failed, returned: -3 error flag
WARNING: CTestNormDispIncr::test() - failed to converge 
after: 50 iterations  current Norm: 106431 (max: 1e-06, Norm deltaR: 2.55611e+09)
NewtonRaphson::solveCurrentStep() -the ConvergenceTest object failed in test()
StaticAnalysis::analyze() - the Algorithm failed at step: 0 with domain at load factor 1592.72
OpenSees > analyze failed, returned: -3 error flag
WARNING: CTestNormDispIncr::test() - failed to converge 
after: 50 iterations  current Norm: 1164.62 (max: 1e-06, Norm deltaR: 8.6289e+07)
NewtonLineSearch::solveCurrentStep() -the ConvergenceTest object failed in test()
StaticAnalysis::analyze() - the Algorithm failed at step: 0 with domain at load factor 67.5235
OpenSees > analyze failed, returned: -3 error flag
WARNING: CTestNormDispIncr::test() - failed to converge 
after: 50 iterations  current Norm: 12406.1 (max: 1e-06, Norm deltaR: 1.34071e+08)
AcceleratedNewton::solveCurrentStep() -The ConvergenceTest object failed in test()
StaticAnalysis::analyze() - the Algorithm failed at step: 0 with domain at load factor -215.685
OpenSees > analyze failed, returned: -3 error flag
WARNING: CTestNormDispIncr::test() - failed to converge 
after: 50 iterations  current Norm: 1.41635e+71 (max: 1e-06, Norm deltaR: 4.20017e+74)
ModifiedNewton::solveCurrentStep() -the ConvergenceTest object failed in test()
StaticAnalysis::analyze() - the Algorithm failed at step: 0 with domain at load factor -5.90112e+69
OpenSees > analyze failed, returned: -3 error flag
WARNING: CTestNormDispIncr::test() - failed to converge 
after: 50 iterations  current Norm: 286386 (max: 1e-06, Norm deltaR: 4.5717e+09)
NewtonRaphson::solveCurrentStep() -the ConvergenceTest object failed in test()
StaticAnalysis::analyze() - the Algorithm failed at step: 0 with domain at load factor 118705
OpenSees > analyze failed, returned: -3 error flag
WARNING: CTestNormDispIncr::test() - failed to converge 
after: 50 iterations  current Norm: 16422.6 (max: 1e-06, Norm deltaR: 2.28587e+08)
NewtonRaphson::solveCurrentStep() -the ConvergenceTest object failed in test()
StaticAnalysis::analyze() - the Algorithm failed at step: 0 with domain at load factor -1644.44
OpenSees > analyze failed, returned: -3 error flag
WARNING: CTestNormDispIncr::test() - failed to converge 
after: 50 iterations  current Norm: 1817.69 (max: 1e-06, Norm deltaR: 1.23787e+08)
NewtonLineSearch::solveCurrentStep() -the ConvergenceTest object failed in test()
StaticAnalysis::analyze() - the Algorithm failed at step: 0 with domain at load factor -1131.93
OpenSees > analyze failed, returned: -3 error flag
WARNING: CTestNormDispIncr::test() - failed to converge 
after: 50 iterations  current Norm: 153334 (max: 1e-06, Norm deltaR: 1.84092e+09)
AcceleratedNewton::solveCurrentStep() -The ConvergenceTest object failed in test()
StaticAnalysis::analyze() - the Algorithm failed at step: 0 with domain at load factor -2821.74
OpenSees > analyze failed, returned: -3 error flag
WARNING: CTestNormDispIncr::test() - failed to converge 
after: 50 iterations  current Norm: 8.40367e+63 (max: 1e-06, Norm deltaR: 2.92929e+67)
ModifiedNewton::solveCurrentStep() -the ConvergenceTest object failed in test()
StaticAnalysis::analyze() - the Algorithm failed at step: 0 with domain at load factor -1.9499e+62
OpenSees > analyze failed, returned: -3 error flag
WARNING: CTestNormDispIncr::test() - failed to converge 
after: 50 iterations  current Norm: 24676.5 (max: 1e-06, Norm deltaR: 3.18475e+08)
NewtonRaphson::solveCurrentStep() -the ConvergenceTest object failed in test()
StaticAnalysis::analyze() - the Algorithm failed at step: 0 with domain at load factor -1593.39
OpenSees > analyze failed, returned: -3 error flag
WARNING: CTestNormDispIncr::test() - failed to converge 
after: 50 iterations  current Norm: 17288.9 (max: 1e-06, Norm deltaR: 7.5183e+08)
NewtonRaphson::solveCurrentStep() -the ConvergenceTest object failed in test()
StaticAnalysis::analyze() - the Algorithm failed at step: 0 with domain at load factor 472.249
OpenSees > analyze failed, returned: -3 error flag
WARNING: CTestNormDispIncr::test() - failed to converge 
after: 50 iterations  current Norm: 10939.3 (max: 1e-06, Norm deltaR: 1.06811e+08)
NewtonLineSearch::solveCurrentStep() -the ConvergenceTest object failed in test()
StaticAnalysis::analyze() - the Algorithm failed at step: 0 with domain at load factor -184.282
OpenSees > analyze failed, returned: -3 error flag
WARNING: CTestNormDispIncr::test() - failed to converge 
after: 50 iterations  current Norm: 74.4953 (max: 1e-06, Norm deltaR: 2.02207e+08)
AcceleratedNewton::solveCurrentStep() -The ConvergenceTest object failed in test()
StaticAnalysis::analyze() - the Algorithm failed at step: 0 with domain at load factor 696.243
OpenSees > analyze failed, returned: -3 error flag
WARNING: CTestNormDispIncr::test() - failed to converge 
after: 50 iterations  current Norm: 1.34937e+66 (max: 1e-06, Norm deltaR: 1.04773e+70)
ModifiedNewton::solveCurrentStep() -the ConvergenceTest object failed in test()
StaticAnalysis::analyze() - the Algorithm failed at step: 0 with domain at load factor 2.39894e+65
OpenSees > analyze failed, returned: -3 error flag
WARNING: CTestNormDispIncr::test() - failed to converge 
after: 50 iterations  current Norm: 1.66275e+06 (max: 1e-06, Norm deltaR: 7.11181e+07)
NewtonRaphson::solveCurrentStep() -the ConvergenceTest object failed in test()
StaticAnalysis::analyze() - the Algorithm failed at step: 0 with domain at load factor -371.643
OpenSees > analyze failed, returned: -3 error flag
WARNING: CTestNormDispIncr::test() - failed to converge 
after: 50 iterations  current Norm: 6916.26 (max: 1e-06, Norm deltaR: 1.15237e+08)
NewtonLineSearch::solveCurrentStep() -the ConvergenceTest object failed in test()
StaticAnalysis::analyze() - the Algorithm failed at step: 0 with domain at load factor 1031.67
OpenSees > analyze failed, returned: -3 error flag
WARNING ZeroLength::setDomain(): Element 5000091 has L= 7.83234, which is greater than the tolerance
WARNING ZeroLength::setDomain(): Element 5000092 has L= 7.99022, which is greater than the tolerance
WARNING ZeroLength::setDomain(): Element 5000093 has L= 7.68648, which is greater than the tolerance
WARNING ZeroLength::setDomain(): Element 5000094 has L= 51.9995, which is greater than the tolerance
WARNING ZeroLength::setDomain(): Element 5000095 has L= 55.7244, which is greater than the tolerance
WARNING: CTestNormDispIncr::test() - failed to converge 
after: 50 iterations  current Norm: 18875.9 (max: 1e-06, Norm deltaR: 1.14012e+08)
NewtonRaphson::solveCurrentStep() -the ConvergenceTest object failed in test()
StaticAnalysis::analyze() - the Algorithm failed at step: 0 with domain at load factor -53.449
OpenSees > analyze failed, returned: -3 error flag
WARNING ZeroLength::setDomain(): Element 5000096 has L= 8.14272, which is greater than the tolerance
WARNING ZeroLength::setDomain(): Element 5000097 has L= 55.5321, which is greater than the tolerance
WARNING ZeroLength::setDomain(): Element 5000098 has L= 51.5976, which is greater than the tolerance
WARNING ZeroLength::setDomain(): Element 5000099 has L= 20.9981, which is greater than the tolerance
WARNING ZeroLength::setDomain(): Element 5000100 has L= 7.83234, which is greater than the tolerance
WARNING ZeroLength::setDomain(): Element 5000101 has L= 21.4022, which is greater than the tolerance
WARNING ZeroLength::setDomain(): Element 5000102 has L= 7.53148, which is greater than the tolerance
WARNING ZeroLength::setDomain(): Element 5000103 has L= 10.1876, which is greater than the tolerance
WARNING ZeroLength::setDomain(): Element 5000104 has L= 7.68648, which is greater than the tolerance
WARNING ZeroLength::setDomain(): Element 5000105 has L= 16.9244, which is greater than the tolerance
WARNING ZeroLength::setDomain(): Element 5000106 has L= 59.3932, which is greater than the tolerance
WARNING ZeroLength::setDomain(): Element 5000107 has L= 17.7375, which is greater than the tolerance
WARNING ZeroLength::setDomain(): Element 5000108 has L= 17.3329, which is greater than the tolerance
WARNING ZeroLength::setDomain(): Element 5000109 has L= 21.8511, which is greater than the tolerance
WARNING ZeroLength::setDomain(): Element 5000110 has L= 16.233, which is greater than the tolerance
WARNING ZeroLength::setDomain(): Element 5000111 has L= 7.53148, which is greater than the tolerance
WARNING: CTestNormDispIncr::test() - failed to converge 
after: 50 iterations  current Norm: 133986 (max: 1e-06, Norm deltaR: 5.6106e+09)
NewtonRaphson::solveCurrentStep() -the ConvergenceTest object failed in test()
StaticAnalysis::analyze() - the Algorithm failed at step: 0 with domain at load factor -33689.8
OpenSees > analyze failed, returned: -3 error flag
WARNING: CTestNormDispIncr::test() - failed to converge 
after: 50 iterations  current Norm: 2650.97 (max: 1e-06, Norm deltaR: 1.11428e+08)
NewtonLineSearch::solveCurrentStep() -the ConvergenceTest object failed in test()
StaticAnalysis::analyze() - the Algorithm failed at step: 0 with domain at load factor -1924.66
OpenSees > analyze failed, returned: -3 error flag
WARNING: CTestNormDispIncr::test() - failed to converge 
after: 50 iterations  current Norm: 16034.3 (max: 1e-06, Norm deltaR: 2.46264e+08)
AcceleratedNewton::solveCurrentStep() -The ConvergenceTest object failed in test()
StaticAnalysis::analyze() - the Algorithm failed at step: 0 with domain at load factor 204.595
OpenSees > analyze failed, returned: -3 error flag
WARNING: CTestNormDispIncr::test() - failed to converge 
after: 50 iterations  current Norm: 6.71807e+78 (max: 1e-06, Norm deltaR: 6.60769e+82)
ModifiedNewton::solveCurrentStep() -the ConvergenceTest object failed in test()
StaticAnalysis::analyze() - the Algorithm failed at step: 0 with domain at load factor -1.09868e+77
OpenSees > analyze failed, returned: -3 error flag
WARNING ZeroLength::setDomain(): Element 5000112 has L= 22.3607, which is greater than the tolerance
WARNING ZeroLength::setDomain(): Element 5000113 has L= 20.6046, which is greater than the tolerance
WARNING ZeroLength::setDomain(): Element 5000114 has L= 7.35718, which is greater than the tolerance
WARNING ZeroLength::setDomain(): Element 5000115 has L= 9.93323, which is greater than the tolerance
WARNING: CTestNormDispIncr::test() - failed to converge 
after: 50 iterations  current Norm: 2.00991e+08 (max: 1e-06, Norm deltaR: 6.89739e+07)
NewtonRaphson::solveCurrentStep() -the ConvergenceTest object failed in test()
StaticAnalysis::analyze() - the Algorithm failed at step: 0 with domain at load factor 392.681
OpenSees > analyze failed, returned: -3 error flag
WARNING: CTestNormDispIncr::test() - failed to converge 
after: 50 iterations  current Norm: 1453.54 (max: 1e-06, Norm deltaR: 8.34646e+07)
NewtonLineSearch::solveCurrentStep() -the ConvergenceTest object failed in test()
StaticAnalysis::analyze() - the Algorithm failed at step: 0 with domain at load factor -2034.87
OpenSees > analyze failed, returned: -3 error flag
WARNING: CTestNormDispIncr::test() - failed to converge 
after: 50 iterations  current Norm: 4844.51 (max: 1e-06, Norm deltaR: 2.63347e+09)
AcceleratedNewton::solveCurrentStep() -The ConvergenceTest object failed in test()
StaticAnalysis::analyze() - the Algorithm failed at step: 0 with domain at load factor -3132.84
OpenSees > analyze failed, returned: -3 error flag
WARNING: CTestNormDispIncr::test() - failed to converge 
after: 50 iterations  current Norm: 9.17848e+76 (max: 1e-06, Norm deltaR: 9.42538e+80)
ModifiedNewton::solveCurrentStep() -the ConvergenceTest object failed in test()
StaticAnalysis::analyze() - the Algorithm failed at step: 0 with domain at load factor -5.48634e+74
OpenSees > analyze failed, returned: -3 error flag
WARNING: CTestNormDispIncr::test() - failed to converge 
after: 50 iterations  current Norm: 33734.8 (max: 1e-06, Norm deltaR: 8.5602e+08)
NewtonRaphson::solveCurrentStep() -the ConvergenceTest object failed in test()
StaticAnalysis::analyze() - the Algorithm failed at step: 0 with domain at load factor -4825.96
OpenSees > analyze failed, returned: -3 error flag
WARNING: CTestNormDispIncr::test() - failed to converge 
after: 50 iterations  current Norm: 2307.92 (max: 1e-06, Norm deltaR: 1.80897e+08)
NewtonLineSearch::solveCurrentStep() -the ConvergenceTest object failed in test()
StaticAnalysis::analyze() - the Algorithm failed at step: 0 with domain at load factor 5242.93
OpenSees > analyze failed, returned: -3 error flag
WARNING: CTestNormDispIncr::test() - failed to converge 
after: 50 iterations  current Norm: 11099.3 (max: 1e-06, Norm deltaR: 5.5675e+08)
AcceleratedNewton::solveCurrentStep() -The ConvergenceTest object failed in test()
StaticAnalysis::analyze() - the Algorithm failed at step: 0 with domain at load factor -2290.84
OpenSees > analyze failed, returned: -3 error flag
WARNING: CTestNormDispIncr::test() - failed to converge 
after: 50 iterations  current Norm: 5.56706e+76 (max: 1e-06, Norm deltaR: 5.58573e+80)
ModifiedNewton::solveCurrentStep() -the ConvergenceTest object failed in test()
StaticAnalysis::analyze() - the Algorithm failed at step: 0 with domain at load factor -2.8547e+74
OpenSees > analyze failed, returned: -3 error flag
WARNING: CTestNormDispIncr::test() - failed to converge 
after: 50 iterations  current Norm: 13978.2 (max: 1e-06, Norm deltaR: 3.83692e+08)
NewtonRaphson::solveCurrentStep() -the ConvergenceTest object failed in test()
StaticAnalysis::analyze() - the Algorithm failed at step: 0 with domain at load factor 666.51
OpenSees > analyze failed, returned: -3 error flag
WARNING: CTestNormDispIncr::test() - failed to converge 
after: 50 iterations  current Norm: 1868.97 (max: 1e-06, Norm deltaR: 9.81024e+07)
NewtonLineSearch::solveCurrentStep() -the ConvergenceTest object failed in test()
StaticAnalysis::analyze() - the Algorithm failed at step: 0 with domain at load factor 515.129
OpenSees > analyze failed, returned: -3 error flag
WARNING ZeroLength::setDomain(): Element 5000116 has L= 16.5758, which is greater than the tolerance
WARNING ZeroLength::setDomain(): Element 5000117 has L= 18.1133, which is greater than the tolerance
WARNING ZeroLength::setDomain(): Element 5000118 has L= 58.6031, which is greater than the tolerance
WARNING ZeroLength::setDomain(): Element 5000119 has L= 10.7058, which is greater than the tolerance
WARNING ZeroLength::setDomain(): Element 5000120 has L= 21.8511, which is greater than the tolerance
WARNING ZeroLength::setDomain(): Element 5000121 has L= 8.31101, which is greater than the tolerance
WARNING ZeroLength::setDomain(): Element 5000122 has L= 61.3273, which is greater than the tolerance
WARNING ZeroLength::setDomain(): Element 5000123 has L= 20.9981, which is greater than the tolerance
WARNING ZeroLength::setDomain(): Element 5000124 has L= 7.35718, which is greater than the tolerance
WARNING ZeroLength::setDomain(): Element 5000125 has L= 7.20195, which is greater than the tolerance
WARNING ZeroLength::setDomain(): Element 5000126 has L= 16.233, which is greater than the tolerance
WARNING ZeroLength::setDomain(): Element 5000127 has L= 6.02759, which is greater than the tolerance
WARNING ZeroLength::setDomain(): Element 5000128 has L= 9.70552, which is greater than the tolerance
WARNING ZeroLength::setDomain(): Element 5000129 has L= 15.927, which is greater than the tolerance
WARNING ZeroLength::setDomain(): Element 5000130 has L= 16.9244, which is greater than the tolerance
WARNING ZeroLength::setDomain(): Element 5000131 has L= 7.99022, which is greater than the tolerance
WARNING ZeroLength::setDomain(): Element 5000132 has L= 9.00337, which is greater than the tolerance
WARNING ZeroLength::setDomain(): Element 5000133 has L= 20.6046, which is greater than the tolerance
WARNING ZeroLength::setDomain(): Element 5000134 has L= 9.93323, which is greater than the tolerance
WARNING ZeroLength::setDomain(): Element 5000135 has L= 21.4022, which is greater than the tolerance
WARNING ZeroLength::setDomain(): Element 5000136 has L= 10.4558, which is greater than the tolerance
WARNING ZeroLength::setDomain(): Element 5000137 has L= 66.1373, which is greater than the tolerance
WARNING ZeroLength::setDomain(): Element 5000138 has L= 34.3348, which is greater than the tolerance
WARNING ZeroLength::setDomain(): Element 5000139 has L= 57.1388, which is greater than the tolerance
WARNING ZeroLength::setDomain(): Element 5000140 has L= 10.4558, which is greater than the tolerance
WARNING ZeroLength::setDomain(): Element 5000141 has L= 27.9975, which is greater than the tolerance
WARNING ZeroLength::setDomain(): Element 5000142 has L= 53.8643, which is greater than the tolerance
WARNING ZeroLength::setDomain(): Element 5000143 has L= 16.5758, which is greater than the tolerance
WARNING ZeroLength::setDomain(): Element 5000144 has L= 7.08436, which is greater than the tolerance
WARNING: CTestNormDispIncr::test() - failed to converge 
after: 50 iterations  current Norm: 23465.6 (max: 1e-06, Norm deltaR: 1.76587e+09)
NewtonRaphson::solveCurrentStep() -the ConvergenceTest object failed in test()
StaticAnalysis::analyze() - the Algorithm failed at step: 0 with domain at load factor -5889.48
OpenSees > analyze failed, returned: -3 error flag
WARNING: CTestNormDispIncr::test() - failed to converge 
after: 50 iterations  current Norm: 6.02311 (max: 1e-06, Norm deltaR: 3.45167e+06)
NewtonLineSearch::solveCurrentStep() -the ConvergenceTest object failed in test()
StaticAnalysis::analyze() - the Algorithm failed at step: 0 with domain at load factor 469.508
OpenSees > analyze failed, returned: -3 error flag
WARNING: CTestNormDispIncr::test() - failed to converge 
after: 50 iterations  current Norm: 6.42344 (max: 1e-06, Norm deltaR: 80299.8)
AcceleratedNewton::solveCurrentStep() -The ConvergenceTest object failed in test()
StaticAnalysis::analyze() - the Algorithm failed at step: 0 with domain at load factor 486.141
OpenSees > analyze failed, returned: -3 error flag
WARNING: CTestNormDispIncr::test() - failed to converge 
after: 50 iterations  current Norm: 1.42293e+63 (max: 1e-06, Norm deltaR: 1.22328e+67)
ModifiedNewton::solveCurrentStep() -the ConvergenceTest object failed in test()
StaticAnalysis::analyze() - the Algorithm failed at step: 0 with domain at load factor 1.34134e+62
OpenSees > analyze failed, returned: -3 error flag
WARNING: CTestNormDispIncr::test() - failed to converge 
after: 50 iterations  current Norm: 23618.4 (max: 1e-06, Norm deltaR: 6.21715e+08)
NewtonRaphson::solveCurrentStep() -the ConvergenceTest object failed in test()
StaticAnalysis::analyze() - the Algorithm failed at step: 0 with domain at load factor 5213.12
OpenSees > analyze failed, returned: -3 error flag
WARNING ZeroLength::setDomain(): Element 5000145 has L= 54.1271, which is greater than the tolerance
WARNING ZeroLength::setDomain(): Element 5000146 has L= 15.927, which is greater than the tolerance
WARNING ZeroLength::setDomain(): Element 5000147 has L= 33.7273, which is greater than the tolerance
WARNING ZeroLength::setDomain(): Element 5000148 has L= 59.5265, which is greater than the tolerance
WARNING ZeroLength::setDomain(): Element 5000149 has L= 15.6144, which is greater than the tolerance
WARNING ZeroLength::setDomain(): Element 5000150 has L= 20.1798, which is greater than the tolerance
WARNING ZeroLength::setDomain(): Element 5000151 has L= 15.6144, which is greater than the tolerance
WARNING ZeroLength::setDomain(): Element 5000152 has L= 10.1876, which is greater than the tolerance
WARNING ZeroLength::setDomain(): Element 5000153 has L= 7.20195, which is greater than the tolerance
WARNING ZeroLength::setDomain(): Element 5000154 has L= 9.70552, which is greater than the tolerance
WARNING ZeroLength::setDomain(): Element 5000155 has L= 8.51003, which is greater than the tolerance
WARNING ZeroLength::setDomain(): Element 5000156 has L= 57.2445, which is greater than the tolerance
WARNING ZeroLength::setDomain(): Element 5000157 has L= 64.6738, which is greater than the tolerance
WARNING ZeroLength::setDomain(): Element 5000158 has L= 56.7621, which is greater than the tolerance
WARNING ZeroLength::setDomain(): Element 5000159 has L= 9.5001, which is greater than the tolerance
WARNING ZeroLength::setDomain(): Element 5000160 has L= 28.708, which is greater than the tolerance
WARNING ZeroLength::setDomain(): Element 5000161 has L= 35.7288, which is greater than the tolerance
WARNING ZeroLength::setDomain(): Element 5000162 has L= 59.1438, which is greater than the tolerance
WARNING ZeroLength::setDomain(): Element 5000163 has L= 35.0179, which is greater than the tolerance
WARNING ZeroLength::setDomain(): Element 5000164 has L= 47.7804, which is greater than the tolerance
WARNING ZeroLength::setDomain(): Element 5000165 has L= 34.3348, which is greater than the tolerance
WARNING ZeroLength::setDomain(): Element 5000166 has L= 20.1798, which is greater than the tolerance
WARNING ZeroLength::setDomain(): Element 5000167 has L= 55.5276, which is greater than the tolerance
WARNING ZeroLength::setDomain(): Element 5000168 has L= 48.2176, which is greater than the tolerance
WARNING ZeroLength::setDomain(): Element 5000169 has L= 18.4498, which is greater than the tolerance
WARNING ZeroLength::setDomain(): Element 5000170 has L= 58.0874, which is greater than the tolerance
WARNING ZeroLength::setDomain(): Element 5000171 has L= 47.5921, which is greater than the tolerance
WARNING ZeroLength::setDomain(): Element 5000172 has L= 22.3607, which is greater than the tolerance
WARNING ZeroLength::setDomain(): Element 5000173 has L= 55.5477, which is greater than the tolerance
WARNING ZeroLength::setDomain(): Element 5000174 has L= 25.6084, which is greater than the tolerance
WARNING: CTestNormDispIncr::test() - failed to converge 
after: 50 iterations  current Norm: 49057.2 (max: 1e-06, Norm deltaR: 1.65844e+08)
NewtonRaphson::solveCurrentStep() -the ConvergenceTest object failed in test()
StaticAnalysis::analyze() - the Algorithm failed at step: 0 with domain at load factor 1251.42
OpenSees > analyze failed, returned: -3 error flag
WARNING ZeroLength::setDomain(): Element 5000175 has L= 57.4507, which is greater than the tolerance
WARNING ZeroLength::setDomain(): Element 5000176 has L= 59.7171, which is greater than the tolerance
WARNING ZeroLength::setDomain(): Element 5000177 has L= 62.125, which is greater than the tolerance
WARNING ZeroLength::setDomain(): Element 5000178 has L= 33.7273, which is greater than the tolerance
WARNING ZeroLength::setDomain(): Element 5000179 has L= 60.7597, which is greater than the tolerance
WARNING ZeroLength::setDomain(): Element 5000180 has L= 8.70698, which is greater than the tolerance
WARNING ZeroLength::setDomain(): Element 5000181 has L= 62.1136, which is greater than the tolerance
WARNING ZeroLength::setDomain(): Element 5000182 has L= 47.5836, which is greater than the tolerance
WARNING ZeroLength::setDomain(): Element 5000183 has L= 55.7511, which is greater than the tolerance
WARNING ZeroLength::setDomain(): Element 5000184 has L= 6.99857, which is greater than the tolerance
WARNING ZeroLength::setDomain(): Element 5000185 has L= 8.14272, which is greater than the tolerance
WARNING: CTestNormDispIncr::test() - failed to converge 
after: 50 iterations  current Norm: 51082.8 (max: 1e-06, Norm deltaR: 1.08434e+09)
NewtonRaphson::solveCurrentStep() -the ConvergenceTest object failed in test()
StaticAnalysis::analyze() - the Algorithm failed at step: 0 with domain at load factor -5539.48
OpenSees > analyze failed, returned: -3 error flag
WARNING ZeroLength::setDomain(): Element 5000186 has L= 60.0321, which is greater than the tolerance
WARNING ZeroLength::setDomain(): Element 5000187 has L= 29.2913, which is greater than the tolerance
WARNING ZeroLength::setDomain(): Element 5000188 has L= 57.82, which is greater than the tolerance
WARNING ZeroLength::setDomain(): Element 5000189 has L= 17.3329, which is greater than the tolerance
WARNING ZeroLength::setDomain(): Element 5000190 has L= 62.6078, which is greater than the tolerance
WARNING ZeroLength::setDomain(): Element 5000191 has L= 35.7288, which is greater than the tolerance
WARNING ZeroLength::setDomain(): Element 5000192 has L= 35.0179, which is greater than the tolerance
WARNING ZeroLength::setDomain(): Element 5000193 has L= 8.85983, which is greater than the tolerance
WARNING ZeroLength::setDomain(): Element 5000194 has L= 65.1915, which is greater than the tolerance
WARNING ZeroLength::setDomain(): Element 5000195 has L= 27.3589, which is greater than the tolerance
WARNING ZeroLength::setDomain(): Element 5000196 has L= 47.6866, which is greater than the tolerance
WARNING ZeroLength::setDomain(): Element 5000197 has L= 60.0304, which is greater than the tolerance
WARNING ZeroLength::setDomain(): Element 5000198 has L= 36.4098, which is greater than the tolerance
WARNING ZeroLength::setDomain(): Element 5000199 has L= 22.7819, which is greater than the tolerance
WARNING ZeroLength::setDomain(): Element 5000200 has L= 61.1794, which is greater than the tolerance
WARNING ZeroLength::setDomain(): Element 5000201 has L= 65.465, which is greater than the tolerance
WARNING ZeroLength::setDomain(): Element 5000202 has L= 63.8066, which is greater than the tolerance
WARNING ZeroLength::setDomain(): Element 5000203 has L= 58.1048, which is greater than the tolerance
WARNING ZeroLength::setDomain(): Element 5000204 has L= 33.0776, which is greater than the tolerance
