WARNING ZeroLength::setDomain(): Element 5000001 has L= 2.49807, which is greater than the tolerance
WARNING ZeroLength::setDomain(): Element 5000002 has L= 2.24468, which is greater than the tolerance
WARNING ZeroLength::setDomain(): Element 5000003 has L= 1.83944, which is greater than the tolerance
WARNING ZeroLength::setDomain(): Element 5000004 has L= 1.84109, which is greater than the tolerance
WARNING ZeroLength::setDomain(): Element 5000005 has L= 1.77642, which is greater than the tolerance
WARNING ZeroLength::setDomain(): Element 5000006 has L= 1.77642, which is greater than the tolerance
WARNING ZeroLength::setDomain(): Element 5000007 has L= 1.84109, which is greater than the tolerance
WARNING ZeroLength::setDomain(): Element 5000008 has L= 1.83944, which is greater than the tolerance
WARNING ZeroLength::setDomain(): Element 5000009 has L= 2.24468, which is greater than the tolerance
WARNING ZeroLength::setDomain(): Element 5000010 has L= 2.49807, which is greater than the tolerance
WARNING ZeroLength::setDomain(): Element 5000011 has L= 2.35136, which is greater than the tolerance
WARNING ZeroLength::setDomain(): Element 5000012 has L= 2.21306, which is greater than the tolerance
WARNING ZeroLength::setDomain(): Element 5000013 has L= 1.95434, which is greater than the tolerance
WARNING ZeroLength::setDomain(): Element 5000014 has L= 1.97997, which is greater than the tolerance
WARNING ZeroLength::setDomain(): Element 5000015 has L= 1.96768, which is greater than the tolerance
WARNING ZeroLength::setDomain(): Element 5000016 has L= 1.96768, which is greater than the tolerance
WARNING ZeroLength::setDomain(): Element 5000017 has L= 1.97997, which is greater than the tolerance
WARNING ZeroLength::setDomain(): Element 5000018 has L= 1.95434, which is greater than the tolerance
WARNING ZeroLength::setDomain(): Element 5000019 has L= 2.21306, which is greater than the tolerance
WARNING ZeroLength::setDomain(): Element 5000020 has L= 2.35136, which is greater than the tolerance
WARNING ZeroLength::setDomain(): Element 5000021 has L= 2.28633, which is greater than the tolerance
WARNING ZeroLength::setDomain(): Element 5000022 has L= 2.24632, which is greater than the tolerance
WARNING ZeroLength::setDomain(): Element 5000023 has L= 2.12817, which is greater than the tolerance
WARNING ZeroLength::setDomain(): Element 5000024 has L= 2.19297, which is greater than the tolerance
WARNING ZeroLength::setDomain(): Element 5000025 has L= 2.22985, which is greater than the tolerance
WARNING ZeroLength::setDomain(): Element 5000026 has L= 2.22985, which is greater than the tolerance
WARNING ZeroLength::setDomain(): Element 5000027 has L= 2.19297, which is greater than the tolerance
WARNING ZeroLength::setDomain(): Element 5000028 has L= 2.12817, which is greater than the tolerance
WARNING ZeroLength::setDomain(): Element 5000029 has L= 2.24632, which is greater than the tolerance
WARNING ZeroLength::setDomain(): Element 5000030 has L= 2.28633, which is greater than the tolerance
WARNING ZeroLength::setDomain(): Element 5000031 has L= 2.33089, which is greater than the tolerance
WARNING ZeroLength::setDomain(): Element 5000032 has L= 2.34269, which is greater than the tolerance
WARNING ZeroLength::setDomain(): Element 5000033 has L= 2.34181, which is greater than the tolerance
WARNING ZeroLength::setDomain(): Element 5000034 has L= 2.51315, which is greater than the tolerance
WARNING ZeroLength::setDomain(): Element 5000035 has L= 2.65327, which is greater than the tolerance
WARNING ZeroLength::setDomain(): Element 5000036 has L= 2.65327, which is greater than the tolerance
WARNING ZeroLength::setDomain(): Element 5000037 has L= 2.51315, which is greater than the tolerance
WARNING ZeroLength::setDomain(): Element 5000038 has L= 2.34181, which is greater than the tolerance
WARNING ZeroLength::setDomain(): Element 5000039 has L= 2.34269, which is greater than the tolerance
WARNING ZeroLength::setDomain(): Element 5000040 has L= 2.33089, which is greater than the tolerance
WARNING ZeroLength::setDomain(): Element 5000041 has L= 2.3906, which is greater than the tolerance
WARNING ZeroLength::setDomain(): Element 5000042 has L= 2.49845, which is greater than the tolerance
WARNING ZeroLength::setDomain(): Element 5000043 has L= 2.65166, which is greater than the tolerance
WARNING ZeroLength::setDomain(): Element 5000044 has L= 2.81796, which is greater than the tolerance
WARNING ZeroLength::setDomain(): Element 5000045 has L= 2.92356, which is greater than the tolerance
WARNING ZeroLength::setDomain(): Element 5000046 has L= 2.92356, which is greater than the tolerance
WARNING ZeroLength::setDomain(): Element 5000047 has L= 2.81796, which is greater than the tolerance
WARNING ZeroLength::setDomain(): Element 5000048 has L= 2.65166, which is greater than the tolerance
WARNING ZeroLength::setDomain(): Element 5000049 has L= 2.49845, which is greater than the tolerance
WARNING ZeroLength::setDomain(): Element 5000050 has L= 2.3906, which is greater than the tolerance
WARNING ZeroLength::setDomain(): Element 5000051 has L= 2.3265, which is greater than the tolerance
WARNING ZeroLength::setDomain(): Element 5000052 has L= 2.52635, which is greater than the tolerance
WARNING ZeroLength::setDomain(): Element 5000053 has L= 2.83138, which is greater than the tolerance
WARNING ZeroLength::setDomain(): Element 5000054 has L= 2.9079, which is greater than the tolerance
WARNING ZeroLength::setDomain(): Element 5000055 has L= 2.99172, which is greater than the tolerance
WARNING ZeroLength::setDomain(): Element 5000056 has L= 2.99172, which is greater than the tolerance
WARNING ZeroLength::setDomain(): Element 5000057 has L= 2.9079, which is greater than the tolerance
WARNING ZeroLength::setDomain(): Element 5000058 has L= 2.83138, which is greater than the tolerance
WARNING ZeroLength::setDomain(): Element 5000059 has L= 2.52635, which is greater than the tolerance
WARNING ZeroLength::setDomain(): Element 5000060 has L= 2.3265, which is greater than the tolerance
WARNING ZeroLength::setDomain(): Element 5000061 has L= 2.23518, which is greater than the tolerance
WARNING ZeroLength::setDomain(): Element 5000062 has L= 2.39423, which is greater than the tolerance
WARNING ZeroLength::setDomain(): Element 5000063 has L= 2.75224, which is greater than the tolerance
WARNING ZeroLength::setDomain(): Element 5000064 has L= 2.85774, which is greater than the tolerance
WARNING ZeroLength::setDomain(): Element 5000065 has L= 2.98804, which is greater than the tolerance
WARNING ZeroLength::setDomain(): Element 5000066 has L= 2.98804, which is greater than the tolerance
WARNING ZeroLength::setDomain(): Element 5000067 has L= 2.85774, which is greater than the tolerance
WARNING ZeroLength::setDomain(): Element 5000068 has L= 2.75224, which is greater than the tolerance
WARNING ZeroLength::setDomain(): Element 5000069 has L= 2.39423, which is greater than the tolerance
WARNING ZeroLength::setDomain(): Element 5000070 has L= 2.23518, which is greater than the tolerance
WARNING ZeroLength::setDomain(): Element 5000071 has L= 2.16032, which is greater than the tolerance
WARNING ZeroLength::setDomain(): Element 5000072 has L= 2.32046, which is greater than the tolerance
WARNING ZeroLength::setDomain(): Element 5000073 has L= 2.68978, which is greater than the tolerance
WARNING ZeroLength::setDomain(): Element 5000074 has L= 2.84134, which is greater than the tolerance
WARNING ZeroLength::setDomain(): Element 5000075 has L= 2.95069, which is greater than the tolerance
WARNING ZeroLength::setDomain(): Element 5000076 has L= 2.95069, which is greater than the tolerance
WARNING ZeroLength::setDomain(): Element 5000077 has L= 2.84134, which is greater than the tolerance
WARNING ZeroLength::setDomain(): Element 5000078 has L= 2.68978, which is greater than the tolerance
WARNING ZeroLength::setDomain(): Element 5000079 has L= 2.32046, which is greater than the tolerance
WARNING ZeroLength::setDomain(): Element 5000080 has L= 2.16032, which is greater than the tolerance
WARNING ZeroLength::setDomain(): Element 5000081 has L= 2.13159, which is greater than the tolerance
WARNING ZeroLength::setDomain(): Element 5000082 has L= 2.26481, which is greater than the tolerance
WARNING ZeroLength::setDomain(): Element 5000083 has L= 2.61645, which is greater than the tolerance
WARNING ZeroLength::setDomain(): Element 5000084 has L= 2.80325, which is greater than the tolerance
WARNING ZeroLength::setDomain(): Element 5000085 has L= 2.84931, which is greater than the tolerance
WARNING ZeroLength::setDomain(): Element 5000086 has L= 2.84931, which is greater than the tolerance
WARNING ZeroLength::setDomain(): Element 5000087 has L= 2.80325, which is greater than the tolerance
WARNING ZeroLength::setDomain(): Element 5000088 has L= 2.61645, which is greater than the tolerance
WARNING ZeroLength::setDomain(): Element 5000089 has L= 2.26481, which is greater than the tolerance
WARNING ZeroLength::setDomain(): Element 5000090 has L= 2.13159, which is greater than the tolerance
WARNING: CTestNormDispIncr::test() - failed to converge 
after: 50 iterations  current Norm: 17969.3 (max: 1e-06, Norm deltaR: 5.4794e+08)
NewtonRaphson::solveCurrentStep() -the ConvergenceTest object failed in test()
StaticAnalysis::analyze() - the Algorithm failed at step: 0 with domain at load factor 310.393
OpenSees > analyze failed, returned: -3 error flag
WARNING: CTestNormDispIncr::test() - failed to converge 
after: 50 iterations  current Norm: 13990.4 (max: 1e-06, Norm deltaR: 2.60172e+08)
NewtonRaphson::solveCurrentStep() -the ConvergenceTest object failed in test()
StaticAnalysis::analyze() - the Algorithm failed at step: 0 with domain at load factor -43.9834
OpenSees > analyze failed, returned: -3 error flag
WARNING: CTestNormDispIncr::test() - failed to converge 
after: 50 iterations  current Norm: 13896.8 (max: 1e-06, Norm deltaR: 1.52802e+08)
NewtonLineSearch::solveCurrentStep() -the ConvergenceTest object failed in test()
StaticAnalysis::analyze() - the Algorithm failed at step: 0 with domain at load factor 439.028
OpenSees > analyze failed, returned: -3 error flag
WARNING: CTestNormDispIncr::test() - failed to converge 
after: 50 iterations  current Norm: 74984 (max: 1e-06, Norm deltaR: 8.50524e+08)
AcceleratedNewton::solveCurrentStep() -The ConvergenceTest object failed in test()
StaticAnalysis::analyze() - the Algorithm failed at step: 0 with domain at load factor 504.78
OpenSees > analyze failed, returned: -3 error flag
WARNING: CTestNormDispIncr::test() - failed to converge 
after: 50 iterations  current Norm: 6.84096e+71 (max: 1e-06, Norm deltaR: 6.62311e+75)
ModifiedNewton::solveCurrentStep() -the ConvergenceTest object failed in test()
StaticAnalysis::analyze() - the Algorithm failed at step: 0 with domain at load factor 4.2633e+70
OpenSees > analyze failed, returned: -3 error flag
WARNING: CTestNormDispIncr::test() - failed to converge 
after: 50 iterations  current Norm: 158663 (max: 1e-06, Norm deltaR: 7.01733e+07)
NewtonRaphson::solveCurrentStep() -the ConvergenceTest object failed in test()
StaticAnalysis::analyze() - the Algorithm failed at step: 0 with domain at load factor -418.817
OpenSees > analyze failed, returned: -3 error flag
WARNING: CTestNormDispIncr::test() - failed to converge 
after: 50 iterations  current Norm: 1861.04 (max: 1e-06, Norm deltaR: 1.52711e+08)
NewtonLineSearch::solveCurrentStep() -the ConvergenceTest object failed in test()
StaticAnalysis::analyze() - the Algorithm failed at step: 0 with domain at load factor 5206.07
OpenSees > analyze failed, returned: -3 error flag
WARNING: CTestNormDispIncr::test() - failed to converge 
after: 50 iterations  current Norm: 13949.5 (max: 1e-06, Norm deltaR: 2.30495e+08)
NewtonRaphson::solveCurrentStep() -the ConvergenceTest object failed in test()
StaticAnalysis::analyze() - the Algorithm failed at step: 0 with domain at load factor 187.411
OpenSees > analyze failed, returned: -3 error flag
WARNING: CTestNormDispIncr::test() - failed to converge 
after: 50 iterations  current Norm: 80.7283 (max: 1e-06, Norm deltaR: 7.74109e+06)
NewtonLineSearch::solveCurrentStep() -the ConvergenceTest object failed in test()
StaticAnalysis::analyze() - the Algorithm failed at step: 0 with domain at load factor -188.498
OpenSees > analyze failed, returned: -3 error flag
WARNING: CTestNormDispIncr::test() - failed to converge 
after: 50 iterations  current Norm: 65491.1 (max: 1e-06, Norm deltaR: 4.52651e+09)
AcceleratedNewton::solveCurrentStep() -The ConvergenceTest object failed in test()
StaticAnalysis::analyze() - the Algorithm failed at step: 0 with domain at load factor 2064.95
OpenSees > analyze failed, returned: -3 error flag
WARNING: CTestNormDispIncr::test() - failed to converge 
after: 50 iterations  current Norm: 4.87018e+70 (max: 1e-06, Norm deltaR: 4.17981e+74)
ModifiedNewton::solveCurrentStep() -the ConvergenceTest object failed in test()
StaticAnalysis::analyze() - the Algorithm failed at step: 0 with domain at load factor -4.56085e+68
OpenSees > analyze failed, returned: -3 error flag
WARNING: CTestNormDispIncr::test() - failed to converge 
after: 50 iterations  current Norm: 98824.5 (max: 1e-06, Norm deltaR: 1.15578e+09)
NewtonRaphson::solveCurrentStep() -the ConvergenceTest object failed in test()
StaticAnalysis::analyze() - the Algorithm failed at step: 0 with domain at load factor 45.8593
OpenSees > analyze failed, returned: -3 error flag
WARNING: CTestNormDispIncr::test() - failed to converge 
after: 50 iterations  current Norm: 11946.9 (max: 1e-06, Norm deltaR: 1.18713e+08)
NewtonLineSearch::solveCurrentStep() -the ConvergenceTest object failed in test()
StaticAnalysis::analyze() - the Algorithm failed at step: 0 with domain at load factor -261.688
OpenSees > analyze failed, returned: -3 error flag
WARNING: CTestNormDispIncr::test() - failed to converge 
after: 50 iterations  current Norm: 3671.83 (max: 1e-06, Norm deltaR: 2.51724e+08)
AcceleratedNewton::solveCurrentStep() -The ConvergenceTest object failed in test()
StaticAnalysis::analyze() - the Algorithm failed at step: 0 with domain at load factor -874.427
OpenSees > analyze failed, returned: -3 error flag
WARNING: CTestNormDispIncr::test() - failed to converge 
after: 50 iterations  current Norm: 1.54441e+68 (max: 1e-06, Norm deltaR: 1.34261e+72)
ModifiedNewton::solveCurrentStep() -the ConvergenceTest object failed in test()
StaticAnalysis::analyze() - the Algorithm failed at step: 0 with domain at load factor -4.04322e+67
OpenSees > analyze failed, returned: -3 error flag
WARNING: CTestNormDispIncr::test() - failed to converge 
after: 50 iterations  current Norm: 17805.7 (max: 1e-06, Norm deltaR: 2.67675e+08)
NewtonRaphson::solveCurrentStep() -the ConvergenceTest object failed in test()
StaticAnalysis::analyze() - the Algorithm failed at step: 0 with domain at load factor 6117.32
OpenSees > analyze failed, returned: -3 error flag
WARNING ZeroLength::setDomain(): Element 5000091 has L= 7.83442, which is greater than the tolerance
WARNING ZeroLength::setDomain(): Element 5000092 has L= 7.9923, which is greater than the tolerance
WARNING ZeroLength::setDomain(): Element 5000093 has L= 48.1522, which is greater than the tolerance
WARNING ZeroLength::setDomain(): Element 5000094 has L= 51.7537, which is greater than the tolerance
WARNING ZeroLength::setDomain(): Element 5000095 has L= 7.68856, which is greater than the tolerance
WARNING: CTestNormDispIncr::test() - failed to converge 
after: 50 iterations  current Norm: 19058.7 (max: 1e-06, Norm deltaR: 5.02831e+08)
NewtonRaphson::solveCurrentStep() -the ConvergenceTest object failed in test()
StaticAnalysis::analyze() - the Algorithm failed at step: 0 with domain at load factor 1150.88
OpenSees > analyze failed, returned: -3 error flag
WARNING: CTestNormDispIncr::test() - failed to converge 
after: 50 iterations  current Norm: 104771 (max: 1e-06, Norm deltaR: 8.70512e+07)
NewtonLineSearch::solveCurrentStep() -the ConvergenceTest object failed in test()
StaticAnalysis::analyze() - the Algorithm failed at step: 0 with domain at load factor 22.5127
OpenSees > analyze failed, returned: -3 error flag
WARNING: CTestNormDispIncr::test() - failed to converge 
after: 50 iterations  current Norm: 232.332 (max: 1e-06, Norm deltaR: 1.14345e+07)
AcceleratedNewton::solveCurrentStep() -The ConvergenceTest object failed in test()
StaticAnalysis::analyze() - the Algorithm failed at step: 0 with domain at load factor 299.667
OpenSees > analyze failed, returned: -3 error flag
WARNING: CTestNormDispIncr::test() - failed to converge 
after: 50 iterations  current Norm: 6.51221e+78 (max: 1e-06, Norm deltaR: 4.18817e+82)
ModifiedNewton::solveCurrentStep() -the ConvergenceTest object failed in test()
StaticAnalysis::analyze() - the Algorithm failed at step: 0 with domain at load factor -1.753e+77
OpenSees > analyze failed, returned: -3 error flag
WARNING: CTestNormDispIncr::test() - failed to converge 
after: 50 iterations  current Norm: 202661 (max: 1e-06, Norm deltaR: 6.74255e+07)
NewtonRaphson::solveCurrentStep() -the ConvergenceTest object failed in test()
StaticAnalysis::analyze() - the Algorithm failed at step: 0 with domain at load factor 140.168
OpenSees > analyze failed, returned: -3 error flag
WARNING ZeroLength::setDomain(): Element 5000096 has L= 48.743, which is greater than the tolerance
WARNING ZeroLength::setDomain(): Element 5000097 has L= 52.4486, which is greater than the tolerance
WARNING ZeroLength::setDomain(): Element 5000098 has L= 8.1448, which is greater than the tolerance
WARNING ZeroLength::setDomain(): Element 5000099 has L= 55.7147, which is greater than the tolerance
WARNING ZeroLength::setDomain(): Element 5000100 has L= 56.2309, which is greater than the tolerance
WARNING ZeroLength::setDomain(): Element 5000101 has L= 7.83442, which is greater than the tolerance
WARNING ZeroLength::setDomain(): Element 5000102 has L= 21.0001, which is greater than the tolerance
WARNING ZeroLength::setDomain(): Element 5000103 has L= 7.53356, which is greater than the tolerance
WARNING: CTestNormDispIncr::test() - failed to converge 
after: 50 iterations  current Norm: 11810.5 (max: 1e-06, Norm deltaR: 6.23665e+08)
NewtonRaphson::solveCurrentStep() -the ConvergenceTest object failed in test()
StaticAnalysis::analyze() - the Algorithm failed at step: 0 with domain at load factor -1955.14
OpenSees > analyze failed, returned: -3 error flag
WARNING ZeroLength::setDomain(): Element 5000104 has L= 21.4042, which is greater than the tolerance
WARNING ZeroLength::setDomain(): Element 5000105 has L= 7.9923, which is greater than the tolerance
WARNING ZeroLength::setDomain(): Element 5000106 has L= 48.8126, which is greater than the tolerance
WARNING ZeroLength::setDomain(): Element 5000107 has L= 49.2591, which is greater than the tolerance
WARNING ZeroLength::setDomain(): Element 5000108 has L= 52.2706, which is greater than the tolerance
WARNING ZeroLength::setDomain(): Element 5000109 has L= 59.9061, which is greater than the tolerance
WARNING ZeroLength::setDomain(): Element 5000110 has L= 59.8272, which is greater than the tolerance
WARNING ZeroLength::setDomain(): Element 5000111 has L= 7.68856, which is greater than the tolerance
WARNING: CTestNormDispIncr::test() - failed to converge 
after: 50 iterations  current Norm: 38040.2 (max: 1e-06, Norm deltaR: 1.02663e+09)
NewtonRaphson::solveCurrentStep() -the ConvergenceTest object failed in test()
StaticAnalysis::analyze() - the Algorithm failed at step: 0 with domain at load factor 12459.8
OpenSees > analyze failed, returned: -3 error flag
WARNING ZeroLength::setDomain(): Element 5000112 has L= 56.3439, which is greater than the tolerance
WARNING ZeroLength::setDomain(): Element 5000113 has L= 21.0001, which is greater than the tolerance
WARNING: CTestNormDispIncr::test() - failed to converge 
after: 50 iterations  current Norm: 46975.7 (max: 1e-06, Norm deltaR: 7.33689e+08)
NewtonRaphson::solveCurrentStep() -the ConvergenceTest object failed in test()
StaticAnalysis::analyze() - the Algorithm failed at step: 0 with domain at load factor 1599.33
OpenSees > analyze failed, returned: -3 error flag
WARNING ZeroLength::setDomain(): Element 5000114 has L= 60.965, which is greater than the tolerance
WARNING ZeroLength::setDomain(): Element 5000115 has L= 50.9434, which is greater than the tolerance
WARNING ZeroLength::setDomain(): Element 5000116 has L= 8.1448, which is greater than the tolerance
WARNING ZeroLength::setDomain(): Element 5000117 has L= 64.1384, which is greater than the tolerance
WARNING ZeroLength::setDomain(): Element 5000118 has L= 21.4042, which is greater than the tolerance
WARNING ZeroLength::setDomain(): Element 5000119 has L= 17.3349, which is greater than the tolerance
WARNING ZeroLength::setDomain(): Element 5000120 has L= 8.31309, which is greater than the tolerance
WARNING ZeroLength::setDomain(): Element 5000121 has L= 21.8531, which is greater than the tolerance
WARNING ZeroLength::setDomain(): Element 5000122 has L= 63.6413, which is greater than the tolerance
WARNING ZeroLength::setDomain(): Element 5000123 has L= 17.7396, which is greater than the tolerance
WARNING ZeroLength::setDomain(): Element 5000124 has L= 16.9265, which is greater than the tolerance
WARNING ZeroLength::setDomain(): Element 5000125 has L= 20.6066, which is greater than the tolerance
WARNING: CTestNormDispIncr::test() - failed to converge 
after: 50 iterations  current Norm: 42046.8 (max: 1e-06, Norm deltaR: 1.33981e+09)
NewtonRaphson::solveCurrentStep() -the ConvergenceTest object failed in test()
StaticAnalysis::analyze() - the Algorithm failed at step: 0 with domain at load factor -5247.53
OpenSees > analyze failed, returned: -3 error flag
WARNING ZeroLength::setDomain(): Element 5000126 has L= 7.53356, which is greater than the tolerance
WARNING ZeroLength::setDomain(): Element 5000127 has L= 7.35926, which is greater than the tolerance
WARNING ZeroLength::setDomain(): Element 5000128 has L= 9.93482, which is greater than the tolerance
WARNING ZeroLength::setDomain(): Element 5000129 has L= 20.6066, which is greater than the tolerance
WARNING ZeroLength::setDomain(): Element 5000130 has L= 7.93019, which is greater than the tolerance
WARNING ZeroLength::setDomain(): Element 5000131 has L= 65.6131, which is greater than the tolerance
WARNING ZeroLength::setDomain(): Element 5000132 has L= 61.811, which is greater than the tolerance
WARNING ZeroLength::setDomain(): Element 5000133 has L= 9.70712, which is greater than the tolerance
WARNING ZeroLength::setDomain(): Element 5000134 has L= 59.1373, which is greater than the tolerance
WARNING ZeroLength::setDomain(): Element 5000135 has L= 7.20403, which is greater than the tolerance
WARNING ZeroLength::setDomain(): Element 5000136 has L= 18.1154, which is greater than the tolerance
WARNING ZeroLength::setDomain(): Element 5000137 has L= 59.3376, which is greater than the tolerance
WARNING ZeroLength::setDomain(): Element 5000138 has L= 62.2947, which is greater than the tolerance
WARNING ZeroLength::setDomain(): Element 5000139 has L= 8.51211, which is greater than the tolerance
WARNING ZeroLength::setDomain(): Element 5000140 has L= 16.2351, which is greater than the tolerance
WARNING ZeroLength::setDomain(): Element 5000141 has L= 49.8616, which is greater than the tolerance
WARNING ZeroLength::setDomain(): Element 5000142 has L= 7.35926, which is greater than the tolerance
WARNING ZeroLength::setDomain(): Element 5000143 has L= 22.3627, which is greater than the tolerance
WARNING ZeroLength::setDomain(): Element 5000144 has L= 16.5779, which is greater than the tolerance
WARNING ZeroLength::setDomain(): Element 5000145 has L= 15.9291, which is greater than the tolerance
WARNING ZeroLength::setDomain(): Element 5000146 has L= 62.265, which is greater than the tolerance
WARNING ZeroLength::setDomain(): Element 5000147 has L= 65.7089, which is greater than the tolerance
WARNING ZeroLength::setDomain(): Element 5000148 has L= 8.70906, which is greater than the tolerance
WARNING ZeroLength::setDomain(): Element 5000149 has L= 27.9995, which is greater than the tolerance
WARNING ZeroLength::setDomain(): Element 5000150 has L= 59.504, which is greater than the tolerance
WARNING ZeroLength::setDomain(): Element 5000151 has L= 16.9265, which is greater than the tolerance
WARNING ZeroLength::setDomain(): Element 5000152 has L= 7.08644, which is greater than the tolerance
WARNING ZeroLength::setDomain(): Element 5000153 has L= 55.6955, which is greater than the tolerance
WARNING ZeroLength::setDomain(): Element 5000154 has L= 10.4573, which is greater than the tolerance
WARNING ZeroLength::setDomain(): Element 5000155 has L= 20.1818, which is greater than the tolerance
WARNING ZeroLength::setDomain(): Element 5000156 has L= 56.2304, which is greater than the tolerance
WARNING ZeroLength::setDomain(): Element 5000157 has L= 9.50171, which is greater than the tolerance
WARNING ZeroLength::setDomain(): Element 5000158 has L= 15.9291, which is greater than the tolerance
WARNING ZeroLength::setDomain(): Element 5000159 has L= 20.1818, which is greater than the tolerance
WARNING ZeroLength::setDomain(): Element 5000160 has L= 10.1892, which is greater than the tolerance
WARNING ZeroLength::setDomain(): Element 5000161 has L= 62.0948, which is greater than the tolerance
WARNING ZeroLength::setDomain(): Element 5000162 has L= 34.3369, which is greater than the tolerance
WARNING ZeroLength::setDomain(): Element 5000163 has L= 60.7185, which is greater than the tolerance
WARNING ZeroLength::setDomain(): Element 5000164 has L= 8.31309, which is greater than the tolerance
WARNING ZeroLength::setDomain(): Element 5000165 has L= 68.4976, which is greater than the tolerance
WARNING ZeroLength::setDomain(): Element 5000166 has L= 33.7293, which is greater than the tolerance
WARNING ZeroLength::setDomain(): Element 5000167 has L= 18.4519, which is greater than the tolerance
WARNING ZeroLength::setDomain(): Element 5000168 has L= 64.8827, which is greater than the tolerance
WARNING ZeroLength::setDomain(): Element 5000169 has L= 28.7101, which is greater than the tolerance
WARNING ZeroLength::setDomain(): Element 5000170 has L= 57.4377, which is greater than the tolerance
WARNING ZeroLength::setDomain(): Element 5000171 has L= 57.6718, which is greater than the tolerance
WARNING ZeroLength::setDomain(): Element 5000172 has L= 48.338, which is greater than the tolerance
WARNING ZeroLength::setDomain(): Element 5000173 has L= 15.6165, which is greater than the tolerance
WARNING ZeroLength::setDomain(): Element 5000174 has L= 17.3349, which is greater than the tolerance
WARNING ZeroLength::setDomain(): Element 5000175 has L= 22.7838, which is greater than the tolerance
WARNING ZeroLength::setDomain(): Element 5000176 has L= 35.02, which is greater than the tolerance
WARNING ZeroLength::setDomain(): Element 5000177 has L= 53.8501, which is greater than the tolerance
WARNING ZeroLength::setDomain(): Element 5000178 has L= 67.4173, which is greater than the tolerance
WARNING ZeroLength::setDomain(): Element 5000179 has L= 54.5101, which is greater than the tolerance
WARNING ZeroLength::setDomain(): Element 5000180 has L= 63.3005, which is greater than the tolerance
WARNING ZeroLength::setDomain(): Element 5000181 has L= 7.20403, which is greater than the tolerance
WARNING ZeroLength::setDomain(): Element 5000182 has L= 8.86191, which is greater than the tolerance
WARNING ZeroLength::setDomain(): Element 5000183 has L= 58.2367, which is greater than the tolerance
WARNING ZeroLength::setDomain(): Element 5000184 has L= 49.4723, which is greater than the tolerance
