WARNING ZeroLength::setDomain(): Element 5000001 has L= 2.46728, which is greater than the tolerance
WARNING ZeroLength::setDomain(): Element 5000002 has L= 2.21379, which is greater than the tolerance
WARNING ZeroLength::setDomain(): Element 5000003 has L= 1.80849, which is greater than the tolerance
WARNING ZeroLength::setDomain(): Element 5000004 has L= 1.81015, which is greater than the tolerance
WARNING ZeroLength::setDomain(): Element 5000005 has L= 1.74546, which is greater than the tolerance
WARNING ZeroLength::setDomain(): Element 5000006 has L= 1.74546, which is greater than the tolerance
WARNING ZeroLength::setDomain(): Element 5000007 has L= 1.81015, which is greater than the tolerance
WARNING ZeroLength::setDomain(): Element 5000008 has L= 1.80849, which is greater than the tolerance
WARNING ZeroLength::setDomain(): Element 5000009 has L= 2.21379, which is greater than the tolerance
WARNING ZeroLength::setDomain(): Element 5000010 has L= 2.46728, which is greater than the tolerance
WARNING ZeroLength::setDomain(): Element 5000011 has L= 2.32058, which is greater than the tolerance
WARNING ZeroLength::setDomain(): Element 5000012 has L= 2.18216, which is greater than the tolerance
WARNING ZeroLength::setDomain(): Element 5000013 has L= 1.92339, which is greater than the tolerance
WARNING ZeroLength::setDomain(): Element 5000014 has L= 1.94902, which is greater than the tolerance
WARNING ZeroLength::setDomain(): Element 5000015 has L= 1.93672, which is greater than the tolerance
WARNING ZeroLength::setDomain(): Element 5000016 has L= 1.93672, which is greater than the tolerance
WARNING ZeroLength::setDomain(): Element 5000017 has L= 1.94902, which is greater than the tolerance
WARNING ZeroLength::setDomain(): Element 5000018 has L= 1.92339, which is greater than the tolerance
WARNING ZeroLength::setDomain(): Element 5000019 has L= 2.18216, which is greater than the tolerance
WARNING ZeroLength::setDomain(): Element 5000020 has L= 2.32058, which is greater than the tolerance
WARNING ZeroLength::setDomain(): Element 5000021 has L= 2.25551, which is greater than the tolerance
WARNING ZeroLength::setDomain(): Element 5000022 has L= 2.21539, which is greater than the tolerance
WARNING ZeroLength::setDomain(): Element 5000023 has L= 2.09721, which is greater than the tolerance
WARNING ZeroLength::setDomain(): Element 5000024 has L= 2.16201, which is greater than the tolerance
WARNING ZeroLength::setDomain(): Element 5000025 has L= 2.19889, which is greater than the tolerance
WARNING ZeroLength::setDomain(): Element 5000026 has L= 2.19889, which is greater than the tolerance
WARNING ZeroLength::setDomain(): Element 5000027 has L= 2.16201, which is greater than the tolerance
WARNING ZeroLength::setDomain(): Element 5000028 has L= 2.09721, which is greater than the tolerance
WARNING ZeroLength::setDomain(): Element 5000029 has L= 2.21539, which is greater than the tolerance
WARNING ZeroLength::setDomain(): Element 5000030 has L= 2.25551, which is greater than the tolerance
WARNING ZeroLength::setDomain(): Element 5000031 has L= 2.29998, which is greater than the tolerance
WARNING ZeroLength::setDomain(): Element 5000032 has L= 2.31174, which is greater than the tolerance
WARNING ZeroLength::setDomain(): Element 5000033 has L= 2.31085, which is greater than the tolerance
WARNING ZeroLength::setDomain(): Element 5000034 has L= 2.48219, which is greater than the tolerance
WARNING ZeroLength::setDomain(): Element 5000035 has L= 2.62231, which is greater than the tolerance
WARNING ZeroLength::setDomain(): Element 5000036 has L= 2.62231, which is greater than the tolerance
WARNING ZeroLength::setDomain(): Element 5000037 has L= 2.48219, which is greater than the tolerance
WARNING ZeroLength::setDomain(): Element 5000038 has L= 2.31085, which is greater than the tolerance
WARNING ZeroLength::setDomain(): Element 5000039 has L= 2.31174, which is greater than the tolerance
WARNING ZeroLength::setDomain(): Element 5000040 has L= 2.29998, which is greater than the tolerance
WARNING ZeroLength::setDomain(): Element 5000041 has L= 2.35965, which is greater than the tolerance
WARNING ZeroLength::setDomain(): Element 5000042 has L= 2.46749, which is greater than the tolerance
WARNING ZeroLength::setDomain(): Element 5000043 has L= 2.62071, which is greater than the tolerance
WARNING ZeroLength::setDomain(): Element 5000044 has L= 2.787, which is greater than the tolerance
WARNING ZeroLength::setDomain(): Element 5000045 has L= 2.8926, which is greater than the tolerance
WARNING ZeroLength::setDomain(): Element 5000046 has L= 2.8926, which is greater than the tolerance
WARNING ZeroLength::setDomain(): Element 5000047 has L= 2.787, which is greater than the tolerance
WARNING ZeroLength::setDomain(): Element 5000048 has L= 2.62071, which is greater than the tolerance
WARNING ZeroLength::setDomain(): Element 5000049 has L= 2.46749, which is greater than the tolerance
WARNING ZeroLength::setDomain(): Element 5000050 has L= 2.35965, which is greater than the tolerance
WARNING ZeroLength::setDomain(): Element 5000051 has L= 2.29555, which is greater than the tolerance
WARNING ZeroLength::setDomain(): Element 5000052 has L= 2.4954, which is greater than the tolerance
WARNING ZeroLength::setDomain(): Element 5000053 has L= 2.80043, which is greater than the tolerance
WARNING ZeroLength::setDomain(): Element 5000054 has L= 2.87694, which is greater than the tolerance
WARNING ZeroLength::setDomain(): Element 5000055 has L= 2.96077, which is greater than the tolerance
WARNING ZeroLength::setDomain(): Element 5000056 has L= 2.96077, which is greater than the tolerance
WARNING ZeroLength::setDomain(): Element 5000057 has L= 2.87694, which is greater than the tolerance
WARNING ZeroLength::setDomain(): Element 5000058 has L= 2.80043, which is greater than the tolerance
WARNING ZeroLength::setDomain(): Element 5000059 has L= 2.4954, which is greater than the tolerance
WARNING ZeroLength::setDomain(): Element 5000060 has L= 2.29555, which is greater than the tolerance
WARNING ZeroLength::setDomain(): Element 5000061 has L= 2.20424, which is greater than the tolerance
WARNING ZeroLength::setDomain(): Element 5000062 has L= 2.36327, which is greater than the tolerance
WARNING ZeroLength::setDomain(): Element 5000063 has L= 2.72128, which is greater than the tolerance
WARNING ZeroLength::setDomain(): Element 5000064 has L= 2.82678, which is greater than the tolerance
WARNING ZeroLength::setDomain(): Element 5000065 has L= 2.95708, which is greater than the tolerance
WARNING ZeroLength::setDomain(): Element 5000066 has L= 2.95708, which is greater than the tolerance
WARNING ZeroLength::setDomain(): Element 5000067 has L= 2.82678, which is greater than the tolerance
WARNING ZeroLength::setDomain(): Element 5000068 has L= 2.72128, which is greater than the tolerance
WARNING ZeroLength::setDomain(): Element 5000069 has L= 2.36327, which is greater than the tolerance
WARNING ZeroLength::setDomain(): Element 5000070 has L= 2.20424, which is greater than the tolerance
WARNING ZeroLength::setDomain(): Element 5000071 has L= 2.12939, which is greater than the tolerance
WARNING ZeroLength::setDomain(): Element 5000072 has L= 2.2895, which is greater than the tolerance
WARNING ZeroLength::setDomain(): Element 5000073 has L= 2.65882, which is greater than the tolerance
WARNING ZeroLength::setDomain(): Element 5000074 has L= 2.81038, which is greater than the tolerance
WARNING ZeroLength::setDomain(): Element 5000075 has L= 2.91973, which is greater than the tolerance
WARNING ZeroLength::setDomain(): Element 5000076 has L= 2.91973, which is greater than the tolerance
WARNING ZeroLength::setDomain(): Element 5000077 has L= 2.81038, which is greater than the tolerance
WARNING ZeroLength::setDomain(): Element 5000078 has L= 2.65882, which is greater than the tolerance
WARNING ZeroLength::setDomain(): Element 5000079 has L= 2.2895, which is greater than the tolerance
WARNING ZeroLength::setDomain(): Element 5000080 has L= 2.12939, which is greater than the tolerance
WARNING ZeroLength::setDomain(): Element 5000081 has L= 2.10065, which is greater than the tolerance
WARNING ZeroLength::setDomain(): Element 5000082 has L= 2.23386, which is greater than the tolerance
WARNING ZeroLength::setDomain(): Element 5000083 has L= 2.58549, which is greater than the tolerance
WARNING ZeroLength::setDomain(): Element 5000084 has L= 2.77229, which is greater than the tolerance
WARNING ZeroLength::setDomain(): Element 5000085 has L= 2.81835, which is greater than the tolerance
WARNING ZeroLength::setDomain(): Element 5000086 has L= 2.81835, which is greater than the tolerance
WARNING ZeroLength::setDomain(): Element 5000087 has L= 2.77229, which is greater than the tolerance
WARNING ZeroLength::setDomain(): Element 5000088 has L= 2.58549, which is greater than the tolerance
WARNING ZeroLength::setDomain(): Element 5000089 has L= 2.23386, which is greater than the tolerance
WARNING ZeroLength::setDomain(): Element 5000090 has L= 2.10065, which is greater than the tolerance
WARNING: CTestNormDispIncr::test() - failed to converge 
after: 50 iterations  current Norm: 36638.5 (max: 1e-06, Norm deltaR: 1.86214e+08)
NewtonRaphson::solveCurrentStep() -the ConvergenceTest object failed in test()
StaticAnalysis::analyze() - the Algorithm failed at step: 0 with domain at load factor -2383.52
OpenSees > analyze failed, returned: -3 error flag
WARNING: CTestNormDispIncr::test() - failed to converge 
after: 50 iterations  current Norm: 1972.96 (max: 1e-06, Norm deltaR: 1.1371e+08)
NewtonLineSearch::solveCurrentStep() -the ConvergenceTest object failed in test()
StaticAnalysis::analyze() - the Algorithm failed at step: 0 with domain at load factor 3948.36
OpenSees > analyze failed, returned: -3 error flag
WARNING: CTestNormDispIncr::test() - failed to converge 
after: 50 iterations  current Norm: 1.94478 (max: 1e-06, Norm deltaR: 175036)
AcceleratedNewton::solveCurrentStep() -The ConvergenceTest object failed in test()
StaticAnalysis::analyze() - the Algorithm failed at step: 0 with domain at load factor 364.161
OpenSees > analyze failed, returned: -3 error flag
WARNING: CTestNormDispIncr::test() - failed to converge 
after: 50 iterations  current Norm: 6.21045e+68 (max: 1e-06, Norm deltaR: 5.56383e+72)
ModifiedNewton::solveCurrentStep() -the ConvergenceTest object failed in test()
StaticAnalysis::analyze() - the Algorithm failed at step: 0 with domain at load factor -1.39486e+68
OpenSees > analyze failed, returned: -3 error flag
WARNING: CTestNormDispIncr::test() - failed to converge 
after: 50 iterations  current Norm: 36295 (max: 1e-06, Norm deltaR: 1.05121e+09)
NewtonRaphson::solveCurrentStep() -the ConvergenceTest object failed in test()
StaticAnalysis::analyze() - the Algorithm failed at step: 0 with domain at load factor -5357.16
OpenSees > analyze failed, returned: -3 error flag
WARNING: CTestNormDispIncr::test() - failed to converge 
after: 50 iterations  current Norm: 35842.4 (max: 1e-06, Norm deltaR: 4.26317e+08)
NewtonRaphson::solveCurrentStep() -the ConvergenceTest object failed in test()
StaticAnalysis::analyze() - the Algorithm failed at step: 0 with domain at load factor 1388.94
OpenSees > analyze failed, returned: -3 error flag
WARNING: CTestNormDispIncr::test() - failed to converge 
after: 50 iterations  current Norm: 7948.12 (max: 1e-06, Norm deltaR: 2.90813e+08)
NewtonLineSearch::solveCurrentStep() -the ConvergenceTest object failed in test()
StaticAnalysis::analyze() - the Algorithm failed at step: 0 with domain at load factor 6225.94
OpenSees > analyze failed, returned: -3 error flag
WARNING: CTestNormDispIncr::test() - failed to converge 
after: 50 iterations  current Norm: 10888 (max: 1e-06, Norm deltaR: 1.5215e+08)
AcceleratedNewton::solveCurrentStep() -The ConvergenceTest object failed in test()
StaticAnalysis::analyze() - the Algorithm failed at step: 0 with domain at load factor 239.418
OpenSees > analyze failed, returned: -3 error flag
WARNING: CTestNormDispIncr::test() - failed to converge 
after: 50 iterations  current Norm: 1.51697e+66 (max: 1e-06, Norm deltaR: 5.81748e+69)
ModifiedNewton::solveCurrentStep() -the ConvergenceTest object failed in test()
StaticAnalysis::analyze() - the Algorithm failed at step: 0 with domain at load factor -7.76474e+64
OpenSees > analyze failed, returned: -3 error flag
WARNING: CTestNormDispIncr::test() - failed to converge 
after: 50 iterations  current Norm: 154131 (max: 1e-06, Norm deltaR: 8.53417e+09)
NewtonRaphson::solveCurrentStep() -the ConvergenceTest object failed in test()
StaticAnalysis::analyze() - the Algorithm failed at step: 0 with domain at load factor -9357.87
OpenSees > analyze failed, returned: -3 error flag
WARNING: CTestNormDispIncr::test() - failed to converge 
after: 50 iterations  current Norm: 3378.51 (max: 1e-06, Norm deltaR: 1.42805e+08)
NewtonLineSearch::solveCurrentStep() -the ConvergenceTest object failed in test()
StaticAnalysis::analyze() - the Algorithm failed at step: 0 with domain at load factor 6238.46
OpenSees > analyze failed, returned: -3 error flag
WARNING ZeroLength::setDomain(): Element 5000091 has L= 7.99043, which is greater than the tolerance
WARNING ZeroLength::setDomain(): Element 5000092 has L= 8.14832, which is greater than the tolerance
WARNING ZeroLength::setDomain(): Element 5000093 has L= 50.5264, which is greater than the tolerance
WARNING ZeroLength::setDomain(): Element 5000094 has L= 7.84456, which is greater than the tolerance
WARNING ZeroLength::setDomain(): Element 5000095 has L= 54.3353, which is greater than the tolerance
WARNING: CTestNormDispIncr::test() - failed to converge 
after: 50 iterations  current Norm: 25940.2 (max: 1e-06, Norm deltaR: 6.89705e+08)
NewtonRaphson::solveCurrentStep() -the ConvergenceTest object failed in test()
StaticAnalysis::analyze() - the Algorithm failed at step: 0 with domain at load factor -4537.15
OpenSees > analyze failed, returned: -3 error flag
WARNING ZeroLength::setDomain(): Element 5000096 has L= 8.30082, which is greater than the tolerance
WARNING ZeroLength::setDomain(): Element 5000097 has L= 16.7339, which is greater than the tolerance
WARNING ZeroLength::setDomain(): Element 5000098 has L= 21.5514, which is greater than the tolerance
WARNING ZeroLength::setDomain(): Element 5000099 has L= 8.14832, which is greater than the tolerance
WARNING ZeroLength::setDomain(): Element 5000100 has L= 16.3911, which is greater than the tolerance
WARNING ZeroLength::setDomain(): Element 5000101 has L= 21.1474, which is greater than the tolerance
WARNING ZeroLength::setDomain(): Element 5000102 has L= 51.9437, which is greater than the tolerance
WARNING ZeroLength::setDomain(): Element 5000103 has L= 58.3939, which is greater than the tolerance
WARNING ZeroLength::setDomain(): Element 5000104 has L= 57.5611, which is greater than the tolerance
WARNING ZeroLength::setDomain(): Element 5000105 has L= 7.99043, which is greater than the tolerance
WARNING ZeroLength::setDomain(): Element 5000106 has L= 16.0852, which is greater than the tolerance
WARNING ZeroLength::setDomain(): Element 5000107 has L= 20.754, which is greater than the tolerance
WARNING ZeroLength::setDomain(): Element 5000108 has L= 7.84456, which is greater than the tolerance
WARNING ZeroLength::setDomain(): Element 5000109 has L= 7.68954, which is greater than the tolerance
WARNING ZeroLength::setDomain(): Element 5000110 has L= 10.5766, which is greater than the tolerance
WARNING ZeroLength::setDomain(): Element 5000111 has L= 7.68954, which is greater than the tolerance
WARNING ZeroLength::setDomain(): Element 5000112 has L= 10.3087, which is greater than the tolerance
WARNING ZeroLength::setDomain(): Element 5000113 has L= 10.0546, which is greater than the tolerance
WARNING: CTestNormDispIncr::test() - failed to converge 
after: 50 iterations  current Norm: 92173.4 (max: 1e-06, Norm deltaR: 2.23103e+08)
NewtonRaphson::solveCurrentStep() -the ConvergenceTest object failed in test()
StaticAnalysis::analyze() - the Algorithm failed at step: 0 with domain at load factor 888.87
OpenSees > analyze failed, returned: -3 error flag
WARNING ZeroLength::setDomain(): Element 5000114 has L= 10.8263, which is greater than the tolerance
WARNING ZeroLength::setDomain(): Element 5000115 has L= 17.0825, which is greater than the tolerance
WARNING ZeroLength::setDomain(): Element 5000116 has L= 16.3911, which is greater than the tolerance
WARNING ZeroLength::setDomain(): Element 5000117 has L= 56.0994, which is greater than the tolerance
WARNING ZeroLength::setDomain(): Element 5000118 has L= 17.491, which is greater than the tolerance
WARNING ZeroLength::setDomain(): Element 5000119 has L= 22.0001, which is greater than the tolerance
WARNING ZeroLength::setDomain(): Element 5000120 has L= 7.51522, which is greater than the tolerance
WARNING ZeroLength::setDomain(): Element 5000121 has L= 10.0546, which is greater than the tolerance
WARNING ZeroLength::setDomain(): Element 5000122 has L= 21.1474, which is greater than the tolerance
WARNING ZeroLength::setDomain(): Element 5000123 has L= 7.8229, which is greater than the tolerance
WARNING ZeroLength::setDomain(): Element 5000124 has L= 17.8956, which is greater than the tolerance
WARNING ZeroLength::setDomain(): Element 5000125 has L= 22.5096, which is greater than the tolerance
WARNING ZeroLength::setDomain(): Element 5000126 has L= 16.0852, which is greater than the tolerance
WARNING: CTestNormDispIncr::test() - failed to converge 
after: 50 iterations  current Norm: 75110.6 (max: 1e-06, Norm deltaR: 7.13139e+08)
NewtonRaphson::solveCurrentStep() -the ConvergenceTest object failed in test()
StaticAnalysis::analyze() - the Algorithm failed at step: 0 with domain at load factor 3042.66
OpenSees > analyze failed, returned: -3 error flag
WARNING ZeroLength::setDomain(): Element 5000127 has L= 22.9305, which is greater than the tolerance
WARNING ZeroLength::setDomain(): Element 5000128 has L= 16.7339, which is greater than the tolerance
WARNING ZeroLength::setDomain(): Element 5000129 has L= 7.51522, which is greater than the tolerance
WARNING ZeroLength::setDomain(): Element 5000130 has L= 21.5514, which is greater than the tolerance
WARNING ZeroLength::setDomain(): Element 5000131 has L= 18.2715, which is greater than the tolerance
WARNING ZeroLength::setDomain(): Element 5000132 has L= 11.0682, which is greater than the tolerance
WARNING ZeroLength::setDomain(): Element 5000133 has L= 20.754, which is greater than the tolerance
WARNING ZeroLength::setDomain(): Element 5000134 has L= 7.35997, which is greater than the tolerance
WARNING ZeroLength::setDomain(): Element 5000135 has L= 7.8229, which is greater than the tolerance
WARNING ZeroLength::setDomain(): Element 5000136 has L= 22.0001, which is greater than the tolerance
WARNING ZeroLength::setDomain(): Element 5000137 has L= 9.82754, which is greater than the tolerance
WARNING ZeroLength::setDomain(): Element 5000138 has L= 8.46912, which is greater than the tolerance
WARNING ZeroLength::setDomain(): Element 5000139 has L= 60.3745, which is greater than the tolerance
WARNING ZeroLength::setDomain(): Element 5000140 has L= 55.9763, which is greater than the tolerance
WARNING ZeroLength::setDomain(): Element 5000141 has L= 17.0825, which is greater than the tolerance
WARNING ZeroLength::setDomain(): Element 5000142 has L= 57.8715, which is greater than the tolerance
WARNING ZeroLength::setDomain(): Element 5000143 has L= 48.2813, which is greater than the tolerance
WARNING ZeroLength::setDomain(): Element 5000144 has L= 59.2072, which is greater than the tolerance
WARNING ZeroLength::setDomain(): Element 5000145 has L= 48.7805, which is greater than the tolerance
WARNING ZeroLength::setDomain(): Element 5000146 has L= 10.5766, which is greater than the tolerance
WARNING ZeroLength::setDomain(): Element 5000147 has L= 20.3294, which is greater than the tolerance
WARNING ZeroLength::setDomain(): Element 5000148 has L= 10.3087, which is greater than the tolerance
WARNING ZeroLength::setDomain(): Element 5000149 has L= 7.35997, which is greater than the tolerance
WARNING ZeroLength::setDomain(): Element 5000150 has L= 9.82754, which is greater than the tolerance
WARNING ZeroLength::setDomain(): Element 5000151 has L= 34.4903, which is greater than the tolerance
WARNING ZeroLength::setDomain(): Element 5000152 has L= 58.4229, which is greater than the tolerance
WARNING ZeroLength::setDomain(): Element 5000153 has L= 65.3495, which is greater than the tolerance
WARNING ZeroLength::setDomain(): Element 5000154 has L= 10.8263, which is greater than the tolerance
WARNING ZeroLength::setDomain(): Element 5000155 has L= 56.7819, which is greater than the tolerance
WARNING ZeroLength::setDomain(): Element 5000156 has L= 7.24236, which is greater than the tolerance
WARNING ZeroLength::setDomain(): Element 5000157 has L= 18.6079, which is greater than the tolerance
WARNING ZeroLength::setDomain(): Element 5000158 has L= 28.8661, which is greater than the tolerance
WARNING ZeroLength::setDomain(): Element 5000159 has L= 28.1556, which is greater than the tolerance
WARNING ZeroLength::setDomain(): Element 5000160 has L= 35.1734, which is greater than the tolerance
WARNING ZeroLength::setDomain(): Element 5000161 has L= 49.8593, which is greater than the tolerance
WARNING ZeroLength::setDomain(): Element 5000162 has L= 35.8843, which is greater than the tolerance
WARNING ZeroLength::setDomain(): Element 5000163 has L= 34.4903, which is greater than the tolerance
WARNING ZeroLength::setDomain(): Element 5000164 has L= 20.3294, which is greater than the tolerance
WARNING ZeroLength::setDomain(): Element 5000165 has L= 9.62294, which is greater than the tolerance
WARNING ZeroLength::setDomain(): Element 5000166 has L= 8.66813, which is greater than the tolerance
WARNING ZeroLength::setDomain(): Element 5000167 has L= 15.7725, which is greater than the tolerance
WARNING ZeroLength::setDomain(): Element 5000168 has L= 59.5655, which is greater than the tolerance
WARNING ZeroLength::setDomain(): Element 5000169 has L= 33.8828, which is greater than the tolerance
WARNING ZeroLength::setDomain(): Element 5000170 has L= 22.5096, which is greater than the tolerance
WARNING ZeroLength::setDomain(): Element 5000171 has L= 35.1734, which is greater than the tolerance
WARNING ZeroLength::setDomain(): Element 5000172 has L= 27.5171, which is greater than the tolerance
WARNING ZeroLength::setDomain(): Element 5000173 has L= 15.7725, which is greater than the tolerance
WARNING ZeroLength::setDomain(): Element 5000174 has L= 36.5653, which is greater than the tolerance
WARNING ZeroLength::setDomain(): Element 5000175 has L= 60.9576, which is greater than the tolerance
WARNING ZeroLength::setDomain(): Element 5000176 has L= 26.9407, which is greater than the tolerance
WARNING ZeroLength::setDomain(): Element 5000177 has L= 48.5287, which is greater than the tolerance
WARNING ZeroLength::setDomain(): Element 5000178 has L= 8.86506, which is greater than the tolerance
WARNING ZeroLength::setDomain(): Element 5000179 has L= 26.362, which is greater than the tolerance
WARNING: CTestNormDispIncr::test() - failed to converge 
after: 50 iterations  current Norm: 40748.9 (max: 1e-06, Norm deltaR: 1.35995e+09)
NewtonRaphson::solveCurrentStep() -the ConvergenceTest object failed in test()
StaticAnalysis::analyze() - the Algorithm failed at step: 0 with domain at load factor -9945.2
OpenSees > analyze failed, returned: -3 error flag
WARNING: CTestNormDispIncr::test() - failed to converge 
after: 50 iterations  current Norm: 1659.92 (max: 1e-06, Norm deltaR: 1.0364e+08)
NewtonLineSearch::solveCurrentStep() -the ConvergenceTest object failed in test()
StaticAnalysis::analyze() - the Algorithm failed at step: 0 with domain at load factor 5366.29
OpenSees > analyze failed, returned: -3 error flag
WARNING: CTestNormDispIncr::test() - failed to converge 
after: 50 iterations  current Norm: 46.3919 (max: 1e-06, Norm deltaR: 3.36984e+06)
AcceleratedNewton::solveCurrentStep() -The ConvergenceTest object failed in test()
StaticAnalysis::analyze() - the Algorithm failed at step: 0 with domain at load factor 727.257
OpenSees > analyze failed, returned: -3 error flag
WARNING: CTestNormDispIncr::test() - failed to converge 
after: 50 iterations  current Norm: 1.09244e+65 (max: 1e-06, Norm deltaR: 1.24624e+69)
ModifiedNewton::solveCurrentStep() -the ConvergenceTest object failed in test()
StaticAnalysis::analyze() - the Algorithm failed at step: 0 with domain at load factor 3.19364e+63
OpenSees > analyze failed, returned: -3 error flag
WARNING: CTestNormDispIncr::test() - failed to converge 
after: 50 iterations  current Norm: 21499.7 (max: 1e-06, Norm deltaR: 4.6566e+08)
NewtonRaphson::solveCurrentStep() -the ConvergenceTest object failed in test()
StaticAnalysis::analyze() - the Algorithm failed at step: 0 with domain at load factor -1197.36
OpenSees > analyze failed, returned: -3 error flag
WARNING: CTestNormDispIncr::test() - failed to converge 
after: 50 iterations  current Norm: 1459.1 (max: 1e-06, Norm deltaR: 9.92764e+07)
NewtonLineSearch::solveCurrentStep() -the ConvergenceTest object failed in test()
StaticAnalysis::analyze() - the Algorithm failed at step: 0 with domain at load factor 762.809
OpenSees > analyze failed, returned: -3 error flag
WARNING: CTestNormDispIncr::test() - failed to converge 
after: 50 iterations  current Norm: 13.8026 (max: 1e-06, Norm deltaR: 242196)
AcceleratedNewton::solveCurrentStep() -The ConvergenceTest object failed in test()
StaticAnalysis::analyze() - the Algorithm failed at step: 0 with domain at load factor 716.763
OpenSees > analyze failed, returned: -3 error flag
WARNING: CTestNormDispIncr::test() - failed to converge 
after: 50 iterations  current Norm: 7.89173e+68 (max: 1e-06, Norm deltaR: 5.17419e+72)
ModifiedNewton::solveCurrentStep() -the ConvergenceTest object failed in test()
StaticAnalysis::analyze() - the Algorithm failed at step: 0 with domain at load factor 1.76033e+68
OpenSees > analyze failed, returned: -3 error flag
WARNING: CTestNormDispIncr::test() - failed to converge 
after: 50 iterations  current Norm: 583928 (max: 1e-06, Norm deltaR: 7.78201e+07)
NewtonRaphson::solveCurrentStep() -the ConvergenceTest object failed in test()
StaticAnalysis::analyze() - the Algorithm failed at step: 0 with domain at load factor 1027.99
OpenSees > analyze failed, returned: -3 error flag
WARNING ZeroLength::setDomain(): Element 5000180 has L= 17.491, which is greater than the tolerance
WARNING ZeroLength::setDomain(): Element 5000181 has L= 58.6007, which is greater than the tolerance
WARNING ZeroLength::setDomain(): Element 5000182 has L= 60.9625, which is greater than the tolerance
WARNING ZeroLength::setDomain(): Element 5000183 has L= 35.8843, which is greater than the tolerance
WARNING ZeroLength::setDomain(): Element 5000184 has L= 62.7833, which is greater than the tolerance
WARNING ZeroLength::setDomain(): Element 5000185 has L= 66.6895, which is greater than the tolerance
WARNING: CTestNormDispIncr::test() - failed to converge 
after: 50 iterations  current Norm: 43432.8 (max: 1e-06, Norm deltaR: 1.27165e+09)
NewtonRaphson::solveCurrentStep() -the ConvergenceTest object failed in test()
StaticAnalysis::analyze() - the Algorithm failed at step: 0 with domain at load factor 4023.36
OpenSees > analyze failed, returned: -3 error flag
WARNING ZeroLength::setDomain(): Element 5000186 has L= 33.8828, which is greater than the tolerance
WARNING ZeroLength::setDomain(): Element 5000187 has L= 22.9305, which is greater than the tolerance
WARNING ZeroLength::setDomain(): Element 5000188 has L= 63.6224, which is greater than the tolerance
WARNING ZeroLength::setDomain(): Element 5000189 has L= 25.7666, which is greater than the tolerance
WARNING ZeroLength::setDomain(): Element 5000190 has L= 59.3031, which is greater than the tolerance
WARNING ZeroLength::setDomain(): Element 5000191 has L= 29.4494, which is greater than the tolerance
WARNING ZeroLength::setDomain(): Element 5000192 has L= 36.5653, which is greater than the tolerance
WARNING ZeroLength::setDomain(): Element 5000193 has L= 8.30082, which is greater than the tolerance
WARNING ZeroLength::setDomain(): Element 5000194 has L= 7.15655, which is greater than the tolerance
WARNING ZeroLength::setDomain(): Element 5000195 has L= 54.8071, which is greater than the tolerance
WARNING ZeroLength::setDomain(): Element 5000196 has L= 56.1744, which is greater than the tolerance
WARNING ZeroLength::setDomain(): Element 5000197 has L= 58.2835, which is greater than the tolerance
WARNING ZeroLength::setDomain(): Element 5000198 has L= 9.0179, which is greater than the tolerance
WARNING ZeroLength::setDomain(): Element 5000199 has L= 59.0567, which is greater than the tolerance
