WARNING ZeroLength::setDomain(): Element 5000001 has L= 2.46701, which is greater than the tolerance
WARNING ZeroLength::setDomain(): Element 5000002 has L= 2.21352, which is greater than the tolerance
WARNING ZeroLength::setDomain(): Element 5000003 has L= 1.80823, which is greater than the tolerance
WARNING ZeroLength::setDomain(): Element 5000004 has L= 1.80988, which is greater than the tolerance
WARNING ZeroLength::setDomain(): Element 5000005 has L= 1.7452, which is greater than the tolerance
WARNING ZeroLength::setDomain(): Element 5000006 has L= 1.7452, which is greater than the tolerance
WARNING ZeroLength::setDomain(): Element 5000007 has L= 1.80988, which is greater than the tolerance
WARNING ZeroLength::setDomain(): Element 5000008 has L= 1.80823, which is greater than the tolerance
WARNING ZeroLength::setDomain(): Element 5000009 has L= 2.21352, which is greater than the tolerance
WARNING ZeroLength::setDomain(): Element 5000010 has L= 2.46701, which is greater than the tolerance
WARNING ZeroLength::setDomain(): Element 5000011 has L= 2.32031, which is greater than the tolerance
WARNING ZeroLength::setDomain(): Element 5000012 has L= 2.18189, which is greater than the tolerance
WARNING ZeroLength::setDomain(): Element 5000013 has L= 1.92312, which is greater than the tolerance
WARNING ZeroLength::setDomain(): Element 5000014 has L= 1.94875, which is greater than the tolerance
WARNING ZeroLength::setDomain(): Element 5000015 has L= 1.93645, which is greater than the tolerance
WARNING ZeroLength::setDomain(): Element 5000016 has L= 1.93645, which is greater than the tolerance
WARNING ZeroLength::setDomain(): Element 5000017 has L= 1.94875, which is greater than the tolerance
WARNING ZeroLength::setDomain(): Element 5000018 has L= 1.92312, which is greater than the tolerance
WARNING ZeroLength::setDomain(): Element 5000019 has L= 2.18189, which is greater than the tolerance
WARNING ZeroLength::setDomain(): Element 5000020 has L= 2.32031, which is greater than the tolerance
WARNING ZeroLength::setDomain(): Element 5000021 has L= 2.25524, which is greater than the tolerance
WARNING ZeroLength::setDomain(): Element 5000022 has L= 2.21512, which is greater than the tolerance
WARNING ZeroLength::setDomain(): Element 5000023 has L= 2.09694, which is greater than the tolerance
WARNING ZeroLength::setDomain(): Element 5000024 has L= 2.16175, which is greater than the tolerance
WARNING ZeroLength::setDomain(): Element 5000025 has L= 2.19862, which is greater than the tolerance
WARNING ZeroLength::setDomain(): Element 5000026 has L= 2.19862, which is greater than the tolerance
WARNING ZeroLength::setDomain(): Element 5000027 has L= 2.16175, which is greater than the tolerance
WARNING ZeroLength::setDomain(): Element 5000028 has L= 2.09694, which is greater than the tolerance
WARNING ZeroLength::setDomain(): Element 5000029 has L= 2.21512, which is greater than the tolerance
WARNING ZeroLength::setDomain(): Element 5000030 has L= 2.25524, which is greater than the tolerance
WARNING ZeroLength::setDomain(): Element 5000031 has L= 2.29972, which is greater than the tolerance
WARNING ZeroLength::setDomain(): Element 5000032 has L= 2.31148, which is greater than the tolerance
WARNING ZeroLength::setDomain(): Element 5000033 has L= 2.31058, which is greater than the tolerance
WARNING ZeroLength::setDomain(): Element 5000034 has L= 2.48192, which is greater than the tolerance
WARNING ZeroLength::setDomain(): Element 5000035 has L= 2.62204, which is greater than the tolerance
WARNING ZeroLength::setDomain(): Element 5000036 has L= 2.62204, which is greater than the tolerance
WARNING ZeroLength::setDomain(): Element 5000037 has L= 2.48192, which is greater than the tolerance
WARNING ZeroLength::setDomain(): Element 5000038 has L= 2.31058, which is greater than the tolerance
WARNING ZeroLength::setDomain(): Element 5000039 has L= 2.31148, which is greater than the tolerance
WARNING ZeroLength::setDomain(): Element 5000040 has L= 2.29972, which is greater than the tolerance
WARNING ZeroLength::setDomain(): Element 5000041 has L= 2.35939, which is greater than the tolerance
WARNING ZeroLength::setDomain(): Element 5000042 has L= 2.46722, which is greater than the tolerance
WARNING ZeroLength::setDomain(): Element 5000043 has L= 2.62044, which is greater than the tolerance
WARNING ZeroLength::setDomain(): Element 5000044 has L= 2.78673, which is greater than the tolerance
WARNING ZeroLength::setDomain(): Element 5000045 has L= 2.89234, which is greater than the tolerance
WARNING ZeroLength::setDomain(): Element 5000046 has L= 2.89234, which is greater than the tolerance
WARNING ZeroLength::setDomain(): Element 5000047 has L= 2.78673, which is greater than the tolerance
WARNING ZeroLength::setDomain(): Element 5000048 has L= 2.62044, which is greater than the tolerance
WARNING ZeroLength::setDomain(): Element 5000049 has L= 2.46722, which is greater than the tolerance
WARNING ZeroLength::setDomain(): Element 5000050 has L= 2.35939, which is greater than the tolerance
WARNING ZeroLength::setDomain(): Element 5000051 has L= 2.29529, which is greater than the tolerance
WARNING ZeroLength::setDomain(): Element 5000052 has L= 2.49513, which is greater than the tolerance
WARNING ZeroLength::setDomain(): Element 5000053 has L= 2.80016, which is greater than the tolerance
WARNING ZeroLength::setDomain(): Element 5000054 has L= 2.87667, which is greater than the tolerance
WARNING ZeroLength::setDomain(): Element 5000055 has L= 2.9605, which is greater than the tolerance
WARNING ZeroLength::setDomain(): Element 5000056 has L= 2.9605, which is greater than the tolerance
WARNING ZeroLength::setDomain(): Element 5000057 has L= 2.87667, which is greater than the tolerance
WARNING ZeroLength::setDomain(): Element 5000058 has L= 2.80016, which is greater than the tolerance
WARNING ZeroLength::setDomain(): Element 5000059 has L= 2.49513, which is greater than the tolerance
WARNING ZeroLength::setDomain(): Element 5000060 has L= 2.29529, which is greater than the tolerance
WARNING ZeroLength::setDomain(): Element 5000061 has L= 2.20397, which is greater than the tolerance
WARNING ZeroLength::setDomain(): Element 5000062 has L= 2.363, which is greater than the tolerance
WARNING ZeroLength::setDomain(): Element 5000063 has L= 2.72102, which is greater than the tolerance
WARNING ZeroLength::setDomain(): Element 5000064 has L= 2.82651, which is greater than the tolerance
WARNING ZeroLength::setDomain(): Element 5000065 has L= 2.95681, which is greater than the tolerance
WARNING ZeroLength::setDomain(): Element 5000066 has L= 2.95681, which is greater than the tolerance
WARNING ZeroLength::setDomain(): Element 5000067 has L= 2.82651, which is greater than the tolerance
WARNING ZeroLength::setDomain(): Element 5000068 has L= 2.72102, which is greater than the tolerance
WARNING ZeroLength::setDomain(): Element 5000069 has L= 2.363, which is greater than the tolerance
WARNING ZeroLength::setDomain(): Element 5000070 has L= 2.20397, which is greater than the tolerance
WARNING ZeroLength::setDomain(): Element 5000071 has L= 2.12912, which is greater than the tolerance
WARNING ZeroLength::setDomain(): Element 5000072 has L= 2.28923, which is greater than the tolerance
WARNING ZeroLength::setDomain(): Element 5000073 has L= 2.65856, which is greater than the tolerance
WARNING ZeroLength::setDomain(): Element 5000074 has L= 2.81012, which is greater than the tolerance
WARNING ZeroLength::setDomain(): Element 5000075 has L= 2.91946, which is greater than the tolerance
WARNING ZeroLength::setDomain(): Element 5000076 has L= 2.91946, which is greater than the tolerance
WARNING ZeroLength::setDomain(): Element 5000077 has L= 2.81012, which is greater than the tolerance
WARNING ZeroLength::setDomain(): Element 5000078 has L= 2.65856, which is greater than the tolerance
WARNING ZeroLength::setDomain(): Element 5000079 has L= 2.28923, which is greater than the tolerance
WARNING ZeroLength::setDomain(): Element 5000080 has L= 2.12912, which is greater than the tolerance
WARNING ZeroLength::setDomain(): Element 5000081 has L= 2.10038, which is greater than the tolerance
WARNING ZeroLength::setDomain(): Element 5000082 has L= 2.23359, which is greater than the tolerance
WARNING ZeroLength::setDomain(): Element 5000083 has L= 2.58522, which is greater than the tolerance
WARNING ZeroLength::setDomain(): Element 5000084 has L= 2.77202, which is greater than the tolerance
WARNING ZeroLength::setDomain(): Element 5000085 has L= 2.81808, which is greater than the tolerance
WARNING ZeroLength::setDomain(): Element 5000086 has L= 2.81808, which is greater than the tolerance
WARNING ZeroLength::setDomain(): Element 5000087 has L= 2.77202, which is greater than the tolerance
WARNING ZeroLength::setDomain(): Element 5000088 has L= 2.58522, which is greater than the tolerance
WARNING ZeroLength::setDomain(): Element 5000089 has L= 2.23359, which is greater than the tolerance
WARNING ZeroLength::setDomain(): Element 5000090 has L= 2.10038, which is greater than the tolerance
WARNING: CTestNormDispIncr::test() - failed to converge 
after: 50 iterations  current Norm: 74636.5 (max: 1e-06, Norm deltaR: 1.35279e+09)
NewtonRaphson::solveCurrentStep() -the ConvergenceTest object failed in test()
StaticAnalysis::analyze() - the Algorithm failed at step: 0 with domain at load factor -17034.8
OpenSees > analyze failed, returned: -3 error flag
WARNING: CTestNormDispIncr::test() - failed to converge 
after: 50 iterations  current Norm: 2193.19 (max: 1e-06, Norm deltaR: 1.35306e+08)
NewtonLineSearch::solveCurrentStep() -the ConvergenceTest object failed in test()
StaticAnalysis::analyze() - the Algorithm failed at step: 0 with domain at load factor -2029.07
OpenSees > analyze failed, returned: -3 error flag
WARNING: CTestNormDispIncr::test() - failed to converge 
after: 50 iterations  current Norm: 20466.4 (max: 1e-06, Norm deltaR: 1.03992e+09)
AcceleratedNewton::solveCurrentStep() -The ConvergenceTest object failed in test()
StaticAnalysis::analyze() - the Algorithm failed at step: 0 with domain at load factor -9470.09
OpenSees > analyze failed, returned: -3 error flag
WARNING: CTestNormDispIncr::test() - failed to converge 
after: 50 iterations  current Norm: 2.65328e+68 (max: 1e-06, Norm deltaR: 1.57743e+72)
ModifiedNewton::solveCurrentStep() -the ConvergenceTest object failed in test()
StaticAnalysis::analyze() - the Algorithm failed at step: 0 with domain at load factor -2.72048e+66
OpenSees > analyze failed, returned: -3 error flag
WARNING: CTestNormDispIncr::test() - failed to converge 
after: 50 iterations  current Norm: 67115.1 (max: 1e-06, Norm deltaR: 6.51377e+07)
NewtonRaphson::solveCurrentStep() -the ConvergenceTest object failed in test()
StaticAnalysis::analyze() - the Algorithm failed at step: 0 with domain at load factor -489.808
OpenSees > analyze failed, returned: -3 error flag
WARNING: CTestNormDispIncr::test() - failed to converge 
after: 50 iterations  current Norm: 5021.8 (max: 1e-06, Norm deltaR: 1.83427e+08)
NewtonLineSearch::solveCurrentStep() -the ConvergenceTest object failed in test()
StaticAnalysis::analyze() - the Algorithm failed at step: 0 with domain at load factor -7521.87
OpenSees > analyze failed, returned: -3 error flag
WARNING: CTestNormDispIncr::test() - failed to converge 
after: 50 iterations  current Norm: 11173.7 (max: 1e-06, Norm deltaR: 2.05672e+09)
AcceleratedNewton::solveCurrentStep() -The ConvergenceTest object failed in test()
StaticAnalysis::analyze() - the Algorithm failed at step: 0 with domain at load factor 18585.5
OpenSees > analyze failed, returned: -3 error flag
WARNING: CTestNormDispIncr::test() - failed to converge 
after: 50 iterations  current Norm: 2.21183e+68 (max: 1e-06, Norm deltaR: 6.47741e+71)
ModifiedNewton::solveCurrentStep() -the ConvergenceTest object failed in test()
StaticAnalysis::analyze() - the Algorithm failed at step: 0 with domain at load factor -1.77441e+67
OpenSees > analyze failed, returned: -3 error flag
WARNING: CTestNormDispIncr::test() - failed to converge 
after: 50 iterations  current Norm: 59356.7 (max: 1e-06, Norm deltaR: 2.46636e+09)
NewtonRaphson::solveCurrentStep() -the ConvergenceTest object failed in test()
StaticAnalysis::analyze() - the Algorithm failed at step: 0 with domain at load factor 1614.94
OpenSees > analyze failed, returned: -3 error flag
WARNING: CTestNormDispIncr::test() - failed to converge 
after: 50 iterations  current Norm: 39705.9 (max: 1e-06, Norm deltaR: 5.45903e+08)
NewtonRaphson::solveCurrentStep() -the ConvergenceTest object failed in test()
StaticAnalysis::analyze() - the Algorithm failed at step: 0 with domain at load factor -1417.68
OpenSees > analyze failed, returned: -3 error flag
WARNING: CTestNormDispIncr::test() - failed to converge 
after: 50 iterations  current Norm: 19887.6 (max: 1e-06, Norm deltaR: 1.15599e+08)
NewtonLineSearch::solveCurrentStep() -the ConvergenceTest object failed in test()
StaticAnalysis::analyze() - the Algorithm failed at step: 0 with domain at load factor -2270.24
OpenSees > analyze failed, returned: -3 error flag
WARNING: CTestNormDispIncr::test() - failed to converge 
after: 50 iterations  current Norm: 12669.6 (max: 1e-06, Norm deltaR: 4.35289e+08)
AcceleratedNewton::solveCurrentStep() -The ConvergenceTest object failed in test()
StaticAnalysis::analyze() - the Algorithm failed at step: 0 with domain at load factor 2027.85
OpenSees > analyze failed, returned: -3 error flag
WARNING: CTestNormDispIncr::test() - failed to converge 
after: 50 iterations  current Norm: 2.24011e+68 (max: 1e-06, Norm deltaR: 1.34221e+72)
ModifiedNewton::solveCurrentStep() -the ConvergenceTest object failed in test()
StaticAnalysis::analyze() - the Algorithm failed at step: 0 with domain at load factor -3.06448e+67
OpenSees > analyze failed, returned: -3 error flag
WARNING: CTestNormDispIncr::test() - failed to converge 
after: 50 iterations  current Norm: 13109.4 (max: 1e-06, Norm deltaR: 3.10234e+08)
NewtonRaphson::solveCurrentStep() -the ConvergenceTest object failed in test()
StaticAnalysis::analyze() - the Algorithm failed at step: 0 with domain at load factor -875.209
OpenSees > analyze failed, returned: -3 error flag
WARNING: CTestNormDispIncr::test() - failed to converge 
after: 50 iterations  current Norm: 4227.22 (max: 1e-06, Norm deltaR: 1.68015e+08)
NewtonLineSearch::solveCurrentStep() -the ConvergenceTest object failed in test()
StaticAnalysis::analyze() - the Algorithm failed at step: 0 with domain at load factor 16967.6
OpenSees > analyze failed, returned: -3 error flag
WARNING: CTestNormDispIncr::test() - failed to converge 
after: 50 iterations  current Norm: 386.576 (max: 1e-06, Norm deltaR: 4.08062e+08)
AcceleratedNewton::solveCurrentStep() -The ConvergenceTest object failed in test()
StaticAnalysis::analyze() - the Algorithm failed at step: 0 with domain at load factor 3086.49
OpenSees > analyze failed, returned: -3 error flag
WARNING: CTestNormDispIncr::test() - failed to converge 
after: 50 iterations  current Norm: 2.64242e+69 (max: 1e-06, Norm deltaR: 2.27134e+73)
ModifiedNewton::solveCurrentStep() -the ConvergenceTest object failed in test()
StaticAnalysis::analyze() - the Algorithm failed at step: 0 with domain at load factor 9.96639e+67
OpenSees > analyze failed, returned: -3 error flag
WARNING: CTestNormDispIncr::test() - failed to converge 
after: 50 iterations  current Norm: 325058 (max: 1e-06, Norm deltaR: 1.23455e+09)
NewtonRaphson::solveCurrentStep() -the ConvergenceTest object failed in test()
StaticAnalysis::analyze() - the Algorithm failed at step: 0 with domain at load factor -3148.91
OpenSees > analyze failed, returned: -3 error flag
WARNING ZeroLength::setDomain(): Element 5000091 has L= 7.77664, which is greater than the tolerance
WARNING ZeroLength::setDomain(): Element 5000092 has L= 7.93451, which is greater than the tolerance
WARNING ZeroLength::setDomain(): Element 5000093 has L= 51.5991, which is greater than the tolerance
WARNING ZeroLength::setDomain(): Element 5000094 has L= 7.63079, which is greater than the tolerance
WARNING ZeroLength::setDomain(): Element 5000095 has L= 48.8344, which is greater than the tolerance
WARNING ZeroLength::setDomain(): Element 5000096 has L= 52.5636, which is greater than the tolerance
WARNING ZeroLength::setDomain(): Element 5000097 has L= 55.5445, which is greater than the tolerance
WARNING ZeroLength::setDomain(): Element 5000098 has L= 8.08701, which is greater than the tolerance
WARNING ZeroLength::setDomain(): Element 5000099 has L= 56.3601, which is greater than the tolerance
WARNING ZeroLength::setDomain(): Element 5000100 has L= 20.9455, which is greater than the tolerance
WARNING ZeroLength::setDomain(): Element 5000101 has L= 7.47579, which is greater than the tolerance
WARNING: CTestNormDispIncr::test() - failed to converge 
after: 50 iterations  current Norm: 74842.9 (max: 1e-06, Norm deltaR: 1.45508e+09)
NewtonRaphson::solveCurrentStep() -the ConvergenceTest object failed in test()
StaticAnalysis::analyze() - the Algorithm failed at step: 0 with domain at load factor -8337.02
OpenSees > analyze failed, returned: -3 error flag
WARNING ZeroLength::setDomain(): Element 5000102 has L= 21.3497, which is greater than the tolerance
WARNING ZeroLength::setDomain(): Element 5000103 has L= 7.77664, which is greater than the tolerance
WARNING: CTestNormDispIncr::test() - failed to converge 
after: 50 iterations  current Norm: 18114.6 (max: 1e-06, Norm deltaR: 4.11708e+08)
NewtonRaphson::solveCurrentStep() -the ConvergenceTest object failed in test()
StaticAnalysis::analyze() - the Algorithm failed at step: 0 with domain at load factor -2761.92
OpenSees > analyze failed, returned: -3 error flag
WARNING ZeroLength::setDomain(): Element 5000104 has L= 7.93451, which is greater than the tolerance
WARNING ZeroLength::setDomain(): Element 5000105 has L= 60.0369, which is greater than the tolerance
WARNING ZeroLength::setDomain(): Element 5000106 has L= 47.7932, which is greater than the tolerance
WARNING ZeroLength::setDomain(): Element 5000107 has L= 48.0943, which is greater than the tolerance
WARNING ZeroLength::setDomain(): Element 5000108 has L= 48.4022, which is greater than the tolerance
WARNING ZeroLength::setDomain(): Element 5000109 has L= 51.3823, which is greater than the tolerance
WARNING ZeroLength::setDomain(): Element 5000110 has L= 50.0089, which is greater than the tolerance
WARNING ZeroLength::setDomain(): Element 5000111 has L= 59.6542, which is greater than the tolerance
WARNING ZeroLength::setDomain(): Element 5000112 has L= 59.2735, which is greater than the tolerance
WARNING ZeroLength::setDomain(): Element 5000113 has L= 7.63079, which is greater than the tolerance
WARNING ZeroLength::setDomain(): Element 5000114 has L= 59.157, which is greater than the tolerance
WARNING ZeroLength::setDomain(): Element 5000115 has L= 20.552, which is greater than the tolerance
WARNING ZeroLength::setDomain(): Element 5000116 has L= 21.7986, which is greater than the tolerance
WARNING ZeroLength::setDomain(): Element 5000117 has L= 55.3706, which is greater than the tolerance
WARNING ZeroLength::setDomain(): Element 5000118 has L= 16.8687, which is greater than the tolerance
WARNING ZeroLength::setDomain(): Element 5000119 has L= 22.3083, which is greater than the tolerance
WARNING ZeroLength::setDomain(): Element 5000120 has L= 17.2771, which is greater than the tolerance
WARNING ZeroLength::setDomain(): Element 5000121 has L= 20.9455, which is greater than the tolerance
WARNING ZeroLength::setDomain(): Element 5000122 has L= 59.8869, which is greater than the tolerance
WARNING ZeroLength::setDomain(): Element 5000123 has L= 9.8907, which is greater than the tolerance
WARNING ZeroLength::setDomain(): Element 5000124 has L= 17.6818, which is greater than the tolerance
WARNING ZeroLength::setDomain(): Element 5000125 has L= 48.9296, which is greater than the tolerance
WARNING ZeroLength::setDomain(): Element 5000126 has L= 63.9763, which is greater than the tolerance
WARNING ZeroLength::setDomain(): Element 5000127 has L= 7.47579, which is greater than the tolerance
WARNING ZeroLength::setDomain(): Element 5000128 has L= 21.7986, which is greater than the tolerance
WARNING ZeroLength::setDomain(): Element 5000129 has L= 7.3015, which is greater than the tolerance
WARNING ZeroLength::setDomain(): Element 5000130 has L= 63.7608, which is greater than the tolerance
WARNING ZeroLength::setDomain(): Element 5000131 has L= 8.25531, which is greater than the tolerance
WARNING ZeroLength::setDomain(): Element 5000132 has L= 7.14627, which is greater than the tolerance
WARNING ZeroLength::setDomain(): Element 5000133 has L= 9.66278, which is greater than the tolerance
WARNING ZeroLength::setDomain(): Element 5000134 has L= 20.552, which is greater than the tolerance
WARNING ZeroLength::setDomain(): Element 5000135 has L= 62.1267, which is greater than the tolerance
WARNING ZeroLength::setDomain(): Element 5000136 has L= 61.9346, which is greater than the tolerance
WARNING ZeroLength::setDomain(): Element 5000137 has L= 16.1773, which is greater than the tolerance
WARNING ZeroLength::setDomain(): Element 5000138 has L= 18.0576, which is greater than the tolerance
WARNING ZeroLength::setDomain(): Element 5000139 has L= 64.5194, which is greater than the tolerance
WARNING ZeroLength::setDomain(): Element 5000140 has L= 7.3015, which is greater than the tolerance
WARNING ZeroLength::setDomain(): Element 5000141 has L= 8.45433, which is greater than the tolerance
WARNING ZeroLength::setDomain(): Element 5000142 has L= 15.8713, which is greater than the tolerance
WARNING ZeroLength::setDomain(): Element 5000143 has L= 16.5201, which is greater than the tolerance
WARNING ZeroLength::setDomain(): Element 5000144 has L= 58.9721, which is greater than the tolerance
WARNING ZeroLength::setDomain(): Element 5000145 has L= 8.08701, which is greater than the tolerance
WARNING ZeroLength::setDomain(): Element 5000146 has L= 22.3083, which is greater than the tolerance
WARNING ZeroLength::setDomain(): Element 5000147 has L= 21.3497, which is greater than the tolerance
WARNING ZeroLength::setDomain(): Element 5000148 has L= 10.1452, which is greater than the tolerance
WARNING ZeroLength::setDomain(): Element 5000149 has L= 7.02869, which is greater than the tolerance
WARNING ZeroLength::setDomain(): Element 5000150 has L= 64.571, which is greater than the tolerance
WARNING ZeroLength::setDomain(): Element 5000151 has L= 8.65129, which is greater than the tolerance
WARNING ZeroLength::setDomain(): Element 5000152 has L= 58.9257, which is greater than the tolerance
WARNING ZeroLength::setDomain(): Element 5000153 has L= 16.8687, which is greater than the tolerance
WARNING ZeroLength::setDomain(): Element 5000154 has L= 55.5293, which is greater than the tolerance
WARNING ZeroLength::setDomain(): Element 5000155 has L= 10.4134, which is greater than the tolerance
WARNING ZeroLength::setDomain(): Element 5000156 has L= 9.45707, which is greater than the tolerance
WARNING ZeroLength::setDomain(): Element 5000157 has L= 56.353, which is greater than the tolerance
WARNING ZeroLength::setDomain(): Element 5000158 has L= 34.28, which is greater than the tolerance
WARNING ZeroLength::setDomain(): Element 5000159 has L= 59.6794, which is greater than the tolerance
WARNING ZeroLength::setDomain(): Element 5000160 has L= 15.8713, which is greater than the tolerance
WARNING ZeroLength::setDomain(): Element 5000161 has L= 20.1271, which is greater than the tolerance
WARNING ZeroLength::setDomain(): Element 5000162 has L= 20.1271, which is greater than the tolerance
WARNING ZeroLength::setDomain(): Element 5000163 has L= 27.9417, which is greater than the tolerance
WARNING ZeroLength::setDomain(): Element 5000164 has L= 34.9631, which is greater than the tolerance
WARNING ZeroLength::setDomain(): Element 5000165 has L= 27.3032, which is greater than the tolerance
WARNING ZeroLength::setDomain(): Element 5000166 has L= 28.6522, which is greater than the tolerance
WARNING ZeroLength::setDomain(): Element 5000167 has L= 57.2576, which is greater than the tolerance
WARNING ZeroLength::setDomain(): Element 5000168 has L= 18.3941, which is greater than the tolerance
WARNING ZeroLength::setDomain(): Element 5000169 has L= 33.6725, which is greater than the tolerance
WARNING ZeroLength::setDomain(): Element 5000170 has L= 57.8077, which is greater than the tolerance
WARNING ZeroLength::setDomain(): Element 5000171 has L= 61.4046, which is greater than the tolerance
WARNING ZeroLength::setDomain(): Element 5000172 has L= 67.447, which is greater than the tolerance
WARNING ZeroLength::setDomain(): Element 5000173 has L= 67.2732, which is greater than the tolerance
WARNING ZeroLength::setDomain(): Element 5000174 has L= 62.1661, which is greater than the tolerance
WARNING ZeroLength::setDomain(): Element 5000175 has L= 29.2355, which is greater than the tolerance
WARNING ZeroLength::setDomain(): Element 5000176 has L= 7.14627, which is greater than the tolerance
WARNING ZeroLength::setDomain(): Element 5000177 has L= 54.6089, which is greater than the tolerance
WARNING ZeroLength::setDomain(): Element 5000178 has L= 26.7268, which is greater than the tolerance
WARNING ZeroLength::setDomain(): Element 5000179 has L= 17.2771, which is greater than the tolerance
WARNING ZeroLength::setDomain(): Element 5000180 has L= 48.5095, which is greater than the tolerance
WARNING ZeroLength::setDomain(): Element 5000181 has L= 15.5587, which is greater than the tolerance
WARNING ZeroLength::setDomain(): Element 5000182 has L= 8.80414, which is greater than the tolerance
WARNING ZeroLength::setDomain(): Element 5000183 has L= 48.683, which is greater than the tolerance
WARNING ZeroLength::setDomain(): Element 5000184 has L= 22.7295, which is greater than the tolerance
WARNING ZeroLength::setDomain(): Element 5000185 has L= 64.2569, which is greater than the tolerance
WARNING ZeroLength::setDomain(): Element 5000186 has L= 53.8449, which is greater than the tolerance
WARNING ZeroLength::setDomain(): Element 5000187 has L= 65.6416, which is greater than the tolerance
WARNING ZeroLength::setDomain(): Element 5000188 has L= 34.28, which is greater than the tolerance
WARNING ZeroLength::setDomain(): Element 5000189 has L= 66.6279, which is greater than the tolerance
WARNING ZeroLength::setDomain(): Element 5000190 has L= 35.674, which is greater than the tolerance
WARNING ZeroLength::setDomain(): Element 5000191 has L= 57.3726, which is greater than the tolerance
WARNING ZeroLength::setDomain(): Element 5000192 has L= 33.0228, which is greater than the tolerance
