WARNING ZeroLength::setDomain(): Element 5000001 has L= 2.49452, which is greater than the tolerance
WARNING ZeroLength::setDomain(): Element 5000002 has L= 2.24112, which is greater than the tolerance
WARNING ZeroLength::setDomain(): Element 5000003 has L= 1.83587, which is greater than the tolerance
WARNING ZeroLength::setDomain(): Element 5000004 has L= 1.83752, which is greater than the tolerance
WARNING ZeroLength::setDomain(): Element 5000005 has L= 1.77285, which is greater than the tolerance
WARNING ZeroLength::setDomain(): Element 5000006 has L= 1.77285, which is greater than the tolerance
WARNING ZeroLength::setDomain(): Element 5000007 has L= 1.83752, which is greater than the tolerance
WARNING ZeroLength::setDomain(): Element 5000008 has L= 1.83587, which is greater than the tolerance
WARNING ZeroLength::setDomain(): Element 5000009 has L= 2.24112, which is greater than the tolerance
WARNING ZeroLength::setDomain(): Element 5000010 has L= 2.49452, which is greater than the tolerance
WARNING ZeroLength::setDomain(): Element 5000011 has L= 2.34781, which is greater than the tolerance
WARNING ZeroLength::setDomain(): Element 5000012 has L= 2.2095, which is greater than the tolerance
WARNING ZeroLength::setDomain(): Element 5000013 has L= 1.95077, which is greater than the tolerance
WARNING ZeroLength::setDomain(): Element 5000014 has L= 1.9764, which is greater than the tolerance
WARNING ZeroLength::setDomain(): Element 5000015 has L= 1.96411, which is greater than the tolerance
WARNING ZeroLength::setDomain(): Element 5000016 has L= 1.96411, which is greater than the tolerance
WARNING ZeroLength::setDomain(): Element 5000017 has L= 1.9764, which is greater than the tolerance
WARNING ZeroLength::setDomain(): Element 5000018 has L= 1.95077, which is greater than the tolerance
WARNING ZeroLength::setDomain(): Element 5000019 has L= 2.2095, which is greater than the tolerance
WARNING ZeroLength::setDomain(): Element 5000020 has L= 2.34781, which is greater than the tolerance
WARNING ZeroLength::setDomain(): Element 5000021 has L= 2.28277, which is greater than the tolerance
WARNING ZeroLength::setDomain(): Element 5000022 has L= 2.24275, which is greater than the tolerance
WARNING ZeroLength::setDomain(): Element 5000023 has L= 2.1246, which is greater than the tolerance
WARNING ZeroLength::setDomain(): Element 5000024 has L= 2.1894, which is greater than the tolerance
WARNING ZeroLength::setDomain(): Element 5000025 has L= 2.22628, which is greater than the tolerance
WARNING ZeroLength::setDomain(): Element 5000026 has L= 2.22628, which is greater than the tolerance
WARNING ZeroLength::setDomain(): Element 5000027 has L= 2.1894, which is greater than the tolerance
WARNING ZeroLength::setDomain(): Element 5000028 has L= 2.1246, which is greater than the tolerance
WARNING ZeroLength::setDomain(): Element 5000029 has L= 2.24275, which is greater than the tolerance
WARNING ZeroLength::setDomain(): Element 5000030 has L= 2.28277, which is greater than the tolerance
WARNING ZeroLength::setDomain(): Element 5000031 has L= 2.32733, which is greater than the tolerance
WARNING ZeroLength::setDomain(): Element 5000032 has L= 2.33912, which is greater than the tolerance
WARNING ZeroLength::setDomain(): Element 5000033 has L= 2.33824, which is greater than the tolerance
WARNING ZeroLength::setDomain(): Element 5000034 has L= 2.50958, which is greater than the tolerance
WARNING ZeroLength::setDomain(): Element 5000035 has L= 2.6497, which is greater than the tolerance
WARNING ZeroLength::setDomain(): Element 5000036 has L= 2.6497, which is greater than the tolerance
WARNING ZeroLength::setDomain(): Element 5000037 has L= 2.50958, which is greater than the tolerance
WARNING ZeroLength::setDomain(): Element 5000038 has L= 2.33824, which is greater than the tolerance
WARNING ZeroLength::setDomain(): Element 5000039 has L= 2.33912, which is greater than the tolerance
WARNING ZeroLength::setDomain(): Element 5000040 has L= 2.32733, which is greater than the tolerance
WARNING ZeroLength::setDomain(): Element 5000041 has L= 2.38703, which is greater than the tolerance
WARNING ZeroLength::setDomain(): Element 5000042 has L= 2.49488, which is greater than the tolerance
WARNING ZeroLength::setDomain(): Element 5000043 has L= 2.64809, which is greater than the tolerance
WARNING ZeroLength::setDomain(): Element 5000044 has L= 2.81439, which is greater than the tolerance
WARNING ZeroLength::setDomain(): Element 5000045 has L= 2.91999, which is greater than the tolerance
WARNING ZeroLength::setDomain(): Element 5000046 has L= 2.91999, which is greater than the tolerance
WARNING ZeroLength::setDomain(): Element 5000047 has L= 2.81439, which is greater than the tolerance
WARNING ZeroLength::setDomain(): Element 5000048 has L= 2.64809, which is greater than the tolerance
WARNING ZeroLength::setDomain(): Element 5000049 has L= 2.49488, which is greater than the tolerance
WARNING ZeroLength::setDomain(): Element 5000050 has L= 2.38703, which is greater than the tolerance
WARNING ZeroLength::setDomain(): Element 5000051 has L= 2.32293, which is greater than the tolerance
WARNING ZeroLength::setDomain(): Element 5000052 has L= 2.52278, which is greater than the tolerance
WARNING ZeroLength::setDomain(): Element 5000053 has L= 2.82781, which is greater than the tolerance
WARNING ZeroLength::setDomain(): Element 5000054 has L= 2.90433, which is greater than the tolerance
WARNING ZeroLength::setDomain(): Element 5000055 has L= 2.98815, which is greater than the tolerance
WARNING ZeroLength::setDomain(): Element 5000056 has L= 2.98815, which is greater than the tolerance
WARNING ZeroLength::setDomain(): Element 5000057 has L= 2.90433, which is greater than the tolerance
WARNING ZeroLength::setDomain(): Element 5000058 has L= 2.82781, which is greater than the tolerance
WARNING ZeroLength::setDomain(): Element 5000059 has L= 2.52278, which is greater than the tolerance
WARNING ZeroLength::setDomain(): Element 5000060 has L= 2.32293, which is greater than the tolerance
WARNING ZeroLength::setDomain(): Element 5000061 has L= 2.23161, which is greater than the tolerance
WARNING ZeroLength::setDomain(): Element 5000062 has L= 2.39066, which is greater than the tolerance
WARNING ZeroLength::setDomain(): Element 5000063 has L= 2.74867, which is greater than the tolerance
WARNING ZeroLength::setDomain(): Element 5000064 has L= 2.85416, which is greater than the tolerance
WARNING ZeroLength::setDomain(): Element 5000065 has L= 2.98447, which is greater than the tolerance
WARNING ZeroLength::setDomain(): Element 5000066 has L= 2.98447, which is greater than the tolerance
WARNING ZeroLength::setDomain(): Element 5000067 has L= 2.85416, which is greater than the tolerance
WARNING ZeroLength::setDomain(): Element 5000068 has L= 2.74867, which is greater than the tolerance
WARNING ZeroLength::setDomain(): Element 5000069 has L= 2.39066, which is greater than the tolerance
WARNING ZeroLength::setDomain(): Element 5000070 has L= 2.23161, which is greater than the tolerance
WARNING ZeroLength::setDomain(): Element 5000071 has L= 2.15676, which is greater than the tolerance
WARNING ZeroLength::setDomain(): Element 5000072 has L= 2.31689, which is greater than the tolerance
WARNING ZeroLength::setDomain(): Element 5000073 has L= 2.68621, which is greater than the tolerance
WARNING ZeroLength::setDomain(): Element 5000074 has L= 2.83777, which is greater than the tolerance
WARNING ZeroLength::setDomain(): Element 5000075 has L= 2.94712, which is greater than the tolerance
WARNING ZeroLength::setDomain(): Element 5000076 has L= 2.94712, which is greater than the tolerance
WARNING ZeroLength::setDomain(): Element 5000077 has L= 2.83777, which is greater than the tolerance
WARNING ZeroLength::setDomain(): Element 5000078 has L= 2.68621, which is greater than the tolerance
WARNING ZeroLength::setDomain(): Element 5000079 has L= 2.31689, which is greater than the tolerance
WARNING ZeroLength::setDomain(): Element 5000080 has L= 2.15676, which is greater than the tolerance
WARNING ZeroLength::setDomain(): Element 5000081 has L= 2.12802, which is greater than the tolerance
WARNING ZeroLength::setDomain(): Element 5000082 has L= 2.26124, which is greater than the tolerance
WARNING ZeroLength::setDomain(): Element 5000083 has L= 2.61288, which is greater than the tolerance
WARNING ZeroLength::setDomain(): Element 5000084 has L= 2.79968, which is greater than the tolerance
WARNING ZeroLength::setDomain(): Element 5000085 has L= 2.84574, which is greater than the tolerance
WARNING ZeroLength::setDomain(): Element 5000086 has L= 2.84574, which is greater than the tolerance
WARNING ZeroLength::setDomain(): Element 5000087 has L= 2.79968, which is greater than the tolerance
WARNING ZeroLength::setDomain(): Element 5000088 has L= 2.61288, which is greater than the tolerance
WARNING ZeroLength::setDomain(): Element 5000089 has L= 2.26124, which is greater than the tolerance
WARNING ZeroLength::setDomain(): Element 5000090 has L= 2.12802, which is greater than the tolerance
WARNING: CTestNormDispIncr::test() - failed to converge 
after: 50 iterations  current Norm: 98583.5 (max: 1e-06, Norm deltaR: 1.36163e+08)
NewtonRaphson::solveCurrentStep() -the ConvergenceTest object failed in test()
StaticAnalysis::analyze() - the Algorithm failed at step: 0 with domain at load factor -69.5125
OpenSees > analyze failed, returned: -3 error flag
WARNING: CTestNormDispIncr::test() - failed to converge 
after: 50 iterations  current Norm: 76046.7 (max: 1e-06, Norm deltaR: 8.85922e+07)
NewtonRaphson::solveCurrentStep() -the ConvergenceTest object failed in test()
StaticAnalysis::analyze() - the Algorithm failed at step: 0 with domain at load factor -237.937
OpenSees > analyze failed, returned: -3 error flag
WARNING: CTestNormDispIncr::test() - failed to converge 
after: 50 iterations  current Norm: 15025.5 (max: 1e-06, Norm deltaR: 5.61596e+08)
NewtonLineSearch::solveCurrentStep() -the ConvergenceTest object failed in test()
StaticAnalysis::analyze() - the Algorithm failed at step: 0 with domain at load factor 13801.1
OpenSees > analyze failed, returned: -3 error flag
WARNING: CTestNormDispIncr::test() - failed to converge 
after: 50 iterations  current Norm: 10734.6 (max: 1e-06, Norm deltaR: 2.95038e+08)
AcceleratedNewton::solveCurrentStep() -The ConvergenceTest object failed in test()
StaticAnalysis::analyze() - the Algorithm failed at step: 0 with domain at load factor 378.521
OpenSees > analyze failed, returned: -3 error flag
WARNING: CTestNormDispIncr::test() - failed to converge 
after: 50 iterations  current Norm: 1.56919e+68 (max: 1e-06, Norm deltaR: 4.78472e+71)
ModifiedNewton::solveCurrentStep() -the ConvergenceTest object failed in test()
StaticAnalysis::analyze() - the Algorithm failed at step: 0 with domain at load factor -8.1874e+66
OpenSees > analyze failed, returned: -3 error flag
WARNING: CTestNormDispIncr::test() - failed to converge 
after: 50 iterations  current Norm: 74052.5 (max: 1e-06, Norm deltaR: 2.38938e+09)
NewtonRaphson::solveCurrentStep() -the ConvergenceTest object failed in test()
StaticAnalysis::analyze() - the Algorithm failed at step: 0 with domain at load factor -99.4115
OpenSees > analyze failed, returned: -3 error flag
WARNING: CTestNormDispIncr::test() - failed to converge 
after: 50 iterations  current Norm: 18097.1 (max: 1e-06, Norm deltaR: 5.58276e+08)
NewtonRaphson::solveCurrentStep() -the ConvergenceTest object failed in test()
StaticAnalysis::analyze() - the Algorithm failed at step: 0 with domain at load factor -218.056
OpenSees > analyze failed, returned: -3 error flag
WARNING: CTestNormDispIncr::test() - failed to converge 
after: 50 iterations  current Norm: 3457.43 (max: 1e-06, Norm deltaR: 1.42528e+08)
NewtonLineSearch::solveCurrentStep() -the ConvergenceTest object failed in test()
StaticAnalysis::analyze() - the Algorithm failed at step: 0 with domain at load factor 640.94
OpenSees > analyze failed, returned: -3 error flag
WARNING: CTestNormDispIncr::test() - failed to converge 
after: 50 iterations  current Norm: 1622.05 (max: 1e-06, Norm deltaR: 9.38888e+08)
AcceleratedNewton::solveCurrentStep() -The ConvergenceTest object failed in test()
StaticAnalysis::analyze() - the Algorithm failed at step: 0 with domain at load factor -7162.12
OpenSees > analyze failed, returned: -3 error flag
WARNING: CTestNormDispIncr::test() - failed to converge 
after: 50 iterations  current Norm: 8.55468e+67 (max: 1e-06, Norm deltaR: 5.34454e+71)
ModifiedNewton::solveCurrentStep() -the ConvergenceTest object failed in test()
StaticAnalysis::analyze() - the Algorithm failed at step: 0 with domain at load factor 6.74116e+66
OpenSees > analyze failed, returned: -3 error flag
WARNING: CTestNormDispIncr::test() - failed to converge 
after: 50 iterations  current Norm: 23809.3 (max: 1e-06, Norm deltaR: 1.48609e+08)
NewtonRaphson::solveCurrentStep() -the ConvergenceTest object failed in test()
StaticAnalysis::analyze() - the Algorithm failed at step: 0 with domain at load factor -862.715
OpenSees > analyze failed, returned: -3 error flag
WARNING: CTestNormDispIncr::test() - failed to converge 
after: 50 iterations  current Norm: 22222.8 (max: 1e-06, Norm deltaR: 4.2541e+08)
NewtonRaphson::solveCurrentStep() -the ConvergenceTest object failed in test()
StaticAnalysis::analyze() - the Algorithm failed at step: 0 with domain at load factor -277.852
OpenSees > analyze failed, returned: -3 error flag
WARNING ZeroLength::setDomain(): Element 5000091 has L= 7.9003, which is greater than the tolerance
WARNING ZeroLength::setDomain(): Element 5000092 has L= 8.05818, which is greater than the tolerance
WARNING ZeroLength::setDomain(): Element 5000093 has L= 7.75443, which is greater than the tolerance
WARNING ZeroLength::setDomain(): Element 5000094 has L= 54.1072, which is greater than the tolerance
WARNING ZeroLength::setDomain(): Element 5000095 has L= 8.21068, which is greater than the tolerance
WARNING: CTestNormDispIncr::test() - failed to converge 
after: 50 iterations  current Norm: 304253 (max: 1e-06, Norm deltaR: 1.01177e+10)
NewtonRaphson::solveCurrentStep() -the ConvergenceTest object failed in test()
StaticAnalysis::analyze() - the Algorithm failed at step: 0 with domain at load factor 68070.4
OpenSees > analyze failed, returned: -3 error flag
WARNING: CTestNormDispIncr::test() - failed to converge 
after: 50 iterations  current Norm: 4.80829 (max: 1e-06, Norm deltaR: 2.34155e+06)
NewtonLineSearch::solveCurrentStep() -the ConvergenceTest object failed in test()
StaticAnalysis::analyze() - the Algorithm failed at step: 0 with domain at load factor 322.893
OpenSees > analyze failed, returned: -3 error flag
WARNING: CTestNormDispIncr::test() - failed to converge 
after: 50 iterations  current Norm: 3.41143 (max: 1e-06, Norm deltaR: 3435.09)
AcceleratedNewton::solveCurrentStep() -The ConvergenceTest object failed in test()
StaticAnalysis::analyze() - the Algorithm failed at step: 0 with domain at load factor 331.738
OpenSees > analyze failed, returned: -3 error flag
WARNING: CTestNormDispIncr::test() - failed to converge 
after: 50 iterations  current Norm: 7.72892e+77 (max: 1e-06, Norm deltaR: 5.16174e+81)
ModifiedNewton::solveCurrentStep() -the ConvergenceTest object failed in test()
StaticAnalysis::analyze() - the Algorithm failed at step: 0 with domain at load factor -4.16854e+76
OpenSees > analyze failed, returned: -3 error flag
WARNING: CTestNormDispIncr::test() - failed to converge 
after: 50 iterations  current Norm: 52357.1 (max: 1e-06, Norm deltaR: 1.26032e+08)
NewtonRaphson::solveCurrentStep() -the ConvergenceTest object failed in test()
StaticAnalysis::analyze() - the Algorithm failed at step: 0 with domain at load factor -882.342
OpenSees > analyze failed, returned: -3 error flag
WARNING ZeroLength::setDomain(): Element 5000096 has L= 21.4663, which is greater than the tolerance
WARNING ZeroLength::setDomain(): Element 5000097 has L= 21.0622, which is greater than the tolerance
WARNING ZeroLength::setDomain(): Element 5000098 has L= 52.5003, which is greater than the tolerance
WARNING ZeroLength::setDomain(): Element 5000099 has L= 54.133, which is greater than the tolerance
WARNING ZeroLength::setDomain(): Element 5000100 has L= 55.7406, which is greater than the tolerance
WARNING ZeroLength::setDomain(): Element 5000101 has L= 7.9003, which is greater than the tolerance
WARNING ZeroLength::setDomain(): Element 5000102 has L= 7.59942, which is greater than the tolerance
WARNING ZeroLength::setDomain(): Element 5000103 has L= 58.3204, which is greater than the tolerance
WARNING ZeroLength::setDomain(): Element 5000104 has L= 7.75443, which is greater than the tolerance
WARNING ZeroLength::setDomain(): Element 5000105 has L= 8.05818, which is greater than the tolerance
WARNING ZeroLength::setDomain(): Element 5000106 has L= 10.2395, which is greater than the tolerance
WARNING ZeroLength::setDomain(): Element 5000107 has L= 16.9923, which is greater than the tolerance
WARNING: CTestNormDispIncr::test() - failed to converge 
after: 50 iterations  current Norm: 19031.8 (max: 1e-06, Norm deltaR: 5.74473e+08)
NewtonRaphson::solveCurrentStep() -the ConvergenceTest object failed in test()
StaticAnalysis::analyze() - the Algorithm failed at step: 0 with domain at load factor 4380.61
OpenSees > analyze failed, returned: -3 error flag
WARNING ZeroLength::setDomain(): Element 5000108 has L= 17.4008, which is greater than the tolerance
WARNING ZeroLength::setDomain(): Element 5000109 has L= 21.9151, which is greater than the tolerance
WARNING ZeroLength::setDomain(): Element 5000110 has L= 59.4096, which is greater than the tolerance
WARNING ZeroLength::setDomain(): Element 5000111 has L= 7.59942, which is greater than the tolerance
WARNING ZeroLength::setDomain(): Element 5000112 has L= 22.4247, which is greater than the tolerance
WARNING ZeroLength::setDomain(): Element 5000113 has L= 16.301, which is greater than the tolerance
WARNING ZeroLength::setDomain(): Element 5000114 has L= 17.8055, which is greater than the tolerance
WARNING ZeroLength::setDomain(): Element 5000115 has L= 16.6438, which is greater than the tolerance
WARNING ZeroLength::setDomain(): Element 5000116 has L= 9.98529, which is greater than the tolerance
WARNING: CTestNormDispIncr::test() - failed to converge 
after: 50 iterations  current Norm: 20207.7 (max: 1e-06, Norm deltaR: 1.21796e+08)
NewtonRaphson::solveCurrentStep() -the ConvergenceTest object failed in test()
StaticAnalysis::analyze() - the Algorithm failed at step: 0 with domain at load factor 683.417
OpenSees > analyze failed, returned: -3 error flag
WARNING ZeroLength::setDomain(): Element 5000117 has L= 22.8457, which is greater than the tolerance
WARNING ZeroLength::setDomain(): Element 5000118 has L= 21.9151, which is greater than the tolerance
WARNING ZeroLength::setDomain(): Element 5000119 has L= 62.4705, which is greater than the tolerance
WARNING ZeroLength::setDomain(): Element 5000120 has L= 20.6688, which is greater than the tolerance
WARNING ZeroLength::setDomain(): Element 5000121 has L= 7.42511, which is greater than the tolerance
WARNING ZeroLength::setDomain(): Element 5000122 has L= 55.7642, which is greater than the tolerance
WARNING ZeroLength::setDomain(): Element 5000123 has L= 57.1559, which is greater than the tolerance
WARNING ZeroLength::setDomain(): Element 5000124 has L= 16.301, which is greater than the tolerance
WARNING ZeroLength::setDomain(): Element 5000125 has L= 10.7574, which is greater than the tolerance
WARNING ZeroLength::setDomain(): Element 5000126 has L= 8.37898, which is greater than the tolerance
WARNING ZeroLength::setDomain(): Element 5000127 has L= 21.0622, which is greater than the tolerance
WARNING ZeroLength::setDomain(): Element 5000128 has L= 18.1813, which is greater than the tolerance
WARNING ZeroLength::setDomain(): Element 5000129 has L= 16.9923, which is greater than the tolerance
WARNING ZeroLength::setDomain(): Element 5000130 has L= 21.4663, which is greater than the tolerance
WARNING ZeroLength::setDomain(): Element 5000131 has L= 15.995, which is greater than the tolerance
WARNING ZeroLength::setDomain(): Element 5000132 has L= 7.42511, which is greater than the tolerance
WARNING ZeroLength::setDomain(): Element 5000133 has L= 62.094, which is greater than the tolerance
WARNING ZeroLength::setDomain(): Element 5000134 has L= 7.26987, which is greater than the tolerance
WARNING ZeroLength::setDomain(): Element 5000135 has L= 16.6438, which is greater than the tolerance
WARNING ZeroLength::setDomain(): Element 5000136 has L= 20.6688, which is greater than the tolerance
WARNING ZeroLength::setDomain(): Element 5000137 has L= 9.75785, which is greater than the tolerance
WARNING ZeroLength::setDomain(): Element 5000138 has L= 58.6202, which is greater than the tolerance
WARNING ZeroLength::setDomain(): Element 5000139 has L= 10.5076, which is greater than the tolerance
WARNING ZeroLength::setDomain(): Element 5000140 has L= 64.8418, which is greater than the tolerance
WARNING ZeroLength::setDomain(): Element 5000141 has L= 8.57799, which is greater than the tolerance
WARNING ZeroLength::setDomain(): Element 5000142 has L= 53.9015, which is greater than the tolerance
WARNING ZeroLength::setDomain(): Element 5000143 has L= 55.4721, which is greater than the tolerance
WARNING ZeroLength::setDomain(): Element 5000144 has L= 22.4247, which is greater than the tolerance
WARNING ZeroLength::setDomain(): Element 5000145 has L= 15.6824, which is greater than the tolerance
WARNING ZeroLength::setDomain(): Element 5000146 has L= 57.5562, which is greater than the tolerance
WARNING ZeroLength::setDomain(): Element 5000147 has L= 35.0848, which is greater than the tolerance
WARNING ZeroLength::setDomain(): Element 5000148 has L= 56.0929, which is greater than the tolerance
WARNING ZeroLength::setDomain(): Element 5000149 has L= 60.1861, which is greater than the tolerance
WARNING ZeroLength::setDomain(): Element 5000150 has L= 10.6804, which is greater than the tolerance
WARNING ZeroLength::setDomain(): Element 5000151 has L= 57.5299, which is greater than the tolerance
WARNING ZeroLength::setDomain(): Element 5000152 has L= 20.2441, which is greater than the tolerance
WARNING ZeroLength::setDomain(): Element 5000153 has L= 7.15228, which is greater than the tolerance
WARNING ZeroLength::setDomain(): Element 5000154 has L= 9.55278, which is greater than the tolerance
WARNING ZeroLength::setDomain(): Element 5000155 has L= 69.5686, which is greater than the tolerance
WARNING ZeroLength::setDomain(): Element 5000156 has L= 9.98529, which is greater than the tolerance
WARNING ZeroLength::setDomain(): Element 5000157 has L= 28.0655, which is greater than the tolerance
WARNING ZeroLength::setDomain(): Element 5000158 has L= 10.5076, which is greater than the tolerance
WARNING ZeroLength::setDomain(): Element 5000159 has L= 7.26987, which is greater than the tolerance
WARNING ZeroLength::setDomain(): Element 5000160 has L= 34.4017, which is greater than the tolerance
WARNING ZeroLength::setDomain(): Element 5000161 has L= 34.4017, which is greater than the tolerance
WARNING ZeroLength::setDomain(): Element 5000162 has L= 9.75785, which is greater than the tolerance
WARNING ZeroLength::setDomain(): Element 5000163 has L= 35.7956, which is greater than the tolerance
WARNING ZeroLength::setDomain(): Element 5000164 has L= 35.0848, which is greater than the tolerance
WARNING ZeroLength::setDomain(): Element 5000165 has L= 15.995, which is greater than the tolerance
WARNING ZeroLength::setDomain(): Element 5000166 has L= 33.7941, which is greater than the tolerance
WARNING ZeroLength::setDomain(): Element 5000167 has L= 25.6764, which is greater than the tolerance
WARNING ZeroLength::setDomain(): Element 5000168 has L= 28.776, which is greater than the tolerance
WARNING ZeroLength::setDomain(): Element 5000169 has L= 51.5663, which is greater than the tolerance
WARNING ZeroLength::setDomain(): Element 5000170 has L= 15.6824, which is greater than the tolerance
WARNING ZeroLength::setDomain(): Element 5000171 has L= 20.2441, which is greater than the tolerance
WARNING: CTestNormDispIncr::test() - failed to converge 
after: 50 iterations  current Norm: 16443 (max: 1e-06, Norm deltaR: 4.26711e+08)
NewtonRaphson::solveCurrentStep() -the ConvergenceTest object failed in test()
StaticAnalysis::analyze() - the Algorithm failed at step: 0 with domain at load factor 4947.61
OpenSees > analyze failed, returned: -3 error flag
WARNING: CTestNormDispIncr::test() - failed to converge 
after: 50 iterations  current Norm: 4699.7 (max: 1e-06, Norm deltaR: 1.87366e+08)
NewtonLineSearch::solveCurrentStep() -the ConvergenceTest object failed in test()
StaticAnalysis::analyze() - the Algorithm failed at step: 0 with domain at load factor 2397.3
OpenSees > analyze failed, returned: -3 error flag
WARNING: CTestNormDispIncr::test() - failed to converge 
after: 50 iterations  current Norm: 8.29071 (max: 1e-06, Norm deltaR: 26407.4)
AcceleratedNewton::solveCurrentStep() -The ConvergenceTest object failed in test()
StaticAnalysis::analyze() - the Algorithm failed at step: 0 with domain at load factor 627.084
OpenSees > analyze failed, returned: -3 error flag
WARNING: CTestNormDispIncr::test() - failed to converge 
after: 50 iterations  current Norm: 1.28825e+84 (max: 1e-06, Norm deltaR: 1.06132e+88)
ModifiedNewton::solveCurrentStep() -the ConvergenceTest object failed in test()
StaticAnalysis::analyze() - the Algorithm failed at step: 0 with domain at load factor -5.22246e+82
OpenSees > analyze failed, returned: -3 error flag
WARNING ZeroLength::setDomain(): Element 5000172 has L= 60.0439, which is greater than the tolerance
WARNING ZeroLength::setDomain(): Element 5000173 has L= 52.5425, which is greater than the tolerance
WARNING: CTestNormDispIncr::test() - failed to converge 
after: 50 iterations  current Norm: 8767.59 (max: 1e-06, Norm deltaR: 2.65845e+08)
NewtonRaphson::solveCurrentStep() -the ConvergenceTest object failed in test()
StaticAnalysis::analyze() - the Algorithm failed at step: 0 with domain at load factor 2769.5
OpenSees > analyze failed, returned: -3 error flag
WARNING: CTestNormDispIncr::test() - failed to converge 
after: 50 iterations  current Norm: 2598.84 (max: 1e-06, Norm deltaR: 1.07273e+08)
NewtonLineSearch::solveCurrentStep() -the ConvergenceTest object failed in test()
StaticAnalysis::analyze() - the Algorithm failed at step: 0 with domain at load factor -1305.35
OpenSees > analyze failed, returned: -3 error flag
WARNING: CTestNormDispIncr::test() - failed to converge 
after: 50 iterations  current Norm: 896.445 (max: 1e-06, Norm deltaR: 1.11127e+09)
AcceleratedNewton::solveCurrentStep() -The ConvergenceTest object failed in test()
StaticAnalysis::analyze() - the Algorithm failed at step: 0 with domain at load factor -10095.5
OpenSees > analyze failed, returned: -3 error flag
WARNING: CTestNormDispIncr::test() - failed to converge 
after: 50 iterations  current Norm: 3.5579e+69 (max: 1e-06, Norm deltaR: 2.46348e+73)
ModifiedNewton::solveCurrentStep() -the ConvergenceTest object failed in test()
StaticAnalysis::analyze() - the Algorithm failed at step: 0 with domain at load factor 2.24101e+68
OpenSees > analyze failed, returned: -3 error flag
WARNING: CTestNormDispIncr::test() - failed to converge 
after: 50 iterations  current Norm: 30617.8 (max: 1e-06, Norm deltaR: 1.06642e+09)
NewtonRaphson::solveCurrentStep() -the ConvergenceTest object failed in test()
StaticAnalysis::analyze() - the Algorithm failed at step: 0 with domain at load factor 579.316
OpenSees > analyze failed, returned: -3 error flag
WARNING: CTestNormDispIncr::test() - failed to converge 
after: 50 iterations  current Norm: 2571.93 (max: 1e-06, Norm deltaR: 1.14112e+08)
NewtonLineSearch::solveCurrentStep() -the ConvergenceTest object failed in test()
StaticAnalysis::analyze() - the Algorithm failed at step: 0 with domain at load factor 5312.21
OpenSees > analyze failed, returned: -3 error flag
WARNING ZeroLength::setDomain(): Element 5000174 has L= 61.3405, which is greater than the tolerance
WARNING ZeroLength::setDomain(): Element 5000175 has L= 50.429, which is greater than the tolerance
WARNING ZeroLength::setDomain(): Element 5000176 has L= 53.4314, which is greater than the tolerance
WARNING ZeroLength::setDomain(): Element 5000177 has L= 8.77493, which is greater than the tolerance
WARNING ZeroLength::setDomain(): Element 5000178 has L= 58.2158, which is greater than the tolerance
WARNING ZeroLength::setDomain(): Element 5000179 has L= 26.2718, which is greater than the tolerance
WARNING ZeroLength::setDomain(): Element 5000180 has L= 18.5178, which is greater than the tolerance
WARNING ZeroLength::setDomain(): Element 5000181 has L= 33.7941, which is greater than the tolerance
WARNING ZeroLength::setDomain(): Element 5000182 has L= 7.06647, which is greater than the tolerance
WARNING ZeroLength::setDomain(): Element 5000183 has L= 8.21068, which is greater than the tolerance
WARNING ZeroLength::setDomain(): Element 5000184 has L= 54.5217, which is greater than the tolerance
WARNING: CTestNormDispIncr::test() - failed to converge 
after: 50 iterations  current Norm: 69609.1 (max: 1e-06, Norm deltaR: 1.2932e+09)
NewtonRaphson::solveCurrentStep() -the ConvergenceTest object failed in test()
StaticAnalysis::analyze() - the Algorithm failed at step: 0 with domain at load factor -3395.87
OpenSees > analyze failed, returned: -3 error flag
WARNING ZeroLength::setDomain(): Element 5000185 has L= 53.3254, which is greater than the tolerance
WARNING ZeroLength::setDomain(): Element 5000186 has L= 59.9445, which is greater than the tolerance
WARNING: CTestNormDispIncr::test() - failed to converge 
after: 50 iterations  current Norm: 35604.4 (max: 1e-06, Norm deltaR: 1.14623e+09)
NewtonRaphson::solveCurrentStep() -the ConvergenceTest object failed in test()
StaticAnalysis::analyze() - the Algorithm failed at step: 0 with domain at load factor -6266.62
OpenSees > analyze failed, returned: -3 error flag
WARNING ZeroLength::setDomain(): Element 5000187 has L= 56.5442, which is greater than the tolerance
WARNING ZeroLength::setDomain(): Element 5000188 has L= 58.4944, which is greater than the tolerance
WARNING ZeroLength::setDomain(): Element 5000189 has L= 60.9229, which is greater than the tolerance
WARNING ZeroLength::setDomain(): Element 5000190 has L= 67.978, which is greater than the tolerance
WARNING ZeroLength::setDomain(): Element 5000191 has L= 29.3593, which is greater than the tolerance
WARNING ZeroLength::setDomain(): Element 5000192 has L= 33.1444, which is greater than the tolerance
WARNING ZeroLength::setDomain(): Element 5000193 has L= 35.7956, which is greater than the tolerance
WARNING ZeroLength::setDomain(): Element 5000194 has L= 17.4008, which is greater than the tolerance
WARNING ZeroLength::setDomain(): Element 5000195 has L= 63.1866, which is greater than the tolerance
WARNING ZeroLength::setDomain(): Element 5000196 has L= 10.2395, which is greater than the tolerance
WARNING ZeroLength::setDomain(): Element 5000197 has L= 25.0115, which is greater than the tolerance
WARNING: CTestNormDispIncr::test() - failed to converge 
after: 50 iterations  current Norm: 28673.1 (max: 1e-06, Norm deltaR: 1.64802e+08)
NewtonRaphson::solveCurrentStep() -the ConvergenceTest object failed in test()
StaticAnalysis::analyze() - the Algorithm failed at step: 0 with domain at load factor 2259.23
OpenSees > analyze failed, returned: -3 error flag
WARNING ZeroLength::setDomain(): Element 5000198 has L= 8.92777, which is greater than the tolerance
WARNING ZeroLength::setDomain(): Element 5000199 has L= 61.7568, which is greater than the tolerance
WARNING ZeroLength::setDomain(): Element 5000200 has L= 63.7732, which is greater than the tolerance
WARNING ZeroLength::setDomain(): Element 5000201 has L= 58.9547, which is greater than the tolerance
WARNING ZeroLength::setDomain(): Element 5000202 has L= 27.4269, which is greater than the tolerance
WARNING ZeroLength::setDomain(): Element 5000203 has L= 22.8457, which is greater than the tolerance
