WARNING ZeroLength::setDomain(): Element 5000001 has L= 2.45346, which is greater than the tolerance
WARNING ZeroLength::setDomain(): Element 5000002 has L= 2.19992, which is greater than the tolerance
WARNING ZeroLength::setDomain(): Element 5000003 has L= 1.7946, which is greater than the tolerance
WARNING ZeroLength::setDomain(): Element 5000004 has L= 1.79626, which is greater than the tolerance
WARNING ZeroLength::setDomain(): Element 5000005 has L= 1.73157, which is greater than the tolerance
WARNING ZeroLength::setDomain(): Element 5000006 has L= 1.73157, which is greater than the tolerance
WARNING ZeroLength::setDomain(): Element 5000007 has L= 1.79626, which is greater than the tolerance
WARNING ZeroLength::setDomain(): Element 5000008 has L= 1.7946, which is greater than the tolerance
WARNING ZeroLength::setDomain(): Element 5000009 has L= 2.19992, which is greater than the tolerance
WARNING ZeroLength::setDomain(): Element 5000010 has L= 2.45346, which is greater than the tolerance
WARNING ZeroLength::setDomain(): Element 5000011 has L= 2.30677, which is greater than the tolerance
WARNING ZeroLength::setDomain(): Element 5000012 has L= 2.16828, which is greater than the tolerance
WARNING ZeroLength::setDomain(): Element 5000013 has L= 1.90949, which is greater than the tolerance
WARNING ZeroLength::setDomain(): Element 5000014 has L= 1.93512, which is greater than the tolerance
WARNING ZeroLength::setDomain(): Element 5000015 has L= 1.92282, which is greater than the tolerance
WARNING ZeroLength::setDomain(): Element 5000016 has L= 1.92282, which is greater than the tolerance
WARNING ZeroLength::setDomain(): Element 5000017 has L= 1.93512, which is greater than the tolerance
WARNING ZeroLength::setDomain(): Element 5000018 has L= 1.90949, which is greater than the tolerance
WARNING ZeroLength::setDomain(): Element 5000019 has L= 2.16828, which is greater than the tolerance
WARNING ZeroLength::setDomain(): Element 5000020 has L= 2.30677, which is greater than the tolerance
WARNING ZeroLength::setDomain(): Element 5000021 has L= 2.24167, which is greater than the tolerance
WARNING ZeroLength::setDomain(): Element 5000022 has L= 2.20151, which is greater than the tolerance
WARNING ZeroLength::setDomain(): Element 5000023 has L= 2.08332, which is greater than the tolerance
WARNING ZeroLength::setDomain(): Element 5000024 has L= 2.14812, which is greater than the tolerance
WARNING ZeroLength::setDomain(): Element 5000025 has L= 2.18499, which is greater than the tolerance
WARNING ZeroLength::setDomain(): Element 5000026 has L= 2.18499, which is greater than the tolerance
WARNING ZeroLength::setDomain(): Element 5000027 has L= 2.14812, which is greater than the tolerance
WARNING ZeroLength::setDomain(): Element 5000028 has L= 2.08332, which is greater than the tolerance
WARNING ZeroLength::setDomain(): Element 5000029 has L= 2.20151, which is greater than the tolerance
WARNING ZeroLength::setDomain(): Element 5000030 has L= 2.24167, which is greater than the tolerance
WARNING ZeroLength::setDomain(): Element 5000031 has L= 2.28611, which is greater than the tolerance
WARNING ZeroLength::setDomain(): Element 5000032 has L= 2.29785, which is greater than the tolerance
WARNING ZeroLength::setDomain(): Element 5000033 has L= 2.29696, which is greater than the tolerance
WARNING ZeroLength::setDomain(): Element 5000034 has L= 2.46829, which is greater than the tolerance
WARNING ZeroLength::setDomain(): Element 5000035 has L= 2.60842, which is greater than the tolerance
WARNING ZeroLength::setDomain(): Element 5000036 has L= 2.60842, which is greater than the tolerance
WARNING ZeroLength::setDomain(): Element 5000037 has L= 2.46829, which is greater than the tolerance
WARNING ZeroLength::setDomain(): Element 5000038 has L= 2.29696, which is greater than the tolerance
WARNING ZeroLength::setDomain(): Element 5000039 has L= 2.29785, which is greater than the tolerance
WARNING ZeroLength::setDomain(): Element 5000040 has L= 2.28611, which is greater than the tolerance
WARNING ZeroLength::setDomain(): Element 5000041 has L= 2.34576, which is greater than the tolerance
WARNING ZeroLength::setDomain(): Element 5000042 has L= 2.4536, which is greater than the tolerance
WARNING ZeroLength::setDomain(): Element 5000043 has L= 2.60681, which is greater than the tolerance
WARNING ZeroLength::setDomain(): Element 5000044 has L= 2.7731, which is greater than the tolerance
WARNING ZeroLength::setDomain(): Element 5000045 has L= 2.87871, which is greater than the tolerance
WARNING ZeroLength::setDomain(): Element 5000046 has L= 2.87871, which is greater than the tolerance
WARNING ZeroLength::setDomain(): Element 5000047 has L= 2.7731, which is greater than the tolerance
WARNING ZeroLength::setDomain(): Element 5000048 has L= 2.60681, which is greater than the tolerance
WARNING ZeroLength::setDomain(): Element 5000049 has L= 2.4536, which is greater than the tolerance
WARNING ZeroLength::setDomain(): Element 5000050 has L= 2.34576, which is greater than the tolerance
WARNING ZeroLength::setDomain(): Element 5000051 has L= 2.28166, which is greater than the tolerance
WARNING ZeroLength::setDomain(): Element 5000052 has L= 2.4815, which is greater than the tolerance
WARNING ZeroLength::setDomain(): Element 5000053 has L= 2.78653, which is greater than the tolerance
WARNING ZeroLength::setDomain(): Element 5000054 has L= 2.86305, which is greater than the tolerance
WARNING ZeroLength::setDomain(): Element 5000055 has L= 2.94687, which is greater than the tolerance
WARNING ZeroLength::setDomain(): Element 5000056 has L= 2.94687, which is greater than the tolerance
WARNING ZeroLength::setDomain(): Element 5000057 has L= 2.86305, which is greater than the tolerance
WARNING ZeroLength::setDomain(): Element 5000058 has L= 2.78653, which is greater than the tolerance
WARNING ZeroLength::setDomain(): Element 5000059 has L= 2.4815, which is greater than the tolerance
WARNING ZeroLength::setDomain(): Element 5000060 has L= 2.28166, which is greater than the tolerance
WARNING ZeroLength::setDomain(): Element 5000061 has L= 2.19035, which is greater than the tolerance
WARNING ZeroLength::setDomain(): Element 5000062 has L= 2.34938, which is greater than the tolerance
WARNING ZeroLength::setDomain(): Element 5000063 has L= 2.70739, which is greater than the tolerance
WARNING ZeroLength::setDomain(): Element 5000064 has L= 2.81288, which is greater than the tolerance
WARNING ZeroLength::setDomain(): Element 5000065 has L= 2.94318, which is greater than the tolerance
WARNING ZeroLength::setDomain(): Element 5000066 has L= 2.94318, which is greater than the tolerance
WARNING ZeroLength::setDomain(): Element 5000067 has L= 2.81288, which is greater than the tolerance
WARNING ZeroLength::setDomain(): Element 5000068 has L= 2.70739, which is greater than the tolerance
WARNING ZeroLength::setDomain(): Element 5000069 has L= 2.34938, which is greater than the tolerance
WARNING ZeroLength::setDomain(): Element 5000070 has L= 2.19035, which is greater than the tolerance
WARNING ZeroLength::setDomain(): Element 5000071 has L= 2.11551, which is greater than the tolerance
WARNING ZeroLength::setDomain(): Element 5000072 has L= 2.27561, which is greater than the tolerance
WARNING ZeroLength::setDomain(): Element 5000073 has L= 2.64493, which is greater than the tolerance
WARNING ZeroLength::setDomain(): Element 5000074 has L= 2.79649, which is greater than the tolerance
WARNING ZeroLength::setDomain(): Element 5000075 has L= 2.90583, which is greater than the tolerance
WARNING ZeroLength::setDomain(): Element 5000076 has L= 2.90583, which is greater than the tolerance
WARNING ZeroLength::setDomain(): Element 5000077 has L= 2.79649, which is greater than the tolerance
WARNING ZeroLength::setDomain(): Element 5000078 has L= 2.64493, which is greater than the tolerance
WARNING ZeroLength::setDomain(): Element 5000079 has L= 2.27561, which is greater than the tolerance
WARNING ZeroLength::setDomain(): Element 5000080 has L= 2.11551, which is greater than the tolerance
WARNING ZeroLength::setDomain(): Element 5000081 has L= 2.08676, which is greater than the tolerance
WARNING ZeroLength::setDomain(): Element 5000082 has L= 2.21996, which is greater than the tolerance
WARNING ZeroLength::setDomain(): Element 5000083 has L= 2.57159, which is greater than the tolerance
WARNING ZeroLength::setDomain(): Element 5000084 has L= 2.7584, which is greater than the tolerance
WARNING ZeroLength::setDomain(): Element 5000085 has L= 2.80445, which is greater than the tolerance
WARNING ZeroLength::setDomain(): Element 5000086 has L= 2.80445, which is greater than the tolerance
WARNING ZeroLength::setDomain(): Element 5000087 has L= 2.7584, which is greater than the tolerance
WARNING ZeroLength::setDomain(): Element 5000088 has L= 2.57159, which is greater than the tolerance
WARNING ZeroLength::setDomain(): Element 5000089 has L= 2.21996, which is greater than the tolerance
WARNING ZeroLength::setDomain(): Element 5000090 has L= 2.08676, which is greater than the tolerance
WARNING: CTestNormDispIncr::test() - failed to converge 
after: 50 iterations  current Norm: 26113.9 (max: 1e-06, Norm deltaR: 1.78205e+08)
NewtonRaphson::solveCurrentStep() -the ConvergenceTest object failed in test()
StaticAnalysis::analyze() - the Algorithm failed at step: 0 with domain at load factor 4638.76
OpenSees > analyze failed, returned: -3 error flag
WARNING ZeroLength::setDomain(): Element 5000091 has L= 7.96706, which is greater than the tolerance
WARNING ZeroLength::setDomain(): Element 5000092 has L= 8.12495, which is greater than the tolerance
WARNING ZeroLength::setDomain(): Element 5000093 has L= 7.82119, which is greater than the tolerance
WARNING ZeroLength::setDomain(): Element 5000094 has L= 53.7445, which is greater than the tolerance
WARNING ZeroLength::setDomain(): Element 5000095 has L= 52.4313, which is greater than the tolerance
WARNING ZeroLength::setDomain(): Element 5000096 has L= 7.96706, which is greater than the tolerance
WARNING: CTestNormDispIncr::test() - failed to converge 
after: 50 iterations  current Norm: 145940 (max: 1e-06, Norm deltaR: 1.05991e+10)
NewtonRaphson::solveCurrentStep() -the ConvergenceTest object failed in test()
StaticAnalysis::analyze() - the Algorithm failed at step: 0 with domain at load factor -7473.32
OpenSees > analyze failed, returned: -3 error flag
WARNING ZeroLength::setDomain(): Element 5000097 has L= 8.27745, which is greater than the tolerance
WARNING: CTestNormDispIncr::test() - failed to converge 
after: 50 iterations  current Norm: 33227.6 (max: 1e-06, Norm deltaR: 1.13748e+09)
NewtonRaphson::solveCurrentStep() -the ConvergenceTest object failed in test()
StaticAnalysis::analyze() - the Algorithm failed at step: 0 with domain at load factor -2250.58
OpenSees > analyze failed, returned: -3 error flag
WARNING: CTestNormDispIncr::test() - failed to converge 
after: 50 iterations  current Norm: 5099.67 (max: 1e-06, Norm deltaR: 1.83124e+08)
NewtonLineSearch::solveCurrentStep() -the ConvergenceTest object failed in test()
StaticAnalysis::analyze() - the Algorithm failed at step: 0 with domain at load factor -2345.05
OpenSees > analyze failed, returned: -3 error flag
WARNING: CTestNormDispIncr::test() - failed to converge 
after: 50 iterations  current Norm: 19691.5 (max: 1e-06, Norm deltaR: 8.50583e+07)
AcceleratedNewton::solveCurrentStep() -The ConvergenceTest object failed in test()
StaticAnalysis::analyze() - the Algorithm failed at step: 0 with domain at load factor -26.3455
OpenSees > analyze failed, returned: -3 error flag
WARNING: CTestNormDispIncr::test() - failed to converge 
after: 50 iterations  current Norm: 8.52974e+87 (max: 1e-06, Norm deltaR: 5.45092e+91)
ModifiedNewton::solveCurrentStep() -the ConvergenceTest object failed in test()
StaticAnalysis::analyze() - the Algorithm failed at step: 0 with domain at load factor 7.98882e+86
OpenSees > analyze failed, returned: -3 error flag
WARNING: CTestNormDispIncr::test() - failed to converge 
after: 50 iterations  current Norm: 30608.1 (max: 1e-06, Norm deltaR: 9.65813e+07)
NewtonRaphson::solveCurrentStep() -the ConvergenceTest object failed in test()
StaticAnalysis::analyze() - the Algorithm failed at step: 0 with domain at load factor -327.616
OpenSees > analyze failed, returned: -3 error flag
WARNING: CTestNormDispIncr::test() - failed to converge 
after: 50 iterations  current Norm: 4.33929 (max: 1e-06, Norm deltaR: 386765)
NewtonLineSearch::solveCurrentStep() -the ConvergenceTest object failed in test()
StaticAnalysis::analyze() - the Algorithm failed at step: 0 with domain at load factor 358.909
OpenSees > analyze failed, returned: -3 error flag
WARNING: CTestNormDispIncr::test() - failed to converge 
after: 50 iterations  current Norm: 21.4099 (max: 1e-06, Norm deltaR: 547054)
AcceleratedNewton::solveCurrentStep() -The ConvergenceTest object failed in test()
StaticAnalysis::analyze() - the Algorithm failed at step: 0 with domain at load factor 369.656
OpenSees > analyze failed, returned: -3 error flag
WARNING: CTestNormDispIncr::test() - failed to converge 
after: 50 iterations  current Norm: 8.02531e+101 (max: 1e-06, Norm deltaR: 5.3714e+105)
ModifiedNewton::solveCurrentStep() -the ConvergenceTest object failed in test()
StaticAnalysis::analyze() - the Algorithm failed at step: 0 with domain at load factor 1.57091e+101
OpenSees > analyze failed, returned: -3 error flag
WARNING: CTestNormDispIncr::test() - failed to converge 
after: 50 iterations  current Norm: 30398.1 (max: 1e-06, Norm deltaR: 8.49081e+07)
NewtonRaphson::solveCurrentStep() -the ConvergenceTest object failed in test()
StaticAnalysis::analyze() - the Algorithm failed at step: 0 with domain at load factor -131.099
OpenSees > analyze failed, returned: -3 error flag
WARNING: CTestNormDispIncr::test() - failed to converge 
after: 50 iterations  current Norm: 52.0241 (max: 1e-06, Norm deltaR: 1.4192e+07)
NewtonLineSearch::solveCurrentStep() -the ConvergenceTest object failed in test()
StaticAnalysis::analyze() - the Algorithm failed at step: 0 with domain at load factor 668.768
OpenSees > analyze failed, returned: -3 error flag
WARNING: CTestNormDispIncr::test() - failed to converge 
after: 50 iterations  current Norm: 3.99347 (max: 1e-06, Norm deltaR: 189018)
AcceleratedNewton::solveCurrentStep() -The ConvergenceTest object failed in test()
StaticAnalysis::analyze() - the Algorithm failed at step: 0 with domain at load factor 374.781
OpenSees > analyze failed, returned: -3 error flag
WARNING: CTestNormDispIncr::test() - failed to converge 
after: 50 iterations  current Norm: 2.26404e+57 (max: 1e-06, Norm deltaR: 1.64673e+61)
ModifiedNewton::solveCurrentStep() -the ConvergenceTest object failed in test()
StaticAnalysis::analyze() - the Algorithm failed at step: 0 with domain at load factor 4.37644e+56
OpenSees > analyze failed, returned: -3 error flag
WARNING: CTestNormDispIncr::test() - failed to converge 
after: 50 iterations  current Norm: 26276.2 (max: 1e-06, Norm deltaR: 7.75915e+08)
NewtonRaphson::solveCurrentStep() -the ConvergenceTest object failed in test()
StaticAnalysis::analyze() - the Algorithm failed at step: 0 with domain at load factor 9271.61
OpenSees > analyze failed, returned: -3 error flag
WARNING ZeroLength::setDomain(): Element 5000098 has L= 17.4676, which is greater than the tolerance
WARNING ZeroLength::setDomain(): Element 5000099 has L= 21.9781, which is greater than the tolerance
WARNING ZeroLength::setDomain(): Element 5000100 has L= 17.0591, which is greater than the tolerance
WARNING ZeroLength::setDomain(): Element 5000101 has L= 16.7106, which is greater than the tolerance
WARNING ZeroLength::setDomain(): Element 5000102 has L= 21.5293, which is greater than the tolerance
WARNING ZeroLength::setDomain(): Element 5000103 has L= 53.7968, which is greater than the tolerance
WARNING ZeroLength::setDomain(): Element 5000104 has L= 16.7106, which is greater than the tolerance
WARNING ZeroLength::setDomain(): Element 5000105 has L= 8.12495, which is greater than the tolerance
WARNING ZeroLength::setDomain(): Element 5000106 has L= 16.3677, which is greater than the tolerance
WARNING ZeroLength::setDomain(): Element 5000107 has L= 21.1253, which is greater than the tolerance
WARNING ZeroLength::setDomain(): Element 5000108 has L= 59.3399, which is greater than the tolerance
WARNING ZeroLength::setDomain(): Element 5000109 has L= 11.0504, which is greater than the tolerance
WARNING ZeroLength::setDomain(): Element 5000110 has L= 10.8084, which is greater than the tolerance
WARNING ZeroLength::setDomain(): Element 5000111 has L= 20.7319, which is greater than the tolerance
WARNING ZeroLength::setDomain(): Element 5000112 has L= 10.8084, which is greater than the tolerance
WARNING ZeroLength::setDomain(): Element 5000113 has L= 7.82119, which is greater than the tolerance
WARNING ZeroLength::setDomain(): Element 5000114 has L= 7.66618, which is greater than the tolerance
WARNING ZeroLength::setDomain(): Element 5000115 has L= 10.5587, which is greater than the tolerance
WARNING ZeroLength::setDomain(): Element 5000116 has L= 10.5587, which is greater than the tolerance
WARNING ZeroLength::setDomain(): Element 5000117 has L= 7.66618, which is greater than the tolerance
WARNING ZeroLength::setDomain(): Element 5000118 has L= 7.49186, which is greater than the tolerance
WARNING ZeroLength::setDomain(): Element 5000119 has L= 10.2907, which is greater than the tolerance
WARNING ZeroLength::setDomain(): Element 5000120 has L= 10.2907, which is greater than the tolerance
WARNING ZeroLength::setDomain(): Element 5000121 has L= 7.49186, which is greater than the tolerance
WARNING ZeroLength::setDomain(): Element 5000122 has L= 10.0366, which is greater than the tolerance
WARNING ZeroLength::setDomain(): Element 5000123 has L= 10.0366, which is greater than the tolerance
WARNING: CTestNormDispIncr::test() - failed to converge 
after: 50 iterations  current Norm: 39601.1 (max: 1e-06, Norm deltaR: 1.51113e+09)
NewtonRaphson::solveCurrentStep() -the ConvergenceTest object failed in test()
StaticAnalysis::analyze() - the Algorithm failed at step: 0 with domain at load factor 6851.11
OpenSees > analyze failed, returned: -3 error flag
WARNING ZeroLength::setDomain(): Element 5000124 has L= 17.8723, which is greater than the tolerance
WARNING ZeroLength::setDomain(): Element 5000125 has L= 22.4876, which is greater than the tolerance
WARNING ZeroLength::setDomain(): Element 5000126 has L= 21.1253, which is greater than the tolerance
WARNING: CTestNormDispIncr::test() - failed to converge 
after: 50 iterations  current Norm: 92287.1 (max: 1e-06, Norm deltaR: 2.66477e+09)
NewtonRaphson::solveCurrentStep() -the ConvergenceTest object failed in test()
StaticAnalysis::analyze() - the Algorithm failed at step: 0 with domain at load factor -2252.61
OpenSees > analyze failed, returned: -3 error flag
WARNING ZeroLength::setDomain(): Element 5000127 has L= 8.44575, which is greater than the tolerance
WARNING ZeroLength::setDomain(): Element 5000128 has L= 21.9781, which is greater than the tolerance
WARNING ZeroLength::setDomain(): Element 5000129 has L= 18.2481, which is greater than the tolerance
WARNING ZeroLength::setDomain(): Element 5000130 has L= 7.33661, which is greater than the tolerance
WARNING ZeroLength::setDomain(): Element 5000131 has L= 22.9085, which is greater than the tolerance
WARNING ZeroLength::setDomain(): Element 5000132 has L= 17.0591, which is greater than the tolerance
WARNING ZeroLength::setDomain(): Element 5000133 has L= 21.5293, which is greater than the tolerance
WARNING ZeroLength::setDomain(): Element 5000134 has L= 60.1098, which is greater than the tolerance
WARNING ZeroLength::setDomain(): Element 5000135 has L= 16.3677, which is greater than the tolerance
WARNING ZeroLength::setDomain(): Element 5000136 has L= 20.7319, which is greater than the tolerance
WARNING ZeroLength::setDomain(): Element 5000137 has L= 7.33661, which is greater than the tolerance
WARNING ZeroLength::setDomain(): Element 5000138 has L= 9.80944, which is greater than the tolerance
WARNING ZeroLength::setDomain(): Element 5000139 has L= 49.6645, which is greater than the tolerance
WARNING ZeroLength::setDomain(): Element 5000140 has L= 50.2502, which is greater than the tolerance
WARNING ZeroLength::setDomain(): Element 5000141 has L= 9.80944, which is greater than the tolerance
WARNING ZeroLength::setDomain(): Element 5000142 has L= 28.1323, which is greater than the tolerance
WARNING ZeroLength::setDomain(): Element 5000143 has L= 50.9282, which is greater than the tolerance
WARNING ZeroLength::setDomain(): Element 5000144 has L= 15.7491, which is greater than the tolerance
WARNING ZeroLength::setDomain(): Element 5000145 has L= 7.21901, which is greater than the tolerance
WARNING ZeroLength::setDomain(): Element 5000146 has L= 18.5845, which is greater than the tolerance
WARNING ZeroLength::setDomain(): Element 5000147 has L= 16.0618, which is greater than the tolerance
WARNING ZeroLength::setDomain(): Element 5000148 has L= 28.8428, which is greater than the tolerance
WARNING ZeroLength::setDomain(): Element 5000149 has L= 55.349, which is greater than the tolerance
WARNING ZeroLength::setDomain(): Element 5000150 has L= 35.1504, which is greater than the tolerance
WARNING ZeroLength::setDomain(): Element 5000151 has L= 20.3072, which is greater than the tolerance
WARNING ZeroLength::setDomain(): Element 5000152 has L= 34.4673, which is greater than the tolerance
WARNING ZeroLength::setDomain(): Element 5000153 has L= 34.4673, which is greater than the tolerance
WARNING ZeroLength::setDomain(): Element 5000154 has L= 62.0097, which is greater than the tolerance
WARNING ZeroLength::setDomain(): Element 5000155 has L= 9.60472, which is greater than the tolerance
WARNING ZeroLength::setDomain(): Element 5000156 has L= 26.9173, which is greater than the tolerance
WARNING ZeroLength::setDomain(): Element 5000157 has L= 16.0618, which is greater than the tolerance
WARNING ZeroLength::setDomain(): Element 5000158 has L= 33.8598, which is greater than the tolerance
WARNING ZeroLength::setDomain(): Element 5000159 has L= 8.64476, which is greater than the tolerance
WARNING ZeroLength::setDomain(): Element 5000160 has L= 7.93251, which is greater than the tolerance
WARNING ZeroLength::setDomain(): Element 5000161 has L= 57.2421, which is greater than the tolerance
WARNING ZeroLength::setDomain(): Element 5000162 has L= 35.8613, which is greater than the tolerance
WARNING ZeroLength::setDomain(): Element 5000163 has L= 26.3386, which is greater than the tolerance
WARNING ZeroLength::setDomain(): Element 5000164 has L= 56.1354, which is greater than the tolerance
WARNING ZeroLength::setDomain(): Element 5000165 has L= 50.5727, which is greater than the tolerance
WARNING ZeroLength::setDomain(): Element 5000166 has L= 20.3072, which is greater than the tolerance
WARNING ZeroLength::setDomain(): Element 5000167 has L= 7.13319, which is greater than the tolerance
WARNING ZeroLength::setDomain(): Element 5000168 has L= 29.4261, which is greater than the tolerance
WARNING ZeroLength::setDomain(): Element 5000169 has L= 8.84169, which is greater than the tolerance
WARNING ZeroLength::setDomain(): Element 5000170 has L= 22.4876, which is greater than the tolerance
WARNING ZeroLength::setDomain(): Element 5000171 has L= 36.5423, which is greater than the tolerance
WARNING ZeroLength::setDomain(): Element 5000172 has L= 52.0127, which is greater than the tolerance
WARNING ZeroLength::setDomain(): Element 5000173 has L= 58.9678, which is greater than the tolerance
WARNING ZeroLength::setDomain(): Element 5000174 has L= 35.1504, which is greater than the tolerance
WARNING ZeroLength::setDomain(): Element 5000175 has L= 50.7472, which is greater than the tolerance
WARNING ZeroLength::setDomain(): Element 5000176 has L= 33.8598, which is greater than the tolerance
WARNING ZeroLength::setDomain(): Element 5000177 has L= 35.8613, which is greater than the tolerance
WARNING: CTestNormDispIncr::test() - failed to converge 
after: 50 iterations  current Norm: 279668 (max: 1e-06, Norm deltaR: 3.19213e+08)
NewtonRaphson::solveCurrentStep() -the ConvergenceTest object failed in test()
StaticAnalysis::analyze() - the Algorithm failed at step: 0 with domain at load factor 1505.2
OpenSees > analyze failed, returned: -3 error flag
WARNING ZeroLength::setDomain(): Element 5000178 has L= 8.99453, which is greater than the tolerance
WARNING ZeroLength::setDomain(): Element 5000179 has L= 17.4676, which is greater than the tolerance
WARNING ZeroLength::setDomain(): Element 5000180 has L= 36.5423, which is greater than the tolerance
WARNING ZeroLength::setDomain(): Element 5000181 has L= 59.9443, which is greater than the tolerance
WARNING ZeroLength::setDomain(): Element 5000182 has L= 62.5983, which is greater than the tolerance
WARNING ZeroLength::setDomain(): Element 5000183 has L= 61.2628, which is greater than the tolerance
WARNING ZeroLength::setDomain(): Element 5000184 has L= 61.4566, which is greater than the tolerance
WARNING ZeroLength::setDomain(): Element 5000185 has L= 58.9165, which is greater than the tolerance
WARNING ZeroLength::setDomain(): Element 5000186 has L= 60.3736, which is greater than the tolerance
WARNING ZeroLength::setDomain(): Element 5000187 has L= 60.2428, which is greater than the tolerance
WARNING: CTestNormDispIncr::test() - failed to converge 
after: 50 iterations  current Norm: 79383.8 (max: 1e-06, Norm deltaR: 1.21333e+09)
NewtonRaphson::solveCurrentStep() -the ConvergenceTest object failed in test()
StaticAnalysis::analyze() - the Algorithm failed at step: 0 with domain at load factor -4384.94
OpenSees > analyze failed, returned: -3 error flag
WARNING: CTestNormDispIncr::test() - failed to converge 
after: 50 iterations  current Norm: 0.00437022 (max: 1e-06, Norm deltaR: 52.7187)
NewtonLineSearch::solveCurrentStep() -the ConvergenceTest object failed in test()
StaticAnalysis::analyze() - the Algorithm failed at step: 0 with domain at load factor 827.292
OpenSees > analyze failed, returned: -3 error flag
WARNING: CTestNormDispIncr::test() - failed to converge 
after: 50 iterations  current Norm: 104043 (max: 1e-06, Norm deltaR: 4.90119e+08)
AcceleratedNewton::solveCurrentStep() -The ConvergenceTest object failed in test()
StaticAnalysis::analyze() - the Algorithm failed at step: 0 with domain at load factor 3775.74
OpenSees > analyze failed, returned: -3 error flag
WARNING: CTestNormDispIncr::test() - failed to converge 
after: 50 iterations  current Norm: 3.01129e+67 (max: 1e-06, Norm deltaR: 2.54406e+71)
ModifiedNewton::solveCurrentStep() -the ConvergenceTest object failed in test()
StaticAnalysis::analyze() - the Algorithm failed at step: 0 with domain at load factor -2.30181e+66
OpenSees > analyze failed, returned: -3 error flag
WARNING: CTestNormDispIncr::test() - failed to converge 
after: 50 iterations  current Norm: 37545.7 (max: 1e-06, Norm deltaR: 8.78837e+08)
NewtonRaphson::solveCurrentStep() -the ConvergenceTest object failed in test()
StaticAnalysis::analyze() - the Algorithm failed at step: 0 with domain at load factor 6247.47
OpenSees > analyze failed, returned: -3 error flag
WARNING ZeroLength::setDomain(): Element 5000188 has L= 15.7491, which is greater than the tolerance
WARNING ZeroLength::setDomain(): Element 5000189 has L= 65.4218, which is greater than the tolerance
WARNING ZeroLength::setDomain(): Element 5000190 has L= 69.938, which is greater than the tolerance
WARNING ZeroLength::setDomain(): Element 5000191 has L= 8.27745, which is greater than the tolerance
WARNING ZeroLength::setDomain(): Element 5000192 has L= 33.2101, which is greater than the tolerance
WARNING ZeroLength::setDomain(): Element 5000193 has L= 25.7432, which is greater than the tolerance
WARNING ZeroLength::setDomain(): Element 5000194 has L= 22.9085, which is greater than the tolerance
WARNING ZeroLength::setDomain(): Element 5000195 has L= 60.7274, which is greater than the tolerance
WARNING ZeroLength::setDomain(): Element 5000196 has L= 64.1682, which is greater than the tolerance
WARNING ZeroLength::setDomain(): Element 5000197 has L= 57.9957, which is greater than the tolerance
