WARNING ZeroLength::setDomain(): Element 5000001 has L= 2.53299, which is greater than the tolerance
WARNING ZeroLength::setDomain(): Element 5000002 has L= 2.27971, which is greater than the tolerance
WARNING ZeroLength::setDomain(): Element 5000003 has L= 1.87453, which is greater than the tolerance
WARNING ZeroLength::setDomain(): Element 5000004 has L= 1.87617, which is greater than the tolerance
WARNING ZeroLength::setDomain(): Element 5000005 has L= 1.81152, which is greater than the tolerance
WARNING ZeroLength::setDomain(): Element 5000006 has L= 1.81152, which is greater than the tolerance
WARNING ZeroLength::setDomain(): Element 5000007 has L= 1.87617, which is greater than the tolerance
WARNING ZeroLength::setDomain(): Element 5000008 has L= 1.87453, which is greater than the tolerance
WARNING ZeroLength::setDomain(): Element 5000009 has L= 2.27971, which is greater than the tolerance
WARNING ZeroLength::setDomain(): Element 5000010 has L= 2.53299, which is greater than the tolerance
WARNING ZeroLength::setDomain(): Element 5000011 has L= 2.38626, which is greater than the tolerance
WARNING ZeroLength::setDomain(): Element 5000012 has L= 2.24811, which is greater than the tolerance
WARNING ZeroLength::setDomain(): Element 5000013 has L= 1.98943, which is greater than the tolerance
WARNING ZeroLength::setDomain(): Element 5000014 has L= 2.01507, which is greater than the tolerance
WARNING ZeroLength::setDomain(): Element 5000015 has L= 2.00278, which is greater than the tolerance
WARNING ZeroLength::setDomain(): Element 5000016 has L= 2.00278, which is greater than the tolerance
WARNING ZeroLength::setDomain(): Element 5000017 has L= 2.01507, which is greater than the tolerance
WARNING ZeroLength::setDomain(): Element 5000018 has L= 1.98943, which is greater than the tolerance
WARNING ZeroLength::setDomain(): Element 5000019 has L= 2.24811, which is greater than the tolerance
WARNING ZeroLength::setDomain(): Element 5000020 has L= 2.38626, which is greater than the tolerance
WARNING ZeroLength::setDomain(): Element 5000021 has L= 2.32127, which is greater than the tolerance
WARNING ZeroLength::setDomain(): Element 5000022 has L= 2.28138, which is greater than the tolerance
WARNING ZeroLength::setDomain(): Element 5000023 has L= 2.16327, which is greater than the tolerance
WARNING ZeroLength::setDomain(): Element 5000024 has L= 2.22807, which is greater than the tolerance
WARNING ZeroLength::setDomain(): Element 5000025 has L= 2.26495, which is greater than the tolerance
WARNING ZeroLength::setDomain(): Element 5000026 has L= 2.26495, which is greater than the tolerance
WARNING ZeroLength::setDomain(): Element 5000027 has L= 2.22807, which is greater than the tolerance
WARNING ZeroLength::setDomain(): Element 5000028 has L= 2.16327, which is greater than the tolerance
WARNING ZeroLength::setDomain(): Element 5000029 has L= 2.28138, which is greater than the tolerance
WARNING ZeroLength::setDomain(): Element 5000030 has L= 2.32127, which is greater than the tolerance
WARNING ZeroLength::setDomain(): Element 5000031 has L= 2.36594, which is greater than the tolerance
WARNING ZeroLength::setDomain(): Element 5000032 has L= 2.37778, which is greater than the tolerance
WARNING ZeroLength::setDomain(): Element 5000033 has L= 2.37691, which is greater than the tolerance
WARNING ZeroLength::setDomain(): Element 5000034 has L= 2.54825, which is greater than the tolerance
WARNING ZeroLength::setDomain(): Element 5000035 has L= 2.68837, which is greater than the tolerance
WARNING ZeroLength::setDomain(): Element 5000036 has L= 2.68837, which is greater than the tolerance
WARNING ZeroLength::setDomain(): Element 5000037 has L= 2.54825, which is greater than the tolerance
WARNING ZeroLength::setDomain(): Element 5000038 has L= 2.37691, which is greater than the tolerance
WARNING ZeroLength::setDomain(): Element 5000039 has L= 2.37778, which is greater than the tolerance
WARNING ZeroLength::setDomain(): Element 5000040 has L= 2.36594, which is greater than the tolerance
WARNING ZeroLength::setDomain(): Element 5000041 has L= 2.42569, which is greater than the tolerance
WARNING ZeroLength::setDomain(): Element 5000042 has L= 2.53355, which is greater than the tolerance
WARNING ZeroLength::setDomain(): Element 5000043 has L= 2.68676, which is greater than the tolerance
WARNING ZeroLength::setDomain(): Element 5000044 has L= 2.85306, which is greater than the tolerance
WARNING ZeroLength::setDomain(): Element 5000045 has L= 2.95866, which is greater than the tolerance
WARNING ZeroLength::setDomain(): Element 5000046 has L= 2.95866, which is greater than the tolerance
WARNING ZeroLength::setDomain(): Element 5000047 has L= 2.85306, which is greater than the tolerance
WARNING ZeroLength::setDomain(): Element 5000048 has L= 2.68676, which is greater than the tolerance
WARNING ZeroLength::setDomain(): Element 5000049 has L= 2.53355, which is greater than the tolerance
WARNING ZeroLength::setDomain(): Element 5000050 has L= 2.42569, which is greater than the tolerance
WARNING ZeroLength::setDomain(): Element 5000051 has L= 2.36159, which is greater than the tolerance
WARNING ZeroLength::setDomain(): Element 5000052 has L= 2.56146, which is greater than the tolerance
WARNING ZeroLength::setDomain(): Element 5000053 has L= 2.86648, which is greater than the tolerance
WARNING ZeroLength::setDomain(): Element 5000054 has L= 2.943, which is greater than the tolerance
WARNING ZeroLength::setDomain(): Element 5000055 has L= 3.02683, which is greater than the tolerance
WARNING ZeroLength::setDomain(): Element 5000056 has L= 3.02683, which is greater than the tolerance
WARNING ZeroLength::setDomain(): Element 5000057 has L= 2.943, which is greater than the tolerance
WARNING ZeroLength::setDomain(): Element 5000058 has L= 2.86648, which is greater than the tolerance
WARNING ZeroLength::setDomain(): Element 5000059 has L= 2.56146, which is greater than the tolerance
WARNING ZeroLength::setDomain(): Element 5000060 has L= 2.36159, which is greater than the tolerance
WARNING ZeroLength::setDomain(): Element 5000061 has L= 2.27025, which is greater than the tolerance
WARNING ZeroLength::setDomain(): Element 5000062 has L= 2.42933, which is greater than the tolerance
WARNING ZeroLength::setDomain(): Element 5000063 has L= 2.78734, which is greater than the tolerance
WARNING ZeroLength::setDomain(): Element 5000064 has L= 2.89284, which is greater than the tolerance
WARNING ZeroLength::setDomain(): Element 5000065 has L= 3.02314, which is greater than the tolerance
WARNING ZeroLength::setDomain(): Element 5000066 has L= 3.02314, which is greater than the tolerance
WARNING ZeroLength::setDomain(): Element 5000067 has L= 2.89284, which is greater than the tolerance
WARNING ZeroLength::setDomain(): Element 5000068 has L= 2.78734, which is greater than the tolerance
WARNING ZeroLength::setDomain(): Element 5000069 has L= 2.42933, which is greater than the tolerance
WARNING ZeroLength::setDomain(): Element 5000070 has L= 2.27025, which is greater than the tolerance
WARNING ZeroLength::setDomain(): Element 5000071 has L= 2.1954, which is greater than the tolerance
WARNING ZeroLength::setDomain(): Element 5000072 has L= 2.35556, which is greater than the tolerance
WARNING ZeroLength::setDomain(): Element 5000073 has L= 2.72488, which is greater than the tolerance
WARNING ZeroLength::setDomain(): Element 5000074 has L= 2.87644, which is greater than the tolerance
WARNING ZeroLength::setDomain(): Element 5000075 has L= 2.98579, which is greater than the tolerance
WARNING ZeroLength::setDomain(): Element 5000076 has L= 2.98579, which is greater than the tolerance
WARNING ZeroLength::setDomain(): Element 5000077 has L= 2.87644, which is greater than the tolerance
WARNING ZeroLength::setDomain(): Element 5000078 has L= 2.72488, which is greater than the tolerance
WARNING ZeroLength::setDomain(): Element 5000079 has L= 2.35556, which is greater than the tolerance
WARNING ZeroLength::setDomain(): Element 5000080 has L= 2.1954, which is greater than the tolerance
WARNING ZeroLength::setDomain(): Element 5000081 has L= 2.16668, which is greater than the tolerance
WARNING ZeroLength::setDomain(): Element 5000082 has L= 2.29992, which is greater than the tolerance
WARNING ZeroLength::setDomain(): Element 5000083 has L= 2.65155, which is greater than the tolerance
WARNING ZeroLength::setDomain(): Element 5000084 has L= 2.83835, which is greater than the tolerance
WARNING ZeroLength::setDomain(): Element 5000085 has L= 2.88441, which is greater than the tolerance
WARNING ZeroLength::setDomain(): Element 5000086 has L= 2.88441, which is greater than the tolerance
WARNING ZeroLength::setDomain(): Element 5000087 has L= 2.83835, which is greater than the tolerance
WARNING ZeroLength::setDomain(): Element 5000088 has L= 2.65155, which is greater than the tolerance
WARNING ZeroLength::setDomain(): Element 5000089 has L= 2.29992, which is greater than the tolerance
WARNING ZeroLength::setDomain(): Element 5000090 has L= 2.16668, which is greater than the tolerance
WARNING: CTestNormDispIncr::test() - failed to converge 
after: 50 iterations  current Norm: 94018.4 (max: 1e-06, Norm deltaR: 1.79535e+08)
NewtonRaphson::solveCurrentStep() -the ConvergenceTest object failed in test()
StaticAnalysis::analyze() - the Algorithm failed at step: 0 with domain at load factor -361.529
OpenSees > analyze failed, returned: -3 error flag
WARNING: CTestNormDispIncr::test() - failed to converge 
after: 50 iterations  current Norm: 5355.69 (max: 1e-06, Norm deltaR: 1.74998e+08)
NewtonLineSearch::solveCurrentStep() -the ConvergenceTest object failed in test()
StaticAnalysis::analyze() - the Algorithm failed at step: 0 with domain at load factor 19148.4
OpenSees > analyze failed, returned: -3 error flag
WARNING: CTestNormDispIncr::test() - failed to converge 
after: 50 iterations  current Norm: 12.8927 (max: 1e-06, Norm deltaR: 258185)
AcceleratedNewton::solveCurrentStep() -The ConvergenceTest object failed in test()
StaticAnalysis::analyze() - the Algorithm failed at step: 0 with domain at load factor 372.091
OpenSees > analyze failed, returned: -3 error flag
WARNING: CTestNormDispIncr::test() - failed to converge 
after: 50 iterations  current Norm: 1.26311e+71 (max: 1e-06, Norm deltaR: 1.14167e+75)
ModifiedNewton::solveCurrentStep() -the ConvergenceTest object failed in test()
StaticAnalysis::analyze() - the Algorithm failed at step: 0 with domain at load factor -2.88052e+70
OpenSees > analyze failed, returned: -3 error flag
WARNING: CTestNormDispIncr::test() - failed to converge 
after: 50 iterations  current Norm: 37262 (max: 1e-06, Norm deltaR: 1.87366e+08)
NewtonRaphson::solveCurrentStep() -the ConvergenceTest object failed in test()
StaticAnalysis::analyze() - the Algorithm failed at step: 0 with domain at load factor 622.002
OpenSees > analyze failed, returned: -3 error flag
WARNING ZeroLength::setDomain(): Element 5000091 has L= 8.00298, which is greater than the tolerance
WARNING ZeroLength::setDomain(): Element 5000092 has L= 8.16087, which is greater than the tolerance
WARNING ZeroLength::setDomain(): Element 5000093 has L= 7.85711, which is greater than the tolerance
WARNING ZeroLength::setDomain(): Element 5000094 has L= 53.715, which is greater than the tolerance
WARNING ZeroLength::setDomain(): Element 5000095 has L= 52.4191, which is greater than the tolerance
WARNING ZeroLength::setDomain(): Element 5000096 has L= 8.31337, which is greater than the tolerance
WARNING ZeroLength::setDomain(): Element 5000097 has L= 8.00298, which is greater than the tolerance
WARNING: CTestNormDispIncr::test() - failed to converge 
after: 50 iterations  current Norm: 179700 (max: 1e-06, Norm deltaR: 9.50177e+07)
NewtonRaphson::solveCurrentStep() -the ConvergenceTest object failed in test()
StaticAnalysis::analyze() - the Algorithm failed at step: 0 with domain at load factor -333.74
OpenSees > analyze failed, returned: -3 error flag
WARNING ZeroLength::setDomain(): Element 5000098 has L= 16.7465, which is greater than the tolerance
WARNING ZeroLength::setDomain(): Element 5000099 has L= 21.5632, which is greater than the tolerance
WARNING ZeroLength::setDomain(): Element 5000100 has L= 51.434, which is greater than the tolerance
WARNING ZeroLength::setDomain(): Element 5000101 has L= 53.7722, which is greater than the tolerance
WARNING ZeroLength::setDomain(): Element 5000102 has L= 8.16087, which is greater than the tolerance
WARNING ZeroLength::setDomain(): Element 5000103 has L= 16.4037, which is greater than the tolerance
WARNING ZeroLength::setDomain(): Element 5000104 has L= 21.1592, which is greater than the tolerance
WARNING ZeroLength::setDomain(): Element 5000105 has L= 57.2991, which is greater than the tolerance
WARNING ZeroLength::setDomain(): Element 5000106 has L= 16.0977, which is greater than the tolerance
WARNING ZeroLength::setDomain(): Element 5000107 has L= 20.7659, which is greater than the tolerance
WARNING ZeroLength::setDomain(): Element 5000108 has L= 10.8359, which is greater than the tolerance
WARNING ZeroLength::setDomain(): Element 5000109 has L= 7.85711, which is greater than the tolerance
WARNING ZeroLength::setDomain(): Element 5000110 has L= 7.70209, which is greater than the tolerance
WARNING ZeroLength::setDomain(): Element 5000111 has L= 10.5863, which is greater than the tolerance
WARNING ZeroLength::setDomain(): Element 5000112 has L= 7.70209, which is greater than the tolerance
WARNING ZeroLength::setDomain(): Element 5000113 has L= 7.52776, which is greater than the tolerance
WARNING ZeroLength::setDomain(): Element 5000114 has L= 10.3183, which is greater than the tolerance
WARNING ZeroLength::setDomain(): Element 5000115 has L= 10.0643, which is greater than the tolerance
WARNING: CTestNormDispIncr::test() - failed to converge 
after: 50 iterations  current Norm: 33009.5 (max: 1e-06, Norm deltaR: 2.70649e+08)
NewtonRaphson::solveCurrentStep() -the ConvergenceTest object failed in test()
StaticAnalysis::analyze() - the Algorithm failed at step: 0 with domain at load factor 125.673
OpenSees > analyze failed, returned: -3 error flag
WARNING: CTestNormDispIncr::test() - failed to converge 
after: 50 iterations  current Norm: 1643.59 (max: 1e-06, Norm deltaR: 9.2111e+07)
NewtonLineSearch::solveCurrentStep() -the ConvergenceTest object failed in test()
StaticAnalysis::analyze() - the Algorithm failed at step: 0 with domain at load factor 2317.68
OpenSees > analyze failed, returned: -3 error flag
WARNING: CTestNormDispIncr::test() - failed to converge 
after: 50 iterations  current Norm: 1.95552e+06 (max: 1e-06, Norm deltaR: 4.83257e+10)
AcceleratedNewton::solveCurrentStep() -The ConvergenceTest object failed in test()
StaticAnalysis::analyze() - the Algorithm failed at step: 0 with domain at load factor 600841
OpenSees > analyze failed, returned: -3 error flag
WARNING: CTestNormDispIncr::test() - failed to converge 
after: 50 iterations  current Norm: 2.11844e+69 (max: 1e-06, Norm deltaR: 1.4417e+73)
ModifiedNewton::solveCurrentStep() -the ConvergenceTest object failed in test()
StaticAnalysis::analyze() - the Algorithm failed at step: 0 with domain at load factor 1.21164e+68
OpenSees > analyze failed, returned: -3 error flag
WARNING: CTestNormDispIncr::test() - failed to converge 
after: 50 iterations  current Norm: 184091 (max: 1e-06, Norm deltaR: 7.07066e+09)
NewtonRaphson::solveCurrentStep() -the ConvergenceTest object failed in test()
StaticAnalysis::analyze() - the Algorithm failed at step: 0 with domain at load factor 52612.9
OpenSees > analyze failed, returned: -3 error flag
WARNING: CTestNormDispIncr::test() - failed to converge 
after: 50 iterations  current Norm: 0.738683 (max: 1e-06, Norm deltaR: 7.79801e+06)
NewtonLineSearch::solveCurrentStep() -the ConvergenceTest object failed in test()
StaticAnalysis::analyze() - the Algorithm failed at step: 0 with domain at load factor 111.287
OpenSees > analyze failed, returned: -3 error flag
WARNING: CTestNormDispIncr::test() - failed to converge 
after: 50 iterations  current Norm: 0.00198558 (max: 1e-06, Norm deltaR: 163.748)
AcceleratedNewton::solveCurrentStep() -The ConvergenceTest object failed in test()
StaticAnalysis::analyze() - the Algorithm failed at step: 0 with domain at load factor 368.67
OpenSees > analyze failed, returned: -3 error flag
WARNING: CTestNormDispIncr::test() - failed to converge 
after: 50 iterations  current Norm: 9.41927e+69 (max: 1e-06, Norm deltaR: 8.42419e+73)
ModifiedNewton::solveCurrentStep() -the ConvergenceTest object failed in test()
StaticAnalysis::analyze() - the Algorithm failed at step: 0 with domain at load factor -1.63327e+68
OpenSees > analyze failed, returned: -3 error flag
WARNING ZeroLength::setDomain(): Element 5000116 has L= 11.0778, which is greater than the tolerance
WARNING ZeroLength::setDomain(): Element 5000117 has L= 10.8359, which is greater than the tolerance
WARNING ZeroLength::setDomain(): Element 5000118 has L= 17.095, which is greater than the tolerance
WARNING ZeroLength::setDomain(): Element 5000119 has L= 16.4037, which is greater than the tolerance
WARNING ZeroLength::setDomain(): Element 5000120 has L= 17.5035, which is greater than the tolerance
WARNING ZeroLength::setDomain(): Element 5000121 has L= 22.0119, which is greater than the tolerance
WARNING ZeroLength::setDomain(): Element 5000122 has L= 7.52776, which is greater than the tolerance
WARNING ZeroLength::setDomain(): Element 5000123 has L= 10.0643, which is greater than the tolerance
WARNING ZeroLength::setDomain(): Element 5000124 has L= 17.9082, which is greater than the tolerance
WARNING ZeroLength::setDomain(): Element 5000125 has L= 22.5214, which is greater than the tolerance
WARNING ZeroLength::setDomain(): Element 5000126 has L= 16.0977, which is greater than the tolerance
WARNING: CTestNormDispIncr::test() - failed to converge 
after: 50 iterations  current Norm: 42660 (max: 1e-06, Norm deltaR: 3.85414e+08)
NewtonRaphson::solveCurrentStep() -the ConvergenceTest object failed in test()
StaticAnalysis::analyze() - the Algorithm failed at step: 0 with domain at load factor 5630.8
OpenSees > analyze failed, returned: -3 error flag
WARNING ZeroLength::setDomain(): Element 5000127 has L= 16.7465, which is greater than the tolerance
WARNING ZeroLength::setDomain(): Element 5000128 has L= 22.9423, which is greater than the tolerance
WARNING ZeroLength::setDomain(): Element 5000129 has L= 21.1592, which is greater than the tolerance
WARNING ZeroLength::setDomain(): Element 5000130 has L= 18.284, which is greater than the tolerance
WARNING ZeroLength::setDomain(): Element 5000131 has L= 22.0119, which is greater than the tolerance
WARNING ZeroLength::setDomain(): Element 5000132 has L= 21.5632, which is greater than the tolerance
WARNING ZeroLength::setDomain(): Element 5000133 has L= 8.48167, which is greater than the tolerance
WARNING ZeroLength::setDomain(): Element 5000134 has L= 20.7659, which is greater than the tolerance
WARNING ZeroLength::setDomain(): Element 5000135 has L= 7.37251, which is greater than the tolerance
WARNING ZeroLength::setDomain(): Element 5000136 has L= 49.2208, which is greater than the tolerance
WARNING ZeroLength::setDomain(): Element 5000137 has L= 49.7094, which is greater than the tolerance
WARNING ZeroLength::setDomain(): Element 5000138 has L= 9.83727, which is greater than the tolerance
WARNING: CTestNormDispIncr::test() - failed to converge 
after: 50 iterations  current Norm: 45965.4 (max: 1e-06, Norm deltaR: 9.17616e+08)
NewtonRaphson::solveCurrentStep() -the ConvergenceTest object failed in test()
StaticAnalysis::analyze() - the Algorithm failed at step: 0 with domain at load factor -1452.71
OpenSees > analyze failed, returned: -3 error flag
WARNING ZeroLength::setDomain(): Element 5000139 has L= 17.095, which is greater than the tolerance
WARNING ZeroLength::setDomain(): Element 5000140 has L= 10.5863, which is greater than the tolerance
WARNING ZeroLength::setDomain(): Element 5000141 has L= 10.3183, which is greater than the tolerance
WARNING ZeroLength::setDomain(): Element 5000142 has L= 48.6938, which is greater than the tolerance
WARNING ZeroLength::setDomain(): Element 5000143 has L= 50.3349, which is greater than the tolerance
WARNING ZeroLength::setDomain(): Element 5000144 has L= 7.37251, which is greater than the tolerance
WARNING ZeroLength::setDomain(): Element 5000145 has L= 9.83727, which is greater than the tolerance
WARNING ZeroLength::setDomain(): Element 5000146 has L= 55.3176, which is greater than the tolerance
WARNING ZeroLength::setDomain(): Element 5000147 has L= 54.9552, which is greater than the tolerance
WARNING ZeroLength::setDomain(): Element 5000148 has L= 20.3412, which is greater than the tolerance
WARNING ZeroLength::setDomain(): Element 5000149 has L= 18.6205, which is greater than the tolerance
WARNING ZeroLength::setDomain(): Element 5000150 has L= 28.8787, which is greater than the tolerance
WARNING ZeroLength::setDomain(): Element 5000151 has L= 28.1682, which is greater than the tolerance
WARNING ZeroLength::setDomain(): Element 5000152 has L= 26.9533, which is greater than the tolerance
WARNING ZeroLength::setDomain(): Element 5000153 has L= 7.2549, which is greater than the tolerance
WARNING ZeroLength::setDomain(): Element 5000154 has L= 35.8966, which is greater than the tolerance
WARNING ZeroLength::setDomain(): Element 5000155 has L= 35.1858, which is greater than the tolerance
WARNING ZeroLength::setDomain(): Element 5000156 has L= 60.1341, which is greater than the tolerance
WARNING ZeroLength::setDomain(): Element 5000157 has L= 57.2106, which is greater than the tolerance
WARNING ZeroLength::setDomain(): Element 5000158 has L= 34.5027, which is greater than the tolerance
WARNING ZeroLength::setDomain(): Element 5000159 has L= 15.7851, which is greater than the tolerance
WARNING ZeroLength::setDomain(): Element 5000160 has L= 59.3672, which is greater than the tolerance
WARNING ZeroLength::setDomain(): Element 5000161 has L= 26.3745, which is greater than the tolerance
WARNING ZeroLength::setDomain(): Element 5000162 has L= 56.1031, which is greater than the tolerance
WARNING ZeroLength::setDomain(): Element 5000163 has L= 34.5027, which is greater than the tolerance
WARNING ZeroLength::setDomain(): Element 5000164 has L= 20.3412, which is greater than the tolerance
WARNING ZeroLength::setDomain(): Element 5000165 has L= 9.63274, which is greater than the tolerance
WARNING ZeroLength::setDomain(): Element 5000166 has L= 8.68067, which is greater than the tolerance
WARNING ZeroLength::setDomain(): Element 5000167 has L= 33.8952, which is greater than the tolerance
WARNING ZeroLength::setDomain(): Element 5000168 has L= 22.5214, which is greater than the tolerance
WARNING ZeroLength::setDomain(): Element 5000169 has L= 36.5776, which is greater than the tolerance
WARNING ZeroLength::setDomain(): Element 5000170 has L= 51.4179, which is greater than the tolerance
WARNING ZeroLength::setDomain(): Element 5000171 has L= 29.462, which is greater than the tolerance
WARNING ZeroLength::setDomain(): Element 5000172 has L= 58.9422, which is greater than the tolerance
WARNING ZeroLength::setDomain(): Element 5000173 has L= 58.1429, which is greater than the tolerance
WARNING ZeroLength::setDomain(): Element 5000174 has L= 8.87761, which is greater than the tolerance
WARNING ZeroLength::setDomain(): Element 5000175 has L= 60.3487, which is greater than the tolerance
WARNING ZeroLength::setDomain(): Element 5000176 has L= 27.5297, which is greater than the tolerance
WARNING ZeroLength::setDomain(): Element 5000177 has L= 53.8806, which is greater than the tolerance
WARNING ZeroLength::setDomain(): Element 5000178 has L= 55.421, which is greater than the tolerance
WARNING ZeroLength::setDomain(): Element 5000179 has L= 15.7851, which is greater than the tolerance
WARNING: CTestNormDispIncr::test() - failed to converge 
after: 50 iterations  current Norm: 71491.7 (max: 1e-06, Norm deltaR: 1.75741e+09)
NewtonRaphson::solveCurrentStep() -the ConvergenceTest object failed in test()
StaticAnalysis::analyze() - the Algorithm failed at step: 0 with domain at load factor -20827.7
OpenSees > analyze failed, returned: -3 error flag
WARNING ZeroLength::setDomain(): Element 5000180 has L= 33.8952, which is greater than the tolerance
WARNING ZeroLength::setDomain(): Element 5000181 has L= 57.4889, which is greater than the tolerance
WARNING ZeroLength::setDomain(): Element 5000182 has L= 17.5035, which is greater than the tolerance
WARNING ZeroLength::setDomain(): Element 5000183 has L= 50.135, which is greater than the tolerance
WARNING ZeroLength::setDomain(): Element 5000184 has L= 35.8966, which is greater than the tolerance
WARNING ZeroLength::setDomain(): Element 5000185 has L= 8.31337, which is greater than the tolerance
WARNING ZeroLength::setDomain(): Element 5000186 has L= 65.1491, which is greater than the tolerance
WARNING ZeroLength::setDomain(): Element 5000187 has L= 35.1858, which is greater than the tolerance
WARNING ZeroLength::setDomain(): Element 5000188 has L= 58.8109, which is greater than the tolerance
WARNING ZeroLength::setDomain(): Element 5000189 has L= 25.7791, which is greater than the tolerance
WARNING ZeroLength::setDomain(): Element 5000190 has L= 7.16909, which is greater than the tolerance
WARNING ZeroLength::setDomain(): Element 5000191 has L= 55.9059, which is greater than the tolerance
WARNING: CTestNormDispIncr::test() - failed to converge 
after: 50 iterations  current Norm: 40448.9 (max: 1e-06, Norm deltaR: 1.09501e+09)
NewtonRaphson::solveCurrentStep() -the ConvergenceTest object failed in test()
StaticAnalysis::analyze() - the Algorithm failed at step: 0 with domain at load factor 1090.33
OpenSees > analyze failed, returned: -3 error flag
WARNING ZeroLength::setDomain(): Element 5000192 has L= 59.877, which is greater than the tolerance
WARNING ZeroLength::setDomain(): Element 5000193 has L= 58.8853, which is greater than the tolerance
WARNING ZeroLength::setDomain(): Element 5000194 has L= 59.0571, which is greater than the tolerance
WARNING ZeroLength::setDomain(): Element 5000195 has L= 9.03044, which is greater than the tolerance
WARNING: CTestNormDispIncr::test() - failed to converge 
after: 50 iterations  current Norm: 22627.6 (max: 1e-06, Norm deltaR: 6.64032e+08)
NewtonRaphson::solveCurrentStep() -the ConvergenceTest object failed in test()
StaticAnalysis::analyze() - the Algorithm failed at step: 0 with domain at load factor -2149.14
OpenSees > analyze failed, returned: -3 error flag
WARNING ZeroLength::setDomain(): Element 5000196 has L= 36.5776, which is greater than the tolerance
WARNING ZeroLength::setDomain(): Element 5000197 has L= 61.7039, which is greater than the tolerance
WARNING ZeroLength::setDomain(): Element 5000198 has L= 61.5007, which is greater than the tolerance
