WARNING ZeroLength::setDomain(): Element 5000001 has L= 2.47967, which is greater than the tolerance
WARNING ZeroLength::setDomain(): Element 5000002 has L= 2.22622, which is greater than the tolerance
WARNING ZeroLength::setDomain(): Element 5000003 has L= 1.82095, which is greater than the tolerance
WARNING ZeroLength::setDomain(): Element 5000004 has L= 1.8226, which is greater than the tolerance
WARNING ZeroLength::setDomain(): Element 5000005 has L= 1.75792, which is greater than the tolerance
WARNING ZeroLength::setDomain(): Element 5000006 has L= 1.75792, which is greater than the tolerance
WARNING ZeroLength::setDomain(): Element 5000007 has L= 1.8226, which is greater than the tolerance
WARNING ZeroLength::setDomain(): Element 5000008 has L= 1.82095, which is greater than the tolerance
WARNING ZeroLength::setDomain(): Element 5000009 has L= 2.22622, which is greater than the tolerance
WARNING ZeroLength::setDomain(): Element 5000010 has L= 2.47967, which is greater than the tolerance
WARNING ZeroLength::setDomain(): Element 5000011 has L= 2.33296, which is greater than the tolerance
WARNING ZeroLength::setDomain(): Element 5000012 has L= 2.19459, which is greater than the tolerance
WARNING ZeroLength::setDomain(): Element 5000013 has L= 1.93584, which is greater than the tolerance
WARNING ZeroLength::setDomain(): Element 5000014 has L= 1.96147, which is greater than the tolerance
WARNING ZeroLength::setDomain(): Element 5000015 has L= 1.94918, which is greater than the tolerance
WARNING ZeroLength::setDomain(): Element 5000016 has L= 1.94918, which is greater than the tolerance
WARNING ZeroLength::setDomain(): Element 5000017 has L= 1.96147, which is greater than the tolerance
WARNING ZeroLength::setDomain(): Element 5000018 has L= 1.93584, which is greater than the tolerance
WARNING ZeroLength::setDomain(): Element 5000019 has L= 2.19459, which is greater than the tolerance
WARNING ZeroLength::setDomain(): Element 5000020 has L= 2.33296, which is greater than the tolerance
WARNING ZeroLength::setDomain(): Element 5000021 has L= 2.26791, which is greater than the tolerance
WARNING ZeroLength::setDomain(): Element 5000022 has L= 2.22783, which is greater than the tolerance
WARNING ZeroLength::setDomain(): Element 5000023 has L= 2.10967, which is greater than the tolerance
WARNING ZeroLength::setDomain(): Element 5000024 has L= 2.17447, which is greater than the tolerance
WARNING ZeroLength::setDomain(): Element 5000025 has L= 2.21135, which is greater than the tolerance
WARNING ZeroLength::setDomain(): Element 5000026 has L= 2.21135, which is greater than the tolerance
WARNING ZeroLength::setDomain(): Element 5000027 has L= 2.17447, which is greater than the tolerance
WARNING ZeroLength::setDomain(): Element 5000028 has L= 2.10967, which is greater than the tolerance
WARNING ZeroLength::setDomain(): Element 5000029 has L= 2.22783, which is greater than the tolerance
WARNING ZeroLength::setDomain(): Element 5000030 has L= 2.26791, which is greater than the tolerance
WARNING ZeroLength::setDomain(): Element 5000031 has L= 2.31242, which is greater than the tolerance
WARNING ZeroLength::setDomain(): Element 5000032 has L= 2.3242, which is greater than the tolerance
WARNING ZeroLength::setDomain(): Element 5000033 has L= 2.32331, which is greater than the tolerance
WARNING ZeroLength::setDomain(): Element 5000034 has L= 2.49465, which is greater than the tolerance
WARNING ZeroLength::setDomain(): Element 5000035 has L= 2.63477, which is greater than the tolerance
WARNING ZeroLength::setDomain(): Element 5000036 has L= 2.63477, which is greater than the tolerance
WARNING ZeroLength::setDomain(): Element 5000037 has L= 2.49465, which is greater than the tolerance
WARNING ZeroLength::setDomain(): Element 5000038 has L= 2.32331, which is greater than the tolerance
WARNING ZeroLength::setDomain(): Element 5000039 has L= 2.3242, which is greater than the tolerance
WARNING ZeroLength::setDomain(): Element 5000040 has L= 2.31242, which is greater than the tolerance
WARNING ZeroLength::setDomain(): Element 5000041 has L= 2.3721, which is greater than the tolerance
WARNING ZeroLength::setDomain(): Element 5000042 has L= 2.47995, which is greater than the tolerance
WARNING ZeroLength::setDomain(): Element 5000043 has L= 2.63316, which is greater than the tolerance
WARNING ZeroLength::setDomain(): Element 5000044 has L= 2.79945, which is greater than the tolerance
WARNING ZeroLength::setDomain(): Element 5000045 has L= 2.90506, which is greater than the tolerance
WARNING ZeroLength::setDomain(): Element 5000046 has L= 2.90506, which is greater than the tolerance
WARNING ZeroLength::setDomain(): Element 5000047 has L= 2.79945, which is greater than the tolerance
WARNING ZeroLength::setDomain(): Element 5000048 has L= 2.63316, which is greater than the tolerance
WARNING ZeroLength::setDomain(): Element 5000049 has L= 2.47995, which is greater than the tolerance
WARNING ZeroLength::setDomain(): Element 5000050 has L= 2.3721, which is greater than the tolerance
WARNING ZeroLength::setDomain(): Element 5000051 has L= 2.30801, which is greater than the tolerance
WARNING ZeroLength::setDomain(): Element 5000052 has L= 2.50785, which is greater than the tolerance
WARNING ZeroLength::setDomain(): Element 5000053 has L= 2.81288, which is greater than the tolerance
WARNING ZeroLength::setDomain(): Element 5000054 has L= 2.8894, which is greater than the tolerance
WARNING ZeroLength::setDomain(): Element 5000055 has L= 2.97322, which is greater than the tolerance
WARNING ZeroLength::setDomain(): Element 5000056 has L= 2.97322, which is greater than the tolerance
WARNING ZeroLength::setDomain(): Element 5000057 has L= 2.8894, which is greater than the tolerance
WARNING ZeroLength::setDomain(): Element 5000058 has L= 2.81288, which is greater than the tolerance
WARNING ZeroLength::setDomain(): Element 5000059 has L= 2.50785, which is greater than the tolerance
WARNING ZeroLength::setDomain(): Element 5000060 has L= 2.30801, which is greater than the tolerance
WARNING ZeroLength::setDomain(): Element 5000061 has L= 2.21669, which is greater than the tolerance
WARNING ZeroLength::setDomain(): Element 5000062 has L= 2.37573, which is greater than the tolerance
WARNING ZeroLength::setDomain(): Element 5000063 has L= 2.73374, which is greater than the tolerance
WARNING ZeroLength::setDomain(): Element 5000064 has L= 2.83923, which is greater than the tolerance
WARNING ZeroLength::setDomain(): Element 5000065 has L= 2.96953, which is greater than the tolerance
WARNING ZeroLength::setDomain(): Element 5000066 has L= 2.96953, which is greater than the tolerance
WARNING ZeroLength::setDomain(): Element 5000067 has L= 2.83923, which is greater than the tolerance
WARNING ZeroLength::setDomain(): Element 5000068 has L= 2.73374, which is greater than the tolerance
WARNING ZeroLength::setDomain(): Element 5000069 has L= 2.37573, which is greater than the tolerance
WARNING ZeroLength::setDomain(): Element 5000070 has L= 2.21669, which is greater than the tolerance
WARNING ZeroLength::setDomain(): Element 5000071 has L= 2.14184, which is greater than the tolerance
WARNING ZeroLength::setDomain(): Element 5000072 has L= 2.30196, which is greater than the tolerance
WARNING ZeroLength::setDomain(): Element 5000073 has L= 2.67128, which is greater than the tolerance
WARNING ZeroLength::setDomain(): Element 5000074 has L= 2.82284, which is greater than the tolerance
WARNING ZeroLength::setDomain(): Element 5000075 has L= 2.93218, which is greater than the tolerance
WARNING ZeroLength::setDomain(): Element 5000076 has L= 2.93218, which is greater than the tolerance
WARNING ZeroLength::setDomain(): Element 5000077 has L= 2.82284, which is greater than the tolerance
WARNING ZeroLength::setDomain(): Element 5000078 has L= 2.67128, which is greater than the tolerance
WARNING ZeroLength::setDomain(): Element 5000079 has L= 2.30196, which is greater than the tolerance
WARNING ZeroLength::setDomain(): Element 5000080 has L= 2.14184, which is greater than the tolerance
WARNING ZeroLength::setDomain(): Element 5000081 has L= 2.1131, which is greater than the tolerance
WARNING ZeroLength::setDomain(): Element 5000082 has L= 2.24631, which is greater than the tolerance
WARNING ZeroLength::setDomain(): Element 5000083 has L= 2.59794, which is greater than the tolerance
WARNING ZeroLength::setDomain(): Element 5000084 has L= 2.78475, which is greater than the tolerance
WARNING ZeroLength::setDomain(): Element 5000085 has L= 2.83081, which is greater than the tolerance
WARNING ZeroLength::setDomain(): Element 5000086 has L= 2.83081, which is greater than the tolerance
WARNING ZeroLength::setDomain(): Element 5000087 has L= 2.78475, which is greater than the tolerance
WARNING ZeroLength::setDomain(): Element 5000088 has L= 2.59794, which is greater than the tolerance
WARNING ZeroLength::setDomain(): Element 5000089 has L= 2.24631, which is greater than the tolerance
WARNING ZeroLength::setDomain(): Element 5000090 has L= 2.1131, which is greater than the tolerance
WARNING: CTestNormDispIncr::test() - failed to converge 
after: 50 iterations  current Norm: 28069 (max: 1e-06, Norm deltaR: 9.12877e+07)
NewtonRaphson::solveCurrentStep() -the ConvergenceTest object failed in test()
StaticAnalysis::analyze() - the Algorithm failed at step: 0 with domain at load factor -447.623
OpenSees > analyze failed, returned: -3 error flag
WARNING: CTestNormDispIncr::test() - failed to converge 
after: 50 iterations  current Norm: 59645.9 (max: 1e-06, Norm deltaR: 3.08112e+09)
NewtonRaphson::solveCurrentStep() -the ConvergenceTest object failed in test()
StaticAnalysis::analyze() - the Algorithm failed at step: 0 with domain at load factor -12498.3
OpenSees > analyze failed, returned: -3 error flag
WARNING: CTestNormDispIncr::test() - failed to converge 
after: 50 iterations  current Norm: 2894.81 (max: 1e-06, Norm deltaR: 1.40174e+08)
NewtonLineSearch::solveCurrentStep() -the ConvergenceTest object failed in test()
StaticAnalysis::analyze() - the Algorithm failed at step: 0 with domain at load factor 2320.75
OpenSees > analyze failed, returned: -3 error flag
WARNING: CTestNormDispIncr::test() - failed to converge 
after: 50 iterations  current Norm: 14849.9 (max: 1e-06, Norm deltaR: 1.56461e+08)
AcceleratedNewton::solveCurrentStep() -The ConvergenceTest object failed in test()
StaticAnalysis::analyze() - the Algorithm failed at step: 0 with domain at load factor -575.775
OpenSees > analyze failed, returned: -3 error flag
WARNING: CTestNormDispIncr::test() - failed to converge 
after: 50 iterations  current Norm: 1.9012e+72 (max: 1e-06, Norm deltaR: 1.69828e+76)
ModifiedNewton::solveCurrentStep() -the ConvergenceTest object failed in test()
StaticAnalysis::analyze() - the Algorithm failed at step: 0 with domain at load factor 2.31656e+70
OpenSees > analyze failed, returned: -3 error flag
WARNING: CTestNormDispIncr::test() - failed to converge 
after: 50 iterations  current Norm: 288770 (max: 1e-06, Norm deltaR: 9.14052e+09)
NewtonRaphson::solveCurrentStep() -the ConvergenceTest object failed in test()
StaticAnalysis::analyze() - the Algorithm failed at step: 0 with domain at load factor 17302.6
OpenSees > analyze failed, returned: -3 error flag
WARNING: CTestNormDispIncr::test() - failed to converge 
after: 50 iterations  current Norm: 57858.8 (max: 1e-06, Norm deltaR: 2.20987e+09)
NewtonRaphson::solveCurrentStep() -the ConvergenceTest object failed in test()
StaticAnalysis::analyze() - the Algorithm failed at step: 0 with domain at load factor -1969.06
OpenSees > analyze failed, returned: -3 error flag
WARNING: CTestNormDispIncr::test() - failed to converge 
after: 50 iterations  current Norm: 2.84768 (max: 1e-06, Norm deltaR: 1.39945e+06)
NewtonLineSearch::solveCurrentStep() -the ConvergenceTest object failed in test()
StaticAnalysis::analyze() - the Algorithm failed at step: 0 with domain at load factor 250.782
OpenSees > analyze failed, returned: -3 error flag
WARNING: CTestNormDispIncr::test() - failed to converge 
after: 50 iterations  current Norm: 9256.72 (max: 1e-06, Norm deltaR: 3.70387e+08)
AcceleratedNewton::solveCurrentStep() -The ConvergenceTest object failed in test()
StaticAnalysis::analyze() - the Algorithm failed at step: 0 with domain at load factor -512.631
OpenSees > analyze failed, returned: -3 error flag
WARNING: CTestNormDispIncr::test() - failed to converge 
after: 50 iterations  current Norm: 6.22501e+70 (max: 1e-06, Norm deltaR: 5.14726e+74)
ModifiedNewton::solveCurrentStep() -the ConvergenceTest object failed in test()
StaticAnalysis::analyze() - the Algorithm failed at step: 0 with domain at load factor -2.40325e+68
OpenSees > analyze failed, returned: -3 error flag
WARNING: CTestNormDispIncr::test() - failed to converge 
after: 50 iterations  current Norm: 13274.8 (max: 1e-06, Norm deltaR: 4.75642e+08)
NewtonRaphson::solveCurrentStep() -the ConvergenceTest object failed in test()
StaticAnalysis::analyze() - the Algorithm failed at step: 0 with domain at load factor -825.468
OpenSees > analyze failed, returned: -3 error flag
WARNING: CTestNormDispIncr::test() - failed to converge 
after: 50 iterations  current Norm: 1313.71 (max: 1e-06, Norm deltaR: 8.80594e+07)
NewtonLineSearch::solveCurrentStep() -the ConvergenceTest object failed in test()
StaticAnalysis::analyze() - the Algorithm failed at step: 0 with domain at load factor -2976.49
OpenSees > analyze failed, returned: -3 error flag
WARNING: CTestNormDispIncr::test() - failed to converge 
after: 50 iterations  current Norm: 67685.5 (max: 1e-06, Norm deltaR: 2.76643e+09)
AcceleratedNewton::solveCurrentStep() -The ConvergenceTest object failed in test()
StaticAnalysis::analyze() - the Algorithm failed at step: 0 with domain at load factor -10845.8
OpenSees > analyze failed, returned: -3 error flag
WARNING: CTestNormDispIncr::test() - failed to converge 
after: 50 iterations  current Norm: 6.98967e+68 (max: 1e-06, Norm deltaR: 5.85456e+72)
ModifiedNewton::solveCurrentStep() -the ConvergenceTest object failed in test()
StaticAnalysis::analyze() - the Algorithm failed at step: 0 with domain at load factor 2.05924e+68
OpenSees > analyze failed, returned: -3 error flag
WARNING: CTestNormDispIncr::test() - failed to converge 
after: 50 iterations  current Norm: 34065.5 (max: 1e-06, Norm deltaR: 1.3224e+09)
NewtonRaphson::solveCurrentStep() -the ConvergenceTest object failed in test()
StaticAnalysis::analyze() - the Algorithm failed at step: 0 with domain at load factor -99.1291
OpenSees > analyze failed, returned: -3 error flag
WARNING ZeroLength::setDomain(): Element 5000091 has L= 7.76276, which is greater than the tolerance
WARNING ZeroLength::setDomain(): Element 5000092 has L= 48.3523, which is greater than the tolerance
WARNING ZeroLength::setDomain(): Element 5000093 has L= 7.92063, which is greater than the tolerance
WARNING ZeroLength::setDomain(): Element 5000094 has L= 51.9658, which is greater than the tolerance
WARNING ZeroLength::setDomain(): Element 5000095 has L= 7.61691, which is greater than the tolerance
WARNING ZeroLength::setDomain(): Element 5000096 has L= 49.2069, which is greater than the tolerance
WARNING: CTestNormDispIncr::test() - failed to converge 
after: 50 iterations  current Norm: 0.788486 (max: 1e-06, Norm deltaR: 3976.28)
NewtonRaphson::solveCurrentStep() -the ConvergenceTest object failed in test()
StaticAnalysis::analyze() - the Algorithm failed at step: 0 with domain at load factor 290.922
OpenSees > analyze failed, returned: -3 error flag
WARNING: CTestNormDispIncr::test() - failed to converge 
after: 50 iterations  current Norm: 8.09449 (max: 1e-06, Norm deltaR: 1.68771e+06)
NewtonLineSearch::solveCurrentStep() -the ConvergenceTest object failed in test()
StaticAnalysis::analyze() - the Algorithm failed at step: 0 with domain at load factor 299.436
OpenSees > analyze failed, returned: -3 error flag
WARNING: CTestNormDispIncr::test() - failed to converge 
after: 50 iterations  current Norm: 0.462678 (max: 1e-06, Norm deltaR: 5161.47)
NewtonRaphson::solveCurrentStep() -the ConvergenceTest object failed in test()
StaticAnalysis::analyze() - the Algorithm failed at step: 0 with domain at load factor 299.007
OpenSees > analyze failed, returned: -3 error flag
WARNING ZeroLength::setDomain(): Element 5000097 has L= 55.9356, which is greater than the tolerance
WARNING ZeroLength::setDomain(): Element 5000098 has L= 52.6191, which is greater than the tolerance
WARNING ZeroLength::setDomain(): Element 5000099 has L= 8.07312, which is greater than the tolerance
WARNING ZeroLength::setDomain(): Element 5000100 has L= 21.3366, which is greater than the tolerance
WARNING ZeroLength::setDomain(): Element 5000101 has L= 60.0514, which is greater than the tolerance
WARNING ZeroLength::setDomain(): Element 5000102 has L= 20.9324, which is greater than the tolerance
WARNING ZeroLength::setDomain(): Element 5000103 has L= 7.76276, which is greater than the tolerance
WARNING ZeroLength::setDomain(): Element 5000104 has L= 56.2443, which is greater than the tolerance
WARNING ZeroLength::setDomain(): Element 5000105 has L= 64.3608, which is greater than the tolerance
WARNING ZeroLength::setDomain(): Element 5000106 has L= 7.46191, which is greater than the tolerance
WARNING ZeroLength::setDomain(): Element 5000107 has L= 7.92063, which is greater than the tolerance
WARNING ZeroLength::setDomain(): Element 5000108 has L= 21.7856, which is greater than the tolerance
WARNING ZeroLength::setDomain(): Element 5000109 has L= 21.7856, which is greater than the tolerance
WARNING: CTestNormDispIncr::test() - failed to converge 
after: 50 iterations  current Norm: 114359 (max: 1e-06, Norm deltaR: 8.3333e+07)
NewtonRaphson::solveCurrentStep() -the ConvergenceTest object failed in test()
StaticAnalysis::analyze() - the Algorithm failed at step: 0 with domain at load factor 78.4903
OpenSees > analyze failed, returned: -3 error flag
WARNING ZeroLength::setDomain(): Element 5000110 has L= 58.2235, which is greater than the tolerance
WARNING ZeroLength::setDomain(): Element 5000111 has L= 62.5252, which is greater than the tolerance
WARNING ZeroLength::setDomain(): Element 5000112 has L= 16.8548, which is greater than the tolerance
WARNING ZeroLength::setDomain(): Element 5000113 has L= 60.2579, which is greater than the tolerance
WARNING: CTestNormDispIncr::test() - failed to converge 
after: 50 iterations  current Norm: 294703 (max: 1e-06, Norm deltaR: 5.58159e+07)
NewtonRaphson::solveCurrentStep() -the ConvergenceTest object failed in test()
StaticAnalysis::analyze() - the Algorithm failed at step: 0 with domain at load factor 740.573
OpenSees > analyze failed, returned: -3 error flag
WARNING ZeroLength::setDomain(): Element 5000114 has L= 8.24142, which is greater than the tolerance
WARNING ZeroLength::setDomain(): Element 5000115 has L= 17.2633, which is greater than the tolerance
WARNING ZeroLength::setDomain(): Element 5000116 has L= 20.5389, which is greater than the tolerance
WARNING ZeroLength::setDomain(): Element 5000117 has L= 47.8641, which is greater than the tolerance
WARNING ZeroLength::setDomain(): Element 5000118 has L= 48.086, which is greater than the tolerance
WARNING ZeroLength::setDomain(): Element 5000119 has L= 51.0372, which is greater than the tolerance
WARNING ZeroLength::setDomain(): Element 5000120 has L= 49.6453, which is greater than the tolerance
WARNING ZeroLength::setDomain(): Element 5000121 has L= 7.61691, which is greater than the tolerance
WARNING ZeroLength::setDomain(): Element 5000122 has L= 17.6679, which is greater than the tolerance
WARNING: CTestNormDispIncr::test() - failed to converge 
after: 50 iterations  current Norm: 2.1547e+06 (max: 1e-06, Norm deltaR: 5.67314e+10)
NewtonRaphson::solveCurrentStep() -the ConvergenceTest object failed in test()
StaticAnalysis::analyze() - the Algorithm failed at step: 0 with domain at load factor 33571.3
OpenSees > analyze failed, returned: -3 error flag
WARNING: CTestNormDispIncr::test() - failed to converge 
after: 50 iterations  current Norm: 321436 (max: 1e-06, Norm deltaR: 5.83371e+07)
NewtonLineSearch::solveCurrentStep() -the ConvergenceTest object failed in test()
StaticAnalysis::analyze() - the Algorithm failed at step: 0 with domain at load factor 210.314
OpenSees > analyze failed, returned: -3 error flag
WARNING ZeroLength::setDomain(): Element 5000123 has L= 58.3033, which is greater than the tolerance
WARNING ZeroLength::setDomain(): Element 5000124 has L= 9.88012, which is greater than the tolerance
WARNING ZeroLength::setDomain(): Element 5000125 has L= 20.9324, which is greater than the tolerance
WARNING ZeroLength::setDomain(): Element 5000126 has L= 18.0437, which is greater than the tolerance
WARNING ZeroLength::setDomain(): Element 5000127 has L= 16.1634, which is greater than the tolerance
WARNING ZeroLength::setDomain(): Element 5000128 has L= 16.5062, which is greater than the tolerance
WARNING ZeroLength::setDomain(): Element 5000129 has L= 58.0906, which is greater than the tolerance
WARNING ZeroLength::setDomain(): Element 5000130 has L= 55.314, which is greater than the tolerance
WARNING ZeroLength::setDomain(): Element 5000131 has L= 7.28762, which is greater than the tolerance
WARNING ZeroLength::setDomain(): Element 5000132 has L= 7.28762, which is greater than the tolerance
WARNING: CTestNormDispIncr::test() - failed to converge 
after: 50 iterations  current Norm: 382050 (max: 1e-06, Norm deltaR: 6.73373e+07)
NewtonRaphson::solveCurrentStep() -the ConvergenceTest object failed in test()
StaticAnalysis::analyze() - the Algorithm failed at step: 0 with domain at load factor 372.557
OpenSees > analyze failed, returned: -3 error flag
WARNING ZeroLength::setDomain(): Element 5000133 has L= 8.44045, which is greater than the tolerance
WARNING ZeroLength::setDomain(): Element 5000134 has L= 62.8302, which is greater than the tolerance
WARNING ZeroLength::setDomain(): Element 5000135 has L= 59.5719, which is greater than the tolerance
WARNING ZeroLength::setDomain(): Element 5000136 has L= 67.6403, which is greater than the tolerance
WARNING ZeroLength::setDomain(): Element 5000137 has L= 53.8583, which is greater than the tolerance
WARNING ZeroLength::setDomain(): Element 5000138 has L= 7.46191, which is greater than the tolerance
WARNING: CTestNormDispIncr::test() - failed to converge 
after: 50 iterations  current Norm: 99170.9 (max: 1e-06, Norm deltaR: 2.39022e+09)
NewtonRaphson::solveCurrentStep() -the ConvergenceTest object failed in test()
StaticAnalysis::analyze() - the Algorithm failed at step: 0 with domain at load factor 964.879
OpenSees > analyze failed, returned: -3 error flag
WARNING ZeroLength::setDomain(): Element 5000139 has L= 16.8548, which is greater than the tolerance
WARNING: CTestNormDispIncr::test() - failed to converge 
after: 50 iterations  current Norm: 60227.5 (max: 1e-06, Norm deltaR: 6.39323e+07)
NewtonRaphson::solveCurrentStep() -the ConvergenceTest object failed in test()
StaticAnalysis::analyze() - the Algorithm failed at step: 0 with domain at load factor 532.116
OpenSees > analyze failed, returned: -3 error flag
WARNING ZeroLength::setDomain(): Element 5000140 has L= 57.6713, which is greater than the tolerance
WARNING ZeroLength::setDomain(): Element 5000141 has L= 15.8575, which is greater than the tolerance
WARNING ZeroLength::setDomain(): Element 5000142 has L= 48.5671, which is greater than the tolerance
WARNING ZeroLength::setDomain(): Element 5000143 has L= 7.1324, which is greater than the tolerance
WARNING ZeroLength::setDomain(): Element 5000144 has L= 66.0154, which is greater than the tolerance
WARNING ZeroLength::setDomain(): Element 5000145 has L= 9.65214, which is greater than the tolerance
WARNING ZeroLength::setDomain(): Element 5000146 has L= 54.204, which is greater than the tolerance
WARNING ZeroLength::setDomain(): Element 5000147 has L= 22.2952, which is greater than the tolerance
WARNING ZeroLength::setDomain(): Element 5000148 has L= 20.5389, which is greater than the tolerance
WARNING ZeroLength::setDomain(): Element 5000149 has L= 60.4111, which is greater than the tolerance
WARNING ZeroLength::setDomain(): Element 5000150 has L= 62.8101, which is greater than the tolerance
WARNING ZeroLength::setDomain(): Element 5000151 has L= 55.9234, which is greater than the tolerance
WARNING ZeroLength::setDomain(): Element 5000152 has L= 8.63741, which is greater than the tolerance
WARNING ZeroLength::setDomain(): Element 5000153 has L= 10.1346, which is greater than the tolerance
WARNING ZeroLength::setDomain(): Element 5000154 has L= 21.3366, which is greater than the tolerance
WARNING ZeroLength::setDomain(): Element 5000155 has L= 10.4029, which is greater than the tolerance
WARNING ZeroLength::setDomain(): Element 5000156 has L= 7.01482, which is greater than the tolerance
WARNING ZeroLength::setDomain(): Element 5000157 has L= 8.07312, which is greater than the tolerance
WARNING ZeroLength::setDomain(): Element 5000158 has L= 48.3079, which is greater than the tolerance
WARNING ZeroLength::setDomain(): Element 5000159 has L= 20.114, which is greater than the tolerance
WARNING ZeroLength::setDomain(): Element 5000160 has L= 65.8393, which is greater than the tolerance
WARNING ZeroLength::setDomain(): Element 5000161 has L= 56.9376, which is greater than the tolerance
WARNING ZeroLength::setDomain(): Element 5000162 has L= 56.0886, which is greater than the tolerance
WARNING ZeroLength::setDomain(): Element 5000163 has L= 51.6444, which is greater than the tolerance
WARNING ZeroLength::setDomain(): Element 5000164 has L= 47.671, which is greater than the tolerance
WARNING ZeroLength::setDomain(): Element 5000165 has L= 9.44636, which is greater than the tolerance
WARNING ZeroLength::setDomain(): Element 5000166 has L= 15.8575, which is greater than the tolerance
WARNING ZeroLength::setDomain(): Element 5000167 has L= 63.2114, which is greater than the tolerance
WARNING ZeroLength::setDomain(): Element 5000168 has L= 34.2664, which is greater than the tolerance
WARNING ZeroLength::setDomain(): Element 5000169 has L= 20.114, which is greater than the tolerance
WARNING ZeroLength::setDomain(): Element 5000170 has L= 18.3802, which is greater than the tolerance
WARNING ZeroLength::setDomain(): Element 5000171 has L= 60.4517, which is greater than the tolerance
WARNING ZeroLength::setDomain(): Element 5000172 has L= 52.7567, which is greater than the tolerance
WARNING ZeroLength::setDomain(): Element 5000173 has L= 22.7165, which is greater than the tolerance
WARNING ZeroLength::setDomain(): Element 5000174 has L= 66.0941, which is greater than the tolerance
WARNING ZeroLength::setDomain(): Element 5000175 has L= 17.2633, which is greater than the tolerance
WARNING ZeroLength::setDomain(): Element 5000176 has L= 8.79025, which is greater than the tolerance
WARNING ZeroLength::setDomain(): Element 5000177 has L= 34.9495, which is greater than the tolerance
WARNING ZeroLength::setDomain(): Element 5000178 has L= 50.6592, which is greater than the tolerance
WARNING ZeroLength::setDomain(): Element 5000179 has L= 27.9278, which is greater than the tolerance
WARNING ZeroLength::setDomain(): Element 5000180 has L= 33.6588, which is greater than the tolerance
WARNING ZeroLength::setDomain(): Element 5000181 has L= 28.6383, which is greater than the tolerance
WARNING ZeroLength::setDomain(): Element 5000182 has L= 7.1324, which is greater than the tolerance
WARNING ZeroLength::setDomain(): Element 5000183 has L= 34.9495, which is greater than the tolerance
WARNING ZeroLength::setDomain(): Element 5000184 has L= 15.5448, which is greater than the tolerance
WARNING ZeroLength::setDomain(): Element 5000185 has L= 35.6604, which is greater than the tolerance
WARNING ZeroLength::setDomain(): Element 5000186 has L= 27.2893, which is greater than the tolerance
WARNING ZeroLength::setDomain(): Element 5000187 has L= 48.1346, which is greater than the tolerance
WARNING ZeroLength::setDomain(): Element 5000188 has L= 15.5448, which is greater than the tolerance
WARNING ZeroLength::setDomain(): Element 5000189 has L= 68.964, which is greater than the tolerance
WARNING ZeroLength::setDomain(): Element 5000190 has L= 36.3414, which is greater than the tolerance
WARNING ZeroLength::setDomain(): Element 5000191 has L= 34.2664, which is greater than the tolerance
WARNING ZeroLength::setDomain(): Element 5000192 has L= 54.1387, which is greater than the tolerance
WARNING ZeroLength::setDomain(): Element 5000193 has L= 26.7129, which is greater than the tolerance
WARNING ZeroLength::setDomain(): Element 5000194 has L= 45.8852, which is greater than the tolerance
WARNING ZeroLength::setDomain(): Element 5000195 has L= 46.166, which is greater than the tolerance
WARNING ZeroLength::setDomain(): Element 5000196 has L= 51.2446, which is greater than the tolerance
WARNING ZeroLength::setDomain(): Element 5000197 has L= 62.0945, which is greater than the tolerance
WARNING ZeroLength::setDomain(): Element 5000198 has L= 45.4629, which is greater than the tolerance
WARNING ZeroLength::setDomain(): Element 5000199 has L= 33.0091, which is greater than the tolerance
WARNING ZeroLength::setDomain(): Element 5000200 has L= 58.5262, which is greater than the tolerance
