WARNING ZeroLength::setDomain(): Element 5000001 has L= 2.47446, which is greater than the tolerance
WARNING ZeroLength::setDomain(): Element 5000002 has L= 2.22099, which is greater than the tolerance
WARNING ZeroLength::setDomain(): Element 5000003 has L= 1.81571, which is greater than the tolerance
WARNING ZeroLength::setDomain(): Element 5000004 has L= 1.81736, which is greater than the tolerance
WARNING ZeroLength::setDomain(): Element 5000005 has L= 1.75268, which is greater than the tolerance
WARNING ZeroLength::setDomain(): Element 5000006 has L= 1.75268, which is greater than the tolerance
WARNING ZeroLength::setDomain(): Element 5000007 has L= 1.81736, which is greater than the tolerance
WARNING ZeroLength::setDomain(): Element 5000008 has L= 1.81571, which is greater than the tolerance
WARNING ZeroLength::setDomain(): Element 5000009 has L= 2.22099, which is greater than the tolerance
WARNING ZeroLength::setDomain(): Element 5000010 has L= 2.47446, which is greater than the tolerance
WARNING ZeroLength::setDomain(): Element 5000011 has L= 2.32775, which is greater than the tolerance
WARNING ZeroLength::setDomain(): Element 5000012 has L= 2.18936, which is greater than the tolerance
WARNING ZeroLength::setDomain(): Element 5000013 has L= 1.9306, which is greater than the tolerance
WARNING ZeroLength::setDomain(): Element 5000014 has L= 1.95623, which is greater than the tolerance
WARNING ZeroLength::setDomain(): Element 5000015 has L= 1.94393, which is greater than the tolerance
WARNING ZeroLength::setDomain(): Element 5000016 has L= 1.94393, which is greater than the tolerance
WARNING ZeroLength::setDomain(): Element 5000017 has L= 1.95623, which is greater than the tolerance
WARNING ZeroLength::setDomain(): Element 5000018 has L= 1.9306, which is greater than the tolerance
WARNING ZeroLength::setDomain(): Element 5000019 has L= 2.18936, which is greater than the tolerance
WARNING ZeroLength::setDomain(): Element 5000020 has L= 2.32775, which is greater than the tolerance
WARNING ZeroLength::setDomain(): Element 5000021 has L= 2.26269, which is greater than the tolerance
WARNING ZeroLength::setDomain(): Element 5000022 has L= 2.22259, which is greater than the tolerance
WARNING ZeroLength::setDomain(): Element 5000023 has L= 2.10443, which is greater than the tolerance
WARNING ZeroLength::setDomain(): Element 5000024 has L= 2.16923, which is greater than the tolerance
WARNING ZeroLength::setDomain(): Element 5000025 has L= 2.20611, which is greater than the tolerance
WARNING ZeroLength::setDomain(): Element 5000026 has L= 2.20611, which is greater than the tolerance
WARNING ZeroLength::setDomain(): Element 5000027 has L= 2.16923, which is greater than the tolerance
WARNING ZeroLength::setDomain(): Element 5000028 has L= 2.10443, which is greater than the tolerance
WARNING ZeroLength::setDomain(): Element 5000029 has L= 2.22259, which is greater than the tolerance
WARNING ZeroLength::setDomain(): Element 5000030 has L= 2.26269, which is greater than the tolerance
WARNING ZeroLength::setDomain(): Element 5000031 has L= 2.30719, which is greater than the tolerance
WARNING ZeroLength::setDomain(): Element 5000032 has L= 2.31896, which is greater than the tolerance
WARNING ZeroLength::setDomain(): Element 5000033 has L= 2.31807, which is greater than the tolerance
WARNING ZeroLength::setDomain(): Element 5000034 has L= 2.4894, which is greater than the tolerance
WARNING ZeroLength::setDomain(): Element 5000035 has L= 2.62953, which is greater than the tolerance
WARNING ZeroLength::setDomain(): Element 5000036 has L= 2.62953, which is greater than the tolerance
WARNING ZeroLength::setDomain(): Element 5000037 has L= 2.4894, which is greater than the tolerance
WARNING ZeroLength::setDomain(): Element 5000038 has L= 2.31807, which is greater than the tolerance
WARNING ZeroLength::setDomain(): Element 5000039 has L= 2.31896, which is greater than the tolerance
WARNING ZeroLength::setDomain(): Element 5000040 has L= 2.30719, which is greater than the tolerance
WARNING ZeroLength::setDomain(): Element 5000041 has L= 2.36687, which is greater than the tolerance
WARNING ZeroLength::setDomain(): Element 5000042 has L= 2.4747, which is greater than the tolerance
WARNING ZeroLength::setDomain(): Element 5000043 has L= 2.62792, which is greater than the tolerance
WARNING ZeroLength::setDomain(): Element 5000044 has L= 2.79421, which is greater than the tolerance
WARNING ZeroLength::setDomain(): Element 5000045 has L= 2.89982, which is greater than the tolerance
WARNING ZeroLength::setDomain(): Element 5000046 has L= 2.89982, which is greater than the tolerance
WARNING ZeroLength::setDomain(): Element 5000047 has L= 2.79421, which is greater than the tolerance
WARNING ZeroLength::setDomain(): Element 5000048 has L= 2.62792, which is greater than the tolerance
WARNING ZeroLength::setDomain(): Element 5000049 has L= 2.4747, which is greater than the tolerance
WARNING ZeroLength::setDomain(): Element 5000050 has L= 2.36687, which is greater than the tolerance
WARNING ZeroLength::setDomain(): Element 5000051 has L= 2.30277, which is greater than the tolerance
WARNING ZeroLength::setDomain(): Element 5000052 has L= 2.50261, which is greater than the tolerance
WARNING ZeroLength::setDomain(): Element 5000053 has L= 2.80764, which is greater than the tolerance
WARNING ZeroLength::setDomain(): Element 5000054 has L= 2.88416, which is greater than the tolerance
WARNING ZeroLength::setDomain(): Element 5000055 has L= 2.96798, which is greater than the tolerance
WARNING ZeroLength::setDomain(): Element 5000056 has L= 2.96798, which is greater than the tolerance
WARNING ZeroLength::setDomain(): Element 5000057 has L= 2.88416, which is greater than the tolerance
WARNING ZeroLength::setDomain(): Element 5000058 has L= 2.80764, which is greater than the tolerance
WARNING ZeroLength::setDomain(): Element 5000059 has L= 2.50261, which is greater than the tolerance
WARNING ZeroLength::setDomain(): Element 5000060 has L= 2.30277, which is greater than the tolerance
WARNING ZeroLength::setDomain(): Element 5000061 has L= 2.21145, which is greater than the tolerance
WARNING ZeroLength::setDomain(): Element 5000062 has L= 2.37049, which is greater than the tolerance
WARNING ZeroLength::setDomain(): Element 5000063 has L= 2.7285, which is greater than the tolerance
WARNING ZeroLength::setDomain(): Element 5000064 has L= 2.83399, which is greater than the tolerance
WARNING ZeroLength::setDomain(): Element 5000065 has L= 2.96429, which is greater than the tolerance
WARNING ZeroLength::setDomain(): Element 5000066 has L= 2.96429, which is greater than the tolerance
WARNING ZeroLength::setDomain(): Element 5000067 has L= 2.83399, which is greater than the tolerance
WARNING ZeroLength::setDomain(): Element 5000068 has L= 2.7285, which is greater than the tolerance
WARNING ZeroLength::setDomain(): Element 5000069 has L= 2.37049, which is greater than the tolerance
WARNING ZeroLength::setDomain(): Element 5000070 has L= 2.21145, which is greater than the tolerance
WARNING ZeroLength::setDomain(): Element 5000071 has L= 2.1366, which is greater than the tolerance
WARNING ZeroLength::setDomain(): Element 5000072 has L= 2.29672, which is greater than the tolerance
WARNING ZeroLength::setDomain(): Element 5000073 has L= 2.66604, which is greater than the tolerance
WARNING ZeroLength::setDomain(): Element 5000074 has L= 2.8176, which is greater than the tolerance
WARNING ZeroLength::setDomain(): Element 5000075 has L= 2.92694, which is greater than the tolerance
WARNING ZeroLength::setDomain(): Element 5000076 has L= 2.92694, which is greater than the tolerance
WARNING ZeroLength::setDomain(): Element 5000077 has L= 2.8176, which is greater than the tolerance
WARNING ZeroLength::setDomain(): Element 5000078 has L= 2.66604, which is greater than the tolerance
WARNING ZeroLength::setDomain(): Element 5000079 has L= 2.29672, which is greater than the tolerance
WARNING ZeroLength::setDomain(): Element 5000080 has L= 2.1366, which is greater than the tolerance
WARNING ZeroLength::setDomain(): Element 5000081 has L= 2.10786, which is greater than the tolerance
WARNING ZeroLength::setDomain(): Element 5000082 has L= 2.24107, which is greater than the tolerance
WARNING ZeroLength::setDomain(): Element 5000083 has L= 2.5927, which is greater than the tolerance
WARNING ZeroLength::setDomain(): Element 5000084 has L= 2.77951, which is greater than the tolerance
WARNING ZeroLength::setDomain(): Element 5000085 has L= 2.82557, which is greater than the tolerance
WARNING ZeroLength::setDomain(): Element 5000086 has L= 2.82557, which is greater than the tolerance
WARNING ZeroLength::setDomain(): Element 5000087 has L= 2.77951, which is greater than the tolerance
WARNING ZeroLength::setDomain(): Element 5000088 has L= 2.5927, which is greater than the tolerance
WARNING ZeroLength::setDomain(): Element 5000089 has L= 2.24107, which is greater than the tolerance
WARNING ZeroLength::setDomain(): Element 5000090 has L= 2.10786, which is greater than the tolerance
WARNING: CTestNormDispIncr::test() - failed to converge 
after: 50 iterations  current Norm: 57318.4 (max: 1e-06, Norm deltaR: 5.84369e+08)
NewtonRaphson::solveCurrentStep() -the ConvergenceTest object failed in test()
StaticAnalysis::analyze() - the Algorithm failed at step: 0 with domain at load factor -171.515
OpenSees > analyze failed, returned: -3 error flag
WARNING: CTestNormDispIncr::test() - failed to converge 
after: 50 iterations  current Norm: 19517.1 (max: 1e-06, Norm deltaR: 2.35585e+08)
NewtonLineSearch::solveCurrentStep() -the ConvergenceTest object failed in test()
StaticAnalysis::analyze() - the Algorithm failed at step: 0 with domain at load factor 1150.39
OpenSees > analyze failed, returned: -3 error flag
WARNING: CTestNormDispIncr::test() - failed to converge 
after: 50 iterations  current Norm: 30.3283 (max: 1e-06, Norm deltaR: 47244.4)
AcceleratedNewton::solveCurrentStep() -The ConvergenceTest object failed in test()
StaticAnalysis::analyze() - the Algorithm failed at step: 0 with domain at load factor 354.477
OpenSees > analyze failed, returned: -3 error flag
WARNING: CTestNormDispIncr::test() - failed to converge 
after: 50 iterations  current Norm: 5.0493e+70 (max: 1e-06, Norm deltaR: 4.36507e+74)
ModifiedNewton::solveCurrentStep() -the ConvergenceTest object failed in test()
StaticAnalysis::analyze() - the Algorithm failed at step: 0 with domain at load factor 9.50689e+69
OpenSees > analyze failed, returned: -3 error flag
WARNING: CTestNormDispIncr::test() - failed to converge 
after: 50 iterations  current Norm: 47716.7 (max: 1e-06, Norm deltaR: 2.26646e+08)
NewtonRaphson::solveCurrentStep() -the ConvergenceTest object failed in test()
StaticAnalysis::analyze() - the Algorithm failed at step: 0 with domain at load factor 713.868
OpenSees > analyze failed, returned: -3 error flag
WARNING: CTestNormDispIncr::test() - failed to converge 
after: 50 iterations  current Norm: 0.136889 (max: 1e-06, Norm deltaR: 437.155)
NewtonLineSearch::solveCurrentStep() -the ConvergenceTest object failed in test()
StaticAnalysis::analyze() - the Algorithm failed at step: 0 with domain at load factor 336.938
OpenSees > analyze failed, returned: -3 error flag
WARNING: CTestNormDispIncr::test() - failed to converge 
after: 50 iterations  current Norm: 10099.1 (max: 1e-06, Norm deltaR: 9.68147e+07)
AcceleratedNewton::solveCurrentStep() -The ConvergenceTest object failed in test()
StaticAnalysis::analyze() - the Algorithm failed at step: 0 with domain at load factor -1592.94
OpenSees > analyze failed, returned: -3 error flag
WARNING: CTestNormDispIncr::test() - failed to converge 
after: 50 iterations  current Norm: 1.84743e+61 (max: 1e-06, Norm deltaR: 1.43945e+65)
ModifiedNewton::solveCurrentStep() -the ConvergenceTest object failed in test()
StaticAnalysis::analyze() - the Algorithm failed at step: 0 with domain at load factor 1.66762e+60
OpenSees > analyze failed, returned: -3 error flag
WARNING: CTestNormDispIncr::test() - failed to converge 
after: 50 iterations  current Norm: 121148 (max: 1e-06, Norm deltaR: 1.34086e+08)
NewtonRaphson::solveCurrentStep() -the ConvergenceTest object failed in test()
StaticAnalysis::analyze() - the Algorithm failed at step: 0 with domain at load factor 1610.58
OpenSees > analyze failed, returned: -3 error flag
WARNING: CTestNormDispIncr::test() - failed to converge 
after: 50 iterations  current Norm: 1146.22 (max: 1e-06, Norm deltaR: 1.00015e+08)
NewtonLineSearch::solveCurrentStep() -the ConvergenceTest object failed in test()
StaticAnalysis::analyze() - the Algorithm failed at step: 0 with domain at load factor -743.708
OpenSees > analyze failed, returned: -3 error flag
WARNING: CTestNormDispIncr::test() - failed to converge 
after: 50 iterations  current Norm: 49253.2 (max: 1e-06, Norm deltaR: 3.3859e+08)
AcceleratedNewton::solveCurrentStep() -The ConvergenceTest object failed in test()
StaticAnalysis::analyze() - the Algorithm failed at step: 0 with domain at load factor -2083.6
OpenSees > analyze failed, returned: -3 error flag
WARNING: CTestNormDispIncr::test() - failed to converge 
after: 50 iterations  current Norm: 1.46523e+68 (max: 1e-06, Norm deltaR: 4.42514e+71)
ModifiedNewton::solveCurrentStep() -the ConvergenceTest object failed in test()
StaticAnalysis::analyze() - the Algorithm failed at step: 0 with domain at load factor -1.26022e+67
OpenSees > analyze failed, returned: -3 error flag
WARNING: CTestNormDispIncr::test() - failed to converge 
after: 50 iterations  current Norm: 13487.9 (max: 1e-06, Norm deltaR: 3.8936e+08)
NewtonRaphson::solveCurrentStep() -the ConvergenceTest object failed in test()
StaticAnalysis::analyze() - the Algorithm failed at step: 0 with domain at load factor 1633.51
OpenSees > analyze failed, returned: -3 error flag
WARNING: CTestNormDispIncr::test() - failed to converge 
after: 50 iterations  current Norm: 1633.85 (max: 1e-06, Norm deltaR: 1.41286e+08)
NewtonLineSearch::solveCurrentStep() -the ConvergenceTest object failed in test()
StaticAnalysis::analyze() - the Algorithm failed at step: 0 with domain at load factor 2206.69
OpenSees > analyze failed, returned: -3 error flag
WARNING ZeroLength::setDomain(): Element 5000091 has L= 7.92077, which is greater than the tolerance
WARNING ZeroLength::setDomain(): Element 5000092 has L= 8.07865, which is greater than the tolerance
WARNING ZeroLength::setDomain(): Element 5000093 has L= 7.77491, which is greater than the tolerance
WARNING ZeroLength::setDomain(): Element 5000094 has L= 54.7221, which is greater than the tolerance
WARNING ZeroLength::setDomain(): Element 5000095 has L= 8.23116, which is greater than the tolerance
WARNING ZeroLength::setDomain(): Element 5000096 has L= 21.4856, which is greater than the tolerance
WARNING ZeroLength::setDomain(): Element 5000097 has L= 21.0816, which is greater than the tolerance
WARNING ZeroLength::setDomain(): Element 5000098 has L= 7.92077, which is greater than the tolerance
WARNING: CTestNormDispIncr::test() - failed to converge 
after: 50 iterations  current Norm: 59123.1 (max: 1e-06, Norm deltaR: 1.1687e+08)
NewtonRaphson::solveCurrentStep() -the ConvergenceTest object failed in test()
StaticAnalysis::analyze() - the Algorithm failed at step: 0 with domain at load factor 500.88
OpenSees > analyze failed, returned: -3 error flag
WARNING ZeroLength::setDomain(): Element 5000099 has L= 52.781, which is greater than the tolerance
WARNING ZeroLength::setDomain(): Element 5000100 has L= 54.4958, which is greater than the tolerance
WARNING ZeroLength::setDomain(): Element 5000101 has L= 56.1831, which is greater than the tolerance
WARNING ZeroLength::setDomain(): Element 5000102 has L= 7.61989, which is greater than the tolerance
WARNING ZeroLength::setDomain(): Element 5000103 has L= 58.9991, which is greater than the tolerance
WARNING ZeroLength::setDomain(): Element 5000104 has L= 8.07865, which is greater than the tolerance
WARNING ZeroLength::setDomain(): Element 5000105 has L= 7.77491, which is greater than the tolerance
WARNING ZeroLength::setDomain(): Element 5000106 has L= 59.8577, which is greater than the tolerance
WARNING ZeroLength::setDomain(): Element 5000107 has L= 10.2552, which is greater than the tolerance
WARNING ZeroLength::setDomain(): Element 5000108 has L= 17.0128, which is greater than the tolerance
WARNING ZeroLength::setDomain(): Element 5000109 has L= 16.3214, which is greater than the tolerance
WARNING ZeroLength::setDomain(): Element 5000110 has L= 7.61989, which is greater than the tolerance
WARNING ZeroLength::setDomain(): Element 5000111 has L= 17.4213, which is greater than the tolerance
WARNING ZeroLength::setDomain(): Element 5000112 has L= 20.6882, which is greater than the tolerance
WARNING ZeroLength::setDomain(): Element 5000113 has L= 21.9344, which is greater than the tolerance
WARNING ZeroLength::setDomain(): Element 5000114 has L= 16.6643, which is greater than the tolerance
WARNING ZeroLength::setDomain(): Element 5000115 has L= 22.444, which is greater than the tolerance
WARNING ZeroLength::setDomain(): Element 5000116 has L= 10.001, which is greater than the tolerance
WARNING ZeroLength::setDomain(): Element 5000117 has L= 17.826, which is greater than the tolerance
WARNING ZeroLength::setDomain(): Element 5000118 has L= 7.44558, which is greater than the tolerance
WARNING: CTestNormDispIncr::test() - failed to converge 
after: 50 iterations  current Norm: 29417.5 (max: 1e-06, Norm deltaR: 6.46122e+08)
NewtonRaphson::solveCurrentStep() -the ConvergenceTest object failed in test()
StaticAnalysis::analyze() - the Algorithm failed at step: 0 with domain at load factor 3123.15
OpenSees > analyze failed, returned: -3 error flag
WARNING ZeroLength::setDomain(): Element 5000119 has L= 22.865, which is greater than the tolerance
WARNING ZeroLength::setDomain(): Element 5000120 has L= 21.9344, which is greater than the tolerance
WARNING ZeroLength::setDomain(): Element 5000121 has L= 63.1582, which is greater than the tolerance
WARNING ZeroLength::setDomain(): Element 5000122 has L= 21.0816, which is greater than the tolerance
WARNING ZeroLength::setDomain(): Element 5000123 has L= 16.3214, which is greater than the tolerance
WARNING ZeroLength::setDomain(): Element 5000124 has L= 10.7731, which is greater than the tolerance
WARNING: CTestNormDispIncr::test() - failed to converge 
after: 50 iterations  current Norm: 86289 (max: 1e-06, Norm deltaR: 1.38463e+09)
NewtonRaphson::solveCurrentStep() -the ConvergenceTest object failed in test()
StaticAnalysis::analyze() - the Algorithm failed at step: 0 with domain at load factor 8391.59
OpenSees > analyze failed, returned: -3 error flag
WARNING: CTestNormDispIncr::test() - failed to converge 
after: 50 iterations  current Norm: 6564.66 (max: 1e-06, Norm deltaR: 2.06651e+08)
NewtonLineSearch::solveCurrentStep() -the ConvergenceTest object failed in test()
StaticAnalysis::analyze() - the Algorithm failed at step: 0 with domain at load factor 11751
OpenSees > analyze failed, returned: -3 error flag
WARNING ZeroLength::setDomain(): Element 5000125 has L= 8.39945, which is greater than the tolerance
WARNING ZeroLength::setDomain(): Element 5000126 has L= 21.4856, which is greater than the tolerance
WARNING ZeroLength::setDomain(): Element 5000127 has L= 56.193, which is greater than the tolerance
WARNING ZeroLength::setDomain(): Element 5000128 has L= 57.6215, which is greater than the tolerance
WARNING ZeroLength::setDomain(): Element 5000129 has L= 17.0128, which is greater than the tolerance
WARNING ZeroLength::setDomain(): Element 5000130 has L= 59.0869, which is greater than the tolerance
WARNING ZeroLength::setDomain(): Element 5000131 has L= 16.0155, which is greater than the tolerance
WARNING ZeroLength::setDomain(): Element 5000132 has L= 18.2018, which is greater than the tolerance
WARNING ZeroLength::setDomain(): Element 5000133 has L= 16.6643, which is greater than the tolerance
WARNING ZeroLength::setDomain(): Element 5000134 has L= 7.44558, which is greater than the tolerance
WARNING ZeroLength::setDomain(): Element 5000135 has L= 20.6882, which is greater than the tolerance
WARNING ZeroLength::setDomain(): Element 5000136 has L= 7.29034, which is greater than the tolerance
WARNING ZeroLength::setDomain(): Element 5000137 has L= 9.77365, which is greater than the tolerance
WARNING ZeroLength::setDomain(): Element 5000138 has L= 62.8094, which is greater than the tolerance
WARNING ZeroLength::setDomain(): Element 5000139 has L= 10.5233, which is greater than the tolerance
WARNING ZeroLength::setDomain(): Element 5000140 has L= 65.504, which is greater than the tolerance
WARNING ZeroLength::setDomain(): Element 5000141 has L= 15.7028, which is greater than the tolerance
WARNING ZeroLength::setDomain(): Element 5000142 has L= 8.59846, which is greater than the tolerance
WARNING ZeroLength::setDomain(): Element 5000143 has L= 22.444, which is greater than the tolerance
WARNING ZeroLength::setDomain(): Element 5000144 has L= 48.5839, which is greater than the tolerance
WARNING ZeroLength::setDomain(): Element 5000145 has L= 61.7732, which is greater than the tolerance
WARNING ZeroLength::setDomain(): Element 5000146 has L= 48.2658, which is greater than the tolerance
WARNING ZeroLength::setDomain(): Element 5000147 has L= 56.7746, which is greater than the tolerance
WARNING ZeroLength::setDomain(): Element 5000148 has L= 56.6436, which is greater than the tolerance
WARNING ZeroLength::setDomain(): Element 5000149 has L= 49.1171, which is greater than the tolerance
WARNING ZeroLength::setDomain(): Element 5000150 has L= 20.2634, which is greater than the tolerance
WARNING: CTestNormDispIncr::test() - failed to converge 
after: 50 iterations  current Norm: 49559 (max: 1e-06, Norm deltaR: 4.99679e+08)
NewtonRaphson::solveCurrentStep() -the ConvergenceTest object failed in test()
StaticAnalysis::analyze() - the Algorithm failed at step: 0 with domain at load factor -1151.61
OpenSees > analyze failed, returned: -3 error flag
WARNING ZeroLength::setDomain(): Element 5000151 has L= 58.9327, which is greater than the tolerance
WARNING ZeroLength::setDomain(): Element 5000152 has L= 61.3383, which is greater than the tolerance
WARNING ZeroLength::setDomain(): Element 5000153 has L= 60.8996, which is greater than the tolerance
WARNING ZeroLength::setDomain(): Element 5000154 has L= 70.1303, which is greater than the tolerance
WARNING ZeroLength::setDomain(): Element 5000155 has L= 7.17274, which is greater than the tolerance
WARNING ZeroLength::setDomain(): Element 5000156 has L= 63.7405, which is greater than the tolerance
WARNING ZeroLength::setDomain(): Element 5000157 has L= 35.1049, which is greater than the tolerance
WARNING ZeroLength::setDomain(): Element 5000158 has L= 7.29034, which is greater than the tolerance
WARNING ZeroLength::setDomain(): Element 5000159 has L= 9.56868, which is greater than the tolerance
WARNING ZeroLength::setDomain(): Element 5000160 has L= 28.0859, which is greater than the tolerance
WARNING ZeroLength::setDomain(): Element 5000161 has L= 18.5382, which is greater than the tolerance
WARNING ZeroLength::setDomain(): Element 5000162 has L= 17.4213, which is greater than the tolerance
WARNING ZeroLength::setDomain(): Element 5000163 has L= 34.4218, which is greater than the tolerance
WARNING ZeroLength::setDomain(): Element 5000164 has L= 35.1049, which is greater than the tolerance
WARNING ZeroLength::setDomain(): Element 5000165 has L= 34.4218, which is greater than the tolerance
WARNING ZeroLength::setDomain(): Element 5000166 has L= 16.0155, which is greater than the tolerance
WARNING ZeroLength::setDomain(): Element 5000167 has L= 15.7028, which is greater than the tolerance
WARNING ZeroLength::setDomain(): Element 5000168 has L= 8.79541, which is greater than the tolerance
WARNING ZeroLength::setDomain(): Element 5000169 has L= 50.1969, which is greater than the tolerance
WARNING ZeroLength::setDomain(): Element 5000170 has L= 10.5233, which is greater than the tolerance
WARNING ZeroLength::setDomain(): Element 5000171 has L= 25.6969, which is greater than the tolerance
WARNING ZeroLength::setDomain(): Element 5000172 has L= 9.77365, which is greater than the tolerance
WARNING ZeroLength::setDomain(): Element 5000173 has L= 33.8143, which is greater than the tolerance
WARNING ZeroLength::setDomain(): Element 5000174 has L= 20.2634, which is greater than the tolerance
WARNING ZeroLength::setDomain(): Element 5000175 has L= 28.7965, which is greater than the tolerance
WARNING ZeroLength::setDomain(): Element 5000176 has L= 35.8158, which is greater than the tolerance
WARNING ZeroLength::setDomain(): Element 5000177 has L= 58.8715, which is greater than the tolerance
WARNING ZeroLength::setDomain(): Element 5000178 has L= 26.2923, which is greater than the tolerance
WARNING ZeroLength::setDomain(): Element 5000179 has L= 55.7721, which is greater than the tolerance
WARNING ZeroLength::setDomain(): Element 5000180 has L= 57.5515, which is greater than the tolerance
WARNING ZeroLength::setDomain(): Element 5000181 has L= 60.4859, which is greater than the tolerance
WARNING ZeroLength::setDomain(): Element 5000182 has L= 48.8769, which is greater than the tolerance
WARNING ZeroLength::setDomain(): Element 5000183 has L= 59.8838, which is greater than the tolerance
WARNING ZeroLength::setDomain(): Element 5000184 has L= 35.8158, which is greater than the tolerance
WARNING ZeroLength::setDomain(): Element 5000185 has L= 7.08693, which is greater than the tolerance
WARNING ZeroLength::setDomain(): Element 5000186 has L= 8.23116, which is greater than the tolerance
WARNING ZeroLength::setDomain(): Element 5000187 has L= 58.0078, which is greater than the tolerance
WARNING ZeroLength::setDomain(): Element 5000188 has L= 68.5492, which is greater than the tolerance
WARNING ZeroLength::setDomain(): Element 5000189 has L= 29.3797, which is greater than the tolerance
WARNING ZeroLength::setDomain(): Element 5000190 has L= 66.6915, which is greater than the tolerance
WARNING ZeroLength::setDomain(): Element 5000191 has L= 33.1646, which is greater than the tolerance
WARNING ZeroLength::setDomain(): Element 5000192 has L= 22.865, which is greater than the tolerance
WARNING: CTestNormDispIncr::test() - failed to converge 
after: 50 iterations  current Norm: 122803 (max: 1e-06, Norm deltaR: 2.92463e+09)
NewtonRaphson::solveCurrentStep() -the ConvergenceTest object failed in test()
StaticAnalysis::analyze() - the Algorithm failed at step: 0 with domain at load factor 9460.74
OpenSees > analyze failed, returned: -3 error flag
WARNING ZeroLength::setDomain(): Element 5000193 has L= 8.94825, which is greater than the tolerance
WARNING ZeroLength::setDomain(): Element 5000194 has L= 8.39945, which is greater than the tolerance
WARNING ZeroLength::setDomain(): Element 5000195 has L= 27.4474, which is greater than the tolerance
WARNING ZeroLength::setDomain(): Element 5000196 has L= 33.8143, which is greater than the tolerance
WARNING ZeroLength::setDomain(): Element 5000197 has L= 51.7618, which is greater than the tolerance
WARNING ZeroLength::setDomain(): Element 5000198 has L= 62.7296, which is greater than the tolerance
