WARNING ZeroLength::setDomain(): Element 5000001 has L= 2.50303, which is greater than the tolerance
WARNING ZeroLength::setDomain(): Element 5000002 has L= 2.24965, which is greater than the tolerance
WARNING ZeroLength::setDomain(): Element 5000003 has L= 1.84442, which is greater than the tolerance
WARNING ZeroLength::setDomain(): Element 5000004 has L= 1.84607, which is greater than the tolerance
WARNING ZeroLength::setDomain(): Element 5000005 has L= 1.7814, which is greater than the tolerance
WARNING ZeroLength::setDomain(): Element 5000006 has L= 1.7814, which is greater than the tolerance
WARNING ZeroLength::setDomain(): Element 5000007 has L= 1.84607, which is greater than the tolerance
WARNING ZeroLength::setDomain(): Element 5000008 has L= 1.84442, which is greater than the tolerance
WARNING ZeroLength::setDomain(): Element 5000009 has L= 2.24965, which is greater than the tolerance
WARNING ZeroLength::setDomain(): Element 5000010 has L= 2.50303, which is greater than the tolerance
WARNING ZeroLength::setDomain(): Element 5000011 has L= 2.35631, which is greater than the tolerance
WARNING ZeroLength::setDomain(): Element 5000012 has L= 2.21804, which is greater than the tolerance
WARNING ZeroLength::setDomain(): Element 5000013 has L= 1.95932, which is greater than the tolerance
WARNING ZeroLength::setDomain(): Element 5000014 has L= 1.98495, which is greater than the tolerance
WARNING ZeroLength::setDomain(): Element 5000015 has L= 1.97266, which is greater than the tolerance
WARNING ZeroLength::setDomain(): Element 5000016 has L= 1.97266, which is greater than the tolerance
WARNING ZeroLength::setDomain(): Element 5000017 has L= 1.98495, which is greater than the tolerance
WARNING ZeroLength::setDomain(): Element 5000018 has L= 1.95932, which is greater than the tolerance
WARNING ZeroLength::setDomain(): Element 5000019 has L= 2.21804, which is greater than the tolerance
WARNING ZeroLength::setDomain(): Element 5000020 has L= 2.35631, which is greater than the tolerance
WARNING ZeroLength::setDomain(): Element 5000021 has L= 2.29128, which is greater than the tolerance
WARNING ZeroLength::setDomain(): Element 5000022 has L= 2.25129, which is greater than the tolerance
WARNING ZeroLength::setDomain(): Element 5000023 has L= 2.13315, which is greater than the tolerance
WARNING ZeroLength::setDomain(): Element 5000024 has L= 2.19795, which is greater than the tolerance
WARNING ZeroLength::setDomain(): Element 5000025 has L= 2.23483, which is greater than the tolerance
WARNING ZeroLength::setDomain(): Element 5000026 has L= 2.23483, which is greater than the tolerance
WARNING ZeroLength::setDomain(): Element 5000027 has L= 2.19795, which is greater than the tolerance
WARNING ZeroLength::setDomain(): Element 5000028 has L= 2.13315, which is greater than the tolerance
WARNING ZeroLength::setDomain(): Element 5000029 has L= 2.25129, which is greater than the tolerance
WARNING ZeroLength::setDomain(): Element 5000030 has L= 2.29128, which is greater than the tolerance
WARNING ZeroLength::setDomain(): Element 5000031 has L= 2.33587, which is greater than the tolerance
WARNING ZeroLength::setDomain(): Element 5000032 has L= 2.34767, which is greater than the tolerance
WARNING ZeroLength::setDomain(): Element 5000033 has L= 2.34679, which is greater than the tolerance
WARNING ZeroLength::setDomain(): Element 5000034 has L= 2.51813, which is greater than the tolerance
WARNING ZeroLength::setDomain(): Element 5000035 has L= 2.65825, which is greater than the tolerance
WARNING ZeroLength::setDomain(): Element 5000036 has L= 2.65825, which is greater than the tolerance
WARNING ZeroLength::setDomain(): Element 5000037 has L= 2.51813, which is greater than the tolerance
WARNING ZeroLength::setDomain(): Element 5000038 has L= 2.34679, which is greater than the tolerance
WARNING ZeroLength::setDomain(): Element 5000039 has L= 2.34767, which is greater than the tolerance
WARNING ZeroLength::setDomain(): Element 5000040 has L= 2.33587, which is greater than the tolerance
WARNING ZeroLength::setDomain(): Element 5000041 has L= 2.39558, which is greater than the tolerance
WARNING ZeroLength::setDomain(): Element 5000042 has L= 2.50343, which is greater than the tolerance
WARNING ZeroLength::setDomain(): Element 5000043 has L= 2.65664, which is greater than the tolerance
WARNING ZeroLength::setDomain(): Element 5000044 has L= 2.82294, which is greater than the tolerance
WARNING ZeroLength::setDomain(): Element 5000045 has L= 2.92854, which is greater than the tolerance
WARNING ZeroLength::setDomain(): Element 5000046 has L= 2.92854, which is greater than the tolerance
WARNING ZeroLength::setDomain(): Element 5000047 has L= 2.82294, which is greater than the tolerance
WARNING ZeroLength::setDomain(): Element 5000048 has L= 2.65664, which is greater than the tolerance
WARNING ZeroLength::setDomain(): Element 5000049 has L= 2.50343, which is greater than the tolerance
WARNING ZeroLength::setDomain(): Element 5000050 has L= 2.39558, which is greater than the tolerance
WARNING ZeroLength::setDomain(): Element 5000051 has L= 2.33148, which is greater than the tolerance
WARNING ZeroLength::setDomain(): Element 5000052 has L= 2.53133, which is greater than the tolerance
WARNING ZeroLength::setDomain(): Element 5000053 has L= 2.83636, which is greater than the tolerance
WARNING ZeroLength::setDomain(): Element 5000054 has L= 2.91288, which is greater than the tolerance
WARNING ZeroLength::setDomain(): Element 5000055 has L= 2.9967, which is greater than the tolerance
WARNING ZeroLength::setDomain(): Element 5000056 has L= 2.9967, which is greater than the tolerance
WARNING ZeroLength::setDomain(): Element 5000057 has L= 2.91288, which is greater than the tolerance
WARNING ZeroLength::setDomain(): Element 5000058 has L= 2.83636, which is greater than the tolerance
WARNING ZeroLength::setDomain(): Element 5000059 has L= 2.53133, which is greater than the tolerance
WARNING ZeroLength::setDomain(): Element 5000060 has L= 2.33148, which is greater than the tolerance
WARNING ZeroLength::setDomain(): Element 5000061 has L= 2.24015, which is greater than the tolerance
WARNING ZeroLength::setDomain(): Element 5000062 has L= 2.39921, which is greater than the tolerance
WARNING ZeroLength::setDomain(): Element 5000063 has L= 2.75722, which is greater than the tolerance
WARNING ZeroLength::setDomain(): Element 5000064 has L= 2.86272, which is greater than the tolerance
WARNING ZeroLength::setDomain(): Element 5000065 has L= 2.99302, which is greater than the tolerance
WARNING ZeroLength::setDomain(): Element 5000066 has L= 2.99302, which is greater than the tolerance
WARNING ZeroLength::setDomain(): Element 5000067 has L= 2.86272, which is greater than the tolerance
WARNING ZeroLength::setDomain(): Element 5000068 has L= 2.75722, which is greater than the tolerance
WARNING ZeroLength::setDomain(): Element 5000069 has L= 2.39921, which is greater than the tolerance
WARNING ZeroLength::setDomain(): Element 5000070 has L= 2.24015, which is greater than the tolerance
WARNING ZeroLength::setDomain(): Element 5000071 has L= 2.1653, which is greater than the tolerance
WARNING ZeroLength::setDomain(): Element 5000072 has L= 2.32544, which is greater than the tolerance
WARNING ZeroLength::setDomain(): Element 5000073 has L= 2.69476, which is greater than the tolerance
WARNING ZeroLength::setDomain(): Element 5000074 has L= 2.84632, which is greater than the tolerance
WARNING ZeroLength::setDomain(): Element 5000075 has L= 2.95567, which is greater than the tolerance
WARNING ZeroLength::setDomain(): Element 5000076 has L= 2.95567, which is greater than the tolerance
WARNING ZeroLength::setDomain(): Element 5000077 has L= 2.84632, which is greater than the tolerance
WARNING ZeroLength::setDomain(): Element 5000078 has L= 2.69476, which is greater than the tolerance
WARNING ZeroLength::setDomain(): Element 5000079 has L= 2.32544, which is greater than the tolerance
WARNING ZeroLength::setDomain(): Element 5000080 has L= 2.1653, which is greater than the tolerance
WARNING ZeroLength::setDomain(): Element 5000081 has L= 2.13657, which is greater than the tolerance
WARNING ZeroLength::setDomain(): Element 5000082 has L= 2.2698, which is greater than the tolerance
WARNING ZeroLength::setDomain(): Element 5000083 has L= 2.62143, which is greater than the tolerance
WARNING ZeroLength::setDomain(): Element 5000084 has L= 2.80823, which is greater than the tolerance
WARNING ZeroLength::setDomain(): Element 5000085 has L= 2.85429, which is greater than the tolerance
WARNING ZeroLength::setDomain(): Element 5000086 has L= 2.85429, which is greater than the tolerance
WARNING ZeroLength::setDomain(): Element 5000087 has L= 2.80823, which is greater than the tolerance
WARNING ZeroLength::setDomain(): Element 5000088 has L= 2.62143, which is greater than the tolerance
WARNING ZeroLength::setDomain(): Element 5000089 has L= 2.2698, which is greater than the tolerance
WARNING ZeroLength::setDomain(): Element 5000090 has L= 2.13657, which is greater than the tolerance
WARNING: CTestNormDispIncr::test() - failed to converge 
after: 50 iterations  current Norm: 82099 (max: 1e-06, Norm deltaR: 1.12283e+08)
NewtonRaphson::solveCurrentStep() -the ConvergenceTest object failed in test()
StaticAnalysis::analyze() - the Algorithm failed at step: 0 with domain at load factor -194.629
OpenSees > analyze failed, returned: -3 error flag
WARNING: CTestNormDispIncr::test() - failed to converge 
after: 50 iterations  current Norm: 43018.3 (max: 1e-06, Norm deltaR: 1.06033e+09)
NewtonRaphson::solveCurrentStep() -the ConvergenceTest object failed in test()
StaticAnalysis::analyze() - the Algorithm failed at step: 0 with domain at load factor 7979.33
OpenSees > analyze failed, returned: -3 error flag
WARNING: CTestNormDispIncr::test() - failed to converge 
after: 50 iterations  current Norm: 100804 (max: 1e-06, Norm deltaR: 2.27741e+09)
NewtonLineSearch::solveCurrentStep() -the ConvergenceTest object failed in test()
StaticAnalysis::analyze() - the Algorithm failed at step: 0 with domain at load factor 39978.1
OpenSees > analyze failed, returned: -3 error flag
WARNING: CTestNormDispIncr::test() - failed to converge 
after: 50 iterations  current Norm: 107391 (max: 1e-06, Norm deltaR: 3.65571e+08)
AcceleratedNewton::solveCurrentStep() -The ConvergenceTest object failed in test()
StaticAnalysis::analyze() - the Algorithm failed at step: 0 with domain at load factor 813.332
OpenSees > analyze failed, returned: -3 error flag
WARNING: CTestNormDispIncr::test() - failed to converge 
after: 50 iterations  current Norm: 7.40608e+65 (max: 1e-06, Norm deltaR: 4.55188e+69)
ModifiedNewton::solveCurrentStep() -the ConvergenceTest object failed in test()
StaticAnalysis::analyze() - the Algorithm failed at step: 0 with domain at load factor -8.64493e+64
OpenSees > analyze failed, returned: -3 error flag
WARNING: CTestNormDispIncr::test() - failed to converge 
after: 50 iterations  current Norm: 139788 (max: 1e-06, Norm deltaR: 3.67898e+09)
NewtonRaphson::solveCurrentStep() -the ConvergenceTest object failed in test()
StaticAnalysis::analyze() - the Algorithm failed at step: 0 with domain at load factor 13841.5
OpenSees > analyze failed, returned: -3 error flag
WARNING: CTestNormDispIncr::test() - failed to converge 
after: 50 iterations  current Norm: 2085.72 (max: 1e-06, Norm deltaR: 1.02109e+08)
NewtonLineSearch::solveCurrentStep() -the ConvergenceTest object failed in test()
StaticAnalysis::analyze() - the Algorithm failed at step: 0 with domain at load factor 1029.19
OpenSees > analyze failed, returned: -3 error flag
WARNING: CTestNormDispIncr::test() - failed to converge 
after: 50 iterations  current Norm: 492103 (max: 1e-06, Norm deltaR: 1.04798e+10)
NewtonRaphson::solveCurrentStep() -the ConvergenceTest object failed in test()
StaticAnalysis::analyze() - the Algorithm failed at step: 0 with domain at load factor -56105.4
OpenSees > analyze failed, returned: -3 error flag
WARNING: CTestNormDispIncr::test() - failed to converge 
after: 50 iterations  current Norm: 3128.29 (max: 1e-06, Norm deltaR: 2.47764e+08)
NewtonLineSearch::solveCurrentStep() -the ConvergenceTest object failed in test()
StaticAnalysis::analyze() - the Algorithm failed at step: 0 with domain at load factor 1795.52
OpenSees > analyze failed, returned: -3 error flag
WARNING: CTestNormDispIncr::test() - failed to converge 
after: 50 iterations  current Norm: 6043.76 (max: 1e-06, Norm deltaR: 3.04785e+08)
AcceleratedNewton::solveCurrentStep() -The ConvergenceTest object failed in test()
StaticAnalysis::analyze() - the Algorithm failed at step: 0 with domain at load factor -25.6233
OpenSees > analyze failed, returned: -3 error flag
WARNING: CTestNormDispIncr::test() - failed to converge 
after: 50 iterations  current Norm: 1.6687e+69 (max: 1e-06, Norm deltaR: 1.49635e+73)
ModifiedNewton::solveCurrentStep() -the ConvergenceTest object failed in test()
StaticAnalysis::analyze() - the Algorithm failed at step: 0 with domain at load factor -2.60203e+67
OpenSees > analyze failed, returned: -3 error flag
WARNING ZeroLength::setDomain(): Element 5000091 has L= 7.87588, which is greater than the tolerance
WARNING ZeroLength::setDomain(): Element 5000092 has L= 8.03376, which is greater than the tolerance
WARNING ZeroLength::setDomain(): Element 5000093 has L= 7.73002, which is greater than the tolerance
WARNING ZeroLength::setDomain(): Element 5000094 has L= 49.4388, which is greater than the tolerance
WARNING ZeroLength::setDomain(): Element 5000095 has L= 47.75, which is greater than the tolerance
WARNING ZeroLength::setDomain(): Element 5000096 has L= 53.294, which is greater than the tolerance
WARNING ZeroLength::setDomain(): Element 5000097 has L= 8.18626, which is greater than the tolerance
WARNING ZeroLength::setDomain(): Element 5000098 has L= 57.4107, which is greater than the tolerance
WARNING: CTestNormDispIncr::test() - failed to converge 
after: 50 iterations  current Norm: 27319.2 (max: 1e-06, Norm deltaR: 2.08935e+08)
NewtonRaphson::solveCurrentStep() -the ConvergenceTest object failed in test()
StaticAnalysis::analyze() - the Algorithm failed at step: 0 with domain at load factor 3492.95
OpenSees > analyze failed, returned: -3 error flag
WARNING ZeroLength::setDomain(): Element 5000099 has L= 7.87588, which is greater than the tolerance
WARNING: CTestNormDispIncr::test() - failed to converge 
after: 50 iterations  current Norm: 20663.6 (max: 1e-06, Norm deltaR: 1.18257e+08)
NewtonRaphson::solveCurrentStep() -the ConvergenceTest object failed in test()
StaticAnalysis::analyze() - the Algorithm failed at step: 0 with domain at load factor 469.19
OpenSees > analyze failed, returned: -3 error flag
WARNING ZeroLength::setDomain(): Element 5000100 has L= 8.03376, which is greater than the tolerance
WARNING ZeroLength::setDomain(): Element 5000101 has L= 21.4433, which is greater than the tolerance
WARNING ZeroLength::setDomain(): Element 5000102 has L= 21.0392, which is greater than the tolerance
WARNING ZeroLength::setDomain(): Element 5000103 has L= 61.5482, which is greater than the tolerance
WARNING ZeroLength::setDomain(): Element 5000104 has L= 7.73002, which is greater than the tolerance
WARNING ZeroLength::setDomain(): Element 5000105 has L= 21.8921, which is greater than the tolerance
WARNING ZeroLength::setDomain(): Element 5000106 has L= 21.4433, which is greater than the tolerance
WARNING ZeroLength::setDomain(): Element 5000107 has L= 65.7503, which is greater than the tolerance
WARNING ZeroLength::setDomain(): Element 5000108 has L= 21.0392, which is greater than the tolerance
WARNING ZeroLength::setDomain(): Element 5000109 has L= 7.57501, which is greater than the tolerance
WARNING ZeroLength::setDomain(): Element 5000110 has L= 8.35455, which is greater than the tolerance
WARNING ZeroLength::setDomain(): Element 5000111 has L= 16.6194, which is greater than the tolerance
WARNING ZeroLength::setDomain(): Element 5000112 has L= 61.1335, which is greater than the tolerance
WARNING ZeroLength::setDomain(): Element 5000113 has L= 16.2765, which is greater than the tolerance
WARNING ZeroLength::setDomain(): Element 5000114 has L= 7.57501, which is greater than the tolerance
WARNING ZeroLength::setDomain(): Element 5000115 has L= 21.8921, which is greater than the tolerance
WARNING ZeroLength::setDomain(): Element 5000116 has L= 8.18626, which is greater than the tolerance
WARNING ZeroLength::setDomain(): Element 5000117 has L= 22.4017, which is greater than the tolerance
WARNING ZeroLength::setDomain(): Element 5000118 has L= 16.9679, which is greater than the tolerance
WARNING ZeroLength::setDomain(): Element 5000119 has L= 63.9641, which is greater than the tolerance
WARNING ZeroLength::setDomain(): Element 5000120 has L= 16.2765, which is greater than the tolerance
WARNING ZeroLength::setDomain(): Element 5000121 has L= 7.4007, which is greater than the tolerance
WARNING ZeroLength::setDomain(): Element 5000122 has L= 9.96656, which is greater than the tolerance
WARNING ZeroLength::setDomain(): Element 5000123 has L= 16.9679, which is greater than the tolerance
WARNING ZeroLength::setDomain(): Element 5000124 has L= 17.3764, which is greater than the tolerance
WARNING ZeroLength::setDomain(): Element 5000125 has L= 16.6194, which is greater than the tolerance
WARNING ZeroLength::setDomain(): Element 5000126 has L= 20.6458, which is greater than the tolerance
WARNING ZeroLength::setDomain(): Element 5000127 has L= 9.73902, which is greater than the tolerance
WARNING: CTestNormDispIncr::test() - failed to converge 
after: 50 iterations  current Norm: 82539.9 (max: 1e-06, Norm deltaR: 7.41287e+07)
NewtonRaphson::solveCurrentStep() -the ConvergenceTest object failed in test()
StaticAnalysis::analyze() - the Algorithm failed at step: 0 with domain at load factor 599.591
OpenSees > analyze failed, returned: -3 error flag
WARNING ZeroLength::setDomain(): Element 5000128 has L= 53.189, which is greater than the tolerance
WARNING ZeroLength::setDomain(): Element 5000129 has L= 54.5074, which is greater than the tolerance
WARNING ZeroLength::setDomain(): Element 5000130 has L= 56.182, which is greater than the tolerance
WARNING ZeroLength::setDomain(): Element 5000131 has L= 58.3234, which is greater than the tolerance
WARNING ZeroLength::setDomain(): Element 5000132 has L= 17.781, which is greater than the tolerance
WARNING ZeroLength::setDomain(): Element 5000133 has L= 22.4017, which is greater than the tolerance
WARNING ZeroLength::setDomain(): Element 5000134 has L= 15.9706, which is greater than the tolerance
WARNING ZeroLength::setDomain(): Element 5000135 has L= 7.24547, which is greater than the tolerance
WARNING ZeroLength::setDomain(): Element 5000136 has L= 22.8228, which is greater than the tolerance
WARNING ZeroLength::setDomain(): Element 5000137 has L= 68.8472, which is greater than the tolerance
WARNING ZeroLength::setDomain(): Element 5000138 has L= 10.7389, which is greater than the tolerance
WARNING ZeroLength::setDomain(): Element 5000139 has L= 20.6458, which is greater than the tolerance
WARNING ZeroLength::setDomain(): Element 5000140 has L= 8.55357, which is greater than the tolerance
WARNING ZeroLength::setDomain(): Element 5000141 has L= 10.2208, which is greater than the tolerance
WARNING ZeroLength::setDomain(): Element 5000142 has L= 60.7147, which is greater than the tolerance
WARNING ZeroLength::setDomain(): Element 5000143 has L= 10.8727, which is greater than the tolerance
WARNING ZeroLength::setDomain(): Element 5000144 has L= 18.1569, which is greater than the tolerance
WARNING ZeroLength::setDomain(): Element 5000145 has L= 59.2282, which is greater than the tolerance
WARNING ZeroLength::setDomain(): Element 5000146 has L= 34.3777, which is greater than the tolerance
WARNING ZeroLength::setDomain(): Element 5000147 has L= 20.221, which is greater than the tolerance
WARNING ZeroLength::setDomain(): Element 5000148 has L= 15.6579, which is greater than the tolerance
WARNING ZeroLength::setDomain(): Element 5000149 has L= 7.4007, which is greater than the tolerance
WARNING ZeroLength::setDomain(): Element 5000150 has L= 9.53382, which is greater than the tolerance
WARNING ZeroLength::setDomain(): Element 5000151 has L= 35.0607, which is greater than the tolerance
WARNING ZeroLength::setDomain(): Element 5000152 has L= 67.244, which is greater than the tolerance
WARNING ZeroLength::setDomain(): Element 5000153 has L= 35.0607, which is greater than the tolerance
WARNING ZeroLength::setDomain(): Element 5000154 has L= 52.1382, which is greater than the tolerance
WARNING ZeroLength::setDomain(): Element 5000155 has L= 53.5888, which is greater than the tolerance
WARNING ZeroLength::setDomain(): Element 5000156 has L= 55.3858, which is greater than the tolerance
WARNING ZeroLength::setDomain(): Element 5000157 has L= 15.9706, which is greater than the tolerance
WARNING ZeroLength::setDomain(): Element 5000158 has L= 7.12787, which is greater than the tolerance
WARNING ZeroLength::setDomain(): Element 5000159 has L= 57.347, which is greater than the tolerance
WARNING ZeroLength::setDomain(): Element 5000160 has L= 52.3648, which is greater than the tolerance
WARNING ZeroLength::setDomain(): Element 5000161 has L= 8.75052, which is greater than the tolerance
WARNING ZeroLength::setDomain(): Element 5000162 has L= 33.7701, which is greater than the tolerance
WARNING: CTestNormDispIncr::test() - failed to converge 
after: 50 iterations  current Norm: 64505.2 (max: 1e-06, Norm deltaR: 1.50781e+09)
NewtonRaphson::solveCurrentStep() -the ConvergenceTest object failed in test()
StaticAnalysis::analyze() - the Algorithm failed at step: 0 with domain at load factor -3936.68
OpenSees > analyze failed, returned: -3 error flag
WARNING: CTestNormDispIncr::test() - failed to converge 
after: 50 iterations  current Norm: 1883.08 (max: 1e-06, Norm deltaR: 1.0953e+08)
NewtonLineSearch::solveCurrentStep() -the ConvergenceTest object failed in test()
StaticAnalysis::analyze() - the Algorithm failed at step: 0 with domain at load factor 1299.01
OpenSees > analyze failed, returned: -3 error flag
WARNING: CTestNormDispIncr::test() - failed to converge 
after: 50 iterations  current Norm: 53.9246 (max: 1e-06, Norm deltaR: 822674)
AcceleratedNewton::solveCurrentStep() -The ConvergenceTest object failed in test()
StaticAnalysis::analyze() - the Algorithm failed at step: 0 with domain at load factor 650.542
OpenSees > analyze failed, returned: -3 error flag
WARNING: CTestNormDispIncr::test() - failed to converge 
after: 50 iterations  current Norm: 7.16071e+95 (max: 1e-06, Norm deltaR: 7.03142e+99)
ModifiedNewton::solveCurrentStep() -the ConvergenceTest object failed in test()
StaticAnalysis::analyze() - the Algorithm failed at step: 0 with domain at load factor 2.66186e+94
OpenSees > analyze failed, returned: -3 error flag
WARNING: CTestNormDispIncr::test() - failed to converge 
after: 50 iterations  current Norm: 31121.2 (max: 1e-06, Norm deltaR: 7.67232e+07)
NewtonRaphson::solveCurrentStep() -the ConvergenceTest object failed in test()
StaticAnalysis::analyze() - the Algorithm failed at step: 0 with domain at load factor 546.578
OpenSees > analyze failed, returned: -3 error flag
WARNING ZeroLength::setDomain(): Element 5000163 has L= 55.3072, which is greater than the tolerance
WARNING ZeroLength::setDomain(): Element 5000164 has L= 49.2035, which is greater than the tolerance
WARNING ZeroLength::setDomain(): Element 5000165 has L= 55.1388, which is greater than the tolerance
WARNING ZeroLength::setDomain(): Element 5000166 has L= 10.489, which is greater than the tolerance
WARNING ZeroLength::setDomain(): Element 5000167 has L= 20.221, which is greater than the tolerance
WARNING ZeroLength::setDomain(): Element 5000168 has L= 7.24547, which is greater than the tolerance
WARNING: CTestNormDispIncr::test() - failed to converge 
after: 50 iterations  current Norm: 26730.9 (max: 1e-06, Norm deltaR: 9.02469e+08)
NewtonRaphson::solveCurrentStep() -the ConvergenceTest object failed in test()
StaticAnalysis::analyze() - the Algorithm failed at step: 0 with domain at load factor -932.112
OpenSees > analyze failed, returned: -3 error flag
WARNING ZeroLength::setDomain(): Element 5000169 has L= 55.8495, which is greater than the tolerance
WARNING ZeroLength::setDomain(): Element 5000170 has L= 57.6302, which is greater than the tolerance
WARNING ZeroLength::setDomain(): Element 5000171 has L= 59.9635, which is greater than the tolerance
WARNING ZeroLength::setDomain(): Element 5000172 has L= 63.9062, which is greater than the tolerance
WARNING ZeroLength::setDomain(): Element 5000173 has L= 18.4933, which is greater than the tolerance
WARNING ZeroLength::setDomain(): Element 5000174 has L= 17.3764, which is greater than the tolerance
WARNING ZeroLength::setDomain(): Element 5000175 has L= 28.041, which is greater than the tolerance
WARNING ZeroLength::setDomain(): Element 5000176 has L= 48.6072, which is greater than the tolerance
WARNING ZeroLength::setDomain(): Element 5000177 has L= 56.132, which is greater than the tolerance
WARNING: CTestNormDispIncr::test() - failed to converge 
after: 50 iterations  current Norm: 45315.7 (max: 1e-06, Norm deltaR: 1.35167e+09)
NewtonRaphson::solveCurrentStep() -the ConvergenceTest object failed in test()
StaticAnalysis::analyze() - the Algorithm failed at step: 0 with domain at load factor 4063.69
OpenSees > analyze failed, returned: -3 error flag
WARNING ZeroLength::setDomain(): Element 5000178 has L= 56.7122, which is greater than the tolerance
WARNING ZeroLength::setDomain(): Element 5000179 has L= 33.7701, which is greater than the tolerance
WARNING ZeroLength::setDomain(): Element 5000180 has L= 49.1054, which is greater than the tolerance
WARNING ZeroLength::setDomain(): Element 5000181 has L= 10.2208, which is greater than the tolerance
WARNING ZeroLength::setDomain(): Element 5000182 has L= 35.7716, which is greater than the tolerance
WARNING ZeroLength::setDomain(): Element 5000183 has L= 22.8228, which is greater than the tolerance
WARNING ZeroLength::setDomain(): Element 5000184 has L= 28.7515, which is greater than the tolerance
WARNING ZeroLength::setDomain(): Element 5000185 has L= 48.2949, which is greater than the tolerance
WARNING ZeroLength::setDomain(): Element 5000186 has L= 48.4996, which is greater than the tolerance
WARNING: CTestNormDispIncr::test() - failed to converge 
after: 50 iterations  current Norm: 74480.5 (max: 1e-06, Norm deltaR: 1.09346e+09)
NewtonRaphson::solveCurrentStep() -the ConvergenceTest object failed in test()
StaticAnalysis::analyze() - the Algorithm failed at step: 0 with domain at load factor 4544.17
OpenSees > analyze failed, returned: -3 error flag
WARNING: CTestNormDispIncr::test() - failed to converge 
after: 50 iterations  current Norm: 2949.28 (max: 1e-06, Norm deltaR: 1.09671e+08)
NewtonLineSearch::solveCurrentStep() -the ConvergenceTest object failed in test()
StaticAnalysis::analyze() - the Algorithm failed at step: 0 with domain at load factor 2428.32
OpenSees > analyze failed, returned: -3 error flag
WARNING: CTestNormDispIncr::test() - failed to converge 
after: 50 iterations  current Norm: 4.54143 (max: 1e-06, Norm deltaR: 7349.37)
AcceleratedNewton::solveCurrentStep() -The ConvergenceTest object failed in test()
StaticAnalysis::analyze() - the Algorithm failed at step: 0 with domain at load factor 905.67
OpenSees > analyze failed, returned: -3 error flag
WARNING: CTestNormDispIncr::test() - failed to converge 
after: 50 iterations  current Norm: 1.62929e+71 (max: 1e-06, Norm deltaR: 1.58834e+75)
ModifiedNewton::solveCurrentStep() -the ConvergenceTest object failed in test()
StaticAnalysis::analyze() - the Algorithm failed at step: 0 with domain at load factor 1.18371e+70
OpenSees > analyze failed, returned: -3 error flag
WARNING ZeroLength::setDomain(): Element 5000187 has L= 62.8097, which is greater than the tolerance
WARNING: CTestNormDispIncr::test() - failed to converge 
after: 50 iterations  current Norm: 14070.5 (max: 1e-06, Norm deltaR: 6.38991e+08)
NewtonRaphson::solveCurrentStep() -the ConvergenceTest object failed in test()
StaticAnalysis::analyze() - the Algorithm failed at step: 0 with domain at load factor 611.147
OpenSees > analyze failed, returned: -3 error flag
WARNING ZeroLength::setDomain(): Element 5000188 has L= 29.3348, which is greater than the tolerance
WARNING ZeroLength::setDomain(): Element 5000189 has L= 50.3321, which is greater than the tolerance
WARNING ZeroLength::setDomain(): Element 5000190 has L= 62.4929, which is greater than the tolerance
WARNING ZeroLength::setDomain(): Element 5000191 has L= 56.8478, which is greater than the tolerance
WARNING ZeroLength::setDomain(): Element 5000192 has L= 34.3777, which is greater than the tolerance
WARNING ZeroLength::setDomain(): Element 5000193 has L= 53.7843, which is greater than the tolerance
WARNING ZeroLength::setDomain(): Element 5000194 has L= 26.8261, which is greater than the tolerance
WARNING ZeroLength::setDomain(): Element 5000195 has L= 15.6579, which is greater than the tolerance
WARNING ZeroLength::setDomain(): Element 5000196 has L= 48.6029, which is greater than the tolerance
WARNING ZeroLength::setDomain(): Element 5000197 has L= 33.1204, which is greater than the tolerance
WARNING ZeroLength::setDomain(): Element 5000198 has L= 51.183, which is greater than the tolerance
