WARNING ZeroLength::setDomain(): Element 5000001 has L= 2.44412, which is greater than the tolerance
WARNING ZeroLength::setDomain(): Element 5000002 has L= 2.19056, which is greater than the tolerance
WARNING ZeroLength::setDomain(): Element 5000003 has L= 1.78522, which is greater than the tolerance
WARNING ZeroLength::setDomain(): Element 5000004 has L= 1.78687, which is greater than the tolerance
WARNING ZeroLength::setDomain(): Element 5000005 has L= 1.72218, which is greater than the tolerance
WARNING ZeroLength::setDomain(): Element 5000006 has L= 1.72218, which is greater than the tolerance
WARNING ZeroLength::setDomain(): Element 5000007 has L= 1.78687, which is greater than the tolerance
WARNING ZeroLength::setDomain(): Element 5000008 has L= 1.78522, which is greater than the tolerance
WARNING ZeroLength::setDomain(): Element 5000009 has L= 2.19056, which is greater than the tolerance
WARNING ZeroLength::setDomain(): Element 5000010 has L= 2.44412, which is greater than the tolerance
WARNING ZeroLength::setDomain(): Element 5000011 has L= 2.29743, which is greater than the tolerance
WARNING ZeroLength::setDomain(): Element 5000012 has L= 2.15891, which is greater than the tolerance
WARNING ZeroLength::setDomain(): Element 5000013 has L= 1.90011, which is greater than the tolerance
WARNING ZeroLength::setDomain(): Element 5000014 has L= 1.92573, which is greater than the tolerance
WARNING ZeroLength::setDomain(): Element 5000015 has L= 1.91343, which is greater than the tolerance
WARNING ZeroLength::setDomain(): Element 5000016 has L= 1.91343, which is greater than the tolerance
WARNING ZeroLength::setDomain(): Element 5000017 has L= 1.92573, which is greater than the tolerance
WARNING ZeroLength::setDomain(): Element 5000018 has L= 1.90011, which is greater than the tolerance
WARNING ZeroLength::setDomain(): Element 5000019 has L= 2.15891, which is greater than the tolerance
WARNING ZeroLength::setDomain(): Element 5000020 has L= 2.29743, which is greater than the tolerance
WARNING ZeroLength::setDomain(): Element 5000021 has L= 2.23233, which is greater than the tolerance
WARNING ZeroLength::setDomain(): Element 5000022 has L= 2.19212, which is greater than the tolerance
WARNING ZeroLength::setDomain(): Element 5000023 has L= 2.07393, which is greater than the tolerance
WARNING ZeroLength::setDomain(): Element 5000024 has L= 2.13873, which is greater than the tolerance
WARNING ZeroLength::setDomain(): Element 5000025 has L= 2.1756, which is greater than the tolerance
WARNING ZeroLength::setDomain(): Element 5000026 has L= 2.1756, which is greater than the tolerance
WARNING ZeroLength::setDomain(): Element 5000027 has L= 2.13873, which is greater than the tolerance
WARNING ZeroLength::setDomain(): Element 5000028 has L= 2.07393, which is greater than the tolerance
WARNING ZeroLength::setDomain(): Element 5000029 has L= 2.19212, which is greater than the tolerance
WARNING ZeroLength::setDomain(): Element 5000030 has L= 2.23233, which is greater than the tolerance
WARNING ZeroLength::setDomain(): Element 5000031 has L= 2.27674, which is greater than the tolerance
WARNING ZeroLength::setDomain(): Element 5000032 has L= 2.28846, which is greater than the tolerance
WARNING ZeroLength::setDomain(): Element 5000033 has L= 2.28757, which is greater than the tolerance
WARNING ZeroLength::setDomain(): Element 5000034 has L= 2.4589, which is greater than the tolerance
WARNING ZeroLength::setDomain(): Element 5000035 has L= 2.59903, which is greater than the tolerance
WARNING ZeroLength::setDomain(): Element 5000036 has L= 2.59903, which is greater than the tolerance
WARNING ZeroLength::setDomain(): Element 5000037 has L= 2.4589, which is greater than the tolerance
WARNING ZeroLength::setDomain(): Element 5000038 has L= 2.28757, which is greater than the tolerance
WARNING ZeroLength::setDomain(): Element 5000039 has L= 2.28846, which is greater than the tolerance
WARNING ZeroLength::setDomain(): Element 5000040 has L= 2.27674, which is greater than the tolerance
WARNING ZeroLength::setDomain(): Element 5000041 has L= 2.33638, which is greater than the tolerance
WARNING ZeroLength::setDomain(): Element 5000042 has L= 2.44421, which is greater than the tolerance
WARNING ZeroLength::setDomain(): Element 5000043 has L= 2.59742, which is greater than the tolerance
WARNING ZeroLength::setDomain(): Element 5000044 has L= 2.76371, which is greater than the tolerance
WARNING ZeroLength::setDomain(): Element 5000045 has L= 2.86932, which is greater than the tolerance
WARNING ZeroLength::setDomain(): Element 5000046 has L= 2.86932, which is greater than the tolerance
WARNING ZeroLength::setDomain(): Element 5000047 has L= 2.76371, which is greater than the tolerance
WARNING ZeroLength::setDomain(): Element 5000048 has L= 2.59742, which is greater than the tolerance
WARNING ZeroLength::setDomain(): Element 5000049 has L= 2.44421, which is greater than the tolerance
WARNING ZeroLength::setDomain(): Element 5000050 has L= 2.33638, which is greater than the tolerance
WARNING ZeroLength::setDomain(): Element 5000051 has L= 2.27228, which is greater than the tolerance
WARNING ZeroLength::setDomain(): Element 5000052 has L= 2.47211, which is greater than the tolerance
WARNING ZeroLength::setDomain(): Element 5000053 has L= 2.77714, which is greater than the tolerance
WARNING ZeroLength::setDomain(): Element 5000054 has L= 2.85366, which is greater than the tolerance
WARNING ZeroLength::setDomain(): Element 5000055 has L= 2.93748, which is greater than the tolerance
WARNING ZeroLength::setDomain(): Element 5000056 has L= 2.93748, which is greater than the tolerance
WARNING ZeroLength::setDomain(): Element 5000057 has L= 2.85366, which is greater than the tolerance
WARNING ZeroLength::setDomain(): Element 5000058 has L= 2.77714, which is greater than the tolerance
WARNING ZeroLength::setDomain(): Element 5000059 has L= 2.47211, which is greater than the tolerance
WARNING ZeroLength::setDomain(): Element 5000060 has L= 2.27228, which is greater than the tolerance
WARNING ZeroLength::setDomain(): Element 5000061 has L= 2.18097, which is greater than the tolerance
WARNING ZeroLength::setDomain(): Element 5000062 has L= 2.33999, which is greater than the tolerance
WARNING ZeroLength::setDomain(): Element 5000063 has L= 2.698, which is greater than the tolerance
WARNING ZeroLength::setDomain(): Element 5000064 has L= 2.80349, which is greater than the tolerance
WARNING ZeroLength::setDomain(): Element 5000065 has L= 2.93379, which is greater than the tolerance
WARNING ZeroLength::setDomain(): Element 5000066 has L= 2.93379, which is greater than the tolerance
WARNING ZeroLength::setDomain(): Element 5000067 has L= 2.80349, which is greater than the tolerance
WARNING ZeroLength::setDomain(): Element 5000068 has L= 2.698, which is greater than the tolerance
WARNING ZeroLength::setDomain(): Element 5000069 has L= 2.33999, which is greater than the tolerance
WARNING ZeroLength::setDomain(): Element 5000070 has L= 2.18097, which is greater than the tolerance
WARNING ZeroLength::setDomain(): Element 5000071 has L= 2.10612, which is greater than the tolerance
WARNING ZeroLength::setDomain(): Element 5000072 has L= 2.26622, which is greater than the tolerance
WARNING ZeroLength::setDomain(): Element 5000073 has L= 2.63554, which is greater than the tolerance
WARNING ZeroLength::setDomain(): Element 5000074 has L= 2.7871, which is greater than the tolerance
WARNING ZeroLength::setDomain(): Element 5000075 has L= 2.89644, which is greater than the tolerance
WARNING ZeroLength::setDomain(): Element 5000076 has L= 2.89644, which is greater than the tolerance
WARNING ZeroLength::setDomain(): Element 5000077 has L= 2.7871, which is greater than the tolerance
WARNING ZeroLength::setDomain(): Element 5000078 has L= 2.63554, which is greater than the tolerance
WARNING ZeroLength::setDomain(): Element 5000079 has L= 2.26622, which is greater than the tolerance
WARNING ZeroLength::setDomain(): Element 5000080 has L= 2.10612, which is greater than the tolerance
WARNING ZeroLength::setDomain(): Element 5000081 has L= 2.07737, which is greater than the tolerance
WARNING ZeroLength::setDomain(): Element 5000082 has L= 2.21057, which is greater than the tolerance
WARNING ZeroLength::setDomain(): Element 5000083 has L= 2.5622, which is greater than the tolerance
WARNING ZeroLength::setDomain(): Element 5000084 has L= 2.74901, which is greater than the tolerance
WARNING ZeroLength::setDomain(): Element 5000085 has L= 2.79506, which is greater than the tolerance
WARNING ZeroLength::setDomain(): Element 5000086 has L= 2.79506, which is greater than the tolerance
WARNING ZeroLength::setDomain(): Element 5000087 has L= 2.74901, which is greater than the tolerance
WARNING ZeroLength::setDomain(): Element 5000088 has L= 2.5622, which is greater than the tolerance
WARNING ZeroLength::setDomain(): Element 5000089 has L= 2.21057, which is greater than the tolerance
WARNING ZeroLength::setDomain(): Element 5000090 has L= 2.07737, which is greater than the tolerance
WARNING: CTestNormDispIncr::test() - failed to converge 
after: 50 iterations  current Norm: 32666.1 (max: 1e-06, Norm deltaR: 1.10266e+09)
NewtonRaphson::solveCurrentStep() -the ConvergenceTest object failed in test()
StaticAnalysis::analyze() - the Algorithm failed at step: 0 with domain at load factor -7293.09
OpenSees > analyze failed, returned: -3 error flag
WARNING: CTestNormDispIncr::test() - failed to converge 
after: 50 iterations  current Norm: 22327.1 (max: 1e-06, Norm deltaR: 6.24698e+08)
NewtonRaphson::solveCurrentStep() -the ConvergenceTest object failed in test()
StaticAnalysis::analyze() - the Algorithm failed at step: 0 with domain at load factor 237.385
OpenSees > analyze failed, returned: -3 error flag
WARNING: CTestNormDispIncr::test() - failed to converge 
after: 50 iterations  current Norm: 6602.07 (max: 1e-06, Norm deltaR: 1.49023e+08)
NewtonLineSearch::solveCurrentStep() -the ConvergenceTest object failed in test()
StaticAnalysis::analyze() - the Algorithm failed at step: 0 with domain at load factor -19593.9
OpenSees > analyze failed, returned: -3 error flag
WARNING: CTestNormDispIncr::test() - failed to converge 
after: 50 iterations  current Norm: 5833.61 (max: 1e-06, Norm deltaR: 1.954e+08)
AcceleratedNewton::solveCurrentStep() -The ConvergenceTest object failed in test()
StaticAnalysis::analyze() - the Algorithm failed at step: 0 with domain at load factor -68.2075
OpenSees > analyze failed, returned: -3 error flag
WARNING: CTestNormDispIncr::test() - failed to converge 
after: 50 iterations  current Norm: 3.0384e+62 (max: 1e-06, Norm deltaR: 1.6306e+66)
ModifiedNewton::solveCurrentStep() -the ConvergenceTest object failed in test()
StaticAnalysis::analyze() - the Algorithm failed at step: 0 with domain at load factor 3.6562e+60
OpenSees > analyze failed, returned: -3 error flag
WARNING: CTestNormDispIncr::test() - failed to converge 
after: 50 iterations  current Norm: 82691.1 (max: 1e-06, Norm deltaR: 1.92272e+09)
NewtonRaphson::solveCurrentStep() -the ConvergenceTest object failed in test()
StaticAnalysis::analyze() - the Algorithm failed at step: 0 with domain at load factor -13213.7
OpenSees > analyze failed, returned: -3 error flag
WARNING: CTestNormDispIncr::test() - failed to converge 
after: 50 iterations  current Norm: 29261.9 (max: 1e-06, Norm deltaR: 8.75196e+07)
NewtonLineSearch::solveCurrentStep() -the ConvergenceTest object failed in test()
StaticAnalysis::analyze() - the Algorithm failed at step: 0 with domain at load factor -525.345
OpenSees > analyze failed, returned: -3 error flag
WARNING: CTestNormDispIncr::test() - failed to converge 
after: 50 iterations  current Norm: 668342 (max: 1e-06, Norm deltaR: 4.75939e+08)
AcceleratedNewton::solveCurrentStep() -The ConvergenceTest object failed in test()
StaticAnalysis::analyze() - the Algorithm failed at step: 0 with domain at load factor 1015.23
OpenSees > analyze failed, returned: -3 error flag
WARNING: CTestNormDispIncr::test() - failed to converge 
after: 50 iterations  current Norm: 5.61133e+90 (max: 1e-06, Norm deltaR: 8.81677e+94)
ModifiedNewton::solveCurrentStep() -the ConvergenceTest object failed in test()
StaticAnalysis::analyze() - the Algorithm failed at step: 0 with domain at load factor 5.26261e+90
OpenSees > analyze failed, returned: -3 error flag
WARNING: CTestNormDispIncr::test() - failed to converge 
after: 50 iterations  current Norm: 23926 (max: 1e-06, Norm deltaR: 4.86238e+08)
NewtonRaphson::solveCurrentStep() -the ConvergenceTest object failed in test()
StaticAnalysis::analyze() - the Algorithm failed at step: 0 with domain at load factor 7137.49
OpenSees > analyze failed, returned: -3 error flag
WARNING: CTestNormDispIncr::test() - failed to converge 
after: 50 iterations  current Norm: 2038.19 (max: 1e-06, Norm deltaR: 9.92024e+07)
NewtonLineSearch::solveCurrentStep() -the ConvergenceTest object failed in test()
StaticAnalysis::analyze() - the Algorithm failed at step: 0 with domain at load factor -2831.45
OpenSees > analyze failed, returned: -3 error flag
WARNING: CTestNormDispIncr::test() - failed to converge 
after: 50 iterations  current Norm: 30720.4 (max: 1e-06, Norm deltaR: 1.14967e+09)
AcceleratedNewton::solveCurrentStep() -The ConvergenceTest object failed in test()
StaticAnalysis::analyze() - the Algorithm failed at step: 0 with domain at load factor 963.73
OpenSees > analyze failed, returned: -3 error flag
WARNING: CTestNormDispIncr::test() - failed to converge 
after: 50 iterations  current Norm: 1.74215e+77 (max: 1e-06, Norm deltaR: 1.24643e+81)
ModifiedNewton::solveCurrentStep() -the ConvergenceTest object failed in test()
StaticAnalysis::analyze() - the Algorithm failed at step: 0 with domain at load factor 2.29553e+77
OpenSees > analyze failed, returned: -3 error flag
WARNING: CTestNormDispIncr::test() - failed to converge 
after: 50 iterations  current Norm: 29482.4 (max: 1e-06, Norm deltaR: 7.05631e+08)
NewtonRaphson::solveCurrentStep() -the ConvergenceTest object failed in test()
StaticAnalysis::analyze() - the Algorithm failed at step: 0 with domain at load factor -3553.87
OpenSees > analyze failed, returned: -3 error flag
WARNING: CTestNormDispIncr::test() - failed to converge 
after: 50 iterations  current Norm: 4493.38 (max: 1e-06, Norm deltaR: 1.65493e+08)
NewtonLineSearch::solveCurrentStep() -the ConvergenceTest object failed in test()
StaticAnalysis::analyze() - the Algorithm failed at step: 0 with domain at load factor -5029.47
OpenSees > analyze failed, returned: -3 error flag
WARNING: CTestNormDispIncr::test() - failed to converge 
after: 50 iterations  current Norm: 6458.15 (max: 1e-06, Norm deltaR: 7.07789e+08)
AcceleratedNewton::solveCurrentStep() -The ConvergenceTest object failed in test()
StaticAnalysis::analyze() - the Algorithm failed at step: 0 with domain at load factor 2622.04
OpenSees > analyze failed, returned: -3 error flag
WARNING: CTestNormDispIncr::test() - failed to converge 
after: 50 iterations  current Norm: 3.05562e+68 (max: 1e-06, Norm deltaR: 8.77883e+71)
ModifiedNewton::solveCurrentStep() -the ConvergenceTest object failed in test()
StaticAnalysis::analyze() - the Algorithm failed at step: 0 with domain at load factor -1.24043e+67
OpenSees > analyze failed, returned: -3 error flag
WARNING: CTestNormDispIncr::test() - failed to converge 
after: 50 iterations  current Norm: 21701.3 (max: 1e-06, Norm deltaR: 6.26464e+08)
NewtonRaphson::solveCurrentStep() -the ConvergenceTest object failed in test()
StaticAnalysis::analyze() - the Algorithm failed at step: 0 with domain at load factor -7472.37
OpenSees > analyze failed, returned: -3 error flag
WARNING: CTestNormDispIncr::test() - failed to converge 
after: 50 iterations  current Norm: 4469.16 (max: 1e-06, Norm deltaR: 1.89479e+08)
NewtonLineSearch::solveCurrentStep() -the ConvergenceTest object failed in test()
StaticAnalysis::analyze() - the Algorithm failed at step: 0 with domain at load factor 5292.86
OpenSees > analyze failed, returned: -3 error flag
WARNING: CTestNormDispIncr::test() - failed to converge 
after: 50 iterations  current Norm: 75410.5 (max: 1e-06, Norm deltaR: 4.94022e+09)
AcceleratedNewton::solveCurrentStep() -The ConvergenceTest object failed in test()
StaticAnalysis::analyze() - the Algorithm failed at step: 0 with domain at load factor -4835.67
OpenSees > analyze failed, returned: -3 error flag
WARNING: CTestNormDispIncr::test() - failed to converge 
after: 50 iterations  current Norm: 9.59318e+71 (max: 1e-06, Norm deltaR: 2.76096e+75)
ModifiedNewton::solveCurrentStep() -the ConvergenceTest object failed in test()
StaticAnalysis::analyze() - the Algorithm failed at step: 0 with domain at load factor -5.09958e+70
OpenSees > analyze failed, returned: -3 error flag
WARNING: CTestNormDispIncr::test() - failed to converge 
after: 50 iterations  current Norm: 24257.5 (max: 1e-06, Norm deltaR: 3.65639e+08)
NewtonRaphson::solveCurrentStep() -the ConvergenceTest object failed in test()
StaticAnalysis::analyze() - the Algorithm failed at step: 0 with domain at load factor 6971.08
OpenSees > analyze failed, returned: -3 error flag
WARNING: CTestNormDispIncr::test() - failed to converge 
after: 50 iterations  current Norm: 66742 (max: 1e-06, Norm deltaR: 2.03993e+09)
NewtonRaphson::solveCurrentStep() -the ConvergenceTest object failed in test()
StaticAnalysis::analyze() - the Algorithm failed at step: 0 with domain at load factor -6049.36
OpenSees > analyze failed, returned: -3 error flag
WARNING: CTestNormDispIncr::test() - failed to converge 
after: 50 iterations  current Norm: 12.0849 (max: 1e-06, Norm deltaR: 1.94598e+06)
NewtonLineSearch::solveCurrentStep() -the ConvergenceTest object failed in test()
StaticAnalysis::analyze() - the Algorithm failed at step: 0 with domain at load factor 378.298
OpenSees > analyze failed, returned: -3 error flag
WARNING: CTestNormDispIncr::test() - failed to converge 
after: 50 iterations  current Norm: 10683.8 (max: 1e-06, Norm deltaR: 4.74908e+08)
AcceleratedNewton::solveCurrentStep() -The ConvergenceTest object failed in test()
StaticAnalysis::analyze() - the Algorithm failed at step: 0 with domain at load factor -351.542
OpenSees > analyze failed, returned: -3 error flag
WARNING: CTestNormDispIncr::test() - failed to converge 
after: 50 iterations  current Norm: 9.2605e+69 (max: 1e-06, Norm deltaR: 2.93827e+73)
ModifiedNewton::solveCurrentStep() -the ConvergenceTest object failed in test()
StaticAnalysis::analyze() - the Algorithm failed at step: 0 with domain at load factor -3.37867e+68
OpenSees > analyze failed, returned: -3 error flag
WARNING: CTestNormDispIncr::test() - failed to converge 
after: 50 iterations  current Norm: 74809.4 (max: 1e-06, Norm deltaR: 4.58357e+08)
NewtonRaphson::solveCurrentStep() -the ConvergenceTest object failed in test()
StaticAnalysis::analyze() - the Algorithm failed at step: 0 with domain at load factor 427.411
OpenSees > analyze failed, returned: -3 error flag
WARNING ZeroLength::setDomain(): Element 5000091 has L= 7.91436, which is greater than the tolerance
WARNING: CTestNormDispIncr::test() - failed to converge 
after: 50 iterations  current Norm: 29256.1 (max: 1e-06, Norm deltaR: 1.74956e+08)
NewtonRaphson::solveCurrentStep() -the ConvergenceTest object failed in test()
StaticAnalysis::analyze() - the Algorithm failed at step: 0 with domain at load factor 70.207
OpenSees > analyze failed, returned: -3 error flag
WARNING ZeroLength::setDomain(): Element 5000092 has L= 8.07224, which is greater than the tolerance
WARNING ZeroLength::setDomain(): Element 5000093 has L= 7.76849, which is greater than the tolerance
WARNING ZeroLength::setDomain(): Element 5000094 has L= 52.3246, which is greater than the tolerance
WARNING ZeroLength::setDomain(): Element 5000095 has L= 56.074, which is greater than the tolerance
WARNING ZeroLength::setDomain(): Element 5000096 has L= 7.91436, which is greater than the tolerance
WARNING ZeroLength::setDomain(): Element 5000097 has L= 8.22474, which is greater than the tolerance
WARNING ZeroLength::setDomain(): Element 5000098 has L= 21.0755, which is greater than the tolerance
WARNING ZeroLength::setDomain(): Element 5000099 has L= 56.3282, which is greater than the tolerance
WARNING ZeroLength::setDomain(): Element 5000100 has L= 7.61348, which is greater than the tolerance
WARNING ZeroLength::setDomain(): Element 5000101 has L= 21.4796, which is greater than the tolerance
WARNING ZeroLength::setDomain(): Element 5000102 has L= 54.534, which is greater than the tolerance
WARNING ZeroLength::setDomain(): Element 5000103 has L= 10.5183, which is greater than the tolerance
WARNING ZeroLength::setDomain(): Element 5000104 has L= 11.0103, which is greater than the tolerance
WARNING ZeroLength::setDomain(): Element 5000105 has L= 17.4149, which is greater than the tolerance
WARNING ZeroLength::setDomain(): Element 5000106 has L= 17.0064, which is greater than the tolerance
WARNING ZeroLength::setDomain(): Element 5000107 has L= 7.76849, which is greater than the tolerance
WARNING: CTestNormDispIncr::test() - failed to converge 
after: 50 iterations  current Norm: 67186.3 (max: 1e-06, Norm deltaR: 1.36389e+09)
NewtonRaphson::solveCurrentStep() -the ConvergenceTest object failed in test()
StaticAnalysis::analyze() - the Algorithm failed at step: 0 with domain at load factor 3281.98
OpenSees > analyze failed, returned: -3 error flag
WARNING: CTestNormDispIncr::test() - failed to converge 
after: 50 iterations  current Norm: 2161.98 (max: 1e-06, Norm deltaR: 1.37986e+08)
NewtonLineSearch::solveCurrentStep() -the ConvergenceTest object failed in test()
StaticAnalysis::analyze() - the Algorithm failed at step: 0 with domain at load factor 917.886
OpenSees > analyze failed, returned: -3 error flag
WARNING: CTestNormDispIncr::test() - failed to converge 
after: 50 iterations  current Norm: 169758 (max: 1e-06, Norm deltaR: 1.07774e+09)
AcceleratedNewton::solveCurrentStep() -The ConvergenceTest object failed in test()
StaticAnalysis::analyze() - the Algorithm failed at step: 0 with domain at load factor -4041.64
OpenSees > analyze failed, returned: -3 error flag
WARNING: CTestNormDispIncr::test() - failed to converge 
after: 50 iterations  current Norm: 2.81248e+86 (max: 1e-06, Norm deltaR: 2.88196e+90)
ModifiedNewton::solveCurrentStep() -the ConvergenceTest object failed in test()
StaticAnalysis::analyze() - the Algorithm failed at step: 0 with domain at load factor -1.06926e+85
OpenSees > analyze failed, returned: -3 error flag
WARNING: CTestNormDispIncr::test() - failed to converge 
after: 50 iterations  current Norm: 32815.4 (max: 1e-06, Norm deltaR: 3.22896e+08)
NewtonRaphson::solveCurrentStep() -the ConvergenceTest object failed in test()
StaticAnalysis::analyze() - the Algorithm failed at step: 0 with domain at load factor 10852
OpenSees > analyze failed, returned: -3 error flag
WARNING ZeroLength::setDomain(): Element 5000108 has L= 10.2503, which is greater than the tolerance
WARNING: CTestNormDispIncr::test() - failed to converge 
after: 50 iterations  current Norm: 426816 (max: 1e-06, Norm deltaR: 1.14527e+10)
NewtonRaphson::solveCurrentStep() -the ConvergenceTest object failed in test()
StaticAnalysis::analyze() - the Algorithm failed at step: 0 with domain at load factor 25819
OpenSees > analyze failed, returned: -3 error flag
WARNING ZeroLength::setDomain(): Element 5000109 has L= 18.1954, which is greater than the tolerance
WARNING ZeroLength::setDomain(): Element 5000110 has L= 17.8195, which is greater than the tolerance
WARNING ZeroLength::setDomain(): Element 5000111 has L= 22.4379, which is greater than the tolerance
WARNING ZeroLength::setDomain(): Element 5000112 has L= 21.9284, which is greater than the tolerance
WARNING ZeroLength::setDomain(): Element 5000113 has L= 7.61348, which is greater than the tolerance
WARNING ZeroLength::setDomain(): Element 5000114 has L= 56.308, which is greater than the tolerance
WARNING ZeroLength::setDomain(): Element 5000115 has L= 16.315, which is greater than the tolerance
WARNING ZeroLength::setDomain(): Element 5000116 has L= 59.7472, which is greater than the tolerance
WARNING ZeroLength::setDomain(): Element 5000117 has L= 7.43917, which is greater than the tolerance
WARNING: CTestNormDispIncr::test() - failed to converge 
after: 50 iterations  current Norm: 12574.5 (max: 1e-06, Norm deltaR: 6.0882e+08)
NewtonRaphson::solveCurrentStep() -the ConvergenceTest object failed in test()
StaticAnalysis::analyze() - the Algorithm failed at step: 0 with domain at load factor -2217.55
OpenSees > analyze failed, returned: -3 error flag
WARNING ZeroLength::setDomain(): Element 5000118 has L= 16.6579, which is greater than the tolerance
WARNING ZeroLength::setDomain(): Element 5000119 has L= 20.6821, which is greater than the tolerance
WARNING ZeroLength::setDomain(): Element 5000120 has L= 9.99609, which is greater than the tolerance
WARNING ZeroLength::setDomain(): Element 5000121 has L= 21.9284, which is greater than the tolerance
WARNING ZeroLength::setDomain(): Element 5000122 has L= 10.7682, which is greater than the tolerance
WARNING ZeroLength::setDomain(): Element 5000123 has L= 7.43917, which is greater than the tolerance
WARNING ZeroLength::setDomain(): Element 5000124 has L= 8.39304, which is greater than the tolerance
WARNING ZeroLength::setDomain(): Element 5000125 has L= 58.9719, which is greater than the tolerance
WARNING ZeroLength::setDomain(): Element 5000126 has L= 16.0091, which is greater than the tolerance
WARNING ZeroLength::setDomain(): Element 5000127 has L= 9.99609, which is greater than the tolerance
WARNING ZeroLength::setDomain(): Element 5000128 has L= 7.28393, which is greater than the tolerance
WARNING ZeroLength::setDomain(): Element 5000129 has L= 17.0064, which is greater than the tolerance
WARNING ZeroLength::setDomain(): Element 5000130 has L= 61.6774, which is greater than the tolerance
WARNING ZeroLength::setDomain(): Element 5000131 has L= 16.315, which is greater than the tolerance
WARNING ZeroLength::setDomain(): Element 5000132 has L= 5.93299, which is greater than the tolerance
WARNING ZeroLength::setDomain(): Element 5000133 has L= 9.7687, which is greater than the tolerance
WARNING ZeroLength::setDomain(): Element 5000134 has L= 8.07224, which is greater than the tolerance
WARNING ZeroLength::setDomain(): Element 5000135 has L= 10.2503, which is greater than the tolerance
WARNING ZeroLength::setDomain(): Element 5000136 has L= 18.5318, which is greater than the tolerance
WARNING ZeroLength::setDomain(): Element 5000137 has L= 21.0755, which is greater than the tolerance
WARNING ZeroLength::setDomain(): Element 5000138 has L= 16.6579, which is greater than the tolerance
WARNING ZeroLength::setDomain(): Element 5000139 has L= 34.4155, which is greater than the tolerance
WARNING ZeroLength::setDomain(): Element 5000140 has L= 20.6821, which is greater than the tolerance
WARNING ZeroLength::setDomain(): Element 5000141 has L= 10.5183, which is greater than the tolerance
WARNING ZeroLength::setDomain(): Element 5000142 has L= 7.28393, which is greater than the tolerance
WARNING ZeroLength::setDomain(): Element 5000143 has L= 9.7687, which is greater than the tolerance
WARNING ZeroLength::setDomain(): Element 5000144 has L= 7.16633, which is greater than the tolerance
WARNING ZeroLength::setDomain(): Element 5000145 has L= 21.4796, which is greater than the tolerance
WARNING ZeroLength::setDomain(): Element 5000146 has L= 57.5067, which is greater than the tolerance
WARNING ZeroLength::setDomain(): Element 5000147 has L= 66.4526, which is greater than the tolerance
WARNING ZeroLength::setDomain(): Element 5000148 has L= 8.59205, which is greater than the tolerance
WARNING ZeroLength::setDomain(): Element 5000149 has L= 28.0795, which is greater than the tolerance
WARNING ZeroLength::setDomain(): Element 5000150 has L= 28.79, which is greater than the tolerance
WARNING ZeroLength::setDomain(): Element 5000151 has L= 9.5637, which is greater than the tolerance
WARNING ZeroLength::setDomain(): Element 5000152 has L= 35.0986, which is greater than the tolerance
WARNING ZeroLength::setDomain(): Element 5000153 has L= 59.988, which is greater than the tolerance
WARNING ZeroLength::setDomain(): Element 5000154 has L= 8.94687, which is greater than the tolerance
WARNING ZeroLength::setDomain(): Element 5000155 has L= 49.7482, which is greater than the tolerance
WARNING ZeroLength::setDomain(): Element 5000156 has L= 62.9141, which is greater than the tolerance
WARNING ZeroLength::setDomain(): Element 5000157 has L= 22.4379, which is greater than the tolerance
WARNING ZeroLength::setDomain(): Element 5000158 has L= 54.1414, which is greater than the tolerance
WARNING ZeroLength::setDomain(): Element 5000159 has L= 50.3731, which is greater than the tolerance
WARNING ZeroLength::setDomain(): Element 5000160 has L= 15.6964, which is greater than the tolerance
WARNING ZeroLength::setDomain(): Element 5000161 has L= 55.7254, which is greater than the tolerance
WARNING ZeroLength::setDomain(): Element 5000162 has L= 58.0861, which is greater than the tolerance
WARNING ZeroLength::setDomain(): Element 5000163 has L= 49.2608, which is greater than the tolerance
WARNING ZeroLength::setDomain(): Element 5000164 has L= 61.5663, which is greater than the tolerance
WARNING ZeroLength::setDomain(): Element 5000165 has L= 16.0091, which is greater than the tolerance
WARNING ZeroLength::setDomain(): Element 5000166 has L= 34.4155, which is greater than the tolerance
WARNING ZeroLength::setDomain(): Element 5000167 has L= 51.4562, which is greater than the tolerance
WARNING ZeroLength::setDomain(): Element 5000168 has L= 20.2574, which is greater than the tolerance
WARNING ZeroLength::setDomain(): Element 5000169 has L= 35.0986, which is greater than the tolerance
WARNING ZeroLength::setDomain(): Element 5000170 has L= 7.08052, which is greater than the tolerance
WARNING ZeroLength::setDomain(): Element 5000171 has L= 8.78899, which is greater than the tolerance
WARNING ZeroLength::setDomain(): Element 5000172 has L= 57.8173, which is greater than the tolerance
WARNING ZeroLength::setDomain(): Element 5000173 has L= 26.8646, which is greater than the tolerance
WARNING ZeroLength::setDomain(): Element 5000174 has L= 56.0981, which is greater than the tolerance
WARNING ZeroLength::setDomain(): Element 5000175 has L= 20.2574, which is greater than the tolerance
WARNING ZeroLength::setDomain(): Element 5000176 has L= 64.9948, which is greater than the tolerance
WARNING ZeroLength::setDomain(): Element 5000177 has L= 33.808, which is greater than the tolerance
WARNING ZeroLength::setDomain(): Element 5000178 has L= 35.8095, which is greater than the tolerance
WARNING ZeroLength::setDomain(): Element 5000179 has L= 33.808, which is greater than the tolerance
WARNING ZeroLength::setDomain(): Element 5000180 has L= 29.3733, which is greater than the tolerance
WARNING ZeroLength::setDomain(): Element 5000181 has L= 27.441, which is greater than the tolerance
WARNING ZeroLength::setDomain(): Element 5000182 has L= 35.8095, which is greater than the tolerance
WARNING ZeroLength::setDomain(): Element 5000183 has L= 67.9774, which is greater than the tolerance
WARNING ZeroLength::setDomain(): Element 5000184 has L= 50.1745, which is greater than the tolerance
WARNING ZeroLength::setDomain(): Element 5000185 has L= 25.6905, which is greater than the tolerance
WARNING ZeroLength::setDomain(): Element 5000186 has L= 15.6964, which is greater than the tolerance
WARNING ZeroLength::setDomain(): Element 5000187 has L= 60.2066, which is greater than the tolerance
WARNING ZeroLength::setDomain(): Element 5000188 has L= 26.2859, which is greater than the tolerance
WARNING ZeroLength::setDomain(): Element 5000189 has L= 59.2238, which is greater than the tolerance
WARNING ZeroLength::setDomain(): Element 5000190 has L= 8.94183, which is greater than the tolerance
WARNING: CTestNormDispIncr::test() - failed to converge 
after: 50 iterations  current Norm: 41250.8 (max: 1e-06, Norm deltaR: 9.66154e+08)
NewtonRaphson::solveCurrentStep() -the ConvergenceTest object failed in test()
StaticAnalysis::analyze() - the Algorithm failed at step: 0 with domain at load factor -4403.74
OpenSees > analyze failed, returned: -3 error flag
WARNING ZeroLength::setDomain(): Element 5000191 has L= 17.4149, which is greater than the tolerance
WARNING ZeroLength::setDomain(): Element 5000192 has L= 57.7057, which is greater than the tolerance
WARNING ZeroLength::setDomain(): Element 5000193 has L= 59.8664, which is greater than the tolerance
WARNING ZeroLength::setDomain(): Element 5000194 has L= 62.4136, which is greater than the tolerance
WARNING ZeroLength::setDomain(): Element 5000195 has L= 8.22474, which is greater than the tolerance
WARNING ZeroLength::setDomain(): Element 5000196 has L= 62.0196, which is greater than the tolerance
WARNING ZeroLength::setDomain(): Element 5000197 has L= 36.4905, which is greater than the tolerance
WARNING ZeroLength::setDomain(): Element 5000198 has L= 22.859, which is greater than the tolerance
WARNING ZeroLength::setDomain(): Element 5000199 has L= 66.3587, which is greater than the tolerance
WARNING ZeroLength::setDomain(): Element 5000200 has L= 52.9693, which is greater than the tolerance
