WARNING ZeroLength::setDomain(): Element 5000001 has L= 2.49409, which is greater than the tolerance
WARNING ZeroLength::setDomain(): Element 5000002 has L= 2.24069, which is greater than the tolerance
WARNING ZeroLength::setDomain(): Element 5000003 has L= 1.83544, which is greater than the tolerance
WARNING ZeroLength::setDomain(): Element 5000004 has L= 1.83709, which is greater than the tolerance
WARNING ZeroLength::setDomain(): Element 5000005 has L= 1.77242, which is greater than the tolerance
WARNING ZeroLength::setDomain(): Element 5000006 has L= 1.77242, which is greater than the tolerance
WARNING ZeroLength::setDomain(): Element 5000007 has L= 1.83709, which is greater than the tolerance
WARNING ZeroLength::setDomain(): Element 5000008 has L= 1.83544, which is greater than the tolerance
WARNING ZeroLength::setDomain(): Element 5000009 has L= 2.24069, which is greater than the tolerance
WARNING ZeroLength::setDomain(): Element 5000010 has L= 2.49409, which is greater than the tolerance
WARNING ZeroLength::setDomain(): Element 5000011 has L= 2.34738, which is greater than the tolerance
WARNING ZeroLength::setDomain(): Element 5000012 has L= 2.20907, which is greater than the tolerance
WARNING ZeroLength::setDomain(): Element 5000013 has L= 1.95034, which is greater than the tolerance
WARNING ZeroLength::setDomain(): Element 5000014 has L= 1.97597, which is greater than the tolerance
WARNING ZeroLength::setDomain(): Element 5000015 has L= 1.96368, which is greater than the tolerance
WARNING ZeroLength::setDomain(): Element 5000016 has L= 1.96368, which is greater than the tolerance
WARNING ZeroLength::setDomain(): Element 5000017 has L= 1.97597, which is greater than the tolerance
WARNING ZeroLength::setDomain(): Element 5000018 has L= 1.95034, which is greater than the tolerance
WARNING ZeroLength::setDomain(): Element 5000019 has L= 2.20907, which is greater than the tolerance
WARNING ZeroLength::setDomain(): Element 5000020 has L= 2.34738, which is greater than the tolerance
WARNING ZeroLength::setDomain(): Element 5000021 has L= 2.28234, which is greater than the tolerance
WARNING ZeroLength::setDomain(): Element 5000022 has L= 2.24232, which is greater than the tolerance
WARNING ZeroLength::setDomain(): Element 5000023 has L= 2.12417, which is greater than the tolerance
WARNING ZeroLength::setDomain(): Element 5000024 has L= 2.18897, which is greater than the tolerance
WARNING ZeroLength::setDomain(): Element 5000025 has L= 2.22585, which is greater than the tolerance
WARNING ZeroLength::setDomain(): Element 5000026 has L= 2.22585, which is greater than the tolerance
WARNING ZeroLength::setDomain(): Element 5000027 has L= 2.18897, which is greater than the tolerance
WARNING ZeroLength::setDomain(): Element 5000028 has L= 2.12417, which is greater than the tolerance
WARNING ZeroLength::setDomain(): Element 5000029 has L= 2.24232, which is greater than the tolerance
WARNING ZeroLength::setDomain(): Element 5000030 has L= 2.28234, which is greater than the tolerance
WARNING ZeroLength::setDomain(): Element 5000031 has L= 2.3269, which is greater than the tolerance
WARNING ZeroLength::setDomain(): Element 5000032 has L= 2.33869, which is greater than the tolerance
WARNING ZeroLength::setDomain(): Element 5000033 has L= 2.33781, which is greater than the tolerance
WARNING ZeroLength::setDomain(): Element 5000034 has L= 2.50914, which is greater than the tolerance
WARNING ZeroLength::setDomain(): Element 5000035 has L= 2.64927, which is greater than the tolerance
WARNING ZeroLength::setDomain(): Element 5000036 has L= 2.64927, which is greater than the tolerance
WARNING ZeroLength::setDomain(): Element 5000037 has L= 2.50914, which is greater than the tolerance
WARNING ZeroLength::setDomain(): Element 5000038 has L= 2.33781, which is greater than the tolerance
WARNING ZeroLength::setDomain(): Element 5000039 has L= 2.33869, which is greater than the tolerance
WARNING ZeroLength::setDomain(): Element 5000040 has L= 2.3269, which is greater than the tolerance
WARNING ZeroLength::setDomain(): Element 5000041 has L= 2.3866, which is greater than the tolerance
WARNING ZeroLength::setDomain(): Element 5000042 has L= 2.49444, which is greater than the tolerance
WARNING ZeroLength::setDomain(): Element 5000043 has L= 2.64766, which is greater than the tolerance
WARNING ZeroLength::setDomain(): Element 5000044 has L= 2.81395, which is greater than the tolerance
WARNING ZeroLength::setDomain(): Element 5000045 has L= 2.91956, which is greater than the tolerance
WARNING ZeroLength::setDomain(): Element 5000046 has L= 2.91956, which is greater than the tolerance
WARNING ZeroLength::setDomain(): Element 5000047 has L= 2.81395, which is greater than the tolerance
WARNING ZeroLength::setDomain(): Element 5000048 has L= 2.64766, which is greater than the tolerance
WARNING ZeroLength::setDomain(): Element 5000049 has L= 2.49444, which is greater than the tolerance
WARNING ZeroLength::setDomain(): Element 5000050 has L= 2.3866, which is greater than the tolerance
WARNING ZeroLength::setDomain(): Element 5000051 has L= 2.3225, which is greater than the tolerance
WARNING ZeroLength::setDomain(): Element 5000052 has L= 2.52235, which is greater than the tolerance
WARNING ZeroLength::setDomain(): Element 5000053 has L= 2.82738, which is greater than the tolerance
WARNING ZeroLength::setDomain(): Element 5000054 has L= 2.9039, which is greater than the tolerance
WARNING ZeroLength::setDomain(): Element 5000055 has L= 2.98772, which is greater than the tolerance
WARNING ZeroLength::setDomain(): Element 5000056 has L= 2.98772, which is greater than the tolerance
WARNING ZeroLength::setDomain(): Element 5000057 has L= 2.9039, which is greater than the tolerance
WARNING ZeroLength::setDomain(): Element 5000058 has L= 2.82738, which is greater than the tolerance
WARNING ZeroLength::setDomain(): Element 5000059 has L= 2.52235, which is greater than the tolerance
WARNING ZeroLength::setDomain(): Element 5000060 has L= 2.3225, which is greater than the tolerance
WARNING ZeroLength::setDomain(): Element 5000061 has L= 2.23118, which is greater than the tolerance
WARNING ZeroLength::setDomain(): Element 5000062 has L= 2.39023, which is greater than the tolerance
WARNING ZeroLength::setDomain(): Element 5000063 has L= 2.74824, which is greater than the tolerance
WARNING ZeroLength::setDomain(): Element 5000064 has L= 2.85373, which is greater than the tolerance
WARNING ZeroLength::setDomain(): Element 5000065 has L= 2.98403, which is greater than the tolerance
WARNING ZeroLength::setDomain(): Element 5000066 has L= 2.98403, which is greater than the tolerance
WARNING ZeroLength::setDomain(): Element 5000067 has L= 2.85373, which is greater than the tolerance
WARNING ZeroLength::setDomain(): Element 5000068 has L= 2.74824, which is greater than the tolerance
WARNING ZeroLength::setDomain(): Element 5000069 has L= 2.39023, which is greater than the tolerance
WARNING ZeroLength::setDomain(): Element 5000070 has L= 2.23118, which is greater than the tolerance
WARNING ZeroLength::setDomain(): Element 5000071 has L= 2.15632, which is greater than the tolerance
WARNING ZeroLength::setDomain(): Element 5000072 has L= 2.31646, which is greater than the tolerance
WARNING ZeroLength::setDomain(): Element 5000073 has L= 2.68578, which is greater than the tolerance
WARNING ZeroLength::setDomain(): Element 5000074 has L= 2.83734, which is greater than the tolerance
WARNING ZeroLength::setDomain(): Element 5000075 has L= 2.94668, which is greater than the tolerance
WARNING ZeroLength::setDomain(): Element 5000076 has L= 2.94668, which is greater than the tolerance
WARNING ZeroLength::setDomain(): Element 5000077 has L= 2.83734, which is greater than the tolerance
WARNING ZeroLength::setDomain(): Element 5000078 has L= 2.68578, which is greater than the tolerance
WARNING ZeroLength::setDomain(): Element 5000079 has L= 2.31646, which is greater than the tolerance
WARNING ZeroLength::setDomain(): Element 5000080 has L= 2.15632, which is greater than the tolerance
WARNING ZeroLength::setDomain(): Element 5000081 has L= 2.12759, which is greater than the tolerance
WARNING ZeroLength::setDomain(): Element 5000082 has L= 2.26081, which is greater than the tolerance
WARNING ZeroLength::setDomain(): Element 5000083 has L= 2.61244, which is greater than the tolerance
WARNING ZeroLength::setDomain(): Element 5000084 has L= 2.79925, which is greater than the tolerance
WARNING ZeroLength::setDomain(): Element 5000085 has L= 2.84531, which is greater than the tolerance
WARNING ZeroLength::setDomain(): Element 5000086 has L= 2.84531, which is greater than the tolerance
WARNING ZeroLength::setDomain(): Element 5000087 has L= 2.79925, which is greater than the tolerance
WARNING ZeroLength::setDomain(): Element 5000088 has L= 2.61244, which is greater than the tolerance
WARNING ZeroLength::setDomain(): Element 5000089 has L= 2.26081, which is greater than the tolerance
WARNING ZeroLength::setDomain(): Element 5000090 has L= 2.12759, which is greater than the tolerance
WARNING: CTestNormDispIncr::test() - failed to converge 
after: 50 iterations  current Norm: 334319 (max: 1e-06, Norm deltaR: 7.62716e+09)
NewtonRaphson::solveCurrentStep() -the ConvergenceTest object failed in test()
StaticAnalysis::analyze() - the Algorithm failed at step: 0 with domain at load factor 21407
OpenSees > analyze failed, returned: -3 error flag
WARNING: CTestNormDispIncr::test() - failed to converge 
after: 50 iterations  current Norm: 19320.4 (max: 1e-06, Norm deltaR: 3.61395e+08)
NewtonRaphson::solveCurrentStep() -the ConvergenceTest object failed in test()
StaticAnalysis::analyze() - the Algorithm failed at step: 0 with domain at load factor -625.435
OpenSees > analyze failed, returned: -3 error flag
WARNING: CTestNormDispIncr::test() - failed to converge 
after: 50 iterations  current Norm: 5960.77 (max: 1e-06, Norm deltaR: 2.65603e+08)
NewtonLineSearch::solveCurrentStep() -the ConvergenceTest object failed in test()
StaticAnalysis::analyze() - the Algorithm failed at step: 0 with domain at load factor 2239.42
OpenSees > analyze failed, returned: -3 error flag
WARNING: CTestNormDispIncr::test() - failed to converge 
after: 50 iterations  current Norm: 60546.8 (max: 1e-06, Norm deltaR: 1.6961e+09)
AcceleratedNewton::solveCurrentStep() -The ConvergenceTest object failed in test()
StaticAnalysis::analyze() - the Algorithm failed at step: 0 with domain at load factor -1424.12
OpenSees > analyze failed, returned: -3 error flag
WARNING: CTestNormDispIncr::test() - failed to converge 
after: 50 iterations  current Norm: 3.60423e+68 (max: 1e-06, Norm deltaR: 1.51223e+72)
ModifiedNewton::solveCurrentStep() -the ConvergenceTest object failed in test()
StaticAnalysis::analyze() - the Algorithm failed at step: 0 with domain at load factor 1.27544e+68
OpenSees > analyze failed, returned: -3 error flag
WARNING: CTestNormDispIncr::test() - failed to converge 
after: 50 iterations  current Norm: 126192 (max: 1e-06, Norm deltaR: 3.15828e+08)
NewtonRaphson::solveCurrentStep() -the ConvergenceTest object failed in test()
StaticAnalysis::analyze() - the Algorithm failed at step: 0 with domain at load factor -376.25
OpenSees > analyze failed, returned: -3 error flag
WARNING: CTestNormDispIncr::test() - failed to converge 
after: 50 iterations  current Norm: 5159.44 (max: 1e-06, Norm deltaR: 1.30333e+08)
NewtonLineSearch::solveCurrentStep() -the ConvergenceTest object failed in test()
StaticAnalysis::analyze() - the Algorithm failed at step: 0 with domain at load factor 3291
OpenSees > analyze failed, returned: -3 error flag
WARNING: CTestNormDispIncr::test() - failed to converge 
after: 50 iterations  current Norm: 7898.73 (max: 1e-06, Norm deltaR: 5.43706e+08)
AcceleratedNewton::solveCurrentStep() -The ConvergenceTest object failed in test()
StaticAnalysis::analyze() - the Algorithm failed at step: 0 with domain at load factor 580.066
OpenSees > analyze failed, returned: -3 error flag
WARNING: CTestNormDispIncr::test() - failed to converge 
after: 50 iterations  current Norm: 1.3874e+69 (max: 1e-06, Norm deltaR: 4.30665e+72)
ModifiedNewton::solveCurrentStep() -the ConvergenceTest object failed in test()
StaticAnalysis::analyze() - the Algorithm failed at step: 0 with domain at load factor -9.5323e+67
OpenSees > analyze failed, returned: -3 error flag
WARNING: CTestNormDispIncr::test() - failed to converge 
after: 50 iterations  current Norm: 52325.5 (max: 1e-06, Norm deltaR: 9.56871e+08)
NewtonRaphson::solveCurrentStep() -the ConvergenceTest object failed in test()
StaticAnalysis::analyze() - the Algorithm failed at step: 0 with domain at load factor -4209.47
OpenSees > analyze failed, returned: -3 error flag
WARNING: CTestNormDispIncr::test() - failed to converge 
after: 50 iterations  current Norm: 11550.4 (max: 1e-06, Norm deltaR: 7.44185e+07)
NewtonLineSearch::solveCurrentStep() -the ConvergenceTest object failed in test()
StaticAnalysis::analyze() - the Algorithm failed at step: 0 with domain at load factor -591.381
OpenSees > analyze failed, returned: -3 error flag
WARNING: CTestNormDispIncr::test() - failed to converge 
after: 50 iterations  current Norm: 6659.16 (max: 1e-06, Norm deltaR: 1.2402e+08)
AcceleratedNewton::solveCurrentStep() -The ConvergenceTest object failed in test()
StaticAnalysis::analyze() - the Algorithm failed at step: 0 with domain at load factor -1393.59
OpenSees > analyze failed, returned: -3 error flag
WARNING: CTestNormDispIncr::test() - failed to converge 
after: 50 iterations  current Norm: 4.10778e+65 (max: 1e-06, Norm deltaR: 1.35403e+69)
ModifiedNewton::solveCurrentStep() -the ConvergenceTest object failed in test()
StaticAnalysis::analyze() - the Algorithm failed at step: 0 with domain at load factor -2.91077e+64
OpenSees > analyze failed, returned: -3 error flag
WARNING: CTestNormDispIncr::test() - failed to converge 
after: 50 iterations  current Norm: 36410.6 (max: 1e-06, Norm deltaR: 7.25062e+08)
NewtonRaphson::solveCurrentStep() -the ConvergenceTest object failed in test()
StaticAnalysis::analyze() - the Algorithm failed at step: 0 with domain at load factor -1288.5
OpenSees > analyze failed, returned: -3 error flag
WARNING: CTestNormDispIncr::test() - failed to converge 
after: 50 iterations  current Norm: 23584.8 (max: 1e-06, Norm deltaR: 2.86827e+08)
NewtonLineSearch::solveCurrentStep() -the ConvergenceTest object failed in test()
StaticAnalysis::analyze() - the Algorithm failed at step: 0 with domain at load factor 71805.1
OpenSees > analyze failed, returned: -3 error flag
WARNING: CTestNormDispIncr::test() - failed to converge 
after: 50 iterations  current Norm: 0.00967803 (max: 1e-06, Norm deltaR: 1702.1)
AcceleratedNewton::solveCurrentStep() -The ConvergenceTest object failed in test()
StaticAnalysis::analyze() - the Algorithm failed at step: 0 with domain at load factor 348.023
OpenSees > analyze failed, returned: -3 error flag
WARNING: CTestNormDispIncr::test() - failed to converge 
after: 50 iterations  current Norm: 5.93094e+63 (max: 1e-06, Norm deltaR: 2.18319e+67)
ModifiedNewton::solveCurrentStep() -the ConvergenceTest object failed in test()
StaticAnalysis::analyze() - the Algorithm failed at step: 0 with domain at load factor -4.05911e+62
OpenSees > analyze failed, returned: -3 error flag
WARNING: CTestNormDispIncr::test() - failed to converge 
after: 50 iterations  current Norm: 16771.7 (max: 1e-06, Norm deltaR: 5.36823e+08)
NewtonRaphson::solveCurrentStep() -the ConvergenceTest object failed in test()
StaticAnalysis::analyze() - the Algorithm failed at step: 0 with domain at load factor 2530.89
OpenSees > analyze failed, returned: -3 error flag
WARNING ZeroLength::setDomain(): Element 5000091 has L= 7.97961, which is greater than the tolerance
WARNING ZeroLength::setDomain(): Element 5000092 has L= 8.13749, which is greater than the tolerance
WARNING ZeroLength::setDomain(): Element 5000093 has L= 7.83374, which is greater than the tolerance
WARNING ZeroLength::setDomain(): Element 5000094 has L= 54.7513, which is greater than the tolerance
WARNING ZeroLength::setDomain(): Element 5000095 has L= 8.29, which is greater than the tolerance
WARNING ZeroLength::setDomain(): Element 5000096 has L= 7.97961, which is greater than the tolerance
WARNING ZeroLength::setDomain(): Element 5000097 has L= 21.5411, which is greater than the tolerance
WARNING ZeroLength::setDomain(): Element 5000098 has L= 21.1371, which is greater than the tolerance
WARNING ZeroLength::setDomain(): Element 5000099 has L= 7.67872, which is greater than the tolerance
WARNING ZeroLength::setDomain(): Element 5000100 has L= 7.83374, which is greater than the tolerance
WARNING ZeroLength::setDomain(): Element 5000101 has L= 59.018, which is greater than the tolerance
WARNING ZeroLength::setDomain(): Element 5000102 has L= 51.5369, which is greater than the tolerance
WARNING ZeroLength::setDomain(): Element 5000103 has L= 10.3003, which is greater than the tolerance
WARNING ZeroLength::setDomain(): Element 5000104 has L= 8.13749, which is greater than the tolerance
WARNING ZeroLength::setDomain(): Element 5000105 has L= 50.6024, which is greater than the tolerance
WARNING ZeroLength::setDomain(): Element 5000106 has L= 52.6087, which is greater than the tolerance
WARNING ZeroLength::setDomain(): Element 5000107 has L= 53.6877, which is greater than the tolerance
WARNING ZeroLength::setDomain(): Element 5000108 has L= 10.5683, which is greater than the tolerance
WARNING ZeroLength::setDomain(): Element 5000109 has L= 17.0717, which is greater than the tolerance
WARNING ZeroLength::setDomain(): Element 5000110 has L= 16.3803, which is greater than the tolerance
WARNING: CTestNormDispIncr::test() - failed to converge 
after: 50 iterations  current Norm: 36032.2 (max: 1e-06, Norm deltaR: 1.1761e+09)
NewtonRaphson::solveCurrentStep() -the ConvergenceTest object failed in test()
StaticAnalysis::analyze() - the Algorithm failed at step: 0 with domain at load factor 4255.34
OpenSees > analyze failed, returned: -3 error flag
WARNING ZeroLength::setDomain(): Element 5000111 has L= 17.4802, which is greater than the tolerance
WARNING ZeroLength::setDomain(): Element 5000112 has L= 16.7231, which is greater than the tolerance
WARNING ZeroLength::setDomain(): Element 5000113 has L= 7.67872, which is greater than the tolerance
WARNING ZeroLength::setDomain(): Element 5000114 has L= 17.8848, which is greater than the tolerance
WARNING ZeroLength::setDomain(): Element 5000115 has L= 21.9899, which is greater than the tolerance
WARNING ZeroLength::setDomain(): Element 5000116 has L= 11.0599, which is greater than the tolerance
WARNING: CTestNormDispIncr::test() - failed to converge 
after: 50 iterations  current Norm: 125083 (max: 1e-06, Norm deltaR: 2.22282e+09)
NewtonRaphson::solveCurrentStep() -the ConvergenceTest object failed in test()
StaticAnalysis::analyze() - the Algorithm failed at step: 0 with domain at load factor -12246.1
OpenSees > analyze failed, returned: -3 error flag
WARNING ZeroLength::setDomain(): Element 5000117 has L= 22.4994, which is greater than the tolerance
WARNING ZeroLength::setDomain(): Element 5000118 has L= 55.1429, which is greater than the tolerance
WARNING ZeroLength::setDomain(): Element 5000119 has L= 20.7438, which is greater than the tolerance
WARNING ZeroLength::setDomain(): Element 5000120 has L= 7.5044, which is greater than the tolerance
WARNING ZeroLength::setDomain(): Element 5000121 has L= 18.2606, which is greater than the tolerance
WARNING ZeroLength::setDomain(): Element 5000122 has L= 21.9899, which is greater than the tolerance
WARNING ZeroLength::setDomain(): Element 5000123 has L= 16.0743, which is greater than the tolerance
WARNING ZeroLength::setDomain(): Element 5000124 has L= 10.0463, which is greater than the tolerance
WARNING ZeroLength::setDomain(): Element 5000125 has L= 22.9203, which is greater than the tolerance
WARNING ZeroLength::setDomain(): Element 5000126 has L= 8.45829, which is greater than the tolerance
WARNING ZeroLength::setDomain(): Element 5000127 has L= 17.0717, which is greater than the tolerance
WARNING ZeroLength::setDomain(): Element 5000128 has L= 10.818, which is greater than the tolerance
WARNING ZeroLength::setDomain(): Element 5000129 has L= 16.0743, which is greater than the tolerance
WARNING ZeroLength::setDomain(): Element 5000130 has L= 10.818, which is greater than the tolerance
WARNING ZeroLength::setDomain(): Element 5000131 has L= 7.5044, which is greater than the tolerance
WARNING ZeroLength::setDomain(): Element 5000132 has L= 10.0463, which is greater than the tolerance
WARNING ZeroLength::setDomain(): Element 5000133 has L= 16.3803, which is greater than the tolerance
WARNING ZeroLength::setDomain(): Element 5000134 has L= 16.7231, which is greater than the tolerance
WARNING ZeroLength::setDomain(): Element 5000135 has L= 21.1371, which is greater than the tolerance
WARNING ZeroLength::setDomain(): Element 5000136 has L= 7.34915, which is greater than the tolerance
WARNING ZeroLength::setDomain(): Element 5000137 has L= 62.8293, which is greater than the tolerance
WARNING ZeroLength::setDomain(): Element 5000138 has L= 21.5411, which is greater than the tolerance
WARNING ZeroLength::setDomain(): Element 5000139 has L= 20.7438, which is greater than the tolerance
WARNING ZeroLength::setDomain(): Element 5000140 has L= 9.81916, which is greater than the tolerance
WARNING ZeroLength::setDomain(): Element 5000141 has L= 35.1628, which is greater than the tolerance
WARNING ZeroLength::setDomain(): Element 5000142 has L= 65.5354, which is greater than the tolerance
WARNING ZeroLength::setDomain(): Element 5000143 has L= 10.4514, which is greater than the tolerance
WARNING ZeroLength::setDomain(): Element 5000144 has L= 8.6573, which is greater than the tolerance
WARNING ZeroLength::setDomain(): Element 5000145 has L= 60.9194, which is greater than the tolerance
WARNING ZeroLength::setDomain(): Element 5000146 has L= 18.5971, which is greater than the tolerance
WARNING ZeroLength::setDomain(): Element 5000147 has L= 22.4994, which is greater than the tolerance
WARNING ZeroLength::setDomain(): Element 5000148 has L= 56.1075, which is greater than the tolerance
WARNING ZeroLength::setDomain(): Element 5000149 has L= 70.1832, which is greater than the tolerance
WARNING ZeroLength::setDomain(): Element 5000150 has L= 53.9629, which is greater than the tolerance
WARNING ZeroLength::setDomain(): Element 5000151 has L= 20.3191, which is greater than the tolerance
WARNING ZeroLength::setDomain(): Element 5000152 has L= 7.23154, which is greater than the tolerance
WARNING ZeroLength::setDomain(): Element 5000153 has L= 28.8553, which is greater than the tolerance
WARNING ZeroLength::setDomain(): Element 5000154 has L= 58.0934, which is greater than the tolerance
WARNING ZeroLength::setDomain(): Element 5000155 has L= 34.4797, which is greater than the tolerance
WARNING ZeroLength::setDomain(): Element 5000156 has L= 17.4802, which is greater than the tolerance
WARNING ZeroLength::setDomain(): Element 5000157 has L= 28.1448, which is greater than the tolerance
WARNING ZeroLength::setDomain(): Element 5000158 has L= 34.4797, which is greater than the tolerance
WARNING ZeroLength::setDomain(): Element 5000159 has L= 7.34915, which is greater than the tolerance
WARNING ZeroLength::setDomain(): Element 5000160 has L= 9.81916, which is greater than the tolerance
WARNING ZeroLength::setDomain(): Element 5000161 has L= 9.6145, which is greater than the tolerance
WARNING ZeroLength::setDomain(): Element 5000162 has L= 26.9299, which is greater than the tolerance
WARNING ZeroLength::setDomain(): Element 5000163 has L= 35.8736, which is greater than the tolerance
WARNING ZeroLength::setDomain(): Element 5000164 has L= 8.85424, which is greater than the tolerance
WARNING ZeroLength::setDomain(): Element 5000165 has L= 35.8736, which is greater than the tolerance
WARNING ZeroLength::setDomain(): Element 5000166 has L= 35.1628, which is greater than the tolerance
WARNING ZeroLength::setDomain(): Element 5000167 has L= 33.8722, which is greater than the tolerance
WARNING ZeroLength::setDomain(): Element 5000168 has L= 26.3512, which is greater than the tolerance
WARNING ZeroLength::setDomain(): Element 5000169 has L= 60.4054, which is greater than the tolerance
WARNING ZeroLength::setDomain(): Element 5000170 has L= 15.7617, which is greater than the tolerance
WARNING ZeroLength::setDomain(): Element 5000171 has L= 58.9026, which is greater than the tolerance
WARNING ZeroLength::setDomain(): Element 5000172 has L= 10.3003, which is greater than the tolerance
WARNING ZeroLength::setDomain(): Element 5000173 has L= 10.5683, which is greater than the tolerance
WARNING ZeroLength::setDomain(): Element 5000174 has L= 20.3191, which is greater than the tolerance
WARNING ZeroLength::setDomain(): Element 5000175 has L= 49.9188, which is greater than the tolerance
WARNING ZeroLength::setDomain(): Element 5000176 has L= 7.14573, which is greater than the tolerance
WARNING ZeroLength::setDomain(): Element 5000177 has L= 29.4386, which is greater than the tolerance
WARNING ZeroLength::setDomain(): Element 5000178 has L= 27.5063, which is greater than the tolerance
WARNING ZeroLength::setDomain(): Element 5000179 has L= 50.5559, which is greater than the tolerance
WARNING ZeroLength::setDomain(): Element 5000180 has L= 68.6031, which is greater than the tolerance
WARNING ZeroLength::setDomain(): Element 5000181 has L= 33.8722, which is greater than the tolerance
WARNING ZeroLength::setDomain(): Element 5000182 has L= 57.6612, which is greater than the tolerance
WARNING ZeroLength::setDomain(): Element 5000183 has L= 62.8044, which is greater than the tolerance
WARNING ZeroLength::setDomain(): Element 5000184 has L= 55.8929, which is greater than the tolerance
WARNING ZeroLength::setDomain(): Element 5000185 has L= 59.9877, which is greater than the tolerance
WARNING ZeroLength::setDomain(): Element 5000186 has L= 50.1888, which is greater than the tolerance
WARNING ZeroLength::setDomain(): Element 5000187 has L= 15.7617, which is greater than the tolerance
WARNING ZeroLength::setDomain(): Element 5000188 has L= 61.887, which is greater than the tolerance
WARNING ZeroLength::setDomain(): Element 5000189 has L= 56.7844, which is greater than the tolerance
WARNING ZeroLength::setDomain(): Element 5000190 has L= 50.3631, which is greater than the tolerance
WARNING ZeroLength::setDomain(): Element 5000191 has L= 8.29, which is greater than the tolerance
WARNING ZeroLength::setDomain(): Element 5000192 has L= 25.7557, which is greater than the tolerance
WARNING ZeroLength::setDomain(): Element 5000193 has L= 65.8422, which is greater than the tolerance
WARNING ZeroLength::setDomain(): Element 5000194 has L= 9.00707, which is greater than the tolerance
WARNING ZeroLength::setDomain(): Element 5000195 has L= 22.9203, which is greater than the tolerance
WARNING ZeroLength::setDomain(): Element 5000196 has L= 33.2225, which is greater than the tolerance
WARNING ZeroLength::setDomain(): Element 5000197 has L= 51.6395, which is greater than the tolerance
WARNING ZeroLength::setDomain(): Element 5000198 has L= 36.5546, which is greater than the tolerance
