WARNING ZeroLength::setDomain(): Element 5000001 has L= 2.53427, which is greater than the tolerance
WARNING ZeroLength::setDomain(): Element 5000002 has L= 2.28098, which is greater than the tolerance
WARNING ZeroLength::setDomain(): Element 5000003 has L= 1.87581, which is greater than the tolerance
WARNING ZeroLength::setDomain(): Element 5000004 has L= 1.87745, which is greater than the tolerance
WARNING ZeroLength::setDomain(): Element 5000005 has L= 1.8128, which is greater than the tolerance
WARNING ZeroLength::setDomain(): Element 5000006 has L= 1.8128, which is greater than the tolerance
WARNING ZeroLength::setDomain(): Element 5000007 has L= 1.87745, which is greater than the tolerance
WARNING ZeroLength::setDomain(): Element 5000008 has L= 1.87581, which is greater than the tolerance
WARNING ZeroLength::setDomain(): Element 5000009 has L= 2.28098, which is greater than the tolerance
WARNING ZeroLength::setDomain(): Element 5000010 has L= 2.53427, which is greater than the tolerance
WARNING ZeroLength::setDomain(): Element 5000011 has L= 2.38753, which is greater than the tolerance
WARNING ZeroLength::setDomain(): Element 5000012 has L= 2.24939, which is greater than the tolerance
WARNING ZeroLength::setDomain(): Element 5000013 has L= 1.99071, which is greater than the tolerance
WARNING ZeroLength::setDomain(): Element 5000014 has L= 2.01635, which is greater than the tolerance
WARNING ZeroLength::setDomain(): Element 5000015 has L= 2.00406, which is greater than the tolerance
WARNING ZeroLength::setDomain(): Element 5000016 has L= 2.00406, which is greater than the tolerance
WARNING ZeroLength::setDomain(): Element 5000017 has L= 2.01635, which is greater than the tolerance
WARNING ZeroLength::setDomain(): Element 5000018 has L= 1.99071, which is greater than the tolerance
WARNING ZeroLength::setDomain(): Element 5000019 has L= 2.24939, which is greater than the tolerance
WARNING ZeroLength::setDomain(): Element 5000020 has L= 2.38753, which is greater than the tolerance
WARNING ZeroLength::setDomain(): Element 5000021 has L= 2.32255, which is greater than the tolerance
WARNING ZeroLength::setDomain(): Element 5000022 has L= 2.28266, which is greater than the tolerance
WARNING ZeroLength::setDomain(): Element 5000023 has L= 2.16455, which is greater than the tolerance
WARNING ZeroLength::setDomain(): Element 5000024 has L= 2.22936, which is greater than the tolerance
WARNING ZeroLength::setDomain(): Element 5000025 has L= 2.26623, which is greater than the tolerance
WARNING ZeroLength::setDomain(): Element 5000026 has L= 2.26623, which is greater than the tolerance
WARNING ZeroLength::setDomain(): Element 5000027 has L= 2.22936, which is greater than the tolerance
WARNING ZeroLength::setDomain(): Element 5000028 has L= 2.16455, which is greater than the tolerance
WARNING ZeroLength::setDomain(): Element 5000029 has L= 2.28266, which is greater than the tolerance
WARNING ZeroLength::setDomain(): Element 5000030 has L= 2.32255, which is greater than the tolerance
WARNING ZeroLength::setDomain(): Element 5000031 has L= 2.36722, which is greater than the tolerance
WARNING ZeroLength::setDomain(): Element 5000032 has L= 2.37906, which is greater than the tolerance
WARNING ZeroLength::setDomain(): Element 5000033 has L= 2.37819, which is greater than the tolerance
WARNING ZeroLength::setDomain(): Element 5000034 has L= 2.54953, which is greater than the tolerance
WARNING ZeroLength::setDomain(): Element 5000035 has L= 2.68966, which is greater than the tolerance
WARNING ZeroLength::setDomain(): Element 5000036 has L= 2.68966, which is greater than the tolerance
WARNING ZeroLength::setDomain(): Element 5000037 has L= 2.54953, which is greater than the tolerance
WARNING ZeroLength::setDomain(): Element 5000038 has L= 2.37819, which is greater than the tolerance
WARNING ZeroLength::setDomain(): Element 5000039 has L= 2.37906, which is greater than the tolerance
WARNING ZeroLength::setDomain(): Element 5000040 has L= 2.36722, which is greater than the tolerance
WARNING ZeroLength::setDomain(): Element 5000041 has L= 2.42697, which is greater than the tolerance
WARNING ZeroLength::setDomain(): Element 5000042 has L= 2.53483, which is greater than the tolerance
WARNING ZeroLength::setDomain(): Element 5000043 has L= 2.68805, which is greater than the tolerance
WARNING ZeroLength::setDomain(): Element 5000044 has L= 2.85434, which is greater than the tolerance
WARNING ZeroLength::setDomain(): Element 5000045 has L= 2.95995, which is greater than the tolerance
WARNING ZeroLength::setDomain(): Element 5000046 has L= 2.95995, which is greater than the tolerance
WARNING ZeroLength::setDomain(): Element 5000047 has L= 2.85434, which is greater than the tolerance
WARNING ZeroLength::setDomain(): Element 5000048 has L= 2.68805, which is greater than the tolerance
WARNING ZeroLength::setDomain(): Element 5000049 has L= 2.53483, which is greater than the tolerance
WARNING ZeroLength::setDomain(): Element 5000050 has L= 2.42697, which is greater than the tolerance
WARNING ZeroLength::setDomain(): Element 5000051 has L= 2.36287, which is greater than the tolerance
WARNING ZeroLength::setDomain(): Element 5000052 has L= 2.56274, which is greater than the tolerance
WARNING ZeroLength::setDomain(): Element 5000053 has L= 2.86777, which is greater than the tolerance
WARNING ZeroLength::setDomain(): Element 5000054 has L= 2.94428, which is greater than the tolerance
WARNING ZeroLength::setDomain(): Element 5000055 has L= 3.02811, which is greater than the tolerance
WARNING ZeroLength::setDomain(): Element 5000056 has L= 3.02811, which is greater than the tolerance
WARNING ZeroLength::setDomain(): Element 5000057 has L= 2.94428, which is greater than the tolerance
WARNING ZeroLength::setDomain(): Element 5000058 has L= 2.86777, which is greater than the tolerance
WARNING ZeroLength::setDomain(): Element 5000059 has L= 2.56274, which is greater than the tolerance
WARNING ZeroLength::setDomain(): Element 5000060 has L= 2.36287, which is greater than the tolerance
WARNING ZeroLength::setDomain(): Element 5000061 has L= 2.27154, which is greater than the tolerance
WARNING ZeroLength::setDomain(): Element 5000062 has L= 2.43061, which is greater than the tolerance
WARNING ZeroLength::setDomain(): Element 5000063 has L= 2.78863, which is greater than the tolerance
WARNING ZeroLength::setDomain(): Element 5000064 has L= 2.89412, which is greater than the tolerance
WARNING ZeroLength::setDomain(): Element 5000065 has L= 3.02442, which is greater than the tolerance
WARNING ZeroLength::setDomain(): Element 5000066 has L= 3.02442, which is greater than the tolerance
WARNING ZeroLength::setDomain(): Element 5000067 has L= 2.89412, which is greater than the tolerance
WARNING ZeroLength::setDomain(): Element 5000068 has L= 2.78863, which is greater than the tolerance
WARNING ZeroLength::setDomain(): Element 5000069 has L= 2.43061, which is greater than the tolerance
WARNING ZeroLength::setDomain(): Element 5000070 has L= 2.27154, which is greater than the tolerance
WARNING ZeroLength::setDomain(): Element 5000071 has L= 2.19668, which is greater than the tolerance
WARNING ZeroLength::setDomain(): Element 5000072 has L= 2.35685, which is greater than the tolerance
WARNING ZeroLength::setDomain(): Element 5000073 has L= 2.72617, which is greater than the tolerance
WARNING ZeroLength::setDomain(): Element 5000074 has L= 2.87773, which is greater than the tolerance
WARNING ZeroLength::setDomain(): Element 5000075 has L= 2.98707, which is greater than the tolerance
WARNING ZeroLength::setDomain(): Element 5000076 has L= 2.98707, which is greater than the tolerance
WARNING ZeroLength::setDomain(): Element 5000077 has L= 2.87773, which is greater than the tolerance
WARNING ZeroLength::setDomain(): Element 5000078 has L= 2.72617, which is greater than the tolerance
WARNING ZeroLength::setDomain(): Element 5000079 has L= 2.35685, which is greater than the tolerance
WARNING ZeroLength::setDomain(): Element 5000080 has L= 2.19668, which is greater than the tolerance
WARNING ZeroLength::setDomain(): Element 5000081 has L= 2.16796, which is greater than the tolerance
WARNING ZeroLength::setDomain(): Element 5000082 has L= 2.3012, which is greater than the tolerance
WARNING ZeroLength::setDomain(): Element 5000083 has L= 2.65283, which is greater than the tolerance
WARNING ZeroLength::setDomain(): Element 5000084 has L= 2.83963, which is greater than the tolerance
WARNING ZeroLength::setDomain(): Element 5000085 has L= 2.88569, which is greater than the tolerance
WARNING ZeroLength::setDomain(): Element 5000086 has L= 2.88569, which is greater than the tolerance
WARNING ZeroLength::setDomain(): Element 5000087 has L= 2.83963, which is greater than the tolerance
WARNING ZeroLength::setDomain(): Element 5000088 has L= 2.65283, which is greater than the tolerance
WARNING ZeroLength::setDomain(): Element 5000089 has L= 2.3012, which is greater than the tolerance
WARNING ZeroLength::setDomain(): Element 5000090 has L= 2.16796, which is greater than the tolerance
WARNING: CTestNormDispIncr::test() - failed to converge 
after: 50 iterations  current Norm: 90308.3 (max: 1e-06, Norm deltaR: 1.08861e+08)
NewtonRaphson::solveCurrentStep() -the ConvergenceTest object failed in test()
StaticAnalysis::analyze() - the Algorithm failed at step: 0 with domain at load factor -789.484
OpenSees > analyze failed, returned: -3 error flag
WARNING: CTestNormDispIncr::test() - failed to converge 
after: 50 iterations  current Norm: 1.07339 (max: 1e-06, Norm deltaR: 4727.63)
NewtonLineSearch::solveCurrentStep() -the ConvergenceTest object failed in test()
StaticAnalysis::analyze() - the Algorithm failed at step: 0 with domain at load factor 350.677
OpenSees > analyze failed, returned: -3 error flag
WARNING: CTestNormDispIncr::test() - failed to converge 
after: 50 iterations  current Norm: 8.51225 (max: 1e-06, Norm deltaR: 27883.5)
AcceleratedNewton::solveCurrentStep() -The ConvergenceTest object failed in test()
StaticAnalysis::analyze() - the Algorithm failed at step: 0 with domain at load factor 354.825
OpenSees > analyze failed, returned: -3 error flag
WARNING: CTestNormDispIncr::test() - failed to converge 
after: 50 iterations  current Norm: 6.97274e+68 (max: 1e-06, Norm deltaR: 6.17069e+72)
ModifiedNewton::solveCurrentStep() -the ConvergenceTest object failed in test()
StaticAnalysis::analyze() - the Algorithm failed at step: 0 with domain at load factor 1.33234e+68
OpenSees > analyze failed, returned: -3 error flag
WARNING: CTestNormDispIncr::test() - failed to converge 
after: 50 iterations  current Norm: 39846.1 (max: 1e-06, Norm deltaR: 2.41278e+08)
NewtonRaphson::solveCurrentStep() -the ConvergenceTest object failed in test()
StaticAnalysis::analyze() - the Algorithm failed at step: 0 with domain at load factor 1224.65
OpenSees > analyze failed, returned: -3 error flag
WARNING: CTestNormDispIncr::test() - failed to converge 
after: 50 iterations  current Norm: 2540.28 (max: 1e-06, Norm deltaR: 9.54064e+07)
NewtonLineSearch::solveCurrentStep() -the ConvergenceTest object failed in test()
StaticAnalysis::analyze() - the Algorithm failed at step: 0 with domain at load factor -1841.95
OpenSees > analyze failed, returned: -3 error flag
WARNING: CTestNormDispIncr::test() - failed to converge 
after: 50 iterations  current Norm: 91.4942 (max: 1e-06, Norm deltaR: 321940)
AcceleratedNewton::solveCurrentStep() -The ConvergenceTest object failed in test()
StaticAnalysis::analyze() - the Algorithm failed at step: 0 with domain at load factor 349.824
OpenSees > analyze failed, returned: -3 error flag
WARNING: CTestNormDispIncr::test() - failed to converge 
after: 50 iterations  current Norm: 2.02033e+60 (max: 1e-06, Norm deltaR: 1.64172e+64)
ModifiedNewton::solveCurrentStep() -the ConvergenceTest object failed in test()
StaticAnalysis::analyze() - the Algorithm failed at step: 0 with domain at load factor 2.31883e+59
OpenSees > analyze failed, returned: -3 error flag
WARNING: CTestNormDispIncr::test() - failed to converge 
after: 50 iterations  current Norm: 17678.1 (max: 1e-06, Norm deltaR: 3.91404e+08)
NewtonRaphson::solveCurrentStep() -the ConvergenceTest object failed in test()
StaticAnalysis::analyze() - the Algorithm failed at step: 0 with domain at load factor -940.624
OpenSees > analyze failed, returned: -3 error flag
WARNING: CTestNormDispIncr::test() - failed to converge 
after: 50 iterations  current Norm: 17006.5 (max: 1e-06, Norm deltaR: 1.61458e+08)
NewtonLineSearch::solveCurrentStep() -the ConvergenceTest object failed in test()
StaticAnalysis::analyze() - the Algorithm failed at step: 0 with domain at load factor -5627.94
OpenSees > analyze failed, returned: -3 error flag
WARNING: CTestNormDispIncr::test() - failed to converge 
after: 50 iterations  current Norm: 72.9523 (max: 1e-06, Norm deltaR: 8.00146e+07)
AcceleratedNewton::solveCurrentStep() -The ConvergenceTest object failed in test()
StaticAnalysis::analyze() - the Algorithm failed at step: 0 with domain at load factor -699.853
OpenSees > analyze failed, returned: -3 error flag
WARNING: CTestNormDispIncr::test() - failed to converge 
after: 50 iterations  current Norm: 2.33725e+66 (max: 1e-06, Norm deltaR: 7.18687e+69)
ModifiedNewton::solveCurrentStep() -the ConvergenceTest object failed in test()
StaticAnalysis::analyze() - the Algorithm failed at step: 0 with domain at load factor -2.33386e+65
OpenSees > analyze failed, returned: -3 error flag
WARNING: CTestNormDispIncr::test() - failed to converge 
after: 50 iterations  current Norm: 33732.6 (max: 1e-06, Norm deltaR: 1.86378e+08)
NewtonRaphson::solveCurrentStep() -the ConvergenceTest object failed in test()
StaticAnalysis::analyze() - the Algorithm failed at step: 0 with domain at load factor -646.546
OpenSees > analyze failed, returned: -3 error flag
WARNING: CTestNormDispIncr::test() - failed to converge 
after: 50 iterations  current Norm: 2020.06 (max: 1e-06, Norm deltaR: 9.84721e+07)
NewtonLineSearch::solveCurrentStep() -the ConvergenceTest object failed in test()
StaticAnalysis::analyze() - the Algorithm failed at step: 0 with domain at load factor -1450.7
OpenSees > analyze failed, returned: -3 error flag
WARNING: CTestNormDispIncr::test() - failed to converge 
after: 50 iterations  current Norm: 24029.4 (max: 1e-06, Norm deltaR: 3.5941e+08)
AcceleratedNewton::solveCurrentStep() -The ConvergenceTest object failed in test()
StaticAnalysis::analyze() - the Algorithm failed at step: 0 with domain at load factor 621.594
OpenSees > analyze failed, returned: -3 error flag
WARNING: CTestNormDispIncr::test() - failed to converge 
after: 50 iterations  current Norm: 4.88446e+59 (max: 1e-06, Norm deltaR: 2.94919e+63)
ModifiedNewton::solveCurrentStep() -the ConvergenceTest object failed in test()
StaticAnalysis::analyze() - the Algorithm failed at step: 0 with domain at load factor -4.05686e+58
OpenSees > analyze failed, returned: -3 error flag
WARNING: CTestNormDispIncr::test() - failed to converge 
after: 50 iterations  current Norm: 107336 (max: 1e-06, Norm deltaR: 5.65529e+08)
NewtonRaphson::solveCurrentStep() -the ConvergenceTest object failed in test()
StaticAnalysis::analyze() - the Algorithm failed at step: 0 with domain at load factor -324.758
OpenSees > analyze failed, returned: -3 error flag
WARNING: CTestNormDispIncr::test() - failed to converge 
after: 50 iterations  current Norm: 8.40645 (max: 1e-06, Norm deltaR: 1.08939e+06)
NewtonLineSearch::solveCurrentStep() -the ConvergenceTest object failed in test()
StaticAnalysis::analyze() - the Algorithm failed at step: 0 with domain at load factor 268.497
OpenSees > analyze failed, returned: -3 error flag
WARNING ZeroLength::setDomain(): Element 5000091 has L= 7.95724, which is greater than the tolerance
WARNING ZeroLength::setDomain(): Element 5000092 has L= 8.11513, which is greater than the tolerance
WARNING ZeroLength::setDomain(): Element 5000093 has L= 7.81137, which is greater than the tolerance
WARNING: CTestNormDispIncr::test() - failed to converge 
after: 50 iterations  current Norm: 79801.4 (max: 1e-06, Norm deltaR: 1.64298e+08)
NewtonRaphson::solveCurrentStep() -the ConvergenceTest object failed in test()
StaticAnalysis::analyze() - the Algorithm failed at step: 0 with domain at load factor -647.5
OpenSees > analyze failed, returned: -3 error flag
WARNING ZeroLength::setDomain(): Element 5000094 has L= 54.6201, which is greater than the tolerance
WARNING ZeroLength::setDomain(): Element 5000095 has L= 51.6298, which is greater than the tolerance
WARNING ZeroLength::setDomain(): Element 5000096 has L= 8.26763, which is greater than the tolerance
WARNING ZeroLength::setDomain(): Element 5000097 has L= 21.116, which is greater than the tolerance
WARNING ZeroLength::setDomain(): Element 5000098 has L= 21.52, which is greater than the tolerance
WARNING ZeroLength::setDomain(): Element 5000099 has L= 7.95724, which is greater than the tolerance
WARNING ZeroLength::setDomain(): Element 5000100 has L= 7.69941, which is greater than the tolerance
WARNING ZeroLength::setDomain(): Element 5000101 has L= 58.8725, which is greater than the tolerance
WARNING ZeroLength::setDomain(): Element 5000102 has L= 55.3002, which is greater than the tolerance
WARNING ZeroLength::setDomain(): Element 5000103 has L= 8.11513, which is greater than the tolerance
WARNING ZeroLength::setDomain(): Element 5000104 has L= 7.65636, which is greater than the tolerance
WARNING ZeroLength::setDomain(): Element 5000105 has L= 7.81137, which is greater than the tolerance
WARNING ZeroLength::setDomain(): Element 5000106 has L= 7.69941, which is greater than the tolerance
WARNING ZeroLength::setDomain(): Element 5000107 has L= 21.9688, which is greater than the tolerance
WARNING ZeroLength::setDomain(): Element 5000108 has L= 63.0299, which is greater than the tolerance
WARNING ZeroLength::setDomain(): Element 5000109 has L= 16.3579, which is greater than the tolerance
WARNING ZeroLength::setDomain(): Element 5000110 has L= 21.9688, which is greater than the tolerance
WARNING ZeroLength::setDomain(): Element 5000111 has L= 17.0493, which is greater than the tolerance
WARNING ZeroLength::setDomain(): Element 5000112 has L= 16.7007, which is greater than the tolerance
WARNING ZeroLength::setDomain(): Element 5000113 has L= 10.2832, which is greater than the tolerance
WARNING ZeroLength::setDomain(): Element 5000114 has L= 17.4578, which is greater than the tolerance
WARNING ZeroLength::setDomain(): Element 5000115 has L= 20.7227, which is greater than the tolerance
WARNING ZeroLength::setDomain(): Element 5000116 has L= 7.65636, which is greater than the tolerance
WARNING ZeroLength::setDomain(): Element 5000117 has L= 8.43593, which is greater than the tolerance
WARNING ZeroLength::setDomain(): Element 5000118 has L= 22.4783, which is greater than the tolerance
WARNING ZeroLength::setDomain(): Element 5000119 has L= 17.0493, which is greater than the tolerance
WARNING ZeroLength::setDomain(): Element 5000120 has L= 21.52, which is greater than the tolerance
WARNING ZeroLength::setDomain(): Element 5000121 has L= 16.3579, which is greater than the tolerance
WARNING ZeroLength::setDomain(): Element 5000122 has L= 17.8624, which is greater than the tolerance
WARNING ZeroLength::setDomain(): Element 5000123 has L= 62.676, which is greater than the tolerance
WARNING ZeroLength::setDomain(): Element 5000124 has L= 16.7007, which is greater than the tolerance
WARNING ZeroLength::setDomain(): Element 5000125 has L= 21.116, which is greater than the tolerance
WARNING ZeroLength::setDomain(): Element 5000126 has L= 10.8009, which is greater than the tolerance
WARNING ZeroLength::setDomain(): Element 5000127 has L= 10.0291, which is greater than the tolerance
WARNING ZeroLength::setDomain(): Element 5000128 has L= 7.48204, which is greater than the tolerance
WARNING ZeroLength::setDomain(): Element 5000129 has L= 22.8993, which is greater than the tolerance
WARNING ZeroLength::setDomain(): Element 5000130 has L= 65.3943, which is greater than the tolerance
WARNING ZeroLength::setDomain(): Element 5000131 has L= 16.052, which is greater than the tolerance
WARNING ZeroLength::setDomain(): Element 5000132 has L= 10.4473, which is greater than the tolerance
WARNING ZeroLength::setDomain(): Element 5000133 has L= 18.2383, which is greater than the tolerance
WARNING ZeroLength::setDomain(): Element 5000134 has L= 20.7227, which is greater than the tolerance
WARNING ZeroLength::setDomain(): Element 5000135 has L= 58.1552, which is greater than the tolerance
WARNING ZeroLength::setDomain(): Element 5000136 has L= 7.32679, which is greater than the tolerance
WARNING ZeroLength::setDomain(): Element 5000137 has L= 9.80184, which is greater than the tolerance
WARNING ZeroLength::setDomain(): Element 5000138 has L= 22.4783, which is greater than the tolerance
WARNING ZeroLength::setDomain(): Element 5000139 has L= 55.0748, which is greater than the tolerance
WARNING ZeroLength::setDomain(): Element 5000140 has L= 56.8453, which is greater than the tolerance
WARNING ZeroLength::setDomain(): Element 5000141 has L= 56.5795, which is greater than the tolerance
WARNING ZeroLength::setDomain(): Element 5000142 has L= 70.0649, which is greater than the tolerance
WARNING ZeroLength::setDomain(): Element 5000143 has L= 10.5512, which is greater than the tolerance
WARNING ZeroLength::setDomain(): Element 5000144 has L= 7.48204, which is greater than the tolerance
WARNING ZeroLength::setDomain(): Element 5000145 has L= 56.692, which is greater than the tolerance
WARNING ZeroLength::setDomain(): Element 5000146 has L= 8.63494, which is greater than the tolerance
WARNING ZeroLength::setDomain(): Element 5000147 has L= 35.1408, which is greater than the tolerance
WARNING ZeroLength::setDomain(): Element 5000148 has L= 59.0394, which is greater than the tolerance
WARNING ZeroLength::setDomain(): Element 5000149 has L= 60.7665, which is greater than the tolerance
WARNING ZeroLength::setDomain(): Element 5000150 has L= 60.9288, which is greater than the tolerance
WARNING ZeroLength::setDomain(): Element 5000151 has L= 15.7393, which is greater than the tolerance
WARNING ZeroLength::setDomain(): Element 5000152 has L= 16.052, which is greater than the tolerance
WARNING ZeroLength::setDomain(): Element 5000153 has L= 20.298, which is greater than the tolerance
WARNING ZeroLength::setDomain(): Element 5000154 has L= 7.20919, which is greater than the tolerance
WARNING ZeroLength::setDomain(): Element 5000155 has L= 18.5747, which is greater than the tolerance
WARNING ZeroLength::setDomain(): Element 5000156 has L= 58.7628, which is greater than the tolerance
WARNING ZeroLength::setDomain(): Element 5000157 has L= 7.32679, which is greater than the tolerance
WARNING: CTestNormDispIncr::test() - failed to converge 
after: 50 iterations  current Norm: 279846 (max: 1e-06, Norm deltaR: 6.74831e+07)
NewtonRaphson::solveCurrentStep() -the ConvergenceTest object failed in test()
StaticAnalysis::analyze() - the Algorithm failed at step: 0 with domain at load factor 737.729
OpenSees > analyze failed, returned: -3 error flag
WARNING: CTestNormDispIncr::test() - failed to converge 
after: 50 iterations  current Norm: 1576.66 (max: 1e-06, Norm deltaR: 1.1317e+08)
NewtonLineSearch::solveCurrentStep() -the ConvergenceTest object failed in test()
StaticAnalysis::analyze() - the Algorithm failed at step: 0 with domain at load factor 1690.01
OpenSees > analyze failed, returned: -3 error flag
WARNING: CTestNormDispIncr::test() - failed to converge 
after: 50 iterations  current Norm: 6.23208 (max: 1e-06, Norm deltaR: 51365.7)
AcceleratedNewton::solveCurrentStep() -The ConvergenceTest object failed in test()
StaticAnalysis::analyze() - the Algorithm failed at step: 0 with domain at load factor 600.877
OpenSees > analyze failed, returned: -3 error flag
WARNING: CTestNormDispIncr::test() - failed to converge 
after: 50 iterations  current Norm: 7.64299e+77 (max: 1e-06, Norm deltaR: 7.21226e+81)
ModifiedNewton::solveCurrentStep() -the ConvergenceTest object failed in test()
StaticAnalysis::analyze() - the Algorithm failed at step: 0 with domain at load factor -3.94745e+75
OpenSees > analyze failed, returned: -3 error flag
WARNING: CTestNormDispIncr::test() - failed to converge 
after: 50 iterations  current Norm: 32956.9 (max: 1e-06, Norm deltaR: 1.29415e+08)
NewtonRaphson::solveCurrentStep() -the ConvergenceTest object failed in test()
StaticAnalysis::analyze() - the Algorithm failed at step: 0 with domain at load factor 1536.67
OpenSees > analyze failed, returned: -3 error flag
WARNING: CTestNormDispIncr::test() - failed to converge 
after: 50 iterations  current Norm: 22552.3 (max: 1e-06, Norm deltaR: 3.22301e+08)
NewtonLineSearch::solveCurrentStep() -the ConvergenceTest object failed in test()
StaticAnalysis::analyze() - the Algorithm failed at step: 0 with domain at load factor -1179.11
OpenSees > analyze failed, returned: -3 error flag
WARNING: CTestNormDispIncr::test() - failed to converge 
after: 50 iterations  current Norm: 31.4376 (max: 1e-06, Norm deltaR: 205814)
AcceleratedNewton::solveCurrentStep() -The ConvergenceTest object failed in test()
StaticAnalysis::analyze() - the Algorithm failed at step: 0 with domain at load factor 591.454
OpenSees > analyze failed, returned: -3 error flag
WARNING: CTestNormDispIncr::test() - failed to converge 
after: 50 iterations  current Norm: 1.82679e+77 (max: 1e-06, Norm deltaR: 1.71772e+81)
ModifiedNewton::solveCurrentStep() -the ConvergenceTest object failed in test()
StaticAnalysis::analyze() - the Algorithm failed at step: 0 with domain at load factor -3.44706e+75
OpenSees > analyze failed, returned: -3 error flag
WARNING: CTestNormDispIncr::test() - failed to converge 
after: 50 iterations  current Norm: 27772.1 (max: 1e-06, Norm deltaR: 6.14743e+08)
NewtonRaphson::solveCurrentStep() -the ConvergenceTest object failed in test()
StaticAnalysis::analyze() - the Algorithm failed at step: 0 with domain at load factor -4445.52
OpenSees > analyze failed, returned: -3 error flag
WARNING: CTestNormDispIncr::test() - failed to converge 
after: 50 iterations  current Norm: 2131.07 (max: 1e-06, Norm deltaR: 1.2209e+08)
NewtonLineSearch::solveCurrentStep() -the ConvergenceTest object failed in test()
StaticAnalysis::analyze() - the Algorithm failed at step: 0 with domain at load factor 1250.18
OpenSees > analyze failed, returned: -3 error flag
WARNING: CTestNormDispIncr::test() - failed to converge 
after: 50 iterations  current Norm: 8.15593 (max: 1e-06, Norm deltaR: 58153.3)
AcceleratedNewton::solveCurrentStep() -The ConvergenceTest object failed in test()
StaticAnalysis::analyze() - the Algorithm failed at step: 0 with domain at load factor 588.661
OpenSees > analyze failed, returned: -3 error flag
WARNING: CTestNormDispIncr::test() - failed to converge 
after: 50 iterations  current Norm: 1.74967e+76 (max: 1e-06, Norm deltaR: 1.53819e+80)
ModifiedNewton::solveCurrentStep() -the ConvergenceTest object failed in test()
StaticAnalysis::analyze() - the Algorithm failed at step: 0 with domain at load factor 2.40648e+74
OpenSees > analyze failed, returned: -3 error flag
WARNING ZeroLength::setDomain(): Element 5000158 has L= 68.4828, which is greater than the tolerance
WARNING: CTestNormDispIncr::test() - failed to converge 
after: 50 iterations  current Norm: 290683 (max: 1e-06, Norm deltaR: 9.20128e+07)
NewtonRaphson::solveCurrentStep() -the ConvergenceTest object failed in test()
StaticAnalysis::analyze() - the Algorithm failed at step: 0 with domain at load factor 771.649
OpenSees > analyze failed, returned: -3 error flag
WARNING ZeroLength::setDomain(): Element 5000159 has L= 28.1224, which is greater than the tolerance
WARNING ZeroLength::setDomain(): Element 5000160 has L= 35.1408, which is greater than the tolerance
WARNING ZeroLength::setDomain(): Element 5000161 has L= 53.8254, which is greater than the tolerance
WARNING ZeroLength::setDomain(): Element 5000162 has L= 59.6232, which is greater than the tolerance
WARNING ZeroLength::setDomain(): Element 5000163 has L= 50.5065, which is greater than the tolerance
WARNING ZeroLength::setDomain(): Element 5000164 has L= 57.1713, which is greater than the tolerance
WARNING ZeroLength::setDomain(): Element 5000165 has L= 10.5512, which is greater than the tolerance
WARNING ZeroLength::setDomain(): Element 5000166 has L= 20.298, which is greater than the tolerance
WARNING ZeroLength::setDomain(): Element 5000167 has L= 35.8516, which is greater than the tolerance
WARNING ZeroLength::setDomain(): Element 5000168 has L= 34.4577, which is greater than the tolerance
WARNING ZeroLength::setDomain(): Element 5000169 has L= 28.8329, which is greater than the tolerance
WARNING ZeroLength::setDomain(): Element 5000170 has L= 33.8502, which is greater than the tolerance
WARNING ZeroLength::setDomain(): Element 5000171 has L= 9.59707, which is greater than the tolerance
WARNING ZeroLength::setDomain(): Element 5000172 has L= 10.2832, which is greater than the tolerance
WARNING ZeroLength::setDomain(): Element 5000173 has L= 8.83187, which is greater than the tolerance
WARNING ZeroLength::setDomain(): Element 5000174 has L= 57.4834, which is greater than the tolerance
WARNING ZeroLength::setDomain(): Element 5000175 has L= 25.7334, which is greater than the tolerance
WARNING ZeroLength::setDomain(): Element 5000176 has L= 8.26763, which is greater than the tolerance
WARNING ZeroLength::setDomain(): Element 5000177 has L= 33.8502, which is greater than the tolerance
WARNING ZeroLength::setDomain(): Element 5000178 has L= 17.4578, which is greater than the tolerance
WARNING ZeroLength::setDomain(): Element 5000179 has L= 35.8516, which is greater than the tolerance
WARNING ZeroLength::setDomain(): Element 5000180 has L= 52.3183, which is greater than the tolerance
WARNING ZeroLength::setDomain(): Element 5000181 has L= 61.4334, which is greater than the tolerance
WARNING ZeroLength::setDomain(): Element 5000182 has L= 34.4577, which is greater than the tolerance
WARNING: CTestNormDispIncr::test() - failed to converge 
after: 50 iterations  current Norm: 24924 (max: 1e-06, Norm deltaR: 7.13402e+08)
NewtonRaphson::solveCurrentStep() -the ConvergenceTest object failed in test()
StaticAnalysis::analyze() - the Algorithm failed at step: 0 with domain at load factor -2863.03
OpenSees > analyze failed, returned: -3 error flag
WARNING ZeroLength::setDomain(): Element 5000183 has L= 29.4162, which is greater than the tolerance
WARNING ZeroLength::setDomain(): Element 5000184 has L= 64.5783, which is greater than the tolerance
WARNING ZeroLength::setDomain(): Element 5000185 has L= 55.3562, which is greater than the tolerance
WARNING ZeroLength::setDomain(): Element 5000186 has L= 22.8993, which is greater than the tolerance
WARNING ZeroLength::setDomain(): Element 5000187 has L= 60.5614, which is greater than the tolerance
WARNING ZeroLength::setDomain(): Element 5000188 has L= 63.3218, which is greater than the tolerance
WARNING ZeroLength::setDomain(): Element 5000189 has L= 15.7393, which is greater than the tolerance
WARNING ZeroLength::setDomain(): Element 5000190 has L= 66.205, which is greater than the tolerance
WARNING: CTestNormDispIncr::test() - failed to converge 
after: 50 iterations  current Norm: 107451 (max: 1e-06, Norm deltaR: 3.57544e+09)
NewtonRaphson::solveCurrentStep() -the ConvergenceTest object failed in test()
StaticAnalysis::analyze() - the Algorithm failed at step: 0 with domain at load factor -1900.64
OpenSees > analyze failed, returned: -3 error flag
WARNING: CTestNormDispIncr::test() - failed to converge 
after: 50 iterations  current Norm: 32702.7 (max: 1e-06, Norm deltaR: 8.83393e+08)
NewtonRaphson::solveCurrentStep() -the ConvergenceTest object failed in test()
StaticAnalysis::analyze() - the Algorithm failed at step: 0 with domain at load factor -971.904
OpenSees > analyze failed, returned: -3 error flag
WARNING ZeroLength::setDomain(): Element 5000191 has L= 51.0261, which is greater than the tolerance
WARNING ZeroLength::setDomain(): Element 5000192 has L= 8.98471, which is greater than the tolerance
WARNING ZeroLength::setDomain(): Element 5000193 has L= 36.5326, which is greater than the tolerance
WARNING ZeroLength::setDomain(): Element 5000194 has L= 8.43593, which is greater than the tolerance
