WARNING ZeroLength::setDomain(): Element 5000001 has L= 2.49217, which is greater than the tolerance
WARNING ZeroLength::setDomain(): Element 5000002 has L= 2.23876, which is greater than the tolerance
WARNING ZeroLength::setDomain(): Element 5000003 has L= 1.83351, which is greater than the tolerance
WARNING ZeroLength::setDomain(): Element 5000004 has L= 1.83516, which is greater than the tolerance
WARNING ZeroLength::setDomain(): Element 5000005 has L= 1.77049, which is greater than the tolerance
WARNING ZeroLength::setDomain(): Element 5000006 has L= 1.77049, which is greater than the tolerance
WARNING ZeroLength::setDomain(): Element 5000007 has L= 1.83516, which is greater than the tolerance
WARNING ZeroLength::setDomain(): Element 5000008 has L= 1.83351, which is greater than the tolerance
WARNING ZeroLength::setDomain(): Element 5000009 has L= 2.23876, which is greater than the tolerance
WARNING ZeroLength::setDomain(): Element 5000010 has L= 2.49217, which is greater than the tolerance
WARNING ZeroLength::setDomain(): Element 5000011 has L= 2.34546, which is greater than the tolerance
WARNING ZeroLength::setDomain(): Element 5000012 has L= 2.20714, which is greater than the tolerance
WARNING ZeroLength::setDomain(): Element 5000013 has L= 1.94841, which is greater than the tolerance
WARNING ZeroLength::setDomain(): Element 5000014 has L= 1.97404, which is greater than the tolerance
WARNING ZeroLength::setDomain(): Element 5000015 has L= 1.96175, which is greater than the tolerance
WARNING ZeroLength::setDomain(): Element 5000016 has L= 1.96175, which is greater than the tolerance
WARNING ZeroLength::setDomain(): Element 5000017 has L= 1.97404, which is greater than the tolerance
WARNING ZeroLength::setDomain(): Element 5000018 has L= 1.94841, which is greater than the tolerance
WARNING ZeroLength::setDomain(): Element 5000019 has L= 2.20714, which is greater than the tolerance
WARNING ZeroLength::setDomain(): Element 5000020 has L= 2.34546, which is greater than the tolerance
WARNING ZeroLength::setDomain(): Element 5000021 has L= 2.28042, which is greater than the tolerance
WARNING ZeroLength::setDomain(): Element 5000022 has L= 2.24039, which is greater than the tolerance
WARNING ZeroLength::setDomain(): Element 5000023 has L= 2.12224, which is greater than the tolerance
WARNING ZeroLength::setDomain(): Element 5000024 has L= 2.18704, which is greater than the tolerance
WARNING ZeroLength::setDomain(): Element 5000025 has L= 2.22392, which is greater than the tolerance
WARNING ZeroLength::setDomain(): Element 5000026 has L= 2.22392, which is greater than the tolerance
WARNING ZeroLength::setDomain(): Element 5000027 has L= 2.18704, which is greater than the tolerance
WARNING ZeroLength::setDomain(): Element 5000028 has L= 2.12224, which is greater than the tolerance
WARNING ZeroLength::setDomain(): Element 5000029 has L= 2.24039, which is greater than the tolerance
WARNING ZeroLength::setDomain(): Element 5000030 has L= 2.28042, which is greater than the tolerance
WARNING ZeroLength::setDomain(): Element 5000031 has L= 2.32497, which is greater than the tolerance
WARNING ZeroLength::setDomain(): Element 5000032 has L= 2.33676, which is greater than the tolerance
WARNING ZeroLength::setDomain(): Element 5000033 has L= 2.33588, which is greater than the tolerance
WARNING ZeroLength::setDomain(): Element 5000034 has L= 2.50721, which is greater than the tolerance
WARNING ZeroLength::setDomain(): Element 5000035 has L= 2.64734, which is greater than the tolerance
WARNING ZeroLength::setDomain(): Element 5000036 has L= 2.64734, which is greater than the tolerance
WARNING ZeroLength::setDomain(): Element 5000037 has L= 2.50721, which is greater than the tolerance
WARNING ZeroLength::setDomain(): Element 5000038 has L= 2.33588, which is greater than the tolerance
WARNING ZeroLength::setDomain(): Element 5000039 has L= 2.33676, which is greater than the tolerance
WARNING ZeroLength::setDomain(): Element 5000040 has L= 2.32497, which is greater than the tolerance
WARNING ZeroLength::setDomain(): Element 5000041 has L= 2.38467, which is greater than the tolerance
WARNING ZeroLength::setDomain(): Element 5000042 has L= 2.49251, which is greater than the tolerance
WARNING ZeroLength::setDomain(): Element 5000043 has L= 2.64573, which is greater than the tolerance
WARNING ZeroLength::setDomain(): Element 5000044 has L= 2.81202, which is greater than the tolerance
WARNING ZeroLength::setDomain(): Element 5000045 has L= 2.91763, which is greater than the tolerance
WARNING ZeroLength::setDomain(): Element 5000046 has L= 2.91763, which is greater than the tolerance
WARNING ZeroLength::setDomain(): Element 5000047 has L= 2.81202, which is greater than the tolerance
WARNING ZeroLength::setDomain(): Element 5000048 has L= 2.64573, which is greater than the tolerance
WARNING ZeroLength::setDomain(): Element 5000049 has L= 2.49251, which is greater than the tolerance
WARNING ZeroLength::setDomain(): Element 5000050 has L= 2.38467, which is greater than the tolerance
WARNING ZeroLength::setDomain(): Element 5000051 has L= 2.32057, which is greater than the tolerance
WARNING ZeroLength::setDomain(): Element 5000052 has L= 2.52042, which is greater than the tolerance
WARNING ZeroLength::setDomain(): Element 5000053 has L= 2.82545, which is greater than the tolerance
WARNING ZeroLength::setDomain(): Element 5000054 has L= 2.90197, which is greater than the tolerance
WARNING ZeroLength::setDomain(): Element 5000055 has L= 2.98579, which is greater than the tolerance
WARNING ZeroLength::setDomain(): Element 5000056 has L= 2.98579, which is greater than the tolerance
WARNING ZeroLength::setDomain(): Element 5000057 has L= 2.90197, which is greater than the tolerance
WARNING ZeroLength::setDomain(): Element 5000058 has L= 2.82545, which is greater than the tolerance
WARNING ZeroLength::setDomain(): Element 5000059 has L= 2.52042, which is greater than the tolerance
WARNING ZeroLength::setDomain(): Element 5000060 has L= 2.32057, which is greater than the tolerance
WARNING ZeroLength::setDomain(): Element 5000061 has L= 2.22925, which is greater than the tolerance
WARNING ZeroLength::setDomain(): Element 5000062 has L= 2.3883, which is greater than the tolerance
WARNING ZeroLength::setDomain(): Element 5000063 has L= 2.74631, which is greater than the tolerance
WARNING ZeroLength::setDomain(): Element 5000064 has L= 2.8518, which is greater than the tolerance
WARNING ZeroLength::setDomain(): Element 5000065 has L= 2.9821, which is greater than the tolerance
WARNING ZeroLength::setDomain(): Element 5000066 has L= 2.9821, which is greater than the tolerance
WARNING ZeroLength::setDomain(): Element 5000067 has L= 2.8518, which is greater than the tolerance
WARNING ZeroLength::setDomain(): Element 5000068 has L= 2.74631, which is greater than the tolerance
WARNING ZeroLength::setDomain(): Element 5000069 has L= 2.3883, which is greater than the tolerance
WARNING ZeroLength::setDomain(): Element 5000070 has L= 2.22925, which is greater than the tolerance
WARNING ZeroLength::setDomain(): Element 5000071 has L= 2.15439, which is greater than the tolerance
WARNING ZeroLength::setDomain(): Element 5000072 has L= 2.31453, which is greater than the tolerance
WARNING ZeroLength::setDomain(): Element 5000073 has L= 2.68385, which is greater than the tolerance
WARNING ZeroLength::setDomain(): Element 5000074 has L= 2.83541, which is greater than the tolerance
WARNING ZeroLength::setDomain(): Element 5000075 has L= 2.94475, which is greater than the tolerance
WARNING ZeroLength::setDomain(): Element 5000076 has L= 2.94475, which is greater than the tolerance
WARNING ZeroLength::setDomain(): Element 5000077 has L= 2.83541, which is greater than the tolerance
WARNING ZeroLength::setDomain(): Element 5000078 has L= 2.68385, which is greater than the tolerance
WARNING ZeroLength::setDomain(): Element 5000079 has L= 2.31453, which is greater than the tolerance
WARNING ZeroLength::setDomain(): Element 5000080 has L= 2.15439, which is greater than the tolerance
WARNING ZeroLength::setDomain(): Element 5000081 has L= 2.12566, which is greater than the tolerance
WARNING ZeroLength::setDomain(): Element 5000082 has L= 2.25888, which is greater than the tolerance
WARNING ZeroLength::setDomain(): Element 5000083 has L= 2.61051, which is greater than the tolerance
WARNING ZeroLength::setDomain(): Element 5000084 has L= 2.79732, which is greater than the tolerance
WARNING ZeroLength::setDomain(): Element 5000085 has L= 2.84338, which is greater than the tolerance
WARNING ZeroLength::setDomain(): Element 5000086 has L= 2.84338, which is greater than the tolerance
WARNING ZeroLength::setDomain(): Element 5000087 has L= 2.79732, which is greater than the tolerance
WARNING ZeroLength::setDomain(): Element 5000088 has L= 2.61051, which is greater than the tolerance
WARNING ZeroLength::setDomain(): Element 5000089 has L= 2.25888, which is greater than the tolerance
WARNING ZeroLength::setDomain(): Element 5000090 has L= 2.12566, which is greater than the tolerance
WARNING: CTestNormDispIncr::test() - failed to converge 
after: 50 iterations  current Norm: 172226 (max: 1e-06, Norm deltaR: 4.51907e+09)
NewtonRaphson::solveCurrentStep() -the ConvergenceTest object failed in test()
StaticAnalysis::analyze() - the Algorithm failed at step: 0 with domain at load factor -1649.23
OpenSees > analyze failed, returned: -3 error flag
WARNING: CTestNormDispIncr::test() - failed to converge 
after: 50 iterations  current Norm: 120678 (max: 1e-06, Norm deltaR: 5.76706e+07)
NewtonRaphson::solveCurrentStep() -the ConvergenceTest object failed in test()
StaticAnalysis::analyze() - the Algorithm failed at step: 0 with domain at load factor -291.296
OpenSees > analyze failed, returned: -3 error flag
WARNING: CTestNormDispIncr::test() - failed to converge 
after: 50 iterations  current Norm: 15023.1 (max: 1e-06, Norm deltaR: 1.19618e+08)
NewtonLineSearch::solveCurrentStep() -the ConvergenceTest object failed in test()
StaticAnalysis::analyze() - the Algorithm failed at step: 0 with domain at load factor -715.37
OpenSees > analyze failed, returned: -3 error flag
WARNING: CTestNormDispIncr::test() - failed to converge 
after: 50 iterations  current Norm: 14341.8 (max: 1e-06, Norm deltaR: 3.53468e+08)
AcceleratedNewton::solveCurrentStep() -The ConvergenceTest object failed in test()
StaticAnalysis::analyze() - the Algorithm failed at step: 0 with domain at load factor -965.427
OpenSees > analyze failed, returned: -3 error flag
WARNING: CTestNormDispIncr::test() - failed to converge 
after: 50 iterations  current Norm: 5.64799e+65 (max: 1e-06, Norm deltaR: 2.20445e+69)
ModifiedNewton::solveCurrentStep() -the ConvergenceTest object failed in test()
StaticAnalysis::analyze() - the Algorithm failed at step: 0 with domain at load factor -3.72089e+64
OpenSees > analyze failed, returned: -3 error flag
WARNING: CTestNormDispIncr::test() - failed to converge 
after: 50 iterations  current Norm: 118760 (max: 1e-06, Norm deltaR: 2.10976e+09)
NewtonRaphson::solveCurrentStep() -the ConvergenceTest object failed in test()
StaticAnalysis::analyze() - the Algorithm failed at step: 0 with domain at load factor -14566.8
OpenSees > analyze failed, returned: -3 error flag
WARNING: CTestNormDispIncr::test() - failed to converge 
after: 50 iterations  current Norm: 55852.7 (max: 1e-06, Norm deltaR: 1.11423e+09)
NewtonRaphson::solveCurrentStep() -the ConvergenceTest object failed in test()
StaticAnalysis::analyze() - the Algorithm failed at step: 0 with domain at load factor -411.718
OpenSees > analyze failed, returned: -3 error flag
WARNING: CTestNormDispIncr::test() - failed to converge 
after: 50 iterations  current Norm: 87188.5 (max: 1e-06, Norm deltaR: 1.72794e+09)
NewtonLineSearch::solveCurrentStep() -the ConvergenceTest object failed in test()
StaticAnalysis::analyze() - the Algorithm failed at step: 0 with domain at load factor 140522
OpenSees > analyze failed, returned: -3 error flag
WARNING: CTestNormDispIncr::test() - failed to converge 
after: 50 iterations  current Norm: 91809.9 (max: 1e-06, Norm deltaR: 3.68384e+09)
AcceleratedNewton::solveCurrentStep() -The ConvergenceTest object failed in test()
StaticAnalysis::analyze() - the Algorithm failed at step: 0 with domain at load factor -219.764
OpenSees > analyze failed, returned: -3 error flag
WARNING: CTestNormDispIncr::test() - failed to converge 
after: 50 iterations  current Norm: 3.83086e+68 (max: 1e-06, Norm deltaR: 3.50289e+72)
ModifiedNewton::solveCurrentStep() -the ConvergenceTest object failed in test()
StaticAnalysis::analyze() - the Algorithm failed at step: 0 with domain at load factor -8.49091e+67
OpenSees > analyze failed, returned: -3 error flag
WARNING: CTestNormDispIncr::test() - failed to converge 
after: 50 iterations  current Norm: 75468.7 (max: 1e-06, Norm deltaR: 1.71975e+08)
NewtonRaphson::solveCurrentStep() -the ConvergenceTest object failed in test()
StaticAnalysis::analyze() - the Algorithm failed at step: 0 with domain at load factor -499.105
OpenSees > analyze failed, returned: -3 error flag
WARNING: CTestNormDispIncr::test() - failed to converge 
after: 50 iterations  current Norm: 36733.6 (max: 1e-06, Norm deltaR: 1.01715e+09)
NewtonRaphson::solveCurrentStep() -the ConvergenceTest object failed in test()
StaticAnalysis::analyze() - the Algorithm failed at step: 0 with domain at load factor -6424.12
OpenSees > analyze failed, returned: -3 error flag
WARNING: CTestNormDispIncr::test() - failed to converge 
after: 50 iterations  current Norm: 1763.67 (max: 1e-06, Norm deltaR: 8.65893e+07)
NewtonLineSearch::solveCurrentStep() -the ConvergenceTest object failed in test()
StaticAnalysis::analyze() - the Algorithm failed at step: 0 with domain at load factor -3501.35
OpenSees > analyze failed, returned: -3 error flag
WARNING: CTestNormDispIncr::test() - failed to converge 
after: 50 iterations  current Norm: 1.27745e+06 (max: 1e-06, Norm deltaR: 3.28161e+10)
AcceleratedNewton::solveCurrentStep() -The ConvergenceTest object failed in test()
StaticAnalysis::analyze() - the Algorithm failed at step: 0 with domain at load factor -61405.3
OpenSees > analyze failed, returned: -3 error flag
WARNING: CTestNormDispIncr::test() - failed to converge 
after: 50 iterations  current Norm: 3.09585e+70 (max: 1e-06, Norm deltaR: 2.75914e+74)
ModifiedNewton::solveCurrentStep() -the ConvergenceTest object failed in test()
StaticAnalysis::analyze() - the Algorithm failed at step: 0 with domain at load factor -1.89867e+69
OpenSees > analyze failed, returned: -3 error flag
WARNING: CTestNormDispIncr::test() - failed to converge 
after: 50 iterations  current Norm: 161234 (max: 1e-06, Norm deltaR: 4.74264e+09)
NewtonRaphson::solveCurrentStep() -the ConvergenceTest object failed in test()
StaticAnalysis::analyze() - the Algorithm failed at step: 0 with domain at load factor 16516.6
OpenSees > analyze failed, returned: -3 error flag
WARNING: CTestNormDispIncr::test() - failed to converge 
after: 50 iterations  current Norm: 1.5156e+07 (max: 1e-06, Norm deltaR: 3.98087e+11)
NewtonRaphson::solveCurrentStep() -the ConvergenceTest object failed in test()
StaticAnalysis::analyze() - the Algorithm failed at step: 0 with domain at load factor 1.70295e+06
OpenSees > analyze failed, returned: -3 error flag
WARNING: CTestNormDispIncr::test() - failed to converge 
after: 50 iterations  current Norm: 184166 (max: 1e-06, Norm deltaR: 9.80291e+07)
NewtonRaphson::solveCurrentStep() -the ConvergenceTest object failed in test()
StaticAnalysis::analyze() - the Algorithm failed at step: 0 with domain at load factor -1.92932
OpenSees > analyze failed, returned: -3 error flag
WARNING: CTestNormDispIncr::test() - failed to converge 
after: 50 iterations  current Norm: 8.65391 (max: 1e-06, Norm deltaR: 1.12896e+06)
NewtonLineSearch::solveCurrentStep() -the ConvergenceTest object failed in test()
StaticAnalysis::analyze() - the Algorithm failed at step: 0 with domain at load factor 294.631
OpenSees > analyze failed, returned: -3 error flag
WARNING: CTestNormDispIncr::test() - failed to converge 
after: 50 iterations  current Norm: 6205.25 (max: 1e-06, Norm deltaR: 5.51312e+07)
AcceleratedNewton::solveCurrentStep() -The ConvergenceTest object failed in test()
StaticAnalysis::analyze() - the Algorithm failed at step: 0 with domain at load factor 52.4755
OpenSees > analyze failed, returned: -3 error flag
WARNING: CTestNormDispIncr::test() - failed to converge 
after: 50 iterations  current Norm: 6.45293e+71 (max: 1e-06, Norm deltaR: 4.92932e+75)
ModifiedNewton::solveCurrentStep() -the ConvergenceTest object failed in test()
StaticAnalysis::analyze() - the Algorithm failed at step: 0 with domain at load factor -2.55636e+71
OpenSees > analyze failed, returned: -3 error flag
WARNING: CTestNormDispIncr::test() - failed to converge 
after: 50 iterations  current Norm: 71630.2 (max: 1e-06, Norm deltaR: 1.03016e+09)
NewtonRaphson::solveCurrentStep() -the ConvergenceTest object failed in test()
StaticAnalysis::analyze() - the Algorithm failed at step: 0 with domain at load factor -897.323
OpenSees > analyze failed, returned: -3 error flag
WARNING: CTestNormDispIncr::test() - failed to converge 
after: 50 iterations  current Norm: 3345.93 (max: 1e-06, Norm deltaR: 8.66373e+07)
NewtonLineSearch::solveCurrentStep() -the ConvergenceTest object failed in test()
StaticAnalysis::analyze() - the Algorithm failed at step: 0 with domain at load factor -2235.14
OpenSees > analyze failed, returned: -3 error flag
WARNING: CTestNormDispIncr::test() - failed to converge 
after: 50 iterations  current Norm: 81468.5 (max: 1e-06, Norm deltaR: 8.90862e+09)
AcceleratedNewton::solveCurrentStep() -The ConvergenceTest object failed in test()
StaticAnalysis::analyze() - the Algorithm failed at step: 0 with domain at load factor 26801.6
OpenSees > analyze failed, returned: -3 error flag
WARNING: CTestNormDispIncr::test() - failed to converge 
after: 50 iterations  current Norm: 1.48674e+72 (max: 1e-06, Norm deltaR: 1.08999e+76)
ModifiedNewton::solveCurrentStep() -the ConvergenceTest object failed in test()
StaticAnalysis::analyze() - the Algorithm failed at step: 0 with domain at load factor -5.31758e+71
OpenSees > analyze failed, returned: -3 error flag
WARNING: CTestNormDispIncr::test() - failed to converge 
after: 50 iterations  current Norm: 0.884892 (max: 1e-06, Norm deltaR: 19891.8)
NewtonRaphson::solveCurrentStep() -the ConvergenceTest object failed in test()
StaticAnalysis::analyze() - the Algorithm failed at step: 0 with domain at load factor 241.567
OpenSees > analyze failed, returned: -3 error flag
WARNING ZeroLength::setDomain(): Element 5000091 has L= 7.79231, which is greater than the tolerance
WARNING ZeroLength::setDomain(): Element 5000092 has L= 7.95018, which is greater than the tolerance
WARNING ZeroLength::setDomain(): Element 5000093 has L= 48.9246, which is greater than the tolerance
WARNING ZeroLength::setDomain(): Element 5000094 has L= 7.64646, which is greater than the tolerance
WARNING: CTestNormDispIncr::test() - failed to converge 
after: 50 iterations  current Norm: 13575.2 (max: 1e-06, Norm deltaR: 3.8019e+08)
NewtonRaphson::solveCurrentStep() -the ConvergenceTest object failed in test()
StaticAnalysis::analyze() - the Algorithm failed at step: 0 with domain at load factor 3295.76
OpenSees > analyze failed, returned: -3 error flag
WARNING ZeroLength::setDomain(): Element 5000095 has L= 52.672, which is greater than the tolerance
WARNING ZeroLength::setDomain(): Element 5000096 has L= 47.499, which is greater than the tolerance
WARNING ZeroLength::setDomain(): Element 5000097 has L= 50.9115, which is greater than the tolerance
WARNING ZeroLength::setDomain(): Element 5000098 has L= 8.10268, which is greater than the tolerance
WARNING ZeroLength::setDomain(): Element 5000099 has L= 56.7232, which is greater than the tolerance
WARNING ZeroLength::setDomain(): Element 5000100 has L= 54.5154, which is greater than the tolerance
WARNING: CTestNormDispIncr::test() - failed to converge 
after: 50 iterations  current Norm: 70137.1 (max: 1e-06, Norm deltaR: 1.41696e+09)
NewtonRaphson::solveCurrentStep() -the ConvergenceTest object failed in test()
StaticAnalysis::analyze() - the Algorithm failed at step: 0 with domain at load factor 20898.3
OpenSees > analyze failed, returned: -3 error flag
WARNING ZeroLength::setDomain(): Element 5000101 has L= 45.9166, which is greater than the tolerance
WARNING ZeroLength::setDomain(): Element 5000102 has L= 48.9799, which is greater than the tolerance
WARNING ZeroLength::setDomain(): Element 5000103 has L= 52.1908, which is greater than the tolerance
WARNING ZeroLength::setDomain(): Element 5000104 has L= 7.49146, which is greater than the tolerance
WARNING: CTestNormDispIncr::test() - failed to converge 
after: 50 iterations  current Norm: 40472.3 (max: 1e-06, Norm deltaR: 6.6552e+07)
NewtonRaphson::solveCurrentStep() -the ConvergenceTest object failed in test()
StaticAnalysis::analyze() - the Algorithm failed at step: 0 with domain at load factor 447.331
OpenSees > analyze failed, returned: -3 error flag
WARNING ZeroLength::setDomain(): Element 5000105 has L= 20.9603, which is greater than the tolerance
WARNING ZeroLength::setDomain(): Element 5000106 has L= 58.1681, which is greater than the tolerance
WARNING ZeroLength::setDomain(): Element 5000107 has L= 7.79231, which is greater than the tolerance
WARNING: CTestNormDispIncr::test() - failed to converge 
after: 50 iterations  current Norm: 18461.6 (max: 1e-06, Norm deltaR: 6.01076e+08)
NewtonRaphson::solveCurrentStep() -the ConvergenceTest object failed in test()
StaticAnalysis::analyze() - the Algorithm failed at step: 0 with domain at load factor 2756.42
OpenSees > analyze failed, returned: -3 error flag
WARNING ZeroLength::setDomain(): Element 5000108 has L= 7.95018, which is greater than the tolerance
WARNING ZeroLength::setDomain(): Element 5000109 has L= 60.8508, which is greater than the tolerance
WARNING ZeroLength::setDomain(): Element 5000110 has L= 21.3645, which is greater than the tolerance
WARNING ZeroLength::setDomain(): Element 5000111 has L= 56.5134, which is greater than the tolerance
WARNING ZeroLength::setDomain(): Element 5000112 has L= 61.1427, which is greater than the tolerance
WARNING ZeroLength::setDomain(): Element 5000113 has L= 8.10268, which is greater than the tolerance
WARNING ZeroLength::setDomain(): Element 5000114 has L= 65.1002, which is greater than the tolerance
WARNING ZeroLength::setDomain(): Element 5000115 has L= 7.64646, which is greater than the tolerance
WARNING ZeroLength::setDomain(): Element 5000116 has L= 62.0402, which is greater than the tolerance
WARNING ZeroLength::setDomain(): Element 5000117 has L= 20.9603, which is greater than the tolerance
WARNING ZeroLength::setDomain(): Element 5000118 has L= 8.27098, which is greater than the tolerance
WARNING ZeroLength::setDomain(): Element 5000119 has L= 55.3791, which is greater than the tolerance
WARNING ZeroLength::setDomain(): Element 5000120 has L= 21.8134, which is greater than the tolerance
WARNING ZeroLength::setDomain(): Element 5000121 has L= 65.7933, which is greater than the tolerance
WARNING ZeroLength::setDomain(): Element 5000122 has L= 17.2928, which is greater than the tolerance
WARNING ZeroLength::setDomain(): Element 5000123 has L= 17.6975, which is greater than the tolerance
WARNING ZeroLength::setDomain(): Element 5000124 has L= 60.1529, which is greater than the tolerance
WARNING ZeroLength::setDomain(): Element 5000125 has L= 20.5668, which is greater than the tolerance
WARNING ZeroLength::setDomain(): Element 5000126 has L= 57.3254, which is greater than the tolerance
WARNING ZeroLength::setDomain(): Element 5000127 has L= 60.4063, which is greater than the tolerance
WARNING ZeroLength::setDomain(): Element 5000128 has L= 63.2912, which is greater than the tolerance
WARNING ZeroLength::setDomain(): Element 5000129 has L= 7.31716, which is greater than the tolerance
WARNING: CTestNormDispIncr::test() - failed to converge 
after: 50 iterations  current Norm: 33200.6 (max: 1e-06, Norm deltaR: 1.81899e+08)
NewtonRaphson::solveCurrentStep() -the ConvergenceTest object failed in test()
StaticAnalysis::analyze() - the Algorithm failed at step: 0 with domain at load factor 230.422
OpenSees > analyze failed, returned: -3 error flag
WARNING ZeroLength::setDomain(): Element 5000130 has L= 18.0733, which is greater than the tolerance
WARNING ZeroLength::setDomain(): Element 5000131 has L= 9.67479, which is greater than the tolerance
WARNING ZeroLength::setDomain(): Element 5000132 has L= 8.47, which is greater than the tolerance
WARNING ZeroLength::setDomain(): Element 5000133 has L= 22.323, which is greater than the tolerance
WARNING ZeroLength::setDomain(): Element 5000134 has L= 59.7086, which is greater than the tolerance
WARNING ZeroLength::setDomain(): Element 5000135 has L= 16.5358, which is greater than the tolerance
WARNING ZeroLength::setDomain(): Element 5000136 has L= 68.2768, which is greater than the tolerance
WARNING ZeroLength::setDomain(): Element 5000137 has L= 16.193, which is greater than the tolerance
WARNING ZeroLength::setDomain(): Element 5000138 has L= 54.2009, which is greater than the tolerance
WARNING ZeroLength::setDomain(): Element 5000139 has L= 7.16194, which is greater than the tolerance
WARNING ZeroLength::setDomain(): Element 5000140 has L= 65.8963, which is greater than the tolerance
WARNING ZeroLength::setDomain(): Element 5000141 has L= 7.49146, which is greater than the tolerance
WARNING ZeroLength::setDomain(): Element 5000142 has L= 7.31716, which is greater than the tolerance
WARNING ZeroLength::setDomain(): Element 5000143 has L= 9.90265, which is greater than the tolerance
WARNING ZeroLength::setDomain(): Element 5000144 has L= 70.3136, which is greater than the tolerance
WARNING ZeroLength::setDomain(): Element 5000145 has L= 21.3645, which is greater than the tolerance
WARNING ZeroLength::setDomain(): Element 5000146 has L= 15.887, which is greater than the tolerance
WARNING: CTestNormDispIncr::test() - failed to converge 
after: 50 iterations  current Norm: 29499.3 (max: 1e-06, Norm deltaR: 1.73993e+08)
NewtonRaphson::solveCurrentStep() -the ConvergenceTest object failed in test()
StaticAnalysis::analyze() - the Algorithm failed at step: 0 with domain at load factor 1140.46
OpenSees > analyze failed, returned: -3 error flag
WARNING ZeroLength::setDomain(): Element 5000147 has L= 59.6494, which is greater than the tolerance
WARNING ZeroLength::setDomain(): Element 5000148 has L= 16.8843, which is greater than the tolerance
WARNING ZeroLength::setDomain(): Element 5000149 has L= 56.6811, which is greater than the tolerance
WARNING ZeroLength::setDomain(): Element 5000150 has L= 54.5877, which is greater than the tolerance
WARNING ZeroLength::setDomain(): Element 5000151 has L= 60.8992, which is greater than the tolerance
WARNING ZeroLength::setDomain(): Element 5000152 has L= 52.2533, which is greater than the tolerance
WARNING ZeroLength::setDomain(): Element 5000153 has L= 65.1542, which is greater than the tolerance
WARNING ZeroLength::setDomain(): Element 5000154 has L= 8.66695, which is greater than the tolerance
WARNING ZeroLength::setDomain(): Element 5000155 has L= 10.4253, which is greater than the tolerance
WARNING ZeroLength::setDomain(): Element 5000156 has L= 58.5032, which is greater than the tolerance
WARNING ZeroLength::setDomain(): Element 5000157 has L= 55.8643, which is greater than the tolerance
WARNING ZeroLength::setDomain(): Element 5000158 has L= 53.1113, which is greater than the tolerance
WARNING ZeroLength::setDomain(): Element 5000159 has L= 20.5668, which is greater than the tolerance
WARNING ZeroLength::setDomain(): Element 5000160 has L= 20.1419, which is greater than the tolerance
WARNING ZeroLength::setDomain(): Element 5000161 has L= 7.04435, which is greater than the tolerance
WARNING ZeroLength::setDomain(): Element 5000162 has L= 68.6803, which is greater than the tolerance
WARNING ZeroLength::setDomain(): Element 5000163 has L= 20.1419, which is greater than the tolerance
WARNING: CTestNormDispIncr::test() - failed to converge 
after: 50 iterations  current Norm: 92264.1 (max: 1e-06, Norm deltaR: 2.98429e+09)
NewtonRaphson::solveCurrentStep() -the ConvergenceTest object failed in test()
StaticAnalysis::analyze() - the Algorithm failed at step: 0 with domain at load factor 2089.72
OpenSees > analyze failed, returned: -3 error flag
WARNING ZeroLength::setDomain(): Element 5000164 has L= 18.4098, which is greater than the tolerance
WARNING ZeroLength::setDomain(): Element 5000165 has L= 45.7441, which is greater than the tolerance
WARNING ZeroLength::setDomain(): Element 5000166 has L= 46.0169, which is greater than the tolerance
WARNING ZeroLength::setDomain(): Element 5000167 has L= 63.4872, which is greater than the tolerance
WARNING ZeroLength::setDomain(): Element 5000168 has L= 34.9786, which is greater than the tolerance
WARNING ZeroLength::setDomain(): Element 5000169 has L= 56.8728, which is greater than the tolerance
WARNING ZeroLength::setDomain(): Element 5000170 has L= 45.3085, which is greater than the tolerance
WARNING ZeroLength::setDomain(): Element 5000171 has L= 8.27098, which is greater than the tolerance
WARNING ZeroLength::setDomain(): Element 5000172 has L= 15.887, which is greater than the tolerance
WARNING ZeroLength::setDomain(): Element 5000173 has L= 62.1846, which is greater than the tolerance
WARNING ZeroLength::setDomain(): Element 5000174 has L= 58.4067, which is greater than the tolerance
WARNING ZeroLength::setDomain(): Element 5000175 has L= 34.2955, which is greater than the tolerance
WARNING ZeroLength::setDomain(): Element 5000176 has L= 45.4104, which is greater than the tolerance
WARNING ZeroLength::setDomain(): Element 5000177 has L= 17.2928, which is greater than the tolerance
WARNING ZeroLength::setDomain(): Element 5000178 has L= 27.9574, which is greater than the tolerance
WARNING ZeroLength::setDomain(): Element 5000179 has L= 53.1624, which is greater than the tolerance
WARNING ZeroLength::setDomain(): Element 5000180 has L= 63.6728, which is greater than the tolerance
WARNING ZeroLength::setDomain(): Element 5000181 has L= 54.8272, which is greater than the tolerance
WARNING ZeroLength::setDomain(): Element 5000182 has L= 33.6879, which is greater than the tolerance
WARNING ZeroLength::setDomain(): Element 5000183 has L= 22.7442, which is greater than the tolerance
WARNING ZeroLength::setDomain(): Element 5000184 has L= 66.6635, which is greater than the tolerance
WARNING ZeroLength::setDomain(): Element 5000185 has L= 28.6679, which is greater than the tolerance
WARNING ZeroLength::setDomain(): Element 5000186 has L= 10.1571, which is greater than the tolerance
WARNING ZeroLength::setDomain(): Element 5000187 has L= 35.6894, which is greater than the tolerance
WARNING ZeroLength::setDomain(): Element 5000188 has L= 55.5605, which is greater than the tolerance
WARNING ZeroLength::setDomain(): Element 5000189 has L= 15.5744, which is greater than the tolerance
WARNING ZeroLength::setDomain(): Element 5000190 has L= 65.0402, which is greater than the tolerance
WARNING ZeroLength::setDomain(): Element 5000191 has L= 35.6894, which is greater than the tolerance
WARNING ZeroLength::setDomain(): Element 5000192 has L= 34.9786, which is greater than the tolerance
WARNING ZeroLength::setDomain(): Element 5000193 has L= 58.8301, which is greater than the tolerance
WARNING ZeroLength::setDomain(): Element 5000194 has L= 26.7425, which is greater than the tolerance
WARNING ZeroLength::setDomain(): Element 5000195 has L= 51.3345, which is greater than the tolerance
WARNING ZeroLength::setDomain(): Element 5000196 has L= 56.203, which is greater than the tolerance
WARNING ZeroLength::setDomain(): Element 5000197 has L= 52.9961, which is greater than the tolerance
WARNING ZeroLength::setDomain(): Element 5000198 has L= 73.359, which is greater than the tolerance
WARNING ZeroLength::setDomain(): Element 5000199 has L= 55.9328, which is greater than the tolerance
WARNING ZeroLength::setDomain(): Element 5000200 has L= 61.9516, which is greater than the tolerance
WARNING ZeroLength::setDomain(): Element 5000201 has L= 34.2955, which is greater than the tolerance
WARNING ZeroLength::setDomain(): Element 5000202 has L= 59.3813, which is greater than the tolerance
WARNING ZeroLength::setDomain(): Element 5000203 has L= 9.23314, which is greater than the tolerance
