WARNING ZeroLength::setDomain(): Element 5000001 has L= 2.58316, which is greater than the tolerance
WARNING ZeroLength::setDomain(): Element 5000002 has L= 2.33002, which is greater than the tolerance
WARNING ZeroLength::setDomain(): Element 5000003 has L= 1.92493, which is greater than the tolerance
WARNING ZeroLength::setDomain(): Element 5000004 has L= 1.92657, which is greater than the tolerance
WARNING ZeroLength::setDomain(): Element 5000005 has L= 1.86194, which is greater than the tolerance
WARNING ZeroLength::setDomain(): Element 5000006 has L= 1.86194, which is greater than the tolerance
WARNING ZeroLength::setDomain(): Element 5000007 has L= 1.92657, which is greater than the tolerance
WARNING ZeroLength::setDomain(): Element 5000008 has L= 1.92493, which is greater than the tolerance
WARNING ZeroLength::setDomain(): Element 5000009 has L= 2.33002, which is greater than the tolerance
WARNING ZeroLength::setDomain(): Element 5000010 has L= 2.58316, which is greater than the tolerance
WARNING ZeroLength::setDomain(): Element 5000011 has L= 2.4364, which is greater than the tolerance
WARNING ZeroLength::setDomain(): Element 5000012 has L= 2.29844, which is greater than the tolerance
WARNING ZeroLength::setDomain(): Element 5000013 has L= 2.03984, which is greater than the tolerance
WARNING ZeroLength::setDomain(): Element 5000014 has L= 2.06549, which is greater than the tolerance
WARNING ZeroLength::setDomain(): Element 5000015 has L= 2.0532, which is greater than the tolerance
WARNING ZeroLength::setDomain(): Element 5000016 has L= 2.0532, which is greater than the tolerance
WARNING ZeroLength::setDomain(): Element 5000017 has L= 2.06549, which is greater than the tolerance
WARNING ZeroLength::setDomain(): Element 5000018 has L= 2.03984, which is greater than the tolerance
WARNING ZeroLength::setDomain(): Element 5000019 has L= 2.29844, which is greater than the tolerance
WARNING ZeroLength::setDomain(): Element 5000020 has L= 2.4364, which is greater than the tolerance
WARNING ZeroLength::setDomain(): Element 5000021 has L= 2.37148, which is greater than the tolerance
WARNING ZeroLength::setDomain(): Element 5000022 has L= 2.33175, which is greater than the tolerance
WARNING ZeroLength::setDomain(): Element 5000023 has L= 2.21368, which is greater than the tolerance
WARNING ZeroLength::setDomain(): Element 5000024 has L= 2.27849, which is greater than the tolerance
WARNING ZeroLength::setDomain(): Element 5000025 has L= 2.31537, which is greater than the tolerance
WARNING ZeroLength::setDomain(): Element 5000026 has L= 2.31537, which is greater than the tolerance
WARNING ZeroLength::setDomain(): Element 5000027 has L= 2.27849, which is greater than the tolerance
WARNING ZeroLength::setDomain(): Element 5000028 has L= 2.21368, which is greater than the tolerance
WARNING ZeroLength::setDomain(): Element 5000029 has L= 2.33175, which is greater than the tolerance
WARNING ZeroLength::setDomain(): Element 5000030 has L= 2.37148, which is greater than the tolerance
WARNING ZeroLength::setDomain(): Element 5000031 has L= 2.41628, which is greater than the tolerance
WARNING ZeroLength::setDomain(): Element 5000032 has L= 2.42819, which is greater than the tolerance
WARNING ZeroLength::setDomain(): Element 5000033 has L= 2.42733, which is greater than the tolerance
WARNING ZeroLength::setDomain(): Element 5000034 has L= 2.59867, which is greater than the tolerance
WARNING ZeroLength::setDomain(): Element 5000035 has L= 2.73879, which is greater than the tolerance
WARNING ZeroLength::setDomain(): Element 5000036 has L= 2.73879, which is greater than the tolerance
WARNING ZeroLength::setDomain(): Element 5000037 has L= 2.59867, which is greater than the tolerance
WARNING ZeroLength::setDomain(): Element 5000038 has L= 2.42733, which is greater than the tolerance
WARNING ZeroLength::setDomain(): Element 5000039 has L= 2.42819, which is greater than the tolerance
WARNING ZeroLength::setDomain(): Element 5000040 has L= 2.41628, which is greater than the tolerance
WARNING ZeroLength::setDomain(): Element 5000041 has L= 2.47608, which is greater than the tolerance
WARNING ZeroLength::setDomain(): Element 5000042 has L= 2.58396, which is greater than the tolerance
WARNING ZeroLength::setDomain(): Element 5000043 has L= 2.73718, which is greater than the tolerance
WARNING ZeroLength::setDomain(): Element 5000044 has L= 2.90348, which is greater than the tolerance
WARNING ZeroLength::setDomain(): Element 5000045 has L= 3.00908, which is greater than the tolerance
WARNING ZeroLength::setDomain(): Element 5000046 has L= 3.00908, which is greater than the tolerance
WARNING ZeroLength::setDomain(): Element 5000047 has L= 2.90348, which is greater than the tolerance
WARNING ZeroLength::setDomain(): Element 5000048 has L= 2.73718, which is greater than the tolerance
WARNING ZeroLength::setDomain(): Element 5000049 has L= 2.58396, which is greater than the tolerance
WARNING ZeroLength::setDomain(): Element 5000050 has L= 2.47608, which is greater than the tolerance
WARNING ZeroLength::setDomain(): Element 5000051 has L= 2.41198, which is greater than the tolerance
WARNING ZeroLength::setDomain(): Element 5000052 has L= 2.61187, which is greater than the tolerance
WARNING ZeroLength::setDomain(): Element 5000053 has L= 2.9169, which is greater than the tolerance
WARNING ZeroLength::setDomain(): Element 5000054 has L= 2.99342, which is greater than the tolerance
WARNING ZeroLength::setDomain(): Element 5000055 has L= 3.07724, which is greater than the tolerance
WARNING ZeroLength::setDomain(): Element 5000056 has L= 3.07724, which is greater than the tolerance
WARNING ZeroLength::setDomain(): Element 5000057 has L= 2.99342, which is greater than the tolerance
WARNING ZeroLength::setDomain(): Element 5000058 has L= 2.9169, which is greater than the tolerance
WARNING ZeroLength::setDomain(): Element 5000059 has L= 2.61187, which is greater than the tolerance
WARNING ZeroLength::setDomain(): Element 5000060 has L= 2.41198, which is greater than the tolerance
WARNING ZeroLength::setDomain(): Element 5000061 has L= 2.32064, which is greater than the tolerance
WARNING ZeroLength::setDomain(): Element 5000062 has L= 2.47975, which is greater than the tolerance
WARNING ZeroLength::setDomain(): Element 5000063 has L= 2.83776, which is greater than the tolerance
WARNING ZeroLength::setDomain(): Element 5000064 has L= 2.94325, which is greater than the tolerance
WARNING ZeroLength::setDomain(): Element 5000065 has L= 3.07355, which is greater than the tolerance
WARNING ZeroLength::setDomain(): Element 5000066 has L= 3.07355, which is greater than the tolerance
WARNING ZeroLength::setDomain(): Element 5000067 has L= 2.94325, which is greater than the tolerance
WARNING ZeroLength::setDomain(): Element 5000068 has L= 2.83776, which is greater than the tolerance
WARNING ZeroLength::setDomain(): Element 5000069 has L= 2.47975, which is greater than the tolerance
WARNING ZeroLength::setDomain(): Element 5000070 has L= 2.32064, which is greater than the tolerance
WARNING ZeroLength::setDomain(): Element 5000071 has L= 2.24577, which is greater than the tolerance
WARNING ZeroLength::setDomain(): Element 5000072 has L= 2.40598, which is greater than the tolerance
WARNING ZeroLength::setDomain(): Element 5000073 has L= 2.7753, which is greater than the tolerance
WARNING ZeroLength::setDomain(): Element 5000074 has L= 2.92686, which is greater than the tolerance
WARNING ZeroLength::setDomain(): Element 5000075 has L= 3.0362, which is greater than the tolerance
WARNING ZeroLength::setDomain(): Element 5000076 has L= 3.0362, which is greater than the tolerance
WARNING ZeroLength::setDomain(): Element 5000077 has L= 2.92686, which is greater than the tolerance
WARNING ZeroLength::setDomain(): Element 5000078 has L= 2.7753, which is greater than the tolerance
WARNING ZeroLength::setDomain(): Element 5000079 has L= 2.40598, which is greater than the tolerance
WARNING ZeroLength::setDomain(): Element 5000080 has L= 2.24577, which is greater than the tolerance
WARNING ZeroLength::setDomain(): Element 5000081 has L= 2.21707, which is greater than the tolerance
WARNING ZeroLength::setDomain(): Element 5000082 has L= 2.35033, which is greater than the tolerance
WARNING ZeroLength::setDomain(): Element 5000083 has L= 2.70197, which is greater than the tolerance
WARNING ZeroLength::setDomain(): Element 5000084 has L= 2.88877, which is greater than the tolerance
WARNING ZeroLength::setDomain(): Element 5000085 has L= 2.93483, which is greater than the tolerance
WARNING ZeroLength::setDomain(): Element 5000086 has L= 2.93483, which is greater than the tolerance
WARNING ZeroLength::setDomain(): Element 5000087 has L= 2.88877, which is greater than the tolerance
WARNING ZeroLength::setDomain(): Element 5000088 has L= 2.70197, which is greater than the tolerance
WARNING ZeroLength::setDomain(): Element 5000089 has L= 2.35033, which is greater than the tolerance
WARNING ZeroLength::setDomain(): Element 5000090 has L= 2.21707, which is greater than the tolerance
WARNING: CTestNormDispIncr::test() - failed to converge 
after: 50 iterations  current Norm: 63960.9 (max: 1e-06, Norm deltaR: 8.17084e+07)
NewtonRaphson::solveCurrentStep() -the ConvergenceTest object failed in test()
StaticAnalysis::analyze() - the Algorithm failed at step: 0 with domain at load factor -824.972
OpenSees > analyze failed, returned: -3 error flag
WARNING: CTestNormDispIncr::test() - failed to converge 
after: 50 iterations  current Norm: 11616.2 (max: 1e-06, Norm deltaR: 1.96383e+08)
NewtonLineSearch::solveCurrentStep() -the ConvergenceTest object failed in test()
StaticAnalysis::analyze() - the Algorithm failed at step: 0 with domain at load factor -9162.94
OpenSees > analyze failed, returned: -3 error flag
WARNING: CTestNormDispIncr::test() - failed to converge 
after: 50 iterations  current Norm: 36020.8 (max: 1e-06, Norm deltaR: 3.98043e+08)
AcceleratedNewton::solveCurrentStep() -The ConvergenceTest object failed in test()
StaticAnalysis::analyze() - the Algorithm failed at step: 0 with domain at load factor 1196.46
OpenSees > analyze failed, returned: -3 error flag
WARNING: CTestNormDispIncr::test() - failed to converge 
after: 50 iterations  current Norm: 9.64076e+63 (max: 1e-06, Norm deltaR: 8.84674e+67)
ModifiedNewton::solveCurrentStep() -the ConvergenceTest object failed in test()
StaticAnalysis::analyze() - the Algorithm failed at step: 0 with domain at load factor -3.1365e+63
OpenSees > analyze failed, returned: -3 error flag
WARNING: CTestNormDispIncr::test() - failed to converge 
after: 50 iterations  current Norm: 46619.6 (max: 1e-06, Norm deltaR: 1.05014e+09)
NewtonRaphson::solveCurrentStep() -the ConvergenceTest object failed in test()
StaticAnalysis::analyze() - the Algorithm failed at step: 0 with domain at load factor -1032.91
OpenSees > analyze failed, returned: -3 error flag
WARNING: CTestNormDispIncr::test() - failed to converge 
after: 50 iterations  current Norm: 45209.6 (max: 1e-06, Norm deltaR: 5.75463e+08)
NewtonRaphson::solveCurrentStep() -the ConvergenceTest object failed in test()
StaticAnalysis::analyze() - the Algorithm failed at step: 0 with domain at load factor -10297.5
OpenSees > analyze failed, returned: -3 error flag
WARNING: CTestNormDispIncr::test() - failed to converge 
after: 50 iterations  current Norm: 2149.04 (max: 1e-06, Norm deltaR: 1.0926e+08)
NewtonLineSearch::solveCurrentStep() -the ConvergenceTest object failed in test()
StaticAnalysis::analyze() - the Algorithm failed at step: 0 with domain at load factor -3180.16
OpenSees > analyze failed, returned: -3 error flag
WARNING: CTestNormDispIncr::test() - failed to converge 
after: 50 iterations  current Norm: 29467.4 (max: 1e-06, Norm deltaR: 5.36606e+08)
AcceleratedNewton::solveCurrentStep() -The ConvergenceTest object failed in test()
StaticAnalysis::analyze() - the Algorithm failed at step: 0 with domain at load factor 11154.6
OpenSees > analyze failed, returned: -3 error flag
WARNING: CTestNormDispIncr::test() - failed to converge 
after: 50 iterations  current Norm: 4.3033e+69 (max: 1e-06, Norm deltaR: 3.92426e+73)
ModifiedNewton::solveCurrentStep() -the ConvergenceTest object failed in test()
StaticAnalysis::analyze() - the Algorithm failed at step: 0 with domain at load factor 3.7858e+68
OpenSees > analyze failed, returned: -3 error flag
WARNING: CTestNormDispIncr::test() - failed to converge 
after: 50 iterations  current Norm: 320692 (max: 1e-06, Norm deltaR: 6.62732e+08)
NewtonRaphson::solveCurrentStep() -the ConvergenceTest object failed in test()
StaticAnalysis::analyze() - the Algorithm failed at step: 0 with domain at load factor -2179.71
OpenSees > analyze failed, returned: -3 error flag
WARNING ZeroLength::setDomain(): Element 5000091 has L= 7.92449, which is greater than the tolerance
WARNING ZeroLength::setDomain(): Element 5000092 has L= 46.7544, which is greater than the tolerance
WARNING ZeroLength::setDomain(): Element 5000093 has L= 8.08237, which is greater than the tolerance
WARNING ZeroLength::setDomain(): Element 5000094 has L= 50.0417, which is greater than the tolerance
WARNING ZeroLength::setDomain(): Element 5000095 has L= 7.77863, which is greater than the tolerance
WARNING: CTestNormDispIncr::test() - failed to converge 
after: 50 iterations  current Norm: 36105.2 (max: 1e-06, Norm deltaR: 2.43764e+08)
NewtonRaphson::solveCurrentStep() -the ConvergenceTest object failed in test()
StaticAnalysis::analyze() - the Algorithm failed at step: 0 with domain at load factor 157.646
OpenSees > analyze failed, returned: -3 error flag
WARNING ZeroLength::setDomain(): Element 5000096 has L= 48.131, which is greater than the tolerance
WARNING ZeroLength::setDomain(): Element 5000097 has L= 51.698, which is greater than the tolerance
WARNING ZeroLength::setDomain(): Element 5000098 has L= 53.8096, which is greater than the tolerance
WARNING ZeroLength::setDomain(): Element 5000099 has L= 8.23488, which is greater than the tolerance
WARNING ZeroLength::setDomain(): Element 5000100 has L= 55.3959, which is greater than the tolerance
WARNING ZeroLength::setDomain(): Element 5000101 has L= 7.92449, which is greater than the tolerance
WARNING ZeroLength::setDomain(): Element 5000102 has L= 8.08237, which is greater than the tolerance
WARNING ZeroLength::setDomain(): Element 5000103 has L= 21.4891, which is greater than the tolerance
WARNING ZeroLength::setDomain(): Element 5000104 has L= 21.0851, which is greater than the tolerance
WARNING ZeroLength::setDomain(): Element 5000105 has L= 59.0604, which is greater than the tolerance
WARNING ZeroLength::setDomain(): Element 5000106 has L= 7.62361, which is greater than the tolerance
WARNING: CTestNormDispIncr::test() - failed to converge 
after: 50 iterations  current Norm: 56381.8 (max: 1e-06, Norm deltaR: 1.18254e+08)
NewtonRaphson::solveCurrentStep() -the ConvergenceTest object failed in test()
StaticAnalysis::analyze() - the Algorithm failed at step: 0 with domain at load factor 601.193
OpenSees > analyze failed, returned: -3 error flag
WARNING ZeroLength::setDomain(): Element 5000107 has L= 57.891, which is greater than the tolerance
WARNING ZeroLength::setDomain(): Element 5000108 has L= 58.2563, which is greater than the tolerance
WARNING ZeroLength::setDomain(): Element 5000109 has L= 20.6917, which is greater than the tolerance
WARNING ZeroLength::setDomain(): Element 5000110 has L= 51.1946, which is greater than the tolerance
WARNING ZeroLength::setDomain(): Element 5000111 has L= 52.0454, which is greater than the tolerance
WARNING ZeroLength::setDomain(): Element 5000112 has L= 55.2319, which is greater than the tolerance
WARNING ZeroLength::setDomain(): Element 5000113 has L= 7.77863, which is greater than the tolerance
WARNING: CTestNormDispIncr::test() - failed to converge 
after: 50 iterations  current Norm: 13705.7 (max: 1e-06, Norm deltaR: 3.82796e+08)
NewtonRaphson::solveCurrentStep() -the ConvergenceTest object failed in test()
StaticAnalysis::analyze() - the Algorithm failed at step: 0 with domain at load factor 752.724
OpenSees > analyze failed, returned: -3 error flag
WARNING ZeroLength::setDomain(): Element 5000114 has L= 21.0851, which is greater than the tolerance
WARNING ZeroLength::setDomain(): Element 5000115 has L= 57.3115, which is greater than the tolerance
WARNING ZeroLength::setDomain(): Element 5000116 has L= 55.3692, which is greater than the tolerance
WARNING ZeroLength::setDomain(): Element 5000117 has L= 7.94394, which is greater than the tolerance
WARNING ZeroLength::setDomain(): Element 5000118 has L= 8.23488, which is greater than the tolerance
WARNING ZeroLength::setDomain(): Element 5000119 has L= 21.4891, which is greater than the tolerance
WARNING: CTestNormDispIncr::test() - failed to converge 
after: 50 iterations  current Norm: 223254 (max: 1e-06, Norm deltaR: 5.263e+09)
NewtonRaphson::solveCurrentStep() -the ConvergenceTest object failed in test()
StaticAnalysis::analyze() - the Algorithm failed at step: 0 with domain at load factor 17793.4
OpenSees > analyze failed, returned: -3 error flag
WARNING ZeroLength::setDomain(): Element 5000120 has L= 61.0024, which is greater than the tolerance
WARNING ZeroLength::setDomain(): Element 5000121 has L= 21.9379, which is greater than the tolerance
WARNING ZeroLength::setDomain(): Element 5000122 has L= 7.62361, which is greater than the tolerance
WARNING ZeroLength::setDomain(): Element 5000123 has L= 17.425, which is greater than the tolerance
WARNING ZeroLength::setDomain(): Element 5000124 has L= 8.40317, which is greater than the tolerance
WARNING ZeroLength::setDomain(): Element 5000125 has L= 17.0165, which is greater than the tolerance
WARNING ZeroLength::setDomain(): Element 5000126 has L= 60.4276, which is greater than the tolerance
WARNING ZeroLength::setDomain(): Element 5000127 has L= 17.8297, which is greater than the tolerance
WARNING ZeroLength::setDomain(): Element 5000128 has L= 16.3252, which is greater than the tolerance
WARNING ZeroLength::setDomain(): Element 5000129 has L= 20.6917, which is greater than the tolerance
WARNING ZeroLength::setDomain(): Element 5000130 has L= 7.4493, which is greater than the tolerance
WARNING ZeroLength::setDomain(): Element 5000131 has L= 54.047, which is greater than the tolerance
WARNING ZeroLength::setDomain(): Element 5000132 has L= 16.668, which is greater than the tolerance
WARNING ZeroLength::setDomain(): Element 5000133 has L= 16.0192, which is greater than the tolerance
WARNING ZeroLength::setDomain(): Element 5000134 has L= 7.4493, which is greater than the tolerance
WARNING ZeroLength::setDomain(): Element 5000135 has L= 55.3118, which is greater than the tolerance
WARNING ZeroLength::setDomain(): Element 5000136 has L= 62.8601, which is greater than the tolerance
WARNING ZeroLength::setDomain(): Element 5000137 has L= 9.77652, which is greater than the tolerance
WARNING ZeroLength::setDomain(): Element 5000138 has L= 18.2055, which is greater than the tolerance
WARNING ZeroLength::setDomain(): Element 5000139 has L= 55.4291, which is greater than the tolerance
WARNING ZeroLength::setDomain(): Element 5000140 has L= 7.29406, which is greater than the tolerance
WARNING ZeroLength::setDomain(): Element 5000141 has L= 55.4182, which is greater than the tolerance
WARNING ZeroLength::setDomain(): Element 5000142 has L= 10.0039, which is greater than the tolerance
WARNING ZeroLength::setDomain(): Element 5000143 has L= 52.1046, which is greater than the tolerance
WARNING ZeroLength::setDomain(): Element 5000144 has L= 10.5261, which is greater than the tolerance
WARNING ZeroLength::setDomain(): Element 5000145 has L= 22.4475, which is greater than the tolerance
WARNING ZeroLength::setDomain(): Element 5000146 has L= 28.0897, which is greater than the tolerance
WARNING ZeroLength::setDomain(): Element 5000147 has L= 56.7929, which is greater than the tolerance
WARNING: CTestNormDispIncr::test() - failed to converge 
after: 50 iterations  current Norm: 83639 (max: 1e-06, Norm deltaR: 7.50959e+07)
NewtonRaphson::solveCurrentStep() -the ConvergenceTest object failed in test()
StaticAnalysis::analyze() - the Algorithm failed at step: 0 with domain at load factor 740.444
OpenSees > analyze failed, returned: -3 error flag
WARNING: CTestNormDispIncr::test() - failed to converge 
after: 50 iterations  current Norm: 7811.42 (max: 1e-06, Norm deltaR: 2.44965e+08)
NewtonLineSearch::solveCurrentStep() -the ConvergenceTest object failed in test()
StaticAnalysis::analyze() - the Algorithm failed at step: 0 with domain at load factor 12318.6
OpenSees > analyze failed, returned: -3 error flag
WARNING: CTestNormDispIncr::test() - failed to converge 
after: 50 iterations  current Norm: 60.7828 (max: 1e-06, Norm deltaR: 70492.9)
AcceleratedNewton::solveCurrentStep() -The ConvergenceTest object failed in test()
StaticAnalysis::analyze() - the Algorithm failed at step: 0 with domain at load factor 672.252
OpenSees > analyze failed, returned: -3 error flag
WARNING: CTestNormDispIncr::test() - failed to converge 
after: 50 iterations  current Norm: 24114.8 (max: 1e-06, Norm deltaR: 6.3886e+08)
ModifiedNewton::solveCurrentStep() -the ConvergenceTest object failed in test()
StaticAnalysis::analyze() - the Algorithm failed at step: 0 with domain at load factor 739.883
OpenSees > analyze failed, returned: -3 error flag
WARNING ZeroLength::setDomain(): Element 5000148 has L= 8.60219, which is greater than the tolerance
WARNING: CTestNormDispIncr::test() - failed to converge 
after: 50 iterations  current Norm: 207077 (max: 1e-06, Norm deltaR: 6.33414e+09)
NewtonRaphson::solveCurrentStep() -the ConvergenceTest object failed in test()
StaticAnalysis::analyze() - the Algorithm failed at step: 0 with domain at load factor 33825.2
OpenSees > analyze failed, returned: -3 error flag
WARNING: CTestNormDispIncr::test() - failed to converge 
after: 50 iterations  current Norm: 8277.66 (max: 1e-06, Norm deltaR: 1.66818e+08)
NewtonLineSearch::solveCurrentStep() -the ConvergenceTest object failed in test()
StaticAnalysis::analyze() - the Algorithm failed at step: 0 with domain at load factor 16600.2
OpenSees > analyze failed, returned: -3 error flag
WARNING: CTestNormDispIncr::test() - failed to converge 
after: 50 iterations  current Norm: 22.6201 (max: 1e-06, Norm deltaR: 613159)
AcceleratedNewton::solveCurrentStep() -The ConvergenceTest object failed in test()
StaticAnalysis::analyze() - the Algorithm failed at step: 0 with domain at load factor 679.919
OpenSees > analyze failed, returned: -3 error flag
WARNING: CTestNormDispIncr::test() - failed to converge 
after: 50 iterations  current Norm: 1.6349e+76 (max: 1e-06, Norm deltaR: 1.22636e+80)
ModifiedNewton::solveCurrentStep() -the ConvergenceTest object failed in test()
StaticAnalysis::analyze() - the Algorithm failed at step: 0 with domain at load factor -6.05624e+73
OpenSees > analyze failed, returned: -3 error flag
WARNING: CTestNormDispIncr::test() - failed to converge 
after: 50 iterations  current Norm: 56663.9 (max: 1e-06, Norm deltaR: 1.50117e+09)
NewtonRaphson::solveCurrentStep() -the ConvergenceTest object failed in test()
StaticAnalysis::analyze() - the Algorithm failed at step: 0 with domain at load factor 4064.34
OpenSees > analyze failed, returned: -3 error flag
WARNING: CTestNormDispIncr::test() - failed to converge 
after: 50 iterations  current Norm: 12723.6 (max: 1e-06, Norm deltaR: 1.2195e+09)
NewtonLineSearch::solveCurrentStep() -the ConvergenceTest object failed in test()
StaticAnalysis::analyze() - the Algorithm failed at step: 0 with domain at load factor 4227.2
OpenSees > analyze failed, returned: -3 error flag
WARNING: CTestNormDispIncr::test() - failed to converge 
after: 50 iterations  current Norm: 5.39208 (max: 1e-06, Norm deltaR: 43559.5)
AcceleratedNewton::solveCurrentStep() -The ConvergenceTest object failed in test()
StaticAnalysis::analyze() - the Algorithm failed at step: 0 with domain at load factor 671.69
OpenSees > analyze failed, returned: -3 error flag
WARNING: CTestNormDispIncr::test() - failed to converge 
after: 50 iterations  current Norm: 1.43736e+59 (max: 1e-06, Norm deltaR: 1.09786e+63)
ModifiedNewton::solveCurrentStep() -the ConvergenceTest object failed in test()
StaticAnalysis::analyze() - the Algorithm failed at step: 0 with domain at load factor 1.31697e+57
OpenSees > analyze failed, returned: -3 error flag
WARNING ZeroLength::setDomain(): Element 5000149 has L= 20.267, which is greater than the tolerance
WARNING: CTestNormDispIncr::test() - failed to converge 
after: 50 iterations  current Norm: 324205 (max: 1e-06, Norm deltaR: 6.7554e+07)
NewtonRaphson::solveCurrentStep() -the ConvergenceTest object failed in test()
StaticAnalysis::analyze() - the Algorithm failed at step: 0 with domain at load factor 1080.97
OpenSees > analyze failed, returned: -3 error flag
WARNING ZeroLength::setDomain(): Element 5000150 has L= 56.3875, which is greater than the tolerance
WARNING ZeroLength::setDomain(): Element 5000151 has L= 58.3136, which is greater than the tolerance
WARNING ZeroLength::setDomain(): Element 5000152 has L= 17.0165, which is greater than the tolerance
WARNING ZeroLength::setDomain(): Element 5000153 has L= 57.3849, which is greater than the tolerance
WARNING ZeroLength::setDomain(): Element 5000154 has L= 59.7725, which is greater than the tolerance
WARNING ZeroLength::setDomain(): Element 5000155 has L= 53.8502, which is greater than the tolerance
WARNING ZeroLength::setDomain(): Element 5000156 has L= 60.7284, which is greater than the tolerance
WARNING ZeroLength::setDomain(): Element 5000157 has L= 65.8529, which is greater than the tolerance
WARNING ZeroLength::setDomain(): Element 5000158 has L= 52.9578, which is greater than the tolerance
WARNING ZeroLength::setDomain(): Element 5000159 has L= 63.0242, which is greater than the tolerance
WARNING ZeroLength::setDomain(): Element 5000160 has L= 20.267, which is greater than the tolerance
WARNING ZeroLength::setDomain(): Element 5000161 has L= 8.79913, which is greater than the tolerance
WARNING ZeroLength::setDomain(): Element 5000162 has L= 53.8479, which is greater than the tolerance
WARNING ZeroLength::setDomain(): Element 5000163 has L= 34.4255, which is greater than the tolerance
WARNING ZeroLength::setDomain(): Element 5000164 has L= 16.0192, which is greater than the tolerance
WARNING ZeroLength::setDomain(): Element 5000165 has L= 7.17646, which is greater than the tolerance
WARNING ZeroLength::setDomain(): Element 5000166 has L= 8.40317, which is greater than the tolerance
WARNING ZeroLength::setDomain(): Element 5000167 has L= 53.7613, which is greater than the tolerance
WARNING ZeroLength::setDomain(): Element 5000168 has L= 65.8521, which is greater than the tolerance
WARNING ZeroLength::setDomain(): Element 5000169 has L= 18.542, which is greater than the tolerance
WARNING ZeroLength::setDomain(): Element 5000170 has L= 15.7066, which is greater than the tolerance
WARNING ZeroLength::setDomain(): Element 5000171 has L= 17.425, which is greater than the tolerance
WARNING ZeroLength::setDomain(): Element 5000172 has L= 33.8179, which is greater than the tolerance
WARNING ZeroLength::setDomain(): Element 5000173 has L= 63.5779, which is greater than the tolerance
WARNING ZeroLength::setDomain(): Element 5000174 has L= 28.8002, which is greater than the tolerance
WARNING ZeroLength::setDomain(): Element 5000175 has L= 35.1086, which is greater than the tolerance
WARNING ZeroLength::setDomain(): Element 5000176 has L= 64.1937, which is greater than the tolerance
WARNING ZeroLength::setDomain(): Element 5000177 has L= 50.1402, which is greater than the tolerance
WARNING ZeroLength::setDomain(): Element 5000178 has L= 15.7066, which is greater than the tolerance
WARNING ZeroLength::setDomain(): Element 5000179 has L= 10.258, which is greater than the tolerance
WARNING ZeroLength::setDomain(): Element 5000180 has L= 7.29406, which is greater than the tolerance
WARNING ZeroLength::setDomain(): Element 5000181 has L= 7.94394, which is greater than the tolerance
WARNING ZeroLength::setDomain(): Element 5000182 has L= 56.7228, which is greater than the tolerance
WARNING ZeroLength::setDomain(): Element 5000183 has L= 22.8685, which is greater than the tolerance
WARNING ZeroLength::setDomain(): Element 5000184 has L= 64.3842, which is greater than the tolerance
WARNING ZeroLength::setDomain(): Element 5000185 has L= 19.7646, which is greater than the tolerance
