WARNING ZeroLength::setDomain(): Element 5000001 has L= 2.52815, which is greater than the tolerance
WARNING ZeroLength::setDomain(): Element 5000002 has L= 2.27485, which is greater than the tolerance
WARNING ZeroLength::setDomain(): Element 5000003 has L= 1.86967, which is greater than the tolerance
WARNING ZeroLength::setDomain(): Element 5000004 has L= 1.87131, which is greater than the tolerance
WARNING ZeroLength::setDomain(): Element 5000005 has L= 1.80666, which is greater than the tolerance
WARNING ZeroLength::setDomain(): Element 5000006 has L= 1.80666, which is greater than the tolerance
WARNING ZeroLength::setDomain(): Element 5000007 has L= 1.87131, which is greater than the tolerance
WARNING ZeroLength::setDomain(): Element 5000008 has L= 1.86967, which is greater than the tolerance
WARNING ZeroLength::setDomain(): Element 5000009 has L= 2.27485, which is greater than the tolerance
WARNING ZeroLength::setDomain(): Element 5000010 has L= 2.52815, which is greater than the tolerance
WARNING ZeroLength::setDomain(): Element 5000011 has L= 2.38142, which is greater than the tolerance
WARNING ZeroLength::setDomain(): Element 5000012 has L= 2.24325, which is greater than the tolerance
WARNING ZeroLength::setDomain(): Element 5000013 has L= 1.98457, which is greater than the tolerance
WARNING ZeroLength::setDomain(): Element 5000014 has L= 2.01021, which is greater than the tolerance
WARNING ZeroLength::setDomain(): Element 5000015 has L= 1.99791, which is greater than the tolerance
WARNING ZeroLength::setDomain(): Element 5000016 has L= 1.99791, which is greater than the tolerance
WARNING ZeroLength::setDomain(): Element 5000017 has L= 2.01021, which is greater than the tolerance
WARNING ZeroLength::setDomain(): Element 5000018 has L= 1.98457, which is greater than the tolerance
WARNING ZeroLength::setDomain(): Element 5000019 has L= 2.24325, which is greater than the tolerance
WARNING ZeroLength::setDomain(): Element 5000020 has L= 2.38142, which is greater than the tolerance
WARNING ZeroLength::setDomain(): Element 5000021 has L= 2.31643, which is greater than the tolerance
WARNING ZeroLength::setDomain(): Element 5000022 has L= 2.27652, which is greater than the tolerance
WARNING ZeroLength::setDomain(): Element 5000023 has L= 2.1584, which is greater than the tolerance
WARNING ZeroLength::setDomain(): Element 5000024 has L= 2.22321, which is greater than the tolerance
WARNING ZeroLength::setDomain(): Element 5000025 has L= 2.26009, which is greater than the tolerance
WARNING ZeroLength::setDomain(): Element 5000026 has L= 2.26009, which is greater than the tolerance
WARNING ZeroLength::setDomain(): Element 5000027 has L= 2.22321, which is greater than the tolerance
WARNING ZeroLength::setDomain(): Element 5000028 has L= 2.1584, which is greater than the tolerance
WARNING ZeroLength::setDomain(): Element 5000029 has L= 2.27652, which is greater than the tolerance
WARNING ZeroLength::setDomain(): Element 5000030 has L= 2.31643, which is greater than the tolerance
WARNING ZeroLength::setDomain(): Element 5000031 has L= 2.36108, which is greater than the tolerance
WARNING ZeroLength::setDomain(): Element 5000032 has L= 2.37292, which is greater than the tolerance
WARNING ZeroLength::setDomain(): Element 5000033 has L= 2.37205, which is greater than the tolerance
WARNING ZeroLength::setDomain(): Element 5000034 has L= 2.54338, which is greater than the tolerance
WARNING ZeroLength::setDomain(): Element 5000035 has L= 2.68351, which is greater than the tolerance
WARNING ZeroLength::setDomain(): Element 5000036 has L= 2.68351, which is greater than the tolerance
WARNING ZeroLength::setDomain(): Element 5000037 has L= 2.54338, which is greater than the tolerance
WARNING ZeroLength::setDomain(): Element 5000038 has L= 2.37205, which is greater than the tolerance
WARNING ZeroLength::setDomain(): Element 5000039 has L= 2.37292, which is greater than the tolerance
WARNING ZeroLength::setDomain(): Element 5000040 has L= 2.36108, which is greater than the tolerance
WARNING ZeroLength::setDomain(): Element 5000041 has L= 2.42082, which is greater than the tolerance
WARNING ZeroLength::setDomain(): Element 5000042 has L= 2.52868, which is greater than the tolerance
WARNING ZeroLength::setDomain(): Element 5000043 has L= 2.6819, which is greater than the tolerance
WARNING ZeroLength::setDomain(): Element 5000044 has L= 2.84819, which is greater than the tolerance
WARNING ZeroLength::setDomain(): Element 5000045 has L= 2.9538, which is greater than the tolerance
WARNING ZeroLength::setDomain(): Element 5000046 has L= 2.9538, which is greater than the tolerance
WARNING ZeroLength::setDomain(): Element 5000047 has L= 2.84819, which is greater than the tolerance
WARNING ZeroLength::setDomain(): Element 5000048 has L= 2.6819, which is greater than the tolerance
WARNING ZeroLength::setDomain(): Element 5000049 has L= 2.52868, which is greater than the tolerance
WARNING ZeroLength::setDomain(): Element 5000050 has L= 2.42082, which is greater than the tolerance
WARNING ZeroLength::setDomain(): Element 5000051 has L= 2.35672, which is greater than the tolerance
WARNING ZeroLength::setDomain(): Element 5000052 has L= 2.55659, which is greater than the tolerance
WARNING ZeroLength::setDomain(): Element 5000053 has L= 2.86162, which is greater than the tolerance
WARNING ZeroLength::setDomain(): Element 5000054 has L= 2.93814, which is greater than the tolerance
WARNING ZeroLength::setDomain(): Element 5000055 has L= 3.02196, which is greater than the tolerance
WARNING ZeroLength::setDomain(): Element 5000056 has L= 3.02196, which is greater than the tolerance
WARNING ZeroLength::setDomain(): Element 5000057 has L= 2.93814, which is greater than the tolerance
WARNING ZeroLength::setDomain(): Element 5000058 has L= 2.86162, which is greater than the tolerance
WARNING ZeroLength::setDomain(): Element 5000059 has L= 2.55659, which is greater than the tolerance
WARNING ZeroLength::setDomain(): Element 5000060 has L= 2.35672, which is greater than the tolerance
WARNING ZeroLength::setDomain(): Element 5000061 has L= 2.26539, which is greater than the tolerance
WARNING ZeroLength::setDomain(): Element 5000062 has L= 2.42447, which is greater than the tolerance
WARNING ZeroLength::setDomain(): Element 5000063 has L= 2.78248, which is greater than the tolerance
WARNING ZeroLength::setDomain(): Element 5000064 has L= 2.88797, which is greater than the tolerance
WARNING ZeroLength::setDomain(): Element 5000065 has L= 3.01827, which is greater than the tolerance
WARNING ZeroLength::setDomain(): Element 5000066 has L= 3.01827, which is greater than the tolerance
WARNING ZeroLength::setDomain(): Element 5000067 has L= 2.88797, which is greater than the tolerance
WARNING ZeroLength::setDomain(): Element 5000068 has L= 2.78248, which is greater than the tolerance
WARNING ZeroLength::setDomain(): Element 5000069 has L= 2.42447, which is greater than the tolerance
WARNING ZeroLength::setDomain(): Element 5000070 has L= 2.26539, which is greater than the tolerance
WARNING ZeroLength::setDomain(): Element 5000071 has L= 2.19053, which is greater than the tolerance
WARNING ZeroLength::setDomain(): Element 5000072 has L= 2.3507, which is greater than the tolerance
WARNING ZeroLength::setDomain(): Element 5000073 has L= 2.72002, which is greater than the tolerance
WARNING ZeroLength::setDomain(): Element 5000074 has L= 2.87158, which is greater than the tolerance
WARNING ZeroLength::setDomain(): Element 5000075 has L= 2.98092, which is greater than the tolerance
WARNING ZeroLength::setDomain(): Element 5000076 has L= 2.98092, which is greater than the tolerance
WARNING ZeroLength::setDomain(): Element 5000077 has L= 2.87158, which is greater than the tolerance
WARNING ZeroLength::setDomain(): Element 5000078 has L= 2.72002, which is greater than the tolerance
WARNING ZeroLength::setDomain(): Element 5000079 has L= 2.3507, which is greater than the tolerance
WARNING ZeroLength::setDomain(): Element 5000080 has L= 2.19053, which is greater than the tolerance
WARNING ZeroLength::setDomain(): Element 5000081 has L= 2.16181, which is greater than the tolerance
WARNING ZeroLength::setDomain(): Element 5000082 has L= 2.29505, which is greater than the tolerance
WARNING ZeroLength::setDomain(): Element 5000083 has L= 2.64668, which is greater than the tolerance
WARNING ZeroLength::setDomain(): Element 5000084 has L= 2.83349, which is greater than the tolerance
WARNING ZeroLength::setDomain(): Element 5000085 has L= 2.87955, which is greater than the tolerance
WARNING ZeroLength::setDomain(): Element 5000086 has L= 2.87955, which is greater than the tolerance
WARNING ZeroLength::setDomain(): Element 5000087 has L= 2.83349, which is greater than the tolerance
WARNING ZeroLength::setDomain(): Element 5000088 has L= 2.64668, which is greater than the tolerance
WARNING ZeroLength::setDomain(): Element 5000089 has L= 2.29505, which is greater than the tolerance
WARNING ZeroLength::setDomain(): Element 5000090 has L= 2.16181, which is greater than the tolerance
WARNING: CTestNormDispIncr::test() - failed to converge 
after: 50 iterations  current Norm: 197839 (max: 1e-06, Norm deltaR: 5.8023e+09)
NewtonRaphson::solveCurrentStep() -the ConvergenceTest object failed in test()
StaticAnalysis::analyze() - the Algorithm failed at step: 0 with domain at load factor 18904.7
OpenSees > analyze failed, returned: -3 error flag
WARNING: CTestNormDispIncr::test() - failed to converge 
after: 50 iterations  current Norm: 20223.8 (max: 1e-06, Norm deltaR: 2.4835e+08)
NewtonRaphson::solveCurrentStep() -the ConvergenceTest object failed in test()
StaticAnalysis::analyze() - the Algorithm failed at step: 0 with domain at load factor -783.642
OpenSees > analyze failed, returned: -3 error flag
WARNING: CTestNormDispIncr::test() - failed to converge 
after: 50 iterations  current Norm: 14735.1 (max: 1e-06, Norm deltaR: 1.36787e+08)
NewtonRaphson::solveCurrentStep() -the ConvergenceTest object failed in test()
StaticAnalysis::analyze() - the Algorithm failed at step: 0 with domain at load factor -492.817
OpenSees > analyze failed, returned: -3 error flag
WARNING: CTestNormDispIncr::test() - failed to converge 
after: 50 iterations  current Norm: 5334.96 (max: 1e-06, Norm deltaR: 1.70952e+08)
NewtonLineSearch::solveCurrentStep() -the ConvergenceTest object failed in test()
StaticAnalysis::analyze() - the Algorithm failed at step: 0 with domain at load factor 105.768
OpenSees > analyze failed, returned: -3 error flag
WARNING: CTestNormDispIncr::test() - failed to converge 
after: 50 iterations  current Norm: 14736.2 (max: 1e-06, Norm deltaR: 1.01068e+09)
AcceleratedNewton::solveCurrentStep() -The ConvergenceTest object failed in test()
StaticAnalysis::analyze() - the Algorithm failed at step: 0 with domain at load factor 11961.5
OpenSees > analyze failed, returned: -3 error flag
WARNING: CTestNormDispIncr::test() - failed to converge 
after: 50 iterations  current Norm: 3.05106e+65 (max: 1e-06, Norm deltaR: 2.53061e+69)
ModifiedNewton::solveCurrentStep() -the ConvergenceTest object failed in test()
StaticAnalysis::analyze() - the Algorithm failed at step: 0 with domain at load factor -4.14861e+64
OpenSees > analyze failed, returned: -3 error flag
WARNING: CTestNormDispIncr::test() - failed to converge 
after: 50 iterations  current Norm: 16397 (max: 1e-06, Norm deltaR: 3.78908e+08)
NewtonRaphson::solveCurrentStep() -the ConvergenceTest object failed in test()
StaticAnalysis::analyze() - the Algorithm failed at step: 0 with domain at load factor 1930.54
OpenSees > analyze failed, returned: -3 error flag
WARNING: CTestNormDispIncr::test() - failed to converge 
after: 50 iterations  current Norm: 4.92687 (max: 1e-06, Norm deltaR: 1.26567e+06)
NewtonLineSearch::solveCurrentStep() -the ConvergenceTest object failed in test()
StaticAnalysis::analyze() - the Algorithm failed at step: 0 with domain at load factor 375.815
OpenSees > analyze failed, returned: -3 error flag
WARNING ZeroLength::setDomain(): Element 5000091 has L= 8.06626, which is greater than the tolerance
WARNING ZeroLength::setDomain(): Element 5000092 has L= 8.22415, which is greater than the tolerance
WARNING ZeroLength::setDomain(): Element 5000093 has L= 7.92039, which is greater than the tolerance
WARNING ZeroLength::setDomain(): Element 5000094 has L= 53.001, which is greater than the tolerance
WARNING ZeroLength::setDomain(): Element 5000095 has L= 8.37666, which is greater than the tolerance
WARNING: CTestNormDispIncr::test() - failed to converge 
after: 50 iterations  current Norm: 21406.3 (max: 1e-06, Norm deltaR: 3.38856e+08)
NewtonRaphson::solveCurrentStep() -the ConvergenceTest object failed in test()
StaticAnalysis::analyze() - the Algorithm failed at step: 0 with domain at load factor 1030.38
OpenSees > analyze failed, returned: -3 error flag
WARNING: CTestNormDispIncr::test() - failed to converge 
after: 50 iterations  current Norm: 72148.1 (max: 1e-06, Norm deltaR: 7.75206e+07)
NewtonLineSearch::solveCurrentStep() -the ConvergenceTest object failed in test()
StaticAnalysis::analyze() - the Algorithm failed at step: 0 with domain at load factor -174.909
OpenSees > analyze failed, returned: -3 error flag
WARNING ZeroLength::setDomain(): Element 5000096 has L= 8.06626, which is greater than the tolerance
WARNING ZeroLength::setDomain(): Element 5000097 has L= 57.075, which is greater than the tolerance
WARNING ZeroLength::setDomain(): Element 5000098 has L= 21.6229, which is greater than the tolerance
WARNING ZeroLength::setDomain(): Element 5000099 has L= 21.219, which is greater than the tolerance
WARNING ZeroLength::setDomain(): Element 5000100 has L= 8.22415, which is greater than the tolerance
WARNING ZeroLength::setDomain(): Element 5000101 has L= 7.92039, which is greater than the tolerance
WARNING ZeroLength::setDomain(): Element 5000102 has L= 50.7065, which is greater than the tolerance
WARNING ZeroLength::setDomain(): Element 5000103 has L= 7.76536, which is greater than the tolerance
WARNING: CTestNormDispIncr::test() - failed to converge 
after: 50 iterations  current Norm: 58328.3 (max: 1e-06, Norm deltaR: 2.47378e+09)
NewtonRaphson::solveCurrentStep() -the ConvergenceTest object failed in test()
StaticAnalysis::analyze() - the Algorithm failed at step: 0 with domain at load factor 14589.5
OpenSees > analyze failed, returned: -3 error flag
WARNING ZeroLength::setDomain(): Element 5000104 has L= 49.9827, which is greater than the tolerance
WARNING ZeroLength::setDomain(): Element 5000105 has L= 51.6092, which is greater than the tolerance
WARNING ZeroLength::setDomain(): Element 5000106 has L= 55.0345, which is greater than the tolerance
WARNING ZeroLength::setDomain(): Element 5000107 has L= 16.467, which is greater than the tolerance
WARNING ZeroLength::setDomain(): Element 5000108 has L= 52.5936, which is greater than the tolerance
WARNING ZeroLength::setDomain(): Element 5000109 has L= 10.3671, which is greater than the tolerance
WARNING ZeroLength::setDomain(): Element 5000110 has L= 16.8098, which is greater than the tolerance
WARNING ZeroLength::setDomain(): Element 5000111 has L= 7.76536, which is greater than the tolerance
WARNING ZeroLength::setDomain(): Element 5000112 has L= 22.0716, which is greater than the tolerance
WARNING ZeroLength::setDomain(): Element 5000113 has L= 17.1583, which is greater than the tolerance
WARNING ZeroLength::setDomain(): Element 5000114 has L= 22.0716, which is greater than the tolerance
WARNING ZeroLength::setDomain(): Element 5000115 has L= 16.467, which is greater than the tolerance
WARNING ZeroLength::setDomain(): Element 5000116 has L= 20.8257, which is greater than the tolerance
WARNING ZeroLength::setDomain(): Element 5000117 has L= 17.5668, which is greater than the tolerance
WARNING ZeroLength::setDomain(): Element 5000118 has L= 21.6229, which is greater than the tolerance
WARNING ZeroLength::setDomain(): Element 5000119 has L= 16.8098, which is greater than the tolerance
WARNING ZeroLength::setDomain(): Element 5000120 has L= 54.0456, which is greater than the tolerance
WARNING ZeroLength::setDomain(): Element 5000121 has L= 21.219, which is greater than the tolerance
WARNING ZeroLength::setDomain(): Element 5000122 has L= 16.161, which is greater than the tolerance
WARNING ZeroLength::setDomain(): Element 5000123 has L= 10.1132, which is greater than the tolerance
WARNING ZeroLength::setDomain(): Element 5000124 has L= 8.54496, which is greater than the tolerance
WARNING ZeroLength::setDomain(): Element 5000125 has L= 22.581, which is greater than the tolerance
WARNING ZeroLength::setDomain(): Element 5000126 has L= 17.1583, which is greater than the tolerance
WARNING ZeroLength::setDomain(): Element 5000127 has L= 10.8844, which is greater than the tolerance
WARNING ZeroLength::setDomain(): Element 5000128 has L= 7.59103, which is greater than the tolerance
WARNING ZeroLength::setDomain(): Element 5000129 has L= 16.161, which is greater than the tolerance
WARNING ZeroLength::setDomain(): Element 5000130 has L= 17.9715, which is greater than the tolerance
WARNING ZeroLength::setDomain(): Element 5000131 has L= 8.37666, which is greater than the tolerance
WARNING ZeroLength::setDomain(): Element 5000132 has L= 60.7786, which is greater than the tolerance
WARNING ZeroLength::setDomain(): Element 5000133 has L= 23.0018, which is greater than the tolerance
WARNING ZeroLength::setDomain(): Element 5000134 has L= 63.6474, which is greater than the tolerance
WARNING ZeroLength::setDomain(): Element 5000135 has L= 11.1261, which is greater than the tolerance
WARNING ZeroLength::setDomain(): Element 5000136 has L= 20.8257, which is greater than the tolerance
WARNING ZeroLength::setDomain(): Element 5000137 has L= 7.59103, which is greater than the tolerance
WARNING ZeroLength::setDomain(): Element 5000138 has L= 15.8484, which is greater than the tolerance
WARNING ZeroLength::setDomain(): Element 5000139 has L= 7.43577, which is greater than the tolerance
WARNING ZeroLength::setDomain(): Element 5000140 has L= 18.3473, which is greater than the tolerance
WARNING ZeroLength::setDomain(): Element 5000141 has L= 10.635, which is greater than the tolerance
WARNING ZeroLength::setDomain(): Element 5000142 has L= 9.88644, which is greater than the tolerance
WARNING: CTestNormDispIncr::test() - failed to converge 
after: 50 iterations  current Norm: 56296.5 (max: 1e-06, Norm deltaR: 1.44718e+09)
NewtonRaphson::solveCurrentStep() -the ConvergenceTest object failed in test()
StaticAnalysis::analyze() - the Algorithm failed at step: 0 with domain at load factor 19073.6
OpenSees > analyze failed, returned: -3 error flag
WARNING: CTestNormDispIncr::test() - failed to converge 
after: 50 iterations  current Norm: 2.48847 (max: 1e-06, Norm deltaR: 1.3386e+06)
NewtonLineSearch::solveCurrentStep() -the ConvergenceTest object failed in test()
StaticAnalysis::analyze() - the Algorithm failed at step: 0 with domain at load factor 528.388
OpenSees > analyze failed, returned: -3 error flag
WARNING: CTestNormDispIncr::test() - failed to converge 
after: 50 iterations  current Norm: 20827.5 (max: 1e-06, Norm deltaR: 5.61053e+08)
AcceleratedNewton::solveCurrentStep() -The ConvergenceTest object failed in test()
StaticAnalysis::analyze() - the Algorithm failed at step: 0 with domain at load factor 4391.08
OpenSees > analyze failed, returned: -3 error flag
WARNING: CTestNormDispIncr::test() - failed to converge 
after: 50 iterations  current Norm: 1.77874e+70 (max: 1e-06, Norm deltaR: 2.02894e+74)
ModifiedNewton::solveCurrentStep() -the ConvergenceTest object failed in test()
StaticAnalysis::analyze() - the Algorithm failed at step: 0 with domain at load factor -6.28019e+68
OpenSees > analyze failed, returned: -3 error flag
WARNING ZeroLength::setDomain(): Element 5000143 has L= 23.2853, which is greater than the tolerance
WARNING ZeroLength::setDomain(): Element 5000144 has L= 58.8743, which is greater than the tolerance
WARNING ZeroLength::setDomain(): Element 5000145 has L= 22.581, which is greater than the tolerance
WARNING ZeroLength::setDomain(): Element 5000146 has L= 8.74396, which is greater than the tolerance
WARNING ZeroLength::setDomain(): Element 5000147 has L= 20.4011, which is greater than the tolerance
WARNING ZeroLength::setDomain(): Element 5000148 has L= 54.7286, which is greater than the tolerance
WARNING ZeroLength::setDomain(): Element 5000149 has L= 35.248, which is greater than the tolerance
WARNING ZeroLength::setDomain(): Element 5000150 has L= 62.3154, which is greater than the tolerance
WARNING ZeroLength::setDomain(): Element 5000151 has L= 68.6022, which is greater than the tolerance
WARNING ZeroLength::setDomain(): Element 5000152 has L= 10.1132, which is greater than the tolerance
WARNING ZeroLength::setDomain(): Element 5000153 has L= 56.4253, which is greater than the tolerance
WARNING ZeroLength::setDomain(): Element 5000154 has L= 17.5668, which is greater than the tolerance
WARNING ZeroLength::setDomain(): Element 5000155 has L= 34.5649, which is greater than the tolerance
WARNING ZeroLength::setDomain(): Element 5000156 has L= 7.31815, which is greater than the tolerance
WARNING ZeroLength::setDomain(): Element 5000157 has L= 35.248, which is greater than the tolerance
WARNING ZeroLength::setDomain(): Element 5000158 has L= 18.6837, which is greater than the tolerance
WARNING ZeroLength::setDomain(): Element 5000159 has L= 35.9589, which is greater than the tolerance
WARNING ZeroLength::setDomain(): Element 5000160 has L= 52.8348, which is greater than the tolerance
WARNING ZeroLength::setDomain(): Element 5000161 has L= 7.43577, which is greater than the tolerance
WARNING ZeroLength::setDomain(): Element 5000162 has L= 28.942, which is greater than the tolerance
WARNING ZeroLength::setDomain(): Element 5000163 has L= 34.5649, which is greater than the tolerance
WARNING ZeroLength::setDomain(): Element 5000164 has L= 33.9574, which is greater than the tolerance
WARNING ZeroLength::setDomain(): Element 5000165 has L= 15.8484, which is greater than the tolerance
WARNING ZeroLength::setDomain(): Element 5000166 has L= 9.88644, which is greater than the tolerance
WARNING ZeroLength::setDomain(): Element 5000167 has L= 9.68223, which is greater than the tolerance
WARNING ZeroLength::setDomain(): Element 5000168 has L= 58.579, which is greater than the tolerance
WARNING ZeroLength::setDomain(): Element 5000169 has L= 10.635, which is greater than the tolerance
WARNING ZeroLength::setDomain(): Element 5000170 has L= 57.0335, which is greater than the tolerance
WARNING ZeroLength::setDomain(): Element 5000171 has L= 8.94089, which is greater than the tolerance
WARNING ZeroLength::setDomain(): Element 5000172 has L= 28.2315, which is greater than the tolerance
WARNING ZeroLength::setDomain(): Element 5000173 has L= 27.0166, which is greater than the tolerance
WARNING ZeroLength::setDomain(): Element 5000174 has L= 35.9589, which is greater than the tolerance
WARNING ZeroLength::setDomain(): Element 5000175 has L= 20.4011, which is greater than the tolerance
WARNING ZeroLength::setDomain(): Element 5000176 has L= 25.8424, which is greater than the tolerance
WARNING ZeroLength::setDomain(): Element 5000177 has L= 26.4379, which is greater than the tolerance
WARNING ZeroLength::setDomain(): Element 5000178 has L= 36.6398, which is greater than the tolerance
WARNING ZeroLength::setDomain(): Element 5000179 has L= 66.9947, which is greater than the tolerance
WARNING ZeroLength::setDomain(): Element 5000180 has L= 10.3671, which is greater than the tolerance
WARNING: CTestNormDispIncr::test() - failed to converge 
after: 50 iterations  current Norm: 1.2296e+07 (max: 1e-06, Norm deltaR: 8.00559e+07)
NewtonRaphson::solveCurrentStep() -the ConvergenceTest object failed in test()
StaticAnalysis::analyze() - the Algorithm failed at step: 0 with domain at load factor 1340.8
OpenSees > analyze failed, returned: -3 error flag
WARNING: CTestNormDispIncr::test() - failed to converge 
after: 50 iterations  current Norm: 1.61036 (max: 1e-06, Norm deltaR: 573942)
NewtonLineSearch::solveCurrentStep() -the ConvergenceTest object failed in test()
StaticAnalysis::analyze() - the Algorithm failed at step: 0 with domain at load factor 871.524
OpenSees > analyze failed, returned: -3 error flag
WARNING: CTestNormDispIncr::test() - failed to converge 
after: 50 iterations  current Norm: 36.8209 (max: 1e-06, Norm deltaR: 189633)
AcceleratedNewton::solveCurrentStep() -The ConvergenceTest object failed in test()
StaticAnalysis::analyze() - the Algorithm failed at step: 0 with domain at load factor 873.291
OpenSees > analyze failed, returned: -3 error flag
WARNING: CTestNormDispIncr::test() - failed to converge 
after: 50 iterations  current Norm: 1.72653e+74 (max: 1e-06, Norm deltaR: 1.33419e+78)
ModifiedNewton::solveCurrentStep() -the ConvergenceTest object failed in test()
StaticAnalysis::analyze() - the Algorithm failed at step: 0 with domain at load factor -2.27436e+72
OpenSees > analyze failed, returned: -3 error flag
WARNING ZeroLength::setDomain(): Element 5000181 has L= 60.9713, which is greater than the tolerance
WARNING: CTestNormDispIncr::test() - failed to converge 
after: 50 iterations  current Norm: 123355 (max: 1e-06, Norm deltaR: 2.25897e+09)
NewtonRaphson::solveCurrentStep() -the ConvergenceTest object failed in test()
StaticAnalysis::analyze() - the Algorithm failed at step: 0 with domain at load factor 621.9
OpenSees > analyze failed, returned: -3 error flag
WARNING: CTestNormDispIncr::test() - failed to converge 
after: 50 iterations  current Norm: 2611.5 (max: 1e-06, Norm deltaR: 1.40622e+08)
NewtonLineSearch::solveCurrentStep() -the ConvergenceTest object failed in test()
StaticAnalysis::analyze() - the Algorithm failed at step: 0 with domain at load factor -4293.25
OpenSees > analyze failed, returned: -3 error flag
WARNING: CTestNormDispIncr::test() - failed to converge 
after: 50 iterations  current Norm: 53.461 (max: 1e-06, Norm deltaR: 432925)
AcceleratedNewton::solveCurrentStep() -The ConvergenceTest object failed in test()
StaticAnalysis::analyze() - the Algorithm failed at step: 0 with domain at load factor 883.421
OpenSees > analyze failed, returned: -3 error flag
WARNING: CTestNormDispIncr::test() - failed to converge 
after: 50 iterations  current Norm: 3.03452e+90 (max: 1e-06, Norm deltaR: 2.38672e+94)
ModifiedNewton::solveCurrentStep() -the ConvergenceTest object failed in test()
StaticAnalysis::analyze() - the Algorithm failed at step: 0 with domain at load factor -1.84066e+89
OpenSees > analyze failed, returned: -3 error flag
WARNING: CTestNormDispIncr::test() - failed to converge 
after: 50 iterations  current Norm: 22307 (max: 1e-06, Norm deltaR: 5.98396e+08)
NewtonRaphson::solveCurrentStep() -the ConvergenceTest object failed in test()
StaticAnalysis::analyze() - the Algorithm failed at step: 0 with domain at load factor 7070.37
OpenSees > analyze failed, returned: -3 error flag
WARNING: CTestNormDispIncr::test() - failed to converge 
after: 50 iterations  current Norm: 1867.98 (max: 1e-06, Norm deltaR: 9.9725e+07)
NewtonLineSearch::solveCurrentStep() -the ConvergenceTest object failed in test()
StaticAnalysis::analyze() - the Algorithm failed at step: 0 with domain at load factor -551.977
OpenSees > analyze failed, returned: -3 error flag
WARNING: CTestNormDispIncr::test() - failed to converge 
after: 50 iterations  current Norm: 59.67 (max: 1e-06, Norm deltaR: 387967)
AcceleratedNewton::solveCurrentStep() -The ConvergenceTest object failed in test()
StaticAnalysis::analyze() - the Algorithm failed at step: 0 with domain at load factor 873.281
OpenSees > analyze failed, returned: -3 error flag
WARNING: CTestNormDispIncr::test() - failed to converge 
after: 50 iterations  current Norm: 4.70705e+91 (max: 1e-06, Norm deltaR: 3.6497e+95)
ModifiedNewton::solveCurrentStep() -the ConvergenceTest object failed in test()
StaticAnalysis::analyze() - the Algorithm failed at step: 0 with domain at load factor -1.57724e+90
OpenSees > analyze failed, returned: -3 error flag
WARNING: CTestNormDispIncr::test() - failed to converge 
after: 50 iterations  current Norm: 30971.9 (max: 1e-06, Norm deltaR: 1.07024e+09)
NewtonRaphson::solveCurrentStep() -the ConvergenceTest object failed in test()
StaticAnalysis::analyze() - the Algorithm failed at step: 0 with domain at load factor -2008.44
OpenSees > analyze failed, returned: -3 error flag
WARNING ZeroLength::setDomain(): Element 5000182 has L= 23.0018, which is greater than the tolerance
WARNING ZeroLength::setDomain(): Element 5000183 has L= 58.5291, which is greater than the tolerance
WARNING ZeroLength::setDomain(): Element 5000184 has L= 60.8541, which is greater than the tolerance
WARNING ZeroLength::setDomain(): Element 5000185 has L= 60.0083, which is greater than the tolerance
WARNING ZeroLength::setDomain(): Element 5000186 has L= 63.4935, which is greater than the tolerance
WARNING ZeroLength::setDomain(): Element 5000187 has L= 33.9574, which is greater than the tolerance
WARNING ZeroLength::setDomain(): Element 5000188 has L= 29.5253, which is greater than the tolerance
WARNING: CTestNormDispIncr::test() - failed to converge 
after: 50 iterations  current Norm: 64982 (max: 1e-06, Norm deltaR: 1.28454e+09)
NewtonRaphson::solveCurrentStep() -the ConvergenceTest object failed in test()
StaticAnalysis::analyze() - the Algorithm failed at step: 0 with domain at load factor 2410.46
OpenSees > analyze failed, returned: -3 error flag
WARNING ZeroLength::setDomain(): Element 5000189 has L= 55.7491, which is greater than the tolerance
WARNING ZeroLength::setDomain(): Element 5000190 has L= 53.0688, which is greater than the tolerance
WARNING ZeroLength::setDomain(): Element 5000191 has L= 53.9858, which is greater than the tolerance
WARNING ZeroLength::setDomain(): Element 5000192 has L= 53.7194, which is greater than the tolerance
WARNING ZeroLength::setDomain(): Element 5000193 has L= 53.8953, which is greater than the tolerance
WARNING: CTestNormDispIncr::test() - failed to converge 
after: 50 iterations  current Norm: 175279 (max: 1e-06, Norm deltaR: 6.21518e+09)
NewtonRaphson::solveCurrentStep() -the ConvergenceTest object failed in test()
StaticAnalysis::analyze() - the Algorithm failed at step: 0 with domain at load factor 20029.1
OpenSees > analyze failed, returned: -3 error flag
WARNING ZeroLength::setDomain(): Element 5000194 has L= 52.041, which is greater than the tolerance
WARNING ZeroLength::setDomain(): Element 5000195 has L= 47.9605, which is greater than the tolerance
WARNING ZeroLength::setDomain(): Element 5000196 has L= 47.3182, which is greater than the tolerance
WARNING ZeroLength::setDomain(): Element 5000197 has L= 62.745, which is greater than the tolerance
WARNING ZeroLength::setDomain(): Element 5000198 has L= 47.5552, which is greater than the tolerance
WARNING ZeroLength::setDomain(): Element 5000199 has L= 47.421, which is greater than the tolerance
WARNING ZeroLength::setDomain(): Element 5000200 has L= 33.3077, which is greater than the tolerance
