WARNING ZeroLength::setDomain(): Element 5000001 has L= 2.51064, which is greater than the tolerance
WARNING ZeroLength::setDomain(): Element 5000002 has L= 2.25728, which is greater than the tolerance
WARNING ZeroLength::setDomain(): Element 5000003 has L= 1.85207, which is greater than the tolerance
WARNING ZeroLength::setDomain(): Element 5000004 has L= 1.85372, which is greater than the tolerance
WARNING ZeroLength::setDomain(): Element 5000005 has L= 1.78905, which is greater than the tolerance
WARNING ZeroLength::setDomain(): Element 5000006 has L= 1.78905, which is greater than the tolerance
WARNING ZeroLength::setDomain(): Element 5000007 has L= 1.85372, which is greater than the tolerance
WARNING ZeroLength::setDomain(): Element 5000008 has L= 1.85207, which is greater than the tolerance
WARNING ZeroLength::setDomain(): Element 5000009 has L= 2.25728, which is greater than the tolerance
WARNING ZeroLength::setDomain(): Element 5000010 has L= 2.51064, which is greater than the tolerance
WARNING ZeroLength::setDomain(): Element 5000011 has L= 2.36392, which is greater than the tolerance
WARNING ZeroLength::setDomain(): Element 5000012 has L= 2.22567, which is greater than the tolerance
WARNING ZeroLength::setDomain(): Element 5000013 has L= 1.96697, which is greater than the tolerance
WARNING ZeroLength::setDomain(): Element 5000014 has L= 1.9926, which is greater than the tolerance
WARNING ZeroLength::setDomain(): Element 5000015 has L= 1.98031, which is greater than the tolerance
WARNING ZeroLength::setDomain(): Element 5000016 has L= 1.98031, which is greater than the tolerance
WARNING ZeroLength::setDomain(): Element 5000017 has L= 1.9926, which is greater than the tolerance
WARNING ZeroLength::setDomain(): Element 5000018 has L= 1.96697, which is greater than the tolerance
WARNING ZeroLength::setDomain(): Element 5000019 has L= 2.22567, which is greater than the tolerance
WARNING ZeroLength::setDomain(): Element 5000020 has L= 2.36392, which is greater than the tolerance
WARNING ZeroLength::setDomain(): Element 5000021 has L= 2.2989, which is greater than the tolerance
WARNING ZeroLength::setDomain(): Element 5000022 has L= 2.25893, which is greater than the tolerance
WARNING ZeroLength::setDomain(): Element 5000023 has L= 2.1408, which is greater than the tolerance
WARNING ZeroLength::setDomain(): Element 5000024 has L= 2.2056, which is greater than the tolerance
WARNING ZeroLength::setDomain(): Element 5000025 has L= 2.24248, which is greater than the tolerance
WARNING ZeroLength::setDomain(): Element 5000026 has L= 2.24248, which is greater than the tolerance
WARNING ZeroLength::setDomain(): Element 5000027 has L= 2.2056, which is greater than the tolerance
WARNING ZeroLength::setDomain(): Element 5000028 has L= 2.1408, which is greater than the tolerance
WARNING ZeroLength::setDomain(): Element 5000029 has L= 2.25893, which is greater than the tolerance
WARNING ZeroLength::setDomain(): Element 5000030 has L= 2.2989, which is greater than the tolerance
WARNING ZeroLength::setDomain(): Element 5000031 has L= 2.34351, which is greater than the tolerance
WARNING ZeroLength::setDomain(): Element 5000032 has L= 2.35532, which is greater than the tolerance
WARNING ZeroLength::setDomain(): Element 5000033 has L= 2.35444, which is greater than the tolerance
WARNING ZeroLength::setDomain(): Element 5000034 has L= 2.52578, which is greater than the tolerance
WARNING ZeroLength::setDomain(): Element 5000035 has L= 2.6659, which is greater than the tolerance
WARNING ZeroLength::setDomain(): Element 5000036 has L= 2.6659, which is greater than the tolerance
WARNING ZeroLength::setDomain(): Element 5000037 has L= 2.52578, which is greater than the tolerance
WARNING ZeroLength::setDomain(): Element 5000038 has L= 2.35444, which is greater than the tolerance
WARNING ZeroLength::setDomain(): Element 5000039 has L= 2.35532, which is greater than the tolerance
WARNING ZeroLength::setDomain(): Element 5000040 has L= 2.34351, which is greater than the tolerance
WARNING ZeroLength::setDomain(): Element 5000041 has L= 2.40323, which is greater than the tolerance
WARNING ZeroLength::setDomain(): Element 5000042 has L= 2.51108, which is greater than the tolerance
WARNING ZeroLength::setDomain(): Element 5000043 has L= 2.6643, which is greater than the tolerance
WARNING ZeroLength::setDomain(): Element 5000044 has L= 2.83059, which is greater than the tolerance
WARNING ZeroLength::setDomain(): Element 5000045 has L= 2.93619, which is greater than the tolerance
WARNING ZeroLength::setDomain(): Element 5000046 has L= 2.93619, which is greater than the tolerance
WARNING ZeroLength::setDomain(): Element 5000047 has L= 2.83059, which is greater than the tolerance
WARNING ZeroLength::setDomain(): Element 5000048 has L= 2.6643, which is greater than the tolerance
WARNING ZeroLength::setDomain(): Element 5000049 has L= 2.51108, which is greater than the tolerance
WARNING ZeroLength::setDomain(): Element 5000050 has L= 2.40323, which is greater than the tolerance
WARNING ZeroLength::setDomain(): Element 5000051 has L= 2.33913, which is greater than the tolerance
WARNING ZeroLength::setDomain(): Element 5000052 has L= 2.53899, which is greater than the tolerance
WARNING ZeroLength::setDomain(): Element 5000053 has L= 2.84402, which is greater than the tolerance
WARNING ZeroLength::setDomain(): Element 5000054 has L= 2.92053, which is greater than the tolerance
WARNING ZeroLength::setDomain(): Element 5000055 has L= 3.00436, which is greater than the tolerance
WARNING ZeroLength::setDomain(): Element 5000056 has L= 3.00436, which is greater than the tolerance
WARNING ZeroLength::setDomain(): Element 5000057 has L= 2.92053, which is greater than the tolerance
WARNING ZeroLength::setDomain(): Element 5000058 has L= 2.84402, which is greater than the tolerance
WARNING ZeroLength::setDomain(): Element 5000059 has L= 2.53899, which is greater than the tolerance
WARNING ZeroLength::setDomain(): Element 5000060 has L= 2.33913, which is greater than the tolerance
WARNING ZeroLength::setDomain(): Element 5000061 has L= 2.2478, which is greater than the tolerance
WARNING ZeroLength::setDomain(): Element 5000062 has L= 2.40686, which is greater than the tolerance
WARNING ZeroLength::setDomain(): Element 5000063 has L= 2.76487, which is greater than the tolerance
WARNING ZeroLength::setDomain(): Element 5000064 has L= 2.87037, which is greater than the tolerance
WARNING ZeroLength::setDomain(): Element 5000065 has L= 3.00067, which is greater than the tolerance
WARNING ZeroLength::setDomain(): Element 5000066 has L= 3.00067, which is greater than the tolerance
WARNING ZeroLength::setDomain(): Element 5000067 has L= 2.87037, which is greater than the tolerance
WARNING ZeroLength::setDomain(): Element 5000068 has L= 2.76487, which is greater than the tolerance
WARNING ZeroLength::setDomain(): Element 5000069 has L= 2.40686, which is greater than the tolerance
WARNING ZeroLength::setDomain(): Element 5000070 has L= 2.2478, which is greater than the tolerance
WARNING ZeroLength::setDomain(): Element 5000071 has L= 2.17294, which is greater than the tolerance
WARNING ZeroLength::setDomain(): Element 5000072 has L= 2.33309, which is greater than the tolerance
WARNING ZeroLength::setDomain(): Element 5000073 has L= 2.70241, which is greater than the tolerance
WARNING ZeroLength::setDomain(): Element 5000074 has L= 2.85397, which is greater than the tolerance
WARNING ZeroLength::setDomain(): Element 5000075 has L= 2.96332, which is greater than the tolerance
WARNING ZeroLength::setDomain(): Element 5000076 has L= 2.96332, which is greater than the tolerance
WARNING ZeroLength::setDomain(): Element 5000077 has L= 2.85397, which is greater than the tolerance
WARNING ZeroLength::setDomain(): Element 5000078 has L= 2.70241, which is greater than the tolerance
WARNING ZeroLength::setDomain(): Element 5000079 has L= 2.33309, which is greater than the tolerance
WARNING ZeroLength::setDomain(): Element 5000080 has L= 2.17294, which is greater than the tolerance
WARNING ZeroLength::setDomain(): Element 5000081 has L= 2.14422, which is greater than the tolerance
WARNING ZeroLength::setDomain(): Element 5000082 has L= 2.27745, which is greater than the tolerance
WARNING ZeroLength::setDomain(): Element 5000083 has L= 2.62908, which is greater than the tolerance
WARNING ZeroLength::setDomain(): Element 5000084 has L= 2.81588, which is greater than the tolerance
WARNING ZeroLength::setDomain(): Element 5000085 has L= 2.86194, which is greater than the tolerance
WARNING ZeroLength::setDomain(): Element 5000086 has L= 2.86194, which is greater than the tolerance
WARNING ZeroLength::setDomain(): Element 5000087 has L= 2.81588, which is greater than the tolerance
WARNING ZeroLength::setDomain(): Element 5000088 has L= 2.62908, which is greater than the tolerance
WARNING ZeroLength::setDomain(): Element 5000089 has L= 2.27745, which is greater than the tolerance
WARNING ZeroLength::setDomain(): Element 5000090 has L= 2.14422, which is greater than the tolerance
WARNING ZeroLength::setDomain(): Element 5000091 has L= 7.42741, which is greater than the tolerance
WARNING ZeroLength::setDomain(): Element 5000092 has L= 7.42741, which is greater than the tolerance
WARNING: CTestNormDispIncr::test() - failed to converge 
after: 50 iterations  current Norm: 159483 (max: 1e-06, Norm deltaR: 7.5794e+07)
NewtonRaphson::solveCurrentStep() -the ConvergenceTest object failed in test()
StaticAnalysis::analyze() - the Algorithm failed at step: 0 with domain at load factor -481.679
OpenSees > analyze failed, returned: -3 error flag
WARNING: CTestNormDispIncr::test() - failed to converge 
after: 50 iterations  current Norm: 38206.2 (max: 1e-06, Norm deltaR: 9.17147e+08)
NewtonLineSearch::solveCurrentStep() -the ConvergenceTest object failed in test()
StaticAnalysis::analyze() - the Algorithm failed at step: 0 with domain at load factor -171974
OpenSees > analyze failed, returned: -3 error flag
WARNING: CTestNormDispIncr::test() - failed to converge 
after: 50 iterations  current Norm: 32.8093 (max: 1e-06, Norm deltaR: 392138)
AcceleratedNewton::solveCurrentStep() -The ConvergenceTest object failed in test()
StaticAnalysis::analyze() - the Algorithm failed at step: 0 with domain at load factor 360.421
OpenSees > analyze failed, returned: -3 error flag
WARNING: CTestNormDispIncr::test() - failed to converge 
after: 50 iterations  current Norm: 1.08484e+69 (max: 1e-06, Norm deltaR: 9.94952e+72)
ModifiedNewton::solveCurrentStep() -the ConvergenceTest object failed in test()
StaticAnalysis::analyze() - the Algorithm failed at step: 0 with domain at load factor 2.35331e+68
OpenSees > analyze failed, returned: -3 error flag
WARNING: CTestNormDispIncr::test() - failed to converge 
after: 50 iterations  current Norm: 316677 (max: 1e-06, Norm deltaR: 7.82539e+07)
NewtonRaphson::solveCurrentStep() -the ConvergenceTest object failed in test()
StaticAnalysis::analyze() - the Algorithm failed at step: 0 with domain at load factor -299.662
OpenSees > analyze failed, returned: -3 error flag
WARNING: CTestNormDispIncr::test() - failed to converge 
after: 50 iterations  current Norm: 2564.87 (max: 1e-06, Norm deltaR: 1.54181e+08)
NewtonLineSearch::solveCurrentStep() -the ConvergenceTest object failed in test()
StaticAnalysis::analyze() - the Algorithm failed at step: 0 with domain at load factor 1551.63
OpenSees > analyze failed, returned: -3 error flag
WARNING: CTestNormDispIncr::test() - failed to converge 
after: 50 iterations  current Norm: 5171.21 (max: 1e-06, Norm deltaR: 6.80647e+08)
AcceleratedNewton::solveCurrentStep() -The ConvergenceTest object failed in test()
StaticAnalysis::analyze() - the Algorithm failed at step: 0 with domain at load factor -8821.99
OpenSees > analyze failed, returned: -3 error flag
WARNING: CTestNormDispIncr::test() - failed to converge 
after: 50 iterations  current Norm: 3.50554e+66 (max: 1e-06, Norm deltaR: 1.78906e+70)
ModifiedNewton::solveCurrentStep() -the ConvergenceTest object failed in test()
StaticAnalysis::analyze() - the Algorithm failed at step: 0 with domain at load factor 1.90078e+64
OpenSees > analyze failed, returned: -3 error flag
WARNING: CTestNormDispIncr::test() - failed to converge 
after: 50 iterations  current Norm: 128709 (max: 1e-06, Norm deltaR: 1.78745e+08)
NewtonRaphson::solveCurrentStep() -the ConvergenceTest object failed in test()
StaticAnalysis::analyze() - the Algorithm failed at step: 0 with domain at load factor -376.011
OpenSees > analyze failed, returned: -3 error flag
WARNING: CTestNormDispIncr::test() - failed to converge 
after: 50 iterations  current Norm: 32846.9 (max: 1e-06, Norm deltaR: 3.28094e+08)
NewtonRaphson::solveCurrentStep() -the ConvergenceTest object failed in test()
StaticAnalysis::analyze() - the Algorithm failed at step: 0 with domain at load factor -1609.44
OpenSees > analyze failed, returned: -3 error flag
WARNING: CTestNormDispIncr::test() - failed to converge 
after: 50 iterations  current Norm: 3548.6 (max: 1e-06, Norm deltaR: 1.13717e+08)
NewtonLineSearch::solveCurrentStep() -the ConvergenceTest object failed in test()
StaticAnalysis::analyze() - the Algorithm failed at step: 0 with domain at load factor -12523.4
OpenSees > analyze failed, returned: -3 error flag
WARNING: CTestNormDispIncr::test() - failed to converge 
after: 50 iterations  current Norm: 16273.6 (max: 1e-06, Norm deltaR: 5.64867e+08)
AcceleratedNewton::solveCurrentStep() -The ConvergenceTest object failed in test()
StaticAnalysis::analyze() - the Algorithm failed at step: 0 with domain at load factor 2588.07
OpenSees > analyze failed, returned: -3 error flag
WARNING: CTestNormDispIncr::test() - failed to converge 
after: 50 iterations  current Norm: 1.81887e+63 (max: 1e-06, Norm deltaR: 1.59599e+67)
ModifiedNewton::solveCurrentStep() -the ConvergenceTest object failed in test()
StaticAnalysis::analyze() - the Algorithm failed at step: 0 with domain at load factor 1.69141e+61
OpenSees > analyze failed, returned: -3 error flag
WARNING ZeroLength::setDomain(): Element 5000093 has L= 7.99038, which is greater than the tolerance
WARNING ZeroLength::setDomain(): Element 5000094 has L= 8.14827, which is greater than the tolerance
WARNING ZeroLength::setDomain(): Element 5000095 has L= 49.6355, which is greater than the tolerance
WARNING ZeroLength::setDomain(): Element 5000096 has L= 7.84451, which is greater than the tolerance
WARNING: CTestNormDispIncr::test() - failed to converge 
after: 50 iterations  current Norm: 66262.7 (max: 1e-06, Norm deltaR: 1.59828e+09)
NewtonRaphson::solveCurrentStep() -the ConvergenceTest object failed in test()
StaticAnalysis::analyze() - the Algorithm failed at step: 0 with domain at load factor -12901.4
OpenSees > analyze failed, returned: -3 error flag
WARNING: CTestNormDispIncr::test() - failed to converge 
after: 50 iterations  current Norm: 3198.75 (max: 1e-06, Norm deltaR: 1.47719e+08)
NewtonLineSearch::solveCurrentStep() -the ConvergenceTest object failed in test()
StaticAnalysis::analyze() - the Algorithm failed at step: 0 with domain at load factor -1792.94
OpenSees > analyze failed, returned: -3 error flag
WARNING: CTestNormDispIncr::test() - failed to converge 
after: 50 iterations  current Norm: 66.5232 (max: 1e-06, Norm deltaR: 1.52433e+07)
AcceleratedNewton::solveCurrentStep() -The ConvergenceTest object failed in test()
StaticAnalysis::analyze() - the Algorithm failed at step: 0 with domain at load factor 322.822
OpenSees > analyze failed, returned: -3 error flag
WARNING: CTestNormDispIncr::test() - failed to converge 
after: 50 iterations  current Norm: 4.3154e+83 (max: 1e-06, Norm deltaR: 2.8904e+87)
ModifiedNewton::solveCurrentStep() -the ConvergenceTest object failed in test()
StaticAnalysis::analyze() - the Algorithm failed at step: 0 with domain at load factor 3.72111e+82
OpenSees > analyze failed, returned: -3 error flag
WARNING: CTestNormDispIncr::test() - failed to converge 
after: 50 iterations  current Norm: 15567.5 (max: 1e-06, Norm deltaR: 2.0463e+08)
NewtonRaphson::solveCurrentStep() -the ConvergenceTest object failed in test()
StaticAnalysis::analyze() - the Algorithm failed at step: 0 with domain at load factor 558.658
OpenSees > analyze failed, returned: -3 error flag
WARNING ZeroLength::setDomain(): Element 5000097 has L= 50.2173, which is greater than the tolerance
WARNING ZeroLength::setDomain(): Element 5000098 has L= 53.7432, which is greater than the tolerance
WARNING ZeroLength::setDomain(): Element 5000099 has L= 53.3471, which is greater than the tolerance
WARNING ZeroLength::setDomain(): Element 5000100 has L= 8.30077, which is greater than the tolerance
WARNING ZeroLength::setDomain(): Element 5000101 has L= 7.99038, which is greater than the tolerance
WARNING ZeroLength::setDomain(): Element 5000102 has L= 21.1473, which is greater than the tolerance
WARNING ZeroLength::setDomain(): Element 5000103 has L= 8.14827, which is greater than the tolerance
WARNING ZeroLength::setDomain(): Element 5000104 has L= 21.5513, which is greater than the tolerance
WARNING ZeroLength::setDomain(): Element 5000105 has L= 7.84451, which is greater than the tolerance
WARNING ZeroLength::setDomain(): Element 5000106 has L= 57.3851, which is greater than the tolerance
WARNING ZeroLength::setDomain(): Element 5000107 has L= 22, which is greater than the tolerance
WARNING ZeroLength::setDomain(): Element 5000108 has L= 22.5095, which is greater than the tolerance
WARNING ZeroLength::setDomain(): Element 5000109 has L= 17.4909, which is greater than the tolerance
WARNING ZeroLength::setDomain(): Element 5000110 has L= 17.0824, which is greater than the tolerance
WARNING ZeroLength::setDomain(): Element 5000111 has L= 7.68949, which is greater than the tolerance
WARNING ZeroLength::setDomain(): Element 5000112 has L= 52.5456, which is greater than the tolerance
WARNING ZeroLength::setDomain(): Element 5000113 has L= 21.1473, which is greater than the tolerance
WARNING ZeroLength::setDomain(): Element 5000114 has L= 7.68949, which is greater than the tolerance
WARNING ZeroLength::setDomain(): Element 5000115 has L= 10.0546, which is greater than the tolerance
WARNING: CTestNormDispIncr::test() - failed to converge 
after: 50 iterations  current Norm: 70665.5 (max: 1e-06, Norm deltaR: 1.95356e+09)
NewtonRaphson::solveCurrentStep() -the ConvergenceTest object failed in test()
StaticAnalysis::analyze() - the Algorithm failed at step: 0 with domain at load factor 2277.09
OpenSees > analyze failed, returned: -3 error flag
WARNING ZeroLength::setDomain(): Element 5000116 has L= 17.8956, which is greater than the tolerance
WARNING ZeroLength::setDomain(): Element 5000117 has L= 16.7339, which is greater than the tolerance
WARNING ZeroLength::setDomain(): Element 5000118 has L= 21.5513, which is greater than the tolerance
WARNING ZeroLength::setDomain(): Element 5000119 has L= 16.3911, which is greater than the tolerance
WARNING ZeroLength::setDomain(): Element 5000120 has L= 53.8432, which is greater than the tolerance
WARNING ZeroLength::setDomain(): Element 5000121 has L= 61.3153, which is greater than the tolerance
WARNING ZeroLength::setDomain(): Element 5000122 has L= 16.3911, which is greater than the tolerance
WARNING ZeroLength::setDomain(): Element 5000123 has L= 20.754, which is greater than the tolerance
WARNING ZeroLength::setDomain(): Element 5000124 has L= 7.51517, which is greater than the tolerance
WARNING ZeroLength::setDomain(): Element 5000125 has L= 54.9264, which is greater than the tolerance
WARNING ZeroLength::setDomain(): Element 5000126 has L= 56.5075, which is greater than the tolerance
WARNING ZeroLength::setDomain(): Element 5000127 has L= 10.8262, which is greater than the tolerance
WARNING ZeroLength::setDomain(): Element 5000128 has L= 18.2714, which is greater than the tolerance
WARNING ZeroLength::setDomain(): Element 5000129 has L= 51.3292, which is greater than the tolerance
WARNING ZeroLength::setDomain(): Element 5000130 has L= 59.4011, which is greater than the tolerance
WARNING ZeroLength::setDomain(): Element 5000131 has L= 22, which is greater than the tolerance
WARNING ZeroLength::setDomain(): Element 5000132 has L= 56.818, which is greater than the tolerance
WARNING ZeroLength::setDomain(): Element 5000133 has L= 20.754, which is greater than the tolerance
WARNING: CTestNormDispIncr::test() - failed to converge 
after: 50 iterations  current Norm: 66536.2 (max: 1e-06, Norm deltaR: 1.36869e+09)
NewtonRaphson::solveCurrentStep() -the ConvergenceTest object failed in test()
StaticAnalysis::analyze() - the Algorithm failed at step: 0 with domain at load factor -6684.46
OpenSees > analyze failed, returned: -3 error flag
WARNING ZeroLength::setDomain(): Element 5000134 has L= 16.7339, which is greater than the tolerance
WARNING ZeroLength::setDomain(): Element 5000135 has L= 7.51517, which is greater than the tolerance
WARNING ZeroLength::setDomain(): Element 5000136 has L= 8.46907, which is greater than the tolerance
WARNING ZeroLength::setDomain(): Element 5000137 has L= 16.0851, which is greater than the tolerance
WARNING ZeroLength::setDomain(): Element 5000138 has L= 7.35992, which is greater than the tolerance
WARNING ZeroLength::setDomain(): Element 5000139 has L= 9.82751, which is greater than the tolerance
WARNING ZeroLength::setDomain(): Element 5000140 has L= 10.3086, which is greater than the tolerance
WARNING: CTestNormDispIncr::test() - failed to converge 
after: 50 iterations  current Norm: 28316.3 (max: 1e-06, Norm deltaR: 7.75081e+08)
NewtonRaphson::solveCurrentStep() -the ConvergenceTest object failed in test()
StaticAnalysis::analyze() - the Algorithm failed at step: 0 with domain at load factor 6425.31
OpenSees > analyze failed, returned: -3 error flag
WARNING ZeroLength::setDomain(): Element 5000141 has L= 17.0824, which is greater than the tolerance
WARNING ZeroLength::setDomain(): Element 5000142 has L= 28.1556, which is greater than the tolerance
WARNING ZeroLength::setDomain(): Element 5000143 has L= 55.6997, which is greater than the tolerance
WARNING ZeroLength::setDomain(): Element 5000144 has L= 58.5674, which is greater than the tolerance
WARNING ZeroLength::setDomain(): Element 5000145 has L= 35.1734, which is greater than the tolerance
WARNING ZeroLength::setDomain(): Element 5000146 has L= 58.0612, which is greater than the tolerance
WARNING ZeroLength::setDomain(): Element 5000147 has L= 34.4903, which is greater than the tolerance
WARNING ZeroLength::setDomain(): Element 5000148 has L= 33.8828, which is greater than the tolerance
WARNING ZeroLength::setDomain(): Element 5000149 has L= 58.6439, which is greater than the tolerance
WARNING ZeroLength::setDomain(): Element 5000150 has L= 65.2041, which is greater than the tolerance
WARNING ZeroLength::setDomain(): Element 5000151 has L= 10.5766, which is greater than the tolerance
WARNING ZeroLength::setDomain(): Element 5000152 has L= 20.3293, which is greater than the tolerance
WARNING ZeroLength::setDomain(): Element 5000153 has L= 48.0447, which is greater than the tolerance
WARNING ZeroLength::setDomain(): Element 5000154 has L= 48.3116, which is greater than the tolerance
WARNING ZeroLength::setDomain(): Element 5000155 has L= 48.7875, which is greater than the tolerance
WARNING ZeroLength::setDomain(): Element 5000156 has L= 20.3293, which is greater than the tolerance
WARNING ZeroLength::setDomain(): Element 5000157 has L= 15.7725, which is greater than the tolerance
WARNING ZeroLength::setDomain(): Element 5000158 has L= 10.3086, which is greater than the tolerance
WARNING ZeroLength::setDomain(): Element 5000159 has L= 7.35992, which is greater than the tolerance
WARNING ZeroLength::setDomain(): Element 5000160 has L= 10.0546, which is greater than the tolerance
WARNING ZeroLength::setDomain(): Element 5000161 has L= 33.8828, which is greater than the tolerance
WARNING ZeroLength::setDomain(): Element 5000162 has L= 7.24231, which is greater than the tolerance
WARNING: CTestNormDispIncr::test() - failed to converge 
after: 50 iterations  current Norm: 0.574932 (max: 1e-06, Norm deltaR: 225239)
NewtonRaphson::solveCurrentStep() -the ConvergenceTest object failed in test()
StaticAnalysis::analyze() - the Algorithm failed at step: 0 with domain at load factor 618.827
OpenSees > analyze failed, returned: -3 error flag
WARNING ZeroLength::setDomain(): Element 5000163 has L= 18.6079, which is greater than the tolerance
WARNING ZeroLength::setDomain(): Element 5000164 has L= 63.0319, which is greater than the tolerance
WARNING ZeroLength::setDomain(): Element 5000165 has L= 28.8661, which is greater than the tolerance
WARNING ZeroLength::setDomain(): Element 5000166 has L= 22.5095, which is greater than the tolerance
WARNING ZeroLength::setDomain(): Element 5000167 has L= 48.1717, which is greater than the tolerance
WARNING ZeroLength::setDomain(): Element 5000168 has L= 8.66808, which is greater than the tolerance
WARNING ZeroLength::setDomain(): Element 5000169 has L= 16.0851, which is greater than the tolerance
WARNING ZeroLength::setDomain(): Element 5000170 has L= 63.2961, which is greater than the tolerance
WARNING: CTestNormDispIncr::test() - failed to converge 
after: 50 iterations  current Norm: 36210.4 (max: 1e-06, Norm deltaR: 1.24163e+09)
NewtonRaphson::solveCurrentStep() -the ConvergenceTest object failed in test()
StaticAnalysis::analyze() - the Algorithm failed at step: 0 with domain at load factor -8564.85
OpenSees > analyze failed, returned: -3 error flag
WARNING: CTestNormDispIncr::test() - failed to converge 
after: 50 iterations  current Norm: 2756.84 (max: 1e-06, Norm deltaR: 1.18288e+08)
NewtonLineSearch::solveCurrentStep() -the ConvergenceTest object failed in test()
StaticAnalysis::analyze() - the Algorithm failed at step: 0 with domain at load factor 1009.76
OpenSees > analyze failed, returned: -3 error flag
WARNING: CTestNormDispIncr::test() - failed to converge 
after: 50 iterations  current Norm: 6968.03 (max: 1e-06, Norm deltaR: 7.5884e+07)
AcceleratedNewton::solveCurrentStep() -The ConvergenceTest object failed in test()
StaticAnalysis::analyze() - the Algorithm failed at step: 0 with domain at load factor 645.926
OpenSees > analyze failed, returned: -3 error flag
WARNING: CTestNormDispIncr::test() - failed to converge 
after: 50 iterations  current Norm: 9.74921e+78 (max: 1e-06, Norm deltaR: 9.06445e+82)
ModifiedNewton::solveCurrentStep() -the ConvergenceTest object failed in test()
StaticAnalysis::analyze() - the Algorithm failed at step: 0 with domain at load factor 2.20813e+77
OpenSees > analyze failed, returned: -3 error flag
WARNING ZeroLength::setDomain(): Element 5000171 has L= 8.30077, which is greater than the tolerance
WARNING ZeroLength::setDomain(): Element 5000172 has L= 55.0486, which is greater than the tolerance
WARNING: CTestNormDispIncr::test() - failed to converge 
after: 50 iterations  current Norm: 336004 (max: 1e-06, Norm deltaR: 7.47407e+07)
NewtonRaphson::solveCurrentStep() -the ConvergenceTest object failed in test()
StaticAnalysis::analyze() - the Algorithm failed at step: 0 with domain at load factor 835.597
OpenSees > analyze failed, returned: -3 error flag
WARNING ZeroLength::setDomain(): Element 5000173 has L= 8.86501, which is greater than the tolerance
WARNING ZeroLength::setDomain(): Element 5000174 has L= 17.4909, which is greater than the tolerance
WARNING ZeroLength::setDomain(): Element 5000175 has L= 56.4989, which is greater than the tolerance
WARNING ZeroLength::setDomain(): Element 5000176 has L= 58.4226, which is greater than the tolerance
WARNING ZeroLength::setDomain(): Element 5000177 has L= 55.3943, which is greater than the tolerance
WARNING ZeroLength::setDomain(): Element 5000178 has L= 64.712, which is greater than the tolerance
WARNING ZeroLength::setDomain(): Element 5000179 has L= 51.1932, which is greater than the tolerance
WARNING ZeroLength::setDomain(): Element 5000180 has L= 52.111, which is greater than the tolerance
WARNING ZeroLength::setDomain(): Element 5000181 has L= 59.9826, which is greater than the tolerance
WARNING: CTestNormDispIncr::test() - failed to converge 
after: 50 iterations  current Norm: 20047.3 (max: 1e-06, Norm deltaR: 5.00492e+08)
NewtonRaphson::solveCurrentStep() -the ConvergenceTest object failed in test()
StaticAnalysis::analyze() - the Algorithm failed at step: 0 with domain at load factor -2348.47
OpenSees > analyze failed, returned: -3 error flag
WARNING ZeroLength::setDomain(): Element 5000182 has L= 35.8842, which is greater than the tolerance
WARNING ZeroLength::setDomain(): Element 5000183 has L= 27.5171, which is greater than the tolerance
WARNING ZeroLength::setDomain(): Element 5000184 has L= 22.9304, which is greater than the tolerance
WARNING ZeroLength::setDomain(): Element 5000185 has L= 29.4494, which is greater than the tolerance
WARNING ZeroLength::setDomain(): Element 5000186 has L= 60.8363, which is greater than the tolerance
WARNING ZeroLength::setDomain(): Element 5000187 has L= 63.3336, which is greater than the tolerance
WARNING ZeroLength::setDomain(): Element 5000188 has L= 67.5912, which is greater than the tolerance
WARNING ZeroLength::setDomain(): Element 5000189 has L= 33.2331, which is greater than the tolerance
WARNING ZeroLength::setDomain(): Element 5000190 has L= 15.4309, which is greater than the tolerance
WARNING ZeroLength::setDomain(): Element 5000191 has L= 48.2749, which is greater than the tolerance
WARNING ZeroLength::setDomain(): Element 5000192 has L= 34.4903, which is greater than the tolerance
