WARNING ZeroLength::setDomain(): Element 5000001 has L= 2.53057, which is greater than the tolerance
WARNING ZeroLength::setDomain(): Element 5000002 has L= 2.27728, which is greater than the tolerance
WARNING ZeroLength::setDomain(): Element 5000003 has L= 1.8721, which is greater than the tolerance
WARNING ZeroLength::setDomain(): Element 5000004 has L= 1.87374, which is greater than the tolerance
WARNING ZeroLength::setDomain(): Element 5000005 has L= 1.80909, which is greater than the tolerance
WARNING ZeroLength::setDomain(): Element 5000006 has L= 1.80909, which is greater than the tolerance
WARNING ZeroLength::setDomain(): Element 5000007 has L= 1.87374, which is greater than the tolerance
WARNING ZeroLength::setDomain(): Element 5000008 has L= 1.8721, which is greater than the tolerance
WARNING ZeroLength::setDomain(): Element 5000009 has L= 2.27728, which is greater than the tolerance
WARNING ZeroLength::setDomain(): Element 5000010 has L= 2.53057, which is greater than the tolerance
WARNING ZeroLength::setDomain(): Element 5000011 has L= 2.38384, which is greater than the tolerance
WARNING ZeroLength::setDomain(): Element 5000012 has L= 2.24568, which is greater than the tolerance
WARNING ZeroLength::setDomain(): Element 5000013 has L= 1.987, which is greater than the tolerance
WARNING ZeroLength::setDomain(): Element 5000014 has L= 2.01264, which is greater than the tolerance
WARNING ZeroLength::setDomain(): Element 5000015 has L= 2.00035, which is greater than the tolerance
WARNING ZeroLength::setDomain(): Element 5000016 has L= 2.00035, which is greater than the tolerance
WARNING ZeroLength::setDomain(): Element 5000017 has L= 2.01264, which is greater than the tolerance
WARNING ZeroLength::setDomain(): Element 5000018 has L= 1.987, which is greater than the tolerance
WARNING ZeroLength::setDomain(): Element 5000019 has L= 2.24568, which is greater than the tolerance
WARNING ZeroLength::setDomain(): Element 5000020 has L= 2.38384, which is greater than the tolerance
WARNING ZeroLength::setDomain(): Element 5000021 has L= 2.31885, which is greater than the tolerance
WARNING ZeroLength::setDomain(): Element 5000022 has L= 2.27895, which is greater than the tolerance
WARNING ZeroLength::setDomain(): Element 5000023 has L= 2.16084, which is greater than the tolerance
WARNING ZeroLength::setDomain(): Element 5000024 has L= 2.22564, which is greater than the tolerance
WARNING ZeroLength::setDomain(): Element 5000025 has L= 2.26252, which is greater than the tolerance
WARNING ZeroLength::setDomain(): Element 5000026 has L= 2.26252, which is greater than the tolerance
WARNING ZeroLength::setDomain(): Element 5000027 has L= 2.22564, which is greater than the tolerance
WARNING ZeroLength::setDomain(): Element 5000028 has L= 2.16084, which is greater than the tolerance
WARNING ZeroLength::setDomain(): Element 5000029 has L= 2.27895, which is greater than the tolerance
WARNING ZeroLength::setDomain(): Element 5000030 has L= 2.31885, which is greater than the tolerance
WARNING ZeroLength::setDomain(): Element 5000031 has L= 2.36351, which is greater than the tolerance
WARNING ZeroLength::setDomain(): Element 5000032 has L= 2.37535, which is greater than the tolerance
WARNING ZeroLength::setDomain(): Element 5000033 has L= 2.37448, which is greater than the tolerance
WARNING ZeroLength::setDomain(): Element 5000034 has L= 2.54582, which is greater than the tolerance
WARNING ZeroLength::setDomain(): Element 5000035 has L= 2.68594, which is greater than the tolerance
WARNING ZeroLength::setDomain(): Element 5000036 has L= 2.68594, which is greater than the tolerance
WARNING ZeroLength::setDomain(): Element 5000037 has L= 2.54582, which is greater than the tolerance
WARNING ZeroLength::setDomain(): Element 5000038 has L= 2.37448, which is greater than the tolerance
WARNING ZeroLength::setDomain(): Element 5000039 has L= 2.37535, which is greater than the tolerance
WARNING ZeroLength::setDomain(): Element 5000040 has L= 2.36351, which is greater than the tolerance
WARNING ZeroLength::setDomain(): Element 5000041 has L= 2.42325, which is greater than the tolerance
WARNING ZeroLength::setDomain(): Element 5000042 has L= 2.53111, which is greater than the tolerance
WARNING ZeroLength::setDomain(): Element 5000043 has L= 2.68433, which is greater than the tolerance
WARNING ZeroLength::setDomain(): Element 5000044 has L= 2.85062, which is greater than the tolerance
WARNING ZeroLength::setDomain(): Element 5000045 has L= 2.95623, which is greater than the tolerance
WARNING ZeroLength::setDomain(): Element 5000046 has L= 2.95623, which is greater than the tolerance
WARNING ZeroLength::setDomain(): Element 5000047 has L= 2.85062, which is greater than the tolerance
WARNING ZeroLength::setDomain(): Element 5000048 has L= 2.68433, which is greater than the tolerance
WARNING ZeroLength::setDomain(): Element 5000049 has L= 2.53111, which is greater than the tolerance
WARNING ZeroLength::setDomain(): Element 5000050 has L= 2.42325, which is greater than the tolerance
WARNING ZeroLength::setDomain(): Element 5000051 has L= 2.35915, which is greater than the tolerance
WARNING ZeroLength::setDomain(): Element 5000052 has L= 2.55902, which is greater than the tolerance
WARNING ZeroLength::setDomain(): Element 5000053 has L= 2.86405, which is greater than the tolerance
WARNING ZeroLength::setDomain(): Element 5000054 has L= 2.94057, which is greater than the tolerance
WARNING ZeroLength::setDomain(): Element 5000055 has L= 3.02439, which is greater than the tolerance
WARNING ZeroLength::setDomain(): Element 5000056 has L= 3.02439, which is greater than the tolerance
WARNING ZeroLength::setDomain(): Element 5000057 has L= 2.94057, which is greater than the tolerance
WARNING ZeroLength::setDomain(): Element 5000058 has L= 2.86405, which is greater than the tolerance
WARNING ZeroLength::setDomain(): Element 5000059 has L= 2.55902, which is greater than the tolerance
WARNING ZeroLength::setDomain(): Element 5000060 has L= 2.35915, which is greater than the tolerance
WARNING ZeroLength::setDomain(): Element 5000061 has L= 2.26782, which is greater than the tolerance
WARNING ZeroLength::setDomain(): Element 5000062 has L= 2.4269, which is greater than the tolerance
WARNING ZeroLength::setDomain(): Element 5000063 has L= 2.78491, which is greater than the tolerance
WARNING ZeroLength::setDomain(): Element 5000064 has L= 2.8904, which is greater than the tolerance
WARNING ZeroLength::setDomain(): Element 5000065 has L= 3.0207, which is greater than the tolerance
WARNING ZeroLength::setDomain(): Element 5000066 has L= 3.0207, which is greater than the tolerance
WARNING ZeroLength::setDomain(): Element 5000067 has L= 2.8904, which is greater than the tolerance
WARNING ZeroLength::setDomain(): Element 5000068 has L= 2.78491, which is greater than the tolerance
WARNING ZeroLength::setDomain(): Element 5000069 has L= 2.4269, which is greater than the tolerance
WARNING ZeroLength::setDomain(): Element 5000070 has L= 2.26782, which is greater than the tolerance
WARNING ZeroLength::setDomain(): Element 5000071 has L= 2.19296, which is greater than the tolerance
WARNING ZeroLength::setDomain(): Element 5000072 has L= 2.35313, which is greater than the tolerance
WARNING ZeroLength::setDomain(): Element 5000073 has L= 2.72245, which is greater than the tolerance
WARNING ZeroLength::setDomain(): Element 5000074 has L= 2.87401, which is greater than the tolerance
WARNING ZeroLength::setDomain(): Element 5000075 has L= 2.98335, which is greater than the tolerance
WARNING ZeroLength::setDomain(): Element 5000076 has L= 2.98335, which is greater than the tolerance
WARNING ZeroLength::setDomain(): Element 5000077 has L= 2.87401, which is greater than the tolerance
WARNING ZeroLength::setDomain(): Element 5000078 has L= 2.72245, which is greater than the tolerance
WARNING ZeroLength::setDomain(): Element 5000079 has L= 2.35313, which is greater than the tolerance
WARNING ZeroLength::setDomain(): Element 5000080 has L= 2.19296, which is greater than the tolerance
WARNING ZeroLength::setDomain(): Element 5000081 has L= 2.16424, which is greater than the tolerance
WARNING ZeroLength::setDomain(): Element 5000082 has L= 2.29748, which is greater than the tolerance
WARNING ZeroLength::setDomain(): Element 5000083 has L= 2.64911, which is greater than the tolerance
WARNING ZeroLength::setDomain(): Element 5000084 has L= 2.83592, which is greater than the tolerance
WARNING ZeroLength::setDomain(): Element 5000085 has L= 2.88198, which is greater than the tolerance
WARNING ZeroLength::setDomain(): Element 5000086 has L= 2.88198, which is greater than the tolerance
WARNING ZeroLength::setDomain(): Element 5000087 has L= 2.83592, which is greater than the tolerance
WARNING ZeroLength::setDomain(): Element 5000088 has L= 2.64911, which is greater than the tolerance
WARNING ZeroLength::setDomain(): Element 5000089 has L= 2.29748, which is greater than the tolerance
WARNING ZeroLength::setDomain(): Element 5000090 has L= 2.16424, which is greater than the tolerance
WARNING: CTestNormDispIncr::test() - failed to converge 
after: 50 iterations  current Norm: 34243.5 (max: 1e-06, Norm deltaR: 2.99447e+08)
NewtonRaphson::solveCurrentStep() -the ConvergenceTest object failed in test()
StaticAnalysis::analyze() - the Algorithm failed at step: 0 with domain at load factor -1974.09
OpenSees > analyze failed, returned: -3 error flag
WARNING: CTestNormDispIncr::test() - failed to converge 
after: 50 iterations  current Norm: 22753.2 (max: 1e-06, Norm deltaR: 7.88816e+07)
NewtonRaphson::solveCurrentStep() -the ConvergenceTest object failed in test()
StaticAnalysis::analyze() - the Algorithm failed at step: 0 with domain at load factor -318.565
OpenSees > analyze failed, returned: -3 error flag
WARNING: CTestNormDispIncr::test() - failed to converge 
after: 50 iterations  current Norm: 1396.07 (max: 1e-06, Norm deltaR: 8.04591e+07)
NewtonLineSearch::solveCurrentStep() -the ConvergenceTest object failed in test()
StaticAnalysis::analyze() - the Algorithm failed at step: 0 with domain at load factor -3430.32
OpenSees > analyze failed, returned: -3 error flag
WARNING: CTestNormDispIncr::test() - failed to converge 
after: 50 iterations  current Norm: 6579.32 (max: 1e-06, Norm deltaR: 1.31141e+09)
AcceleratedNewton::solveCurrentStep() -The ConvergenceTest object failed in test()
StaticAnalysis::analyze() - the Algorithm failed at step: 0 with domain at load factor 3357.98
OpenSees > analyze failed, returned: -3 error flag
WARNING: CTestNormDispIncr::test() - failed to converge 
after: 50 iterations  current Norm: 3.26355e+65 (max: 1e-06, Norm deltaR: 1.22253e+69)
ModifiedNewton::solveCurrentStep() -the ConvergenceTest object failed in test()
StaticAnalysis::analyze() - the Algorithm failed at step: 0 with domain at load factor -3.10352e+64
OpenSees > analyze failed, returned: -3 error flag
WARNING: CTestNormDispIncr::test() - failed to converge 
after: 50 iterations  current Norm: 17769.7 (max: 1e-06, Norm deltaR: 1.42725e+08)
NewtonRaphson::solveCurrentStep() -the ConvergenceTest object failed in test()
StaticAnalysis::analyze() - the Algorithm failed at step: 0 with domain at load factor -468.19
OpenSees > analyze failed, returned: -3 error flag
WARNING: CTestNormDispIncr::test() - failed to converge 
after: 50 iterations  current Norm: 15871.6 (max: 1e-06, Norm deltaR: 1.41134e+08)
NewtonLineSearch::solveCurrentStep() -the ConvergenceTest object failed in test()
StaticAnalysis::analyze() - the Algorithm failed at step: 0 with domain at load factor -12839.7
OpenSees > analyze failed, returned: -3 error flag
WARNING: CTestNormDispIncr::test() - failed to converge 
after: 50 iterations  current Norm: 3.31608e+06 (max: 1e-06, Norm deltaR: 1.31567e+11)
AcceleratedNewton::solveCurrentStep() -The ConvergenceTest object failed in test()
StaticAnalysis::analyze() - the Algorithm failed at step: 0 with domain at load factor -16757.8
OpenSees > analyze failed, returned: -3 error flag
WARNING: CTestNormDispIncr::test() - failed to converge 
after: 50 iterations  current Norm: 2.76296e+61 (max: 1e-06, Norm deltaR: 2.2567e+65)
ModifiedNewton::solveCurrentStep() -the ConvergenceTest object failed in test()
StaticAnalysis::analyze() - the Algorithm failed at step: 0 with domain at load factor -5.31481e+59
OpenSees > analyze failed, returned: -3 error flag
WARNING ZeroLength::setDomain(): Element 5000091 has L= 7.91305, which is greater than the tolerance
WARNING ZeroLength::setDomain(): Element 5000092 has L= 8.07093, which is greater than the tolerance
WARNING ZeroLength::setDomain(): Element 5000093 has L= 7.76719, which is greater than the tolerance
WARNING ZeroLength::setDomain(): Element 5000094 has L= 53.0118, which is greater than the tolerance
WARNING ZeroLength::setDomain(): Element 5000095 has L= 8.22344, which is greater than the tolerance
WARNING ZeroLength::setDomain(): Element 5000096 has L= 51.8982, which is greater than the tolerance
WARNING ZeroLength::setDomain(): Element 5000097 has L= 55.6032, which is greater than the tolerance
WARNING ZeroLength::setDomain(): Element 5000098 has L= 21.0743, which is greater than the tolerance
WARNING ZeroLength::setDomain(): Element 5000099 has L= 21.4783, which is greater than the tolerance
WARNING ZeroLength::setDomain(): Element 5000100 has L= 57.0938, which is greater than the tolerance
WARNING ZeroLength::setDomain(): Element 5000101 has L= 7.91305, which is greater than the tolerance
WARNING ZeroLength::setDomain(): Element 5000102 has L= 7.61218, which is greater than the tolerance
WARNING ZeroLength::setDomain(): Element 5000103 has L= 8.07093, which is greater than the tolerance
WARNING ZeroLength::setDomain(): Element 5000104 has L= 7.76719, which is greater than the tolerance
WARNING ZeroLength::setDomain(): Element 5000105 has L= 59.2704, which is greater than the tolerance
WARNING ZeroLength::setDomain(): Element 5000106 has L= 17.0051, which is greater than the tolerance
WARNING ZeroLength::setDomain(): Element 5000107 has L= 16.3137, which is greater than the tolerance
WARNING ZeroLength::setDomain(): Element 5000108 has L= 17.4136, which is greater than the tolerance
WARNING ZeroLength::setDomain(): Element 5000109 has L= 21.9272, which is greater than the tolerance
WARNING ZeroLength::setDomain(): Element 5000110 has L= 16.6565, which is greater than the tolerance
WARNING ZeroLength::setDomain(): Element 5000111 has L= 61.2267, which is greater than the tolerance
WARNING ZeroLength::setDomain(): Element 5000112 has L= 20.6809, which is greater than the tolerance
WARNING ZeroLength::setDomain(): Element 5000113 has L= 7.61218, which is greater than the tolerance
WARNING ZeroLength::setDomain(): Element 5000114 has L= 10.2493, which is greater than the tolerance
WARNING ZeroLength::setDomain(): Element 5000115 has L= 9.99509, which is greater than the tolerance
WARNING ZeroLength::setDomain(): Element 5000116 has L= 17.8182, which is greater than the tolerance
WARNING ZeroLength::setDomain(): Element 5000117 has L= 22.4367, which is greater than the tolerance
WARNING ZeroLength::setDomain(): Element 5000118 has L= 21.9272, which is greater than the tolerance
WARNING ZeroLength::setDomain(): Element 5000119 has L= 58.4752, which is greater than the tolerance
WARNING ZeroLength::setDomain(): Element 5000120 has L= 21.0743, which is greater than the tolerance
WARNING ZeroLength::setDomain(): Element 5000121 has L= 16.3137, which is greater than the tolerance
WARNING ZeroLength::setDomain(): Element 5000122 has L= 16.0078, which is greater than the tolerance
WARNING ZeroLength::setDomain(): Element 5000123 has L= 7.43787, which is greater than the tolerance
WARNING: CTestNormDispIncr::test() - failed to converge 
after: 50 iterations  current Norm: 47900.8 (max: 1e-06, Norm deltaR: 1.68016e+09)
NewtonRaphson::solveCurrentStep() -the ConvergenceTest object failed in test()
StaticAnalysis::analyze() - the Algorithm failed at step: 0 with domain at load factor -1416.62
OpenSees > analyze failed, returned: -3 error flag
WARNING ZeroLength::setDomain(): Element 5000124 has L= 22.8577, which is greater than the tolerance
WARNING: CTestNormDispIncr::test() - failed to converge 
after: 50 iterations  current Norm: 138423 (max: 1e-06, Norm deltaR: 2.47204e+09)
NewtonRaphson::solveCurrentStep() -the ConvergenceTest object failed in test()
StaticAnalysis::analyze() - the Algorithm failed at step: 0 with domain at load factor -32233.8
OpenSees > analyze failed, returned: -3 error flag
WARNING ZeroLength::setDomain(): Element 5000125 has L= 18.1941, which is greater than the tolerance
WARNING ZeroLength::setDomain(): Element 5000126 has L= 8.39173, which is greater than the tolerance
WARNING ZeroLength::setDomain(): Element 5000127 has L= 21.4783, which is greater than the tolerance
WARNING ZeroLength::setDomain(): Element 5000128 has L= 61.2182, which is greater than the tolerance
WARNING ZeroLength::setDomain(): Element 5000129 has L= 7.43787, which is greater than the tolerance
WARNING ZeroLength::setDomain(): Element 5000130 has L= 17.0051, which is greater than the tolerance
WARNING ZeroLength::setDomain(): Element 5000131 has L= 54.054, which is greater than the tolerance
WARNING ZeroLength::setDomain(): Element 5000132 has L= 20.6809, which is greater than the tolerance
WARNING ZeroLength::setDomain(): Element 5000133 has L= 16.0078, which is greater than the tolerance
WARNING ZeroLength::setDomain(): Element 5000134 has L= 60.7984, which is greater than the tolerance
WARNING ZeroLength::setDomain(): Element 5000135 has L= 7.28262, which is greater than the tolerance
WARNING ZeroLength::setDomain(): Element 5000136 has L= 9.76769, which is greater than the tolerance
WARNING ZeroLength::setDomain(): Element 5000137 has L= 16.6565, which is greater than the tolerance
WARNING ZeroLength::setDomain(): Element 5000138 has L= 6.04387, which is greater than the tolerance
WARNING: CTestNormDispIncr::test() - failed to converge 
after: 50 iterations  current Norm: 25059.5 (max: 1e-06, Norm deltaR: 4.73566e+08)
NewtonRaphson::solveCurrentStep() -the ConvergenceTest object failed in test()
StaticAnalysis::analyze() - the Algorithm failed at step: 0 with domain at load factor -2726.4
OpenSees > analyze failed, returned: -3 error flag
WARNING: CTestNormDispIncr::test() - failed to converge 
after: 50 iterations  current Norm: 5.04293 (max: 1e-06, Norm deltaR: 1.2706e+06)
NewtonLineSearch::solveCurrentStep() -the ConvergenceTest object failed in test()
StaticAnalysis::analyze() - the Algorithm failed at step: 0 with domain at load factor 463.827
OpenSees > analyze failed, returned: -3 error flag
WARNING: CTestNormDispIncr::test() - failed to converge 
after: 50 iterations  current Norm: 85608.8 (max: 1e-06, Norm deltaR: 5.25109e+08)
AcceleratedNewton::solveCurrentStep() -The ConvergenceTest object failed in test()
StaticAnalysis::analyze() - the Algorithm failed at step: 0 with domain at load factor 1009.22
OpenSees > analyze failed, returned: -3 error flag
WARNING: CTestNormDispIncr::test() - failed to converge 
after: 50 iterations  current Norm: 1.57936e+77 (max: 1e-06, Norm deltaR: 1.46537e+81)
ModifiedNewton::solveCurrentStep() -the ConvergenceTest object failed in test()
StaticAnalysis::analyze() - the Algorithm failed at step: 0 with domain at load factor 3.84871e+75
OpenSees > analyze failed, returned: -3 error flag
WARNING ZeroLength::setDomain(): Element 5000139 has L= 66.0628, which is greater than the tolerance
WARNING ZeroLength::setDomain(): Element 5000140 has L= 10.5174, which is greater than the tolerance
WARNING ZeroLength::setDomain(): Element 5000141 has L= 57.0112, which is greater than the tolerance
WARNING ZeroLength::setDomain(): Element 5000142 has L= 49.8595, which is greater than the tolerance
WARNING ZeroLength::setDomain(): Element 5000143 has L= 50.4706, which is greater than the tolerance
WARNING ZeroLength::setDomain(): Element 5000144 has L= 49.1794, which is greater than the tolerance
WARNING ZeroLength::setDomain(): Element 5000145 has L= 51.1623, which is greater than the tolerance
WARNING ZeroLength::setDomain(): Element 5000146 has L= 15.6951, which is greater than the tolerance
WARNING ZeroLength::setDomain(): Element 5000147 has L= 63.659, which is greater than the tolerance
WARNING ZeroLength::setDomain(): Element 5000148 has L= 55.643, which is greater than the tolerance
WARNING ZeroLength::setDomain(): Element 5000149 has L= 8.59075, which is greater than the tolerance
WARNING ZeroLength::setDomain(): Element 5000150 has L= 22.4367, which is greater than the tolerance
WARNING ZeroLength::setDomain(): Element 5000151 has L= 28.0782, which is greater than the tolerance
WARNING ZeroLength::setDomain(): Element 5000152 has L= 34.4142, which is greater than the tolerance
WARNING ZeroLength::setDomain(): Element 5000153 has L= 20.2561, which is greater than the tolerance
WARNING ZeroLength::setDomain(): Element 5000154 has L= 20.2561, which is greater than the tolerance
WARNING ZeroLength::setDomain(): Element 5000155 has L= 10.5174, which is greater than the tolerance
WARNING ZeroLength::setDomain(): Element 5000156 has L= 7.28262, which is greater than the tolerance
WARNING ZeroLength::setDomain(): Element 5000157 has L= 7.16503, which is greater than the tolerance
WARNING: CTestNormDispIncr::test() - failed to converge 
after: 50 iterations  current Norm: 56325 (max: 1e-06, Norm deltaR: 9.04227e+07)
NewtonRaphson::solveCurrentStep() -the ConvergenceTest object failed in test()
StaticAnalysis::analyze() - the Algorithm failed at step: 0 with domain at load factor 546.19
OpenSees > analyze failed, returned: -3 error flag
WARNING: CTestNormDispIncr::test() - failed to converge 
after: 50 iterations  current Norm: 2717.21 (max: 1e-06, Norm deltaR: 1.13701e+08)
NewtonLineSearch::solveCurrentStep() -the ConvergenceTest object failed in test()
StaticAnalysis::analyze() - the Algorithm failed at step: 0 with domain at load factor 9254.35
OpenSees > analyze failed, returned: -3 error flag
WARNING: CTestNormDispIncr::test() - failed to converge 
after: 50 iterations  current Norm: 35.3636 (max: 1e-06, Norm deltaR: 464717)
AcceleratedNewton::solveCurrentStep() -The ConvergenceTest object failed in test()
StaticAnalysis::analyze() - the Algorithm failed at step: 0 with domain at load factor 540.233
OpenSees > analyze failed, returned: -3 error flag
WARNING: CTestNormDispIncr::test() - failed to converge 
after: 50 iterations  current Norm: 0.765244 (max: 1e-06, Norm deltaR: 186681)
ModifiedNewton::solveCurrentStep() -the ConvergenceTest object failed in test()
StaticAnalysis::analyze() - the Algorithm failed at step: 0 with domain at load factor 542.58
OpenSees > analyze failed, returned: -3 error flag
WARNING ZeroLength::setDomain(): Element 5000158 has L= 58.8941, which is greater than the tolerance
WARNING: CTestNormDispIncr::test() - failed to converge 
after: 50 iterations  current Norm: 34829.7 (max: 1e-06, Norm deltaR: 9.26606e+07)
NewtonRaphson::solveCurrentStep() -the ConvergenceTest object failed in test()
StaticAnalysis::analyze() - the Algorithm failed at step: 0 with domain at load factor 14.2509
OpenSees > analyze failed, returned: -3 error flag
WARNING ZeroLength::setDomain(): Element 5000159 has L= 18.5305, which is greater than the tolerance
WARNING ZeroLength::setDomain(): Element 5000160 has L= 17.4136, which is greater than the tolerance
WARNING ZeroLength::setDomain(): Element 5000161 has L= 56.2442, which is greater than the tolerance
WARNING ZeroLength::setDomain(): Element 5000162 has L= 58.6607, which is greater than the tolerance
WARNING ZeroLength::setDomain(): Element 5000163 has L= 61.1898, which is greater than the tolerance
WARNING ZeroLength::setDomain(): Element 5000164 has L= 63.7979, which is greater than the tolerance
WARNING ZeroLength::setDomain(): Element 5000165 has L= 15.6951, which is greater than the tolerance
WARNING: CTestNormDispIncr::test() - failed to converge 
after: 50 iterations  current Norm: 22062.9 (max: 1e-06, Norm deltaR: 4.05252e+08)
NewtonRaphson::solveCurrentStep() -the ConvergenceTest object failed in test()
StaticAnalysis::analyze() - the Algorithm failed at step: 0 with domain at load factor -232.581
OpenSees > analyze failed, returned: -3 error flag
WARNING ZeroLength::setDomain(): Element 5000166 has L= 35.0973, which is greater than the tolerance
WARNING ZeroLength::setDomain(): Element 5000167 has L= 52.2474, which is greater than the tolerance
WARNING ZeroLength::setDomain(): Element 5000168 has L= 9.56269, which is greater than the tolerance
WARNING ZeroLength::setDomain(): Element 5000169 has L= 64.598, which is greater than the tolerance
WARNING ZeroLength::setDomain(): Element 5000170 has L= 34.4142, which is greater than the tolerance
WARNING ZeroLength::setDomain(): Element 5000171 has L= 8.78769, which is greater than the tolerance
WARNING ZeroLength::setDomain(): Element 5000172 has L= 66.2079, which is greater than the tolerance
WARNING ZeroLength::setDomain(): Element 5000173 has L= 7.8252, which is greater than the tolerance
WARNING ZeroLength::setDomain(): Element 5000174 has L= 35.0973, which is greater than the tolerance
WARNING ZeroLength::setDomain(): Element 5000175 has L= 68.5986, which is greater than the tolerance
WARNING ZeroLength::setDomain(): Element 5000176 has L= 28.7887, which is greater than the tolerance
WARNING ZeroLength::setDomain(): Element 5000177 has L= 35.8082, which is greater than the tolerance
WARNING ZeroLength::setDomain(): Element 5000178 has L= 55.1423, which is greater than the tolerance
WARNING ZeroLength::setDomain(): Element 5000179 has L= 58.3853, which is greater than the tolerance
WARNING ZeroLength::setDomain(): Element 5000180 has L= 60.6958, which is greater than the tolerance
WARNING ZeroLength::setDomain(): Element 5000181 has L= 62.3273, which is greater than the tolerance
WARNING ZeroLength::setDomain(): Element 5000182 has L= 33.8067, which is greater than the tolerance
WARNING ZeroLength::setDomain(): Element 5000183 has L= 22.8577, which is greater than the tolerance
WARNING ZeroLength::setDomain(): Element 5000184 has L= 63.327, which is greater than the tolerance
WARNING ZeroLength::setDomain(): Element 5000185 has L= 50.9887, which is greater than the tolerance
WARNING ZeroLength::setDomain(): Element 5000186 has L= 68.9741, which is greater than the tolerance
WARNING ZeroLength::setDomain(): Element 5000187 has L= 8.22344, which is greater than the tolerance
WARNING ZeroLength::setDomain(): Element 5000188 has L= 66.991, which is greater than the tolerance
WARNING ZeroLength::setDomain(): Element 5000189 has L= 57.045, which is greater than the tolerance
WARNING ZeroLength::setDomain(): Element 5000190 has L= 25.6891, which is greater than the tolerance
WARNING ZeroLength::setDomain(): Element 5000191 has L= 7.07922, which is greater than the tolerance
WARNING ZeroLength::setDomain(): Element 5000192 has L= 29.372, which is greater than the tolerance
WARNING ZeroLength::setDomain(): Element 5000193 has L= 36.4892, which is greater than the tolerance
WARNING: CTestNormDispIncr::test() - failed to converge 
after: 50 iterations  current Norm: 50551.3 (max: 1e-06, Norm deltaR: 2.70644e+08)
NewtonRaphson::solveCurrentStep() -the ConvergenceTest object failed in test()
StaticAnalysis::analyze() - the Algorithm failed at step: 0 with domain at load factor 1541.79
OpenSees > analyze failed, returned: -3 error flag
WARNING ZeroLength::setDomain(): Element 5000194 has L= 8.94053, which is greater than the tolerance
WARNING: CTestNormDispIncr::test() - failed to converge 
after: 50 iterations  current Norm: 69065.4 (max: 1e-06, Norm deltaR: 1.39363e+08)
NewtonRaphson::solveCurrentStep() -the ConvergenceTest object failed in test()
StaticAnalysis::analyze() - the Algorithm failed at step: 0 with domain at load factor 1000.66
OpenSees > analyze failed, returned: -3 error flag
WARNING ZeroLength::setDomain(): Element 5000195 has L= 27.4397, which is greater than the tolerance
WARNING ZeroLength::setDomain(): Element 5000196 has L= 53.7174, which is greater than the tolerance
WARNING ZeroLength::setDomain(): Element 5000197 has L= 61.0286, which is greater than the tolerance
WARNING ZeroLength::setDomain(): Element 5000198 has L= 33.157, which is greater than the tolerance
WARNING ZeroLength::setDomain(): Element 5000199 has L= 66.187, which is greater than the tolerance
WARNING ZeroLength::setDomain(): Element 5000200 has L= 33.8067, which is greater than the tolerance
WARNING ZeroLength::setDomain(): Element 5000201 has L= 15.3535, which is greater than the tolerance
WARNING ZeroLength::setDomain(): Element 5000202 has L= 60.8334, which is greater than the tolerance
