WARNING ZeroLength::setDomain(): Element 5000001 has L= 2.48274, which is greater than the tolerance
WARNING ZeroLength::setDomain(): Element 5000002 has L= 2.2293, which is greater than the tolerance
WARNING ZeroLength::setDomain(): Element 5000003 has L= 1.82403, which is greater than the tolerance
WARNING ZeroLength::setDomain(): Element 5000004 has L= 1.82568, which is greater than the tolerance
WARNING ZeroLength::setDomain(): Element 5000005 has L= 1.76101, which is greater than the tolerance
WARNING ZeroLength::setDomain(): Element 5000006 has L= 1.76101, which is greater than the tolerance
WARNING ZeroLength::setDomain(): Element 5000007 has L= 1.82568, which is greater than the tolerance
WARNING ZeroLength::setDomain(): Element 5000008 has L= 1.82403, which is greater than the tolerance
WARNING ZeroLength::setDomain(): Element 5000009 has L= 2.2293, which is greater than the tolerance
WARNING ZeroLength::setDomain(): Element 5000010 has L= 2.48274, which is greater than the tolerance
WARNING ZeroLength::setDomain(): Element 5000011 has L= 2.33603, which is greater than the tolerance
WARNING ZeroLength::setDomain(): Element 5000012 has L= 2.19767, which is greater than the tolerance
WARNING ZeroLength::setDomain(): Element 5000013 has L= 1.93893, which is greater than the tolerance
WARNING ZeroLength::setDomain(): Element 5000014 has L= 1.96456, which is greater than the tolerance
WARNING ZeroLength::setDomain(): Element 5000015 has L= 1.95226, which is greater than the tolerance
WARNING ZeroLength::setDomain(): Element 5000016 has L= 1.95226, which is greater than the tolerance
WARNING ZeroLength::setDomain(): Element 5000017 has L= 1.96456, which is greater than the tolerance
WARNING ZeroLength::setDomain(): Element 5000018 has L= 1.93893, which is greater than the tolerance
WARNING ZeroLength::setDomain(): Element 5000019 has L= 2.19767, which is greater than the tolerance
WARNING ZeroLength::setDomain(): Element 5000020 has L= 2.33603, which is greater than the tolerance
WARNING ZeroLength::setDomain(): Element 5000021 has L= 2.27098, which is greater than the tolerance
WARNING ZeroLength::setDomain(): Element 5000022 has L= 2.23091, which is greater than the tolerance
WARNING ZeroLength::setDomain(): Element 5000023 has L= 2.11275, which is greater than the tolerance
WARNING ZeroLength::setDomain(): Element 5000024 has L= 2.17756, which is greater than the tolerance
WARNING ZeroLength::setDomain(): Element 5000025 has L= 2.21443, which is greater than the tolerance
WARNING ZeroLength::setDomain(): Element 5000026 has L= 2.21443, which is greater than the tolerance
WARNING ZeroLength::setDomain(): Element 5000027 has L= 2.17756, which is greater than the tolerance
WARNING ZeroLength::setDomain(): Element 5000028 has L= 2.11275, which is greater than the tolerance
WARNING ZeroLength::setDomain(): Element 5000029 has L= 2.23091, which is greater than the tolerance
WARNING ZeroLength::setDomain(): Element 5000030 has L= 2.27098, which is greater than the tolerance
WARNING ZeroLength::setDomain(): Element 5000031 has L= 2.3155, which is greater than the tolerance
WARNING ZeroLength::setDomain(): Element 5000032 has L= 2.32728, which is greater than the tolerance
WARNING ZeroLength::setDomain(): Element 5000033 has L= 2.32639, which is greater than the tolerance
WARNING ZeroLength::setDomain(): Element 5000034 has L= 2.49773, which is greater than the tolerance
WARNING ZeroLength::setDomain(): Element 5000035 has L= 2.63786, which is greater than the tolerance
WARNING ZeroLength::setDomain(): Element 5000036 has L= 2.63786, which is greater than the tolerance
WARNING ZeroLength::setDomain(): Element 5000037 has L= 2.49773, which is greater than the tolerance
WARNING ZeroLength::setDomain(): Element 5000038 has L= 2.32639, which is greater than the tolerance
WARNING ZeroLength::setDomain(): Element 5000039 has L= 2.32728, which is greater than the tolerance
WARNING ZeroLength::setDomain(): Element 5000040 has L= 2.3155, which is greater than the tolerance
WARNING ZeroLength::setDomain(): Element 5000041 has L= 2.37519, which is greater than the tolerance
WARNING ZeroLength::setDomain(): Element 5000042 has L= 2.48303, which is greater than the tolerance
WARNING ZeroLength::setDomain(): Element 5000043 has L= 2.63625, which is greater than the tolerance
WARNING ZeroLength::setDomain(): Element 5000044 has L= 2.80254, which is greater than the tolerance
WARNING ZeroLength::setDomain(): Element 5000045 has L= 2.90815, which is greater than the tolerance
WARNING ZeroLength::setDomain(): Element 5000046 has L= 2.90815, which is greater than the tolerance
WARNING ZeroLength::setDomain(): Element 5000047 has L= 2.80254, which is greater than the tolerance
WARNING ZeroLength::setDomain(): Element 5000048 has L= 2.63625, which is greater than the tolerance
WARNING ZeroLength::setDomain(): Element 5000049 has L= 2.48303, which is greater than the tolerance
WARNING ZeroLength::setDomain(): Element 5000050 has L= 2.37519, which is greater than the tolerance
WARNING ZeroLength::setDomain(): Element 5000051 has L= 2.31109, which is greater than the tolerance
WARNING ZeroLength::setDomain(): Element 5000052 has L= 2.51094, which is greater than the tolerance
WARNING ZeroLength::setDomain(): Element 5000053 has L= 2.81597, which is greater than the tolerance
WARNING ZeroLength::setDomain(): Element 5000054 has L= 2.89249, which is greater than the tolerance
WARNING ZeroLength::setDomain(): Element 5000055 has L= 2.97631, which is greater than the tolerance
WARNING ZeroLength::setDomain(): Element 5000056 has L= 2.97631, which is greater than the tolerance
WARNING ZeroLength::setDomain(): Element 5000057 has L= 2.89249, which is greater than the tolerance
WARNING ZeroLength::setDomain(): Element 5000058 has L= 2.81597, which is greater than the tolerance
WARNING ZeroLength::setDomain(): Element 5000059 has L= 2.51094, which is greater than the tolerance
WARNING ZeroLength::setDomain(): Element 5000060 has L= 2.31109, which is greater than the tolerance
WARNING ZeroLength::setDomain(): Element 5000061 has L= 2.21977, which is greater than the tolerance
WARNING ZeroLength::setDomain(): Element 5000062 has L= 2.37881, which is greater than the tolerance
WARNING ZeroLength::setDomain(): Element 5000063 has L= 2.73683, which is greater than the tolerance
WARNING ZeroLength::setDomain(): Element 5000064 has L= 2.84232, which is greater than the tolerance
WARNING ZeroLength::setDomain(): Element 5000065 has L= 2.97262, which is greater than the tolerance
WARNING ZeroLength::setDomain(): Element 5000066 has L= 2.97262, which is greater than the tolerance
WARNING ZeroLength::setDomain(): Element 5000067 has L= 2.84232, which is greater than the tolerance
WARNING ZeroLength::setDomain(): Element 5000068 has L= 2.73683, which is greater than the tolerance
WARNING ZeroLength::setDomain(): Element 5000069 has L= 2.37881, which is greater than the tolerance
WARNING ZeroLength::setDomain(): Element 5000070 has L= 2.21977, which is greater than the tolerance
WARNING ZeroLength::setDomain(): Element 5000071 has L= 2.14492, which is greater than the tolerance
WARNING ZeroLength::setDomain(): Element 5000072 has L= 2.30505, which is greater than the tolerance
WARNING ZeroLength::setDomain(): Element 5000073 has L= 2.67437, which is greater than the tolerance
WARNING ZeroLength::setDomain(): Element 5000074 has L= 2.82593, which is greater than the tolerance
WARNING ZeroLength::setDomain(): Element 5000075 has L= 2.93527, which is greater than the tolerance
WARNING ZeroLength::setDomain(): Element 5000076 has L= 2.93527, which is greater than the tolerance
WARNING ZeroLength::setDomain(): Element 5000077 has L= 2.82593, which is greater than the tolerance
WARNING ZeroLength::setDomain(): Element 5000078 has L= 2.67437, which is greater than the tolerance
WARNING ZeroLength::setDomain(): Element 5000079 has L= 2.30505, which is greater than the tolerance
WARNING ZeroLength::setDomain(): Element 5000080 has L= 2.14492, which is greater than the tolerance
WARNING ZeroLength::setDomain(): Element 5000081 has L= 2.11618, which is greater than the tolerance
WARNING ZeroLength::setDomain(): Element 5000082 has L= 2.2494, which is greater than the tolerance
WARNING ZeroLength::setDomain(): Element 5000083 has L= 2.60103, which is greater than the tolerance
WARNING ZeroLength::setDomain(): Element 5000084 has L= 2.78784, which is greater than the tolerance
WARNING ZeroLength::setDomain(): Element 5000085 has L= 2.83389, which is greater than the tolerance
WARNING ZeroLength::setDomain(): Element 5000086 has L= 2.83389, which is greater than the tolerance
WARNING ZeroLength::setDomain(): Element 5000087 has L= 2.78784, which is greater than the tolerance
WARNING ZeroLength::setDomain(): Element 5000088 has L= 2.60103, which is greater than the tolerance
WARNING ZeroLength::setDomain(): Element 5000089 has L= 2.2494, which is greater than the tolerance
WARNING ZeroLength::setDomain(): Element 5000090 has L= 2.11618, which is greater than the tolerance
WARNING: CTestNormDispIncr::test() - failed to converge 
after: 50 iterations  current Norm: 150189 (max: 1e-06, Norm deltaR: 5.03831e+09)
NewtonRaphson::solveCurrentStep() -the ConvergenceTest object failed in test()
StaticAnalysis::analyze() - the Algorithm failed at step: 0 with domain at load factor -11980
OpenSees > analyze failed, returned: -3 error flag
WARNING: CTestNormDispIncr::test() - failed to converge 
after: 50 iterations  current Norm: 1684.49 (max: 1e-06, Norm deltaR: 1.49362e+08)
NewtonLineSearch::solveCurrentStep() -the ConvergenceTest object failed in test()
StaticAnalysis::analyze() - the Algorithm failed at step: 0 with domain at load factor -2233.86
OpenSees > analyze failed, returned: -3 error flag
WARNING: CTestNormDispIncr::test() - failed to converge 
after: 50 iterations  current Norm: 0.00736352 (max: 1e-06, Norm deltaR: 437.056)
AcceleratedNewton::solveCurrentStep() -The ConvergenceTest object failed in test()
StaticAnalysis::analyze() - the Algorithm failed at step: 0 with domain at load factor 355.1
OpenSees > analyze failed, returned: -3 error flag
WARNING: CTestNormDispIncr::test() - failed to converge 
after: 50 iterations  current Norm: 4.56763e+68 (max: 1e-06, Norm deltaR: 1.73806e+72)
ModifiedNewton::solveCurrentStep() -the ConvergenceTest object failed in test()
StaticAnalysis::analyze() - the Algorithm failed at step: 0 with domain at load factor 2.30825e+67
OpenSees > analyze failed, returned: -3 error flag
WARNING: CTestNormDispIncr::test() - failed to converge 
after: 50 iterations  current Norm: 3.93405e+06 (max: 1e-06, Norm deltaR: 7.52387e+10)
NewtonRaphson::solveCurrentStep() -the ConvergenceTest object failed in test()
StaticAnalysis::analyze() - the Algorithm failed at step: 0 with domain at load factor -72420.2
OpenSees > analyze failed, returned: -3 error flag
WARNING: CTestNormDispIncr::test() - failed to converge 
after: 50 iterations  current Norm: 2365.61 (max: 1e-06, Norm deltaR: 1.22085e+08)
NewtonLineSearch::solveCurrentStep() -the ConvergenceTest object failed in test()
StaticAnalysis::analyze() - the Algorithm failed at step: 0 with domain at load factor -1352.25
OpenSees > analyze failed, returned: -3 error flag
WARNING: CTestNormDispIncr::test() - failed to converge 
after: 50 iterations  current Norm: 29828.7 (max: 1e-06, Norm deltaR: 1.88583e+09)
AcceleratedNewton::solveCurrentStep() -The ConvergenceTest object failed in test()
StaticAnalysis::analyze() - the Algorithm failed at step: 0 with domain at load factor -866.797
OpenSees > analyze failed, returned: -3 error flag
WARNING: CTestNormDispIncr::test() - failed to converge 
after: 50 iterations  current Norm: 7.99072e+71 (max: 1e-06, Norm deltaR: 2.61941e+75)
ModifiedNewton::solveCurrentStep() -the ConvergenceTest object failed in test()
StaticAnalysis::analyze() - the Algorithm failed at step: 0 with domain at load factor -5.3648e+70
OpenSees > analyze failed, returned: -3 error flag
WARNING ZeroLength::setDomain(): Element 5000091 has L= 7.93379, which is greater than the tolerance
WARNING ZeroLength::setDomain(): Element 5000092 has L= 8.09167, which is greater than the tolerance
WARNING ZeroLength::setDomain(): Element 5000093 has L= 7.78792, which is greater than the tolerance
WARNING ZeroLength::setDomain(): Element 5000094 has L= 8.24417, which is greater than the tolerance
WARNING ZeroLength::setDomain(): Element 5000095 has L= 11.0251, which is greater than the tolerance
WARNING ZeroLength::setDomain(): Element 5000096 has L= 7.93379, which is greater than the tolerance
WARNING ZeroLength::setDomain(): Element 5000097 has L= 10.5332, which is greater than the tolerance
WARNING ZeroLength::setDomain(): Element 5000098 has L= 21.4979, which is greater than the tolerance
WARNING ZeroLength::setDomain(): Element 5000099 has L= 55.9011, which is greater than the tolerance
WARNING ZeroLength::setDomain(): Element 5000100 has L= 58.0596, which is greater than the tolerance
WARNING ZeroLength::setDomain(): Element 5000101 has L= 21.0939, which is greater than the tolerance
WARNING ZeroLength::setDomain(): Element 5000102 has L= 10.783, which is greater than the tolerance
WARNING ZeroLength::setDomain(): Element 5000103 has L= 7.78792, which is greater than the tolerance
WARNING ZeroLength::setDomain(): Element 5000104 has L= 7.63291, which is greater than the tolerance
WARNING ZeroLength::setDomain(): Element 5000105 has L= 17.0258, which is greater than the tolerance
WARNING ZeroLength::setDomain(): Element 5000106 has L= 54.01, which is greater than the tolerance
WARNING ZeroLength::setDomain(): Element 5000107 has L= 10.2652, which is greater than the tolerance
WARNING ZeroLength::setDomain(): Element 5000108 has L= 17.4343, which is greater than the tolerance
WARNING ZeroLength::setDomain(): Element 5000109 has L= 7.63291, which is greater than the tolerance
WARNING ZeroLength::setDomain(): Element 5000110 has L= 7.45859, which is greater than the tolerance
WARNING ZeroLength::setDomain(): Element 5000111 has L= 10.011, which is greater than the tolerance
WARNING: CTestNormDispIncr::test() - failed to converge 
after: 50 iterations  current Norm: 43800.2 (max: 1e-06, Norm deltaR: 2.74977e+09)
NewtonRaphson::solveCurrentStep() -the ConvergenceTest object failed in test()
StaticAnalysis::analyze() - the Algorithm failed at step: 0 with domain at load factor 5309.45
OpenSees > analyze failed, returned: -3 error flag
WARNING ZeroLength::setDomain(): Element 5000112 has L= 17.839, which is greater than the tolerance
WARNING ZeroLength::setDomain(): Element 5000113 has L= 8.41247, which is greater than the tolerance
WARNING ZeroLength::setDomain(): Element 5000114 has L= 22.4562, which is greater than the tolerance
WARNING ZeroLength::setDomain(): Element 5000115 has L= 17.0258, which is greater than the tolerance
WARNING ZeroLength::setDomain(): Element 5000116 has L= 21.9467, which is greater than the tolerance
WARNING ZeroLength::setDomain(): Element 5000117 has L= 21.9467, which is greater than the tolerance
WARNING ZeroLength::setDomain(): Element 5000118 has L= 16.6773, which is greater than the tolerance
WARNING ZeroLength::setDomain(): Element 5000119 has L= 57.9707, which is greater than the tolerance
WARNING ZeroLength::setDomain(): Element 5000120 has L= 16.6773, which is greater than the tolerance
WARNING ZeroLength::setDomain(): Element 5000121 has L= 8.09167, which is greater than the tolerance
WARNING ZeroLength::setDomain(): Element 5000122 has L= 16.3345, which is greater than the tolerance
WARNING ZeroLength::setDomain(): Element 5000123 has L= 59.169, which is greater than the tolerance
WARNING ZeroLength::setDomain(): Element 5000124 has L= 61.6308, which is greater than the tolerance
WARNING ZeroLength::setDomain(): Element 5000125 has L= 59.7284, which is greater than the tolerance
WARNING ZeroLength::setDomain(): Element 5000126 has L= 10.783, which is greater than the tolerance
WARNING ZeroLength::setDomain(): Element 5000127 has L= 20.7005, which is greater than the tolerance
WARNING ZeroLength::setDomain(): Element 5000128 has L= 48.4957, which is greater than the tolerance
WARNING ZeroLength::setDomain(): Element 5000129 has L= 48.8509, which is greater than the tolerance
WARNING ZeroLength::setDomain(): Element 5000130 has L= 10.5332, which is greater than the tolerance
WARNING ZeroLength::setDomain(): Element 5000131 has L= 10.2652, which is greater than the tolerance
WARNING ZeroLength::setDomain(): Element 5000132 has L= 7.45859, which is greater than the tolerance
WARNING ZeroLength::setDomain(): Element 5000133 has L= 10.011, which is greater than the tolerance
WARNING: CTestNormDispIncr::test() - failed to converge 
after: 50 iterations  current Norm: 35349 (max: 1e-06, Norm deltaR: 1.03628e+09)
NewtonRaphson::solveCurrentStep() -the ConvergenceTest object failed in test()
StaticAnalysis::analyze() - the Algorithm failed at step: 0 with domain at load factor -6059.41
OpenSees > analyze failed, returned: -3 error flag
WARNING: CTestNormDispIncr::test() - failed to converge 
after: 50 iterations  current Norm: 10291.8 (max: 1e-06, Norm deltaR: 1.16032e+08)
NewtonLineSearch::solveCurrentStep() -the ConvergenceTest object failed in test()
StaticAnalysis::analyze() - the Algorithm failed at step: 0 with domain at load factor -115.866
OpenSees > analyze failed, returned: -3 error flag
WARNING: CTestNormDispIncr::test() - failed to converge 
after: 50 iterations  current Norm: 17974 (max: 1e-06, Norm deltaR: 7.67441e+07)
AcceleratedNewton::solveCurrentStep() -The ConvergenceTest object failed in test()
StaticAnalysis::analyze() - the Algorithm failed at step: 0 with domain at load factor 226.459
OpenSees > analyze failed, returned: -3 error flag
WARNING: CTestNormDispIncr::test() - failed to converge 
after: 50 iterations  current Norm: 3.34598e+68 (max: 1e-06, Norm deltaR: 2.54298e+72)
ModifiedNewton::solveCurrentStep() -the ConvergenceTest object failed in test()
StaticAnalysis::analyze() - the Algorithm failed at step: 0 with domain at load factor 2.17098e+67
OpenSees > analyze failed, returned: -3 error flag
WARNING: CTestNormDispIncr::test() - failed to converge 
after: 50 iterations  current Norm: 131615 (max: 1e-06, Norm deltaR: 3.07766e+08)
NewtonRaphson::solveCurrentStep() -the ConvergenceTest object failed in test()
StaticAnalysis::analyze() - the Algorithm failed at step: 0 with domain at load factor -836.112
OpenSees > analyze failed, returned: -3 error flag
WARNING ZeroLength::setDomain(): Element 5000134 has L= 34.4346, which is greater than the tolerance
WARNING ZeroLength::setDomain(): Element 5000135 has L= 21.0939, which is greater than the tolerance
WARNING ZeroLength::setDomain(): Element 5000136 has L= 18.2148, which is greater than the tolerance
WARNING ZeroLength::setDomain(): Element 5000137 has L= 7.30335, which is greater than the tolerance
WARNING ZeroLength::setDomain(): Element 5000138 has L= 22.8772, which is greater than the tolerance
WARNING ZeroLength::setDomain(): Element 5000139 has L= 21.4979, which is greater than the tolerance
WARNING ZeroLength::setDomain(): Element 5000140 has L= 20.7005, which is greater than the tolerance
WARNING ZeroLength::setDomain(): Element 5000141 has L= 7.30335, which is greater than the tolerance
WARNING ZeroLength::setDomain(): Element 5000142 has L= 9.7837, which is greater than the tolerance
WARNING ZeroLength::setDomain(): Element 5000143 has L= 9.7837, which is greater than the tolerance
WARNING ZeroLength::setDomain(): Element 5000144 has L= 49.4042, which is greater than the tolerance
WARNING ZeroLength::setDomain(): Element 5000145 has L= 28.099, which is greater than the tolerance
WARNING ZeroLength::setDomain(): Element 5000146 has L= 16.3345, which is greater than the tolerance
WARNING ZeroLength::setDomain(): Element 5000147 has L= 54.8312, which is greater than the tolerance
WARNING ZeroLength::setDomain(): Element 5000148 has L= 16.0285, which is greater than the tolerance
WARNING ZeroLength::setDomain(): Element 5000149 has L= 7.18575, which is greater than the tolerance
WARNING ZeroLength::setDomain(): Element 5000150 has L= 28.8095, which is greater than the tolerance
WARNING ZeroLength::setDomain(): Element 5000151 has L= 59.9116, which is greater than the tolerance
WARNING ZeroLength::setDomain(): Element 5000152 has L= 34.4346, which is greater than the tolerance
WARNING ZeroLength::setDomain(): Element 5000153 has L= 18.5513, which is greater than the tolerance
WARNING ZeroLength::setDomain(): Element 5000154 has L= 8.61148, which is greater than the tolerance
WARNING ZeroLength::setDomain(): Element 5000155 has L= 9.57881, which is greater than the tolerance
WARNING ZeroLength::setDomain(): Element 5000156 has L= 15.7159, which is greater than the tolerance
WARNING ZeroLength::setDomain(): Element 5000157 has L= 20.2758, which is greater than the tolerance
WARNING ZeroLength::setDomain(): Element 5000158 has L= 35.1177, which is greater than the tolerance
WARNING ZeroLength::setDomain(): Element 5000159 has L= 16.0285, which is greater than the tolerance
WARNING ZeroLength::setDomain(): Element 5000160 has L= 26.884, which is greater than the tolerance
WARNING ZeroLength::setDomain(): Element 5000161 has L= 33.8271, which is greater than the tolerance
WARNING ZeroLength::setDomain(): Element 5000162 has L= 61.8188, which is greater than the tolerance
WARNING ZeroLength::setDomain(): Element 5000163 has L= 48.9999, which is greater than the tolerance
WARNING ZeroLength::setDomain(): Element 5000164 has L= 53.5398, which is greater than the tolerance
WARNING ZeroLength::setDomain(): Element 5000165 has L= 26.3053, which is greater than the tolerance
WARNING ZeroLength::setDomain(): Element 5000166 has L= 8.80842, which is greater than the tolerance
WARNING ZeroLength::setDomain(): Element 5000167 has L= 22.4562, which is greater than the tolerance
WARNING ZeroLength::setDomain(): Element 5000168 has L= 55.0194, which is greater than the tolerance
WARNING ZeroLength::setDomain(): Element 5000169 has L= 35.8286, which is greater than the tolerance
WARNING ZeroLength::setDomain(): Element 5000170 has L= 7.09994, which is greater than the tolerance
WARNING ZeroLength::setDomain(): Element 5000171 has L= 29.3928, which is greater than the tolerance
WARNING ZeroLength::setDomain(): Element 5000172 has L= 64.5942, which is greater than the tolerance
WARNING ZeroLength::setDomain(): Element 5000173 has L= 57.0538, which is greater than the tolerance
WARNING ZeroLength::setDomain(): Element 5000174 has L= 35.1177, which is greater than the tolerance
WARNING ZeroLength::setDomain(): Element 5000175 has L= 27.4604, which is greater than the tolerance
WARNING ZeroLength::setDomain(): Element 5000176 has L= 20.2758, which is greater than the tolerance
WARNING ZeroLength::setDomain(): Element 5000177 has L= 63.2822, which is greater than the tolerance
WARNING ZeroLength::setDomain(): Element 5000178 has L= 49.1736, which is greater than the tolerance
WARNING ZeroLength::setDomain(): Element 5000179 has L= 35.8286, which is greater than the tolerance
WARNING ZeroLength::setDomain(): Element 5000180 has L= 8.24417, which is greater than the tolerance
WARNING ZeroLength::setDomain(): Element 5000181 has L= 59.44, which is greater than the tolerance
WARNING ZeroLength::setDomain(): Element 5000182 has L= 8.96126, which is greater than the tolerance
WARNING ZeroLength::setDomain(): Element 5000183 has L= 58.4367, which is greater than the tolerance
WARNING ZeroLength::setDomain(): Element 5000184 has L= 25.7099, which is greater than the tolerance
WARNING ZeroLength::setDomain(): Element 5000185 has L= 15.7159, which is greater than the tolerance
WARNING ZeroLength::setDomain(): Element 5000186 has L= 17.4343, which is greater than the tolerance
WARNING ZeroLength::setDomain(): Element 5000187 has L= 61.287, which is greater than the tolerance
WARNING ZeroLength::setDomain(): Element 5000188 has L= 33.1774, which is greater than the tolerance
WARNING ZeroLength::setDomain(): Element 5000189 has L= 33.8271, which is greater than the tolerance
WARNING ZeroLength::setDomain(): Element 5000190 has L= 29.77, which is greater than the tolerance
