WARNING ZeroLength::setDomain(): Element 5000001 has L= 2.55648, which is greater than the tolerance
WARNING ZeroLength::setDomain(): Element 5000002 has L= 2.30327, which is greater than the tolerance
WARNING ZeroLength::setDomain(): Element 5000003 has L= 1.89813, which is greater than the tolerance
WARNING ZeroLength::setDomain(): Element 5000004 has L= 1.89977, which is greater than the tolerance
WARNING ZeroLength::setDomain(): Element 5000005 has L= 1.83513, which is greater than the tolerance
WARNING ZeroLength::setDomain(): Element 5000006 has L= 1.83513, which is greater than the tolerance
WARNING ZeroLength::setDomain(): Element 5000007 has L= 1.89977, which is greater than the tolerance
WARNING ZeroLength::setDomain(): Element 5000008 has L= 1.89813, which is greater than the tolerance
WARNING ZeroLength::setDomain(): Element 5000009 has L= 2.30327, which is greater than the tolerance
WARNING ZeroLength::setDomain(): Element 5000010 has L= 2.55648, which is greater than the tolerance
WARNING ZeroLength::setDomain(): Element 5000011 has L= 2.40974, which is greater than the tolerance
WARNING ZeroLength::setDomain(): Element 5000012 has L= 2.27168, which is greater than the tolerance
WARNING ZeroLength::setDomain(): Element 5000013 has L= 2.01304, which is greater than the tolerance
WARNING ZeroLength::setDomain(): Element 5000014 has L= 2.03868, which is greater than the tolerance
WARNING ZeroLength::setDomain(): Element 5000015 has L= 2.02639, which is greater than the tolerance
WARNING ZeroLength::setDomain(): Element 5000016 has L= 2.02639, which is greater than the tolerance
WARNING ZeroLength::setDomain(): Element 5000017 has L= 2.03868, which is greater than the tolerance
WARNING ZeroLength::setDomain(): Element 5000018 has L= 2.01304, which is greater than the tolerance
WARNING ZeroLength::setDomain(): Element 5000019 has L= 2.27168, which is greater than the tolerance
WARNING ZeroLength::setDomain(): Element 5000020 has L= 2.40974, which is greater than the tolerance
WARNING ZeroLength::setDomain(): Element 5000021 has L= 2.34478, which is greater than the tolerance
WARNING ZeroLength::setDomain(): Element 5000022 has L= 2.30497, which is greater than the tolerance
WARNING ZeroLength::setDomain(): Element 5000023 has L= 2.18688, which is greater than the tolerance
WARNING ZeroLength::setDomain(): Element 5000024 has L= 2.25169, which is greater than the tolerance
WARNING ZeroLength::setDomain(): Element 5000025 has L= 2.28856, which is greater than the tolerance
WARNING ZeroLength::setDomain(): Element 5000026 has L= 2.28856, which is greater than the tolerance
WARNING ZeroLength::setDomain(): Element 5000027 has L= 2.25169, which is greater than the tolerance
WARNING ZeroLength::setDomain(): Element 5000028 has L= 2.18688, which is greater than the tolerance
WARNING ZeroLength::setDomain(): Element 5000029 has L= 2.30497, which is greater than the tolerance
WARNING ZeroLength::setDomain(): Element 5000030 has L= 2.34478, which is greater than the tolerance
WARNING ZeroLength::setDomain(): Element 5000031 has L= 2.38952, which is greater than the tolerance
WARNING ZeroLength::setDomain(): Element 5000032 has L= 2.40139, which is greater than the tolerance
WARNING ZeroLength::setDomain(): Element 5000033 has L= 2.40052, which is greater than the tolerance
WARNING ZeroLength::setDomain(): Element 5000034 has L= 2.57186, which is greater than the tolerance
WARNING ZeroLength::setDomain(): Element 5000035 has L= 2.71199, which is greater than the tolerance
WARNING ZeroLength::setDomain(): Element 5000036 has L= 2.71199, which is greater than the tolerance
WARNING ZeroLength::setDomain(): Element 5000037 has L= 2.57186, which is greater than the tolerance
WARNING ZeroLength::setDomain(): Element 5000038 has L= 2.40052, which is greater than the tolerance
WARNING ZeroLength::setDomain(): Element 5000039 has L= 2.40139, which is greater than the tolerance
WARNING ZeroLength::setDomain(): Element 5000040 has L= 2.38952, which is greater than the tolerance
WARNING ZeroLength::setDomain(): Element 5000041 has L= 2.44929, which is greater than the tolerance
WARNING ZeroLength::setDomain(): Element 5000042 has L= 2.55716, which is greater than the tolerance
WARNING ZeroLength::setDomain(): Element 5000043 has L= 2.71038, which is greater than the tolerance
WARNING ZeroLength::setDomain(): Element 5000044 has L= 2.87667, which is greater than the tolerance
WARNING ZeroLength::setDomain(): Element 5000045 has L= 2.98228, which is greater than the tolerance
WARNING ZeroLength::setDomain(): Element 5000046 has L= 2.98228, which is greater than the tolerance
WARNING ZeroLength::setDomain(): Element 5000047 has L= 2.87667, which is greater than the tolerance
WARNING ZeroLength::setDomain(): Element 5000048 has L= 2.71038, which is greater than the tolerance
WARNING ZeroLength::setDomain(): Element 5000049 has L= 2.55716, which is greater than the tolerance
WARNING ZeroLength::setDomain(): Element 5000050 has L= 2.44929, which is greater than the tolerance
WARNING ZeroLength::setDomain(): Element 5000051 has L= 2.38519, which is greater than the tolerance
WARNING ZeroLength::setDomain(): Element 5000052 has L= 2.58507, which is greater than the tolerance
WARNING ZeroLength::setDomain(): Element 5000053 has L= 2.8901, which is greater than the tolerance
WARNING ZeroLength::setDomain(): Element 5000054 has L= 2.96661, which is greater than the tolerance
WARNING ZeroLength::setDomain(): Element 5000055 has L= 3.05044, which is greater than the tolerance
WARNING ZeroLength::setDomain(): Element 5000056 has L= 3.05044, which is greater than the tolerance
WARNING ZeroLength::setDomain(): Element 5000057 has L= 2.96661, which is greater than the tolerance
WARNING ZeroLength::setDomain(): Element 5000058 has L= 2.8901, which is greater than the tolerance
WARNING ZeroLength::setDomain(): Element 5000059 has L= 2.58507, which is greater than the tolerance
WARNING ZeroLength::setDomain(): Element 5000060 has L= 2.38519, which is greater than the tolerance
WARNING ZeroLength::setDomain(): Element 5000061 has L= 2.29385, which is greater than the tolerance
WARNING ZeroLength::setDomain(): Element 5000062 has L= 2.45294, which is greater than the tolerance
WARNING ZeroLength::setDomain(): Element 5000063 has L= 2.81096, which is greater than the tolerance
WARNING ZeroLength::setDomain(): Element 5000064 has L= 2.91645, which is greater than the tolerance
WARNING ZeroLength::setDomain(): Element 5000065 has L= 3.04675, which is greater than the tolerance
WARNING ZeroLength::setDomain(): Element 5000066 has L= 3.04675, which is greater than the tolerance
WARNING ZeroLength::setDomain(): Element 5000067 has L= 2.91645, which is greater than the tolerance
WARNING ZeroLength::setDomain(): Element 5000068 has L= 2.81096, which is greater than the tolerance
WARNING ZeroLength::setDomain(): Element 5000069 has L= 2.45294, which is greater than the tolerance
WARNING ZeroLength::setDomain(): Element 5000070 has L= 2.29385, which is greater than the tolerance
WARNING ZeroLength::setDomain(): Element 5000071 has L= 2.21899, which is greater than the tolerance
WARNING ZeroLength::setDomain(): Element 5000072 has L= 2.37918, which is greater than the tolerance
WARNING ZeroLength::setDomain(): Element 5000073 has L= 2.7485, which is greater than the tolerance
WARNING ZeroLength::setDomain(): Element 5000074 has L= 2.90006, which is greater than the tolerance
WARNING ZeroLength::setDomain(): Element 5000075 has L= 3.0094, which is greater than the tolerance
WARNING ZeroLength::setDomain(): Element 5000076 has L= 3.0094, which is greater than the tolerance
WARNING ZeroLength::setDomain(): Element 5000077 has L= 2.90006, which is greater than the tolerance
WARNING ZeroLength::setDomain(): Element 5000078 has L= 2.7485, which is greater than the tolerance
WARNING ZeroLength::setDomain(): Element 5000079 has L= 2.37918, which is greater than the tolerance
WARNING ZeroLength::setDomain(): Element 5000080 has L= 2.21899, which is greater than the tolerance
WARNING ZeroLength::setDomain(): Element 5000081 has L= 2.19028, which is greater than the tolerance
WARNING ZeroLength::setDomain(): Element 5000082 has L= 2.32353, which is greater than the tolerance
WARNING ZeroLength::setDomain(): Element 5000083 has L= 2.67516, which is greater than the tolerance
WARNING ZeroLength::setDomain(): Element 5000084 has L= 2.86196, which is greater than the tolerance
WARNING ZeroLength::setDomain(): Element 5000085 has L= 2.90802, which is greater than the tolerance
WARNING ZeroLength::setDomain(): Element 5000086 has L= 2.90802, which is greater than the tolerance
WARNING ZeroLength::setDomain(): Element 5000087 has L= 2.86196, which is greater than the tolerance
WARNING ZeroLength::setDomain(): Element 5000088 has L= 2.67516, which is greater than the tolerance
WARNING ZeroLength::setDomain(): Element 5000089 has L= 2.32353, which is greater than the tolerance
WARNING ZeroLength::setDomain(): Element 5000090 has L= 2.19028, which is greater than the tolerance
WARNING: CTestNormDispIncr::test() - failed to converge 
after: 50 iterations  current Norm: 73905.6 (max: 1e-06, Norm deltaR: 1.56301e+09)
NewtonRaphson::solveCurrentStep() -the ConvergenceTest object failed in test()
StaticAnalysis::analyze() - the Algorithm failed at step: 0 with domain at load factor 10498.4
OpenSees > analyze failed, returned: -3 error flag
WARNING: CTestNormDispIncr::test() - failed to converge 
after: 50 iterations  current Norm: 33104.3 (max: 1e-06, Norm deltaR: 8.71121e+08)
NewtonRaphson::solveCurrentStep() -the ConvergenceTest object failed in test()
StaticAnalysis::analyze() - the Algorithm failed at step: 0 with domain at load factor 6325.79
OpenSees > analyze failed, returned: -3 error flag
WARNING: CTestNormDispIncr::test() - failed to converge 
after: 50 iterations  current Norm: 5627.06 (max: 1e-06, Norm deltaR: 4.38215e+08)
NewtonLineSearch::solveCurrentStep() -the ConvergenceTest object failed in test()
StaticAnalysis::analyze() - the Algorithm failed at step: 0 with domain at load factor 1111.71
OpenSees > analyze failed, returned: -3 error flag
WARNING: CTestNormDispIncr::test() - failed to converge 
after: 50 iterations  current Norm: 2320.34 (max: 1e-06, Norm deltaR: 1.05406e+09)
AcceleratedNewton::solveCurrentStep() -The ConvergenceTest object failed in test()
StaticAnalysis::analyze() - the Algorithm failed at step: 0 with domain at load factor -8594.27
OpenSees > analyze failed, returned: -3 error flag
WARNING: CTestNormDispIncr::test() - failed to converge 
after: 50 iterations  current Norm: 1.0564e+67 (max: 1e-06, Norm deltaR: 3.8509e+70)
ModifiedNewton::solveCurrentStep() -the ConvergenceTest object failed in test()
StaticAnalysis::analyze() - the Algorithm failed at step: 0 with domain at load factor -1.01686e+66
OpenSees > analyze failed, returned: -3 error flag
WARNING: CTestNormDispIncr::test() - failed to converge 
after: 50 iterations  current Norm: 41118.1 (max: 1e-06, Norm deltaR: 4.14413e+08)
NewtonRaphson::solveCurrentStep() -the ConvergenceTest object failed in test()
StaticAnalysis::analyze() - the Algorithm failed at step: 0 with domain at load factor -1756.29
OpenSees > analyze failed, returned: -3 error flag
WARNING: CTestNormDispIncr::test() - failed to converge 
after: 50 iterations  current Norm: 4792.43 (max: 1e-06, Norm deltaR: 1.0752e+08)
NewtonLineSearch::solveCurrentStep() -the ConvergenceTest object failed in test()
StaticAnalysis::analyze() - the Algorithm failed at step: 0 with domain at load factor 404.087
OpenSees > analyze failed, returned: -3 error flag
WARNING: CTestNormDispIncr::test() - failed to converge 
after: 50 iterations  current Norm: 51449.8 (max: 1e-06, Norm deltaR: 2.83095e+09)
AcceleratedNewton::solveCurrentStep() -The ConvergenceTest object failed in test()
StaticAnalysis::analyze() - the Algorithm failed at step: 0 with domain at load factor 1687.75
OpenSees > analyze failed, returned: -3 error flag
WARNING: CTestNormDispIncr::test() - failed to converge 
after: 50 iterations  current Norm: 2.52899e+62 (max: 1e-06, Norm deltaR: 1.21332e+66)
ModifiedNewton::solveCurrentStep() -the ConvergenceTest object failed in test()
StaticAnalysis::analyze() - the Algorithm failed at step: 0 with domain at load factor 1.25825e+61
OpenSees > analyze failed, returned: -3 error flag
WARNING: CTestNormDispIncr::test() - failed to converge 
after: 50 iterations  current Norm: 21827 (max: 1e-06, Norm deltaR: 4.87719e+08)
NewtonRaphson::solveCurrentStep() -the ConvergenceTest object failed in test()
StaticAnalysis::analyze() - the Algorithm failed at step: 0 with domain at load factor -2590.24
OpenSees > analyze failed, returned: -3 error flag
WARNING ZeroLength::setDomain(): Element 5000091 has L= 8.01275, which is greater than the tolerance
WARNING ZeroLength::setDomain(): Element 5000092 has L= 8.17064, which is greater than the tolerance
WARNING ZeroLength::setDomain(): Element 5000093 has L= 50.178, which is greater than the tolerance
WARNING ZeroLength::setDomain(): Element 5000094 has L= 7.86688, which is greater than the tolerance
WARNING ZeroLength::setDomain(): Element 5000095 has L= 53.9402, which is greater than the tolerance
WARNING: CTestNormDispIncr::test() - failed to converge 
after: 50 iterations  current Norm: 157022 (max: 1e-06, Norm deltaR: 5.756e+09)
NewtonRaphson::solveCurrentStep() -the ConvergenceTest object failed in test()
StaticAnalysis::analyze() - the Algorithm failed at step: 0 with domain at load factor -15221
OpenSees > analyze failed, returned: -3 error flag
WARNING: CTestNormDispIncr::test() - failed to converge 
after: 50 iterations  current Norm: 1247.34 (max: 1e-06, Norm deltaR: 1.09589e+08)
NewtonLineSearch::solveCurrentStep() -the ConvergenceTest object failed in test()
StaticAnalysis::analyze() - the Algorithm failed at step: 0 with domain at load factor -4262.34
OpenSees > analyze failed, returned: -3 error flag
WARNING: CTestNormDispIncr::test() - failed to converge 
after: 50 iterations  current Norm: 228366 (max: 1e-06, Norm deltaR: 1.35269e+09)
AcceleratedNewton::solveCurrentStep() -The ConvergenceTest object failed in test()
StaticAnalysis::analyze() - the Algorithm failed at step: 0 with domain at load factor -4454.46
OpenSees > analyze failed, returned: -3 error flag
WARNING: CTestNormDispIncr::test() - failed to converge 
after: 50 iterations  current Norm: 2.53756e+90 (max: 1e-06, Norm deltaR: 1.72329e+94)
ModifiedNewton::solveCurrentStep() -the ConvergenceTest object failed in test()
StaticAnalysis::analyze() - the Algorithm failed at step: 0 with domain at load factor 2.94638e+89
OpenSees > analyze failed, returned: -3 error flag
WARNING: CTestNormDispIncr::test() - failed to converge 
after: 50 iterations  current Norm: 14334.1 (max: 1e-06, Norm deltaR: 2.60978e+08)
NewtonRaphson::solveCurrentStep() -the ConvergenceTest object failed in test()
StaticAnalysis::analyze() - the Algorithm failed at step: 0 with domain at load factor -1303.59
OpenSees > analyze failed, returned: -3 error flag
WARNING ZeroLength::setDomain(): Element 5000096 has L= 8.32315, which is greater than the tolerance
WARNING ZeroLength::setDomain(): Element 5000097 has L= 16.7563, which is greater than the tolerance
WARNING ZeroLength::setDomain(): Element 5000098 has L= 21.5724, which is greater than the tolerance
WARNING ZeroLength::setDomain(): Element 5000099 has L= 8.17064, which is greater than the tolerance
WARNING ZeroLength::setDomain(): Element 5000100 has L= 16.4134, which is greater than the tolerance
WARNING ZeroLength::setDomain(): Element 5000101 has L= 21.1684, which is greater than the tolerance
WARNING ZeroLength::setDomain(): Element 5000102 has L= 52.3823, which is greater than the tolerance
WARNING ZeroLength::setDomain(): Element 5000103 has L= 59.073, which is greater than the tolerance
WARNING ZeroLength::setDomain(): Element 5000104 has L= 58.2694, which is greater than the tolerance
WARNING ZeroLength::setDomain(): Element 5000105 has L= 8.01275, which is greater than the tolerance
WARNING ZeroLength::setDomain(): Element 5000106 has L= 10.8434, which is greater than the tolerance
WARNING ZeroLength::setDomain(): Element 5000107 has L= 20.7751, which is greater than the tolerance
WARNING ZeroLength::setDomain(): Element 5000108 has L= 7.86688, which is greater than the tolerance
WARNING ZeroLength::setDomain(): Element 5000109 has L= 7.71186, which is greater than the tolerance
WARNING ZeroLength::setDomain(): Element 5000110 has L= 10.5938, which is greater than the tolerance
WARNING ZeroLength::setDomain(): Element 5000111 has L= 7.71186, which is greater than the tolerance
WARNING ZeroLength::setDomain(): Element 5000112 has L= 10.3258, which is greater than the tolerance
WARNING ZeroLength::setDomain(): Element 5000113 has L= 10.0719, which is greater than the tolerance
WARNING: CTestNormDispIncr::test() - failed to converge 
after: 50 iterations  current Norm: 38426.1 (max: 1e-06, Norm deltaR: 1.00137e+09)
NewtonRaphson::solveCurrentStep() -the ConvergenceTest object failed in test()
StaticAnalysis::analyze() - the Algorithm failed at step: 0 with domain at load factor -6510.82
OpenSees > analyze failed, returned: -3 error flag
WARNING ZeroLength::setDomain(): Element 5000114 has L= 17.1048, which is greater than the tolerance
WARNING ZeroLength::setDomain(): Element 5000115 has L= 16.4134, which is greater than the tolerance
WARNING ZeroLength::setDomain(): Element 5000116 has L= 56.8059, which is greater than the tolerance
WARNING ZeroLength::setDomain(): Element 5000117 has L= 17.5133, which is greater than the tolerance
WARNING ZeroLength::setDomain(): Element 5000118 has L= 22.0211, which is greater than the tolerance
WARNING ZeroLength::setDomain(): Element 5000119 has L= 21.1684, which is greater than the tolerance
WARNING ZeroLength::setDomain(): Element 5000120 has L= 16.7563, which is greater than the tolerance
WARNING ZeroLength::setDomain(): Element 5000121 has L= 7.53753, which is greater than the tolerance
WARNING ZeroLength::setDomain(): Element 5000122 has L= 10.0719, which is greater than the tolerance
WARNING ZeroLength::setDomain(): Element 5000123 has L= 17.918, which is greater than the tolerance
WARNING ZeroLength::setDomain(): Element 5000124 has L= 22.5306, which is greater than the tolerance
WARNING ZeroLength::setDomain(): Element 5000125 has L= 16.1075, which is greater than the tolerance
WARNING ZeroLength::setDomain(): Element 5000126 has L= 21.5724, which is greater than the tolerance
WARNING ZeroLength::setDomain(): Element 5000127 has L= 22.9515, which is greater than the tolerance
WARNING ZeroLength::setDomain(): Element 5000128 has L= 11.0852, which is greater than the tolerance
WARNING ZeroLength::setDomain(): Element 5000129 has L= 18.2938, which is greater than the tolerance
WARNING ZeroLength::setDomain(): Element 5000130 has L= 7.53753, which is greater than the tolerance
WARNING ZeroLength::setDomain(): Element 5000131 has L= 20.7751, which is greater than the tolerance
WARNING ZeroLength::setDomain(): Element 5000132 has L= 61.0337, which is greater than the tolerance
WARNING ZeroLength::setDomain(): Element 5000133 has L= 7.38228, which is greater than the tolerance
WARNING ZeroLength::setDomain(): Element 5000134 has L= 8.49144, which is greater than the tolerance
WARNING ZeroLength::setDomain(): Element 5000135 has L= 22.0211, which is greater than the tolerance
WARNING ZeroLength::setDomain(): Element 5000136 has L= 9.84485, which is greater than the tolerance
WARNING ZeroLength::setDomain(): Element 5000137 has L= 17.1048, which is greater than the tolerance
WARNING ZeroLength::setDomain(): Element 5000138 has L= 55.5569, which is greater than the tolerance
WARNING ZeroLength::setDomain(): Element 5000139 has L= 57.4507, which is greater than the tolerance
WARNING: CTestNormDispIncr::test() - failed to converge 
after: 50 iterations  current Norm: 28470 (max: 1e-06, Norm deltaR: 2.83072e+08)
NewtonRaphson::solveCurrentStep() -the ConvergenceTest object failed in test()
StaticAnalysis::analyze() - the Algorithm failed at step: 0 with domain at load factor 595.976
OpenSees > analyze failed, returned: -3 error flag
WARNING ZeroLength::setDomain(): Element 5000140 has L= 34.5123, which is greater than the tolerance
WARNING ZeroLength::setDomain(): Element 5000141 has L= 59.6619, which is greater than the tolerance
WARNING ZeroLength::setDomain(): Element 5000142 has L= 65.9177, which is greater than the tolerance
WARNING ZeroLength::setDomain(): Element 5000143 has L= 10.5938, which is greater than the tolerance
WARNING ZeroLength::setDomain(): Element 5000144 has L= 20.3505, which is greater than the tolerance
WARNING ZeroLength::setDomain(): Element 5000145 has L= 10.3258, which is greater than the tolerance
WARNING ZeroLength::setDomain(): Element 5000146 has L= 58.9995, which is greater than the tolerance
WARNING ZeroLength::setDomain(): Element 5000147 has L= 10.8434, which is greater than the tolerance
WARNING ZeroLength::setDomain(): Element 5000148 has L= 7.38228, which is greater than the tolerance
WARNING ZeroLength::setDomain(): Element 5000149 has L= 9.84485, which is greater than the tolerance
WARNING ZeroLength::setDomain(): Element 5000150 has L= 18.6302, which is greater than the tolerance
WARNING ZeroLength::setDomain(): Element 5000151 has L= 56.3497, which is greater than the tolerance
WARNING ZeroLength::setDomain(): Element 5000152 has L= 35.1954, which is greater than the tolerance
WARNING ZeroLength::setDomain(): Element 5000153 has L= 28.8885, which is greater than the tolerance
WARNING ZeroLength::setDomain(): Element 5000154 has L= 28.178, which is greater than the tolerance
WARNING ZeroLength::setDomain(): Element 5000155 has L= 20.3505, which is greater than the tolerance
WARNING ZeroLength::setDomain(): Element 5000156 has L= 7.26467, which is greater than the tolerance
WARNING ZeroLength::setDomain(): Element 5000157 has L= 35.9062, which is greater than the tolerance
WARNING ZeroLength::setDomain(): Element 5000158 has L= 34.5123, which is greater than the tolerance
WARNING ZeroLength::setDomain(): Element 5000159 has L= 51.7628, which is greater than the tolerance
WARNING ZeroLength::setDomain(): Element 5000160 has L= 50.9475, which is greater than the tolerance
WARNING ZeroLength::setDomain(): Element 5000161 has L= 33.9048, which is greater than the tolerance
WARNING ZeroLength::setDomain(): Element 5000162 has L= 52.565, which is greater than the tolerance
WARNING ZeroLength::setDomain(): Element 5000163 has L= 16.1075, which is greater than the tolerance
WARNING ZeroLength::setDomain(): Element 5000164 has L= 15.7948, which is greater than the tolerance
WARNING ZeroLength::setDomain(): Element 5000165 has L= 6.13073, which is greater than the tolerance
WARNING ZeroLength::setDomain(): Element 5000166 has L= 59.1757, which is greater than the tolerance
WARNING ZeroLength::setDomain(): Element 5000167 has L= 33.9048, which is greater than the tolerance
WARNING ZeroLength::setDomain(): Element 5000168 has L= 8.69045, which is greater than the tolerance
WARNING ZeroLength::setDomain(): Element 5000169 has L= 27.5395, which is greater than the tolerance
WARNING ZeroLength::setDomain(): Element 5000170 has L= 22.5306, which is greater than the tolerance
WARNING ZeroLength::setDomain(): Element 5000171 has L= 35.1954, which is greater than the tolerance
WARNING ZeroLength::setDomain(): Element 5000172 has L= 60.5768, which is greater than the tolerance
WARNING ZeroLength::setDomain(): Element 5000173 has L= 15.7948, which is greater than the tolerance
WARNING ZeroLength::setDomain(): Element 5000174 has L= 9.64037, which is greater than the tolerance
WARNING ZeroLength::setDomain(): Element 5000175 has L= 26.963, which is greater than the tolerance
WARNING ZeroLength::setDomain(): Element 5000176 has L= 53.6534, which is greater than the tolerance
WARNING ZeroLength::setDomain(): Element 5000177 has L= 36.5872, which is greater than the tolerance
WARNING ZeroLength::setDomain(): Element 5000178 has L= 64.4503, which is greater than the tolerance
WARNING ZeroLength::setDomain(): Element 5000179 has L= 26.3843, which is greater than the tolerance
WARNING: CTestNormDispIncr::test() - failed to converge 
after: 50 iterations  current Norm: 16024.1 (max: 1e-06, Norm deltaR: 2.57644e+08)
NewtonRaphson::solveCurrentStep() -the ConvergenceTest object failed in test()
StaticAnalysis::analyze() - the Algorithm failed at step: 0 with domain at load factor -1369.07
OpenSees > analyze failed, returned: -3 error flag
WARNING: CTestNormDispIncr::test() - failed to converge 
after: 50 iterations  current Norm: 2822.67 (max: 1e-06, Norm deltaR: 1.79182e+08)
NewtonLineSearch::solveCurrentStep() -the ConvergenceTest object failed in test()
StaticAnalysis::analyze() - the Algorithm failed at step: 0 with domain at load factor 9110.5
OpenSees > analyze failed, returned: -3 error flag
WARNING: CTestNormDispIncr::test() - failed to converge 
after: 50 iterations  current Norm: 32.3008 (max: 1e-06, Norm deltaR: 213461)
AcceleratedNewton::solveCurrentStep() -The ConvergenceTest object failed in test()
StaticAnalysis::analyze() - the Algorithm failed at step: 0 with domain at load factor 720.967
OpenSees > analyze failed, returned: -3 error flag
WARNING: CTestNormDispIncr::test() - failed to converge 
after: 50 iterations  current Norm: 1.03643e+69 (max: 1e-06, Norm deltaR: 1.11276e+73)
ModifiedNewton::solveCurrentStep() -the ConvergenceTest object failed in test()
StaticAnalysis::analyze() - the Algorithm failed at step: 0 with domain at load factor 9.06694e+67
OpenSees > analyze failed, returned: -3 error flag
WARNING ZeroLength::setDomain(): Element 5000180 has L= 8.88738, which is greater than the tolerance
WARNING ZeroLength::setDomain(): Element 5000181 has L= 17.5133, which is greater than the tolerance
WARNING ZeroLength::setDomain(): Element 5000182 has L= 56.5394, which is greater than the tolerance
WARNING: CTestNormDispIncr::test() - failed to converge 
after: 50 iterations  current Norm: 22550.9 (max: 1e-06, Norm deltaR: 5.05559e+08)
NewtonRaphson::solveCurrentStep() -the ConvergenceTest object failed in test()
StaticAnalysis::analyze() - the Algorithm failed at step: 0 with domain at load factor 5265.51
OpenSees > analyze failed, returned: -3 error flag
WARNING ZeroLength::setDomain(): Element 5000183 has L= 35.9062, which is greater than the tolerance
WARNING ZeroLength::setDomain(): Element 5000184 has L= 58.6156, which is greater than the tolerance
WARNING ZeroLength::setDomain(): Element 5000185 has L= 29.4718, which is greater than the tolerance
WARNING ZeroLength::setDomain(): Element 5000186 has L= 25.7889, which is greater than the tolerance
WARNING ZeroLength::setDomain(): Element 5000187 has L= 60.9769, which is greater than the tolerance
WARNING: CTestNormDispIncr::test() - failed to converge 
after: 50 iterations  current Norm: 71434 (max: 1e-06, Norm deltaR: 3.41022e+08)
NewtonRaphson::solveCurrentStep() -the ConvergenceTest object failed in test()
StaticAnalysis::analyze() - the Algorithm failed at step: 0 with domain at load factor 2078.47
OpenSees > analyze failed, returned: -3 error flag
WARNING ZeroLength::setDomain(): Element 5000188 has L= 63.3778, which is greater than the tolerance
WARNING ZeroLength::setDomain(): Element 5000189 has L= 55.4602, which is greater than the tolerance
WARNING ZeroLength::setDomain(): Element 5000190 has L= 8.32315, which is greater than the tolerance
WARNING ZeroLength::setDomain(): Element 5000191 has L= 62.4742, which is greater than the tolerance
WARNING ZeroLength::setDomain(): Element 5000192 has L= 52.4339, which is greater than the tolerance
WARNING ZeroLength::setDomain(): Element 5000193 has L= 59.0959, which is greater than the tolerance
WARNING ZeroLength::setDomain(): Element 5000194 has L= 22.9515, which is greater than the tolerance
WARNING ZeroLength::setDomain(): Element 5000195 has L= 66.0195, which is greater than the tolerance
WARNING ZeroLength::setDomain(): Element 5000196 has L= 7.17885, which is greater than the tolerance
WARNING ZeroLength::setDomain(): Element 5000197 has L= 36.5872, which is greater than the tolerance
WARNING ZeroLength::setDomain(): Element 5000198 has L= 60.3607, which is greater than the tolerance
WARNING ZeroLength::setDomain(): Element 5000199 has L= 63.0786, which is greater than the tolerance
WARNING ZeroLength::setDomain(): Element 5000200 has L= 66.3707, which is greater than the tolerance
WARNING ZeroLength::setDomain(): Element 5000201 has L= 57.9739, which is greater than the tolerance
WARNING ZeroLength::setDomain(): Element 5000202 has L= 64.3643, which is greater than the tolerance
WARNING ZeroLength::setDomain(): Element 5000203 has L= 56.8999, which is greater than the tolerance
WARNING ZeroLength::setDomain(): Element 5000204 has L= 9.04021, which is greater than the tolerance
WARNING ZeroLength::setDomain(): Element 5000205 has L= 65.9381, which is greater than the tolerance
WARNING ZeroLength::setDomain(): Element 5000206 has L= 59.626, which is greater than the tolerance
WARNING: CTestNormDispIncr::test() - failed to converge 
after: 50 iterations  current Norm: 122224 (max: 1e-06, Norm deltaR: 7.90239e+07)
NewtonRaphson::solveCurrentStep() -the ConvergenceTest object failed in test()
StaticAnalysis::analyze() - the Algorithm failed at step: 0 with domain at load factor 1183.2
OpenSees > analyze failed, returned: -3 error flag
WARNING: CTestNormDispIncr::test() - failed to converge 
after: 50 iterations  current Norm: 3181.81 (max: 1e-06, Norm deltaR: 1.10335e+08)
NewtonLineSearch::solveCurrentStep() -the ConvergenceTest object failed in test()
StaticAnalysis::analyze() - the Algorithm failed at step: 0 with domain at load factor -4241.45
OpenSees > analyze failed, returned: -3 error flag
WARNING: CTestNormDispIncr::test() - failed to converge 
after: 50 iterations  current Norm: 90686.8 (max: 1e-06, Norm deltaR: 2.32748e+09)
AcceleratedNewton::solveCurrentStep() -The ConvergenceTest object failed in test()
StaticAnalysis::analyze() - the Algorithm failed at step: 0 with domain at load factor 10436.4
OpenSees > analyze failed, returned: -3 error flag
WARNING: CTestNormDispIncr::test() - failed to converge 
after: 50 iterations  current Norm: 1.82144e+70 (max: 1e-06, Norm deltaR: 1.55502e+74)
ModifiedNewton::solveCurrentStep() -the ConvergenceTest object failed in test()
StaticAnalysis::analyze() - the Algorithm failed at step: 0 with domain at load factor 1.6088e+69
OpenSees > analyze failed, returned: -3 error flag
WARNING: CTestNormDispIncr::test() - failed to converge 
after: 50 iterations  current Norm: 12052.5 (max: 1e-06, Norm deltaR: 1.87175e+08)
NewtonRaphson::solveCurrentStep() -the ConvergenceTest object failed in test()
StaticAnalysis::analyze() - the Algorithm failed at step: 0 with domain at load factor 27.7346
OpenSees > analyze failed, returned: -3 error flag
WARNING: CTestNormDispIncr::test() - failed to converge 
after: 50 iterations  current Norm: 6981.21 (max: 1e-06, Norm deltaR: 4.025e+08)
NewtonLineSearch::solveCurrentStep() -the ConvergenceTest object failed in test()
StaticAnalysis::analyze() - the Algorithm failed at step: 0 with domain at load factor 9847.67
OpenSees > analyze failed, returned: -3 error flag
WARNING ZeroLength::setDomain(): Element 5000207 has L= 65.011, which is greater than the tolerance
WARNING ZeroLength::setDomain(): Element 5000208 has L= 55.0538, which is greater than the tolerance
