WARNING ZeroLength::setDomain(): Element 5000001 has L= 2.59304, which is greater than the tolerance
WARNING ZeroLength::setDomain(): Element 5000002 has L= 2.33993, which is greater than the tolerance
WARNING ZeroLength::setDomain(): Element 5000003 has L= 1.93486, which is greater than the tolerance
WARNING ZeroLength::setDomain(): Element 5000004 has L= 1.93649, which is greater than the tolerance
WARNING ZeroLength::setDomain(): Element 5000005 has L= 1.87187, which is greater than the tolerance
WARNING ZeroLength::setDomain(): Element 5000006 has L= 1.87187, which is greater than the tolerance
WARNING ZeroLength::setDomain(): Element 5000007 has L= 1.93649, which is greater than the tolerance
WARNING ZeroLength::setDomain(): Element 5000008 has L= 1.93486, which is greater than the tolerance
WARNING ZeroLength::setDomain(): Element 5000009 has L= 2.33993, which is greater than the tolerance
WARNING ZeroLength::setDomain(): Element 5000010 has L= 2.59304, which is greater than the tolerance
WARNING ZeroLength::setDomain(): Element 5000011 has L= 2.44628, which is greater than the tolerance
WARNING ZeroLength::setDomain(): Element 5000012 has L= 2.30836, which is greater than the tolerance
WARNING ZeroLength::setDomain(): Element 5000013 has L= 2.04977, which is greater than the tolerance
WARNING ZeroLength::setDomain(): Element 5000014 has L= 2.07542, which is greater than the tolerance
WARNING ZeroLength::setDomain(): Element 5000015 has L= 2.06313, which is greater than the tolerance
WARNING ZeroLength::setDomain(): Element 5000016 has L= 2.06313, which is greater than the tolerance
WARNING ZeroLength::setDomain(): Element 5000017 has L= 2.07542, which is greater than the tolerance
WARNING ZeroLength::setDomain(): Element 5000018 has L= 2.04977, which is greater than the tolerance
WARNING ZeroLength::setDomain(): Element 5000019 has L= 2.30836, which is greater than the tolerance
WARNING ZeroLength::setDomain(): Element 5000020 has L= 2.44628, which is greater than the tolerance
WARNING ZeroLength::setDomain(): Element 5000021 has L= 2.38137, which is greater than the tolerance
WARNING ZeroLength::setDomain(): Element 5000022 has L= 2.34168, which is greater than the tolerance
WARNING ZeroLength::setDomain(): Element 5000023 has L= 2.22362, which is greater than the tolerance
WARNING ZeroLength::setDomain(): Element 5000024 has L= 2.28842, which is greater than the tolerance
WARNING ZeroLength::setDomain(): Element 5000025 has L= 2.3253, which is greater than the tolerance
WARNING ZeroLength::setDomain(): Element 5000026 has L= 2.3253, which is greater than the tolerance
WARNING ZeroLength::setDomain(): Element 5000027 has L= 2.28842, which is greater than the tolerance
WARNING ZeroLength::setDomain(): Element 5000028 has L= 2.22362, which is greater than the tolerance
WARNING ZeroLength::setDomain(): Element 5000029 has L= 2.34168, which is greater than the tolerance
WARNING ZeroLength::setDomain(): Element 5000030 has L= 2.38137, which is greater than the tolerance
WARNING ZeroLength::setDomain(): Element 5000031 has L= 2.4262, which is greater than the tolerance
WARNING ZeroLength::setDomain(): Element 5000032 has L= 2.43812, which is greater than the tolerance
WARNING ZeroLength::setDomain(): Element 5000033 has L= 2.43726, which is greater than the tolerance
WARNING ZeroLength::setDomain(): Element 5000034 has L= 2.6086, which is greater than the tolerance
WARNING ZeroLength::setDomain(): Element 5000035 has L= 2.74872, which is greater than the tolerance
WARNING ZeroLength::setDomain(): Element 5000036 has L= 2.74872, which is greater than the tolerance
WARNING ZeroLength::setDomain(): Element 5000037 has L= 2.6086, which is greater than the tolerance
WARNING ZeroLength::setDomain(): Element 5000038 has L= 2.43726, which is greater than the tolerance
WARNING ZeroLength::setDomain(): Element 5000039 has L= 2.43812, which is greater than the tolerance
WARNING ZeroLength::setDomain(): Element 5000040 has L= 2.4262, which is greater than the tolerance
WARNING ZeroLength::setDomain(): Element 5000041 has L= 2.48601, which is greater than the tolerance
WARNING ZeroLength::setDomain(): Element 5000042 has L= 2.59389, which is greater than the tolerance
WARNING ZeroLength::setDomain(): Element 5000043 has L= 2.74711, which is greater than the tolerance
WARNING ZeroLength::setDomain(): Element 5000044 has L= 2.91341, which is greater than the tolerance
WARNING ZeroLength::setDomain(): Element 5000045 has L= 3.01901, which is greater than the tolerance
WARNING ZeroLength::setDomain(): Element 5000046 has L= 3.01901, which is greater than the tolerance
WARNING ZeroLength::setDomain(): Element 5000047 has L= 2.91341, which is greater than the tolerance
WARNING ZeroLength::setDomain(): Element 5000048 has L= 2.74711, which is greater than the tolerance
WARNING ZeroLength::setDomain(): Element 5000049 has L= 2.59389, which is greater than the tolerance
WARNING ZeroLength::setDomain(): Element 5000050 has L= 2.48601, which is greater than the tolerance
WARNING ZeroLength::setDomain(): Element 5000051 has L= 2.42191, which is greater than the tolerance
WARNING ZeroLength::setDomain(): Element 5000052 has L= 2.6218, which is greater than the tolerance
WARNING ZeroLength::setDomain(): Element 5000053 has L= 2.92683, which is greater than the tolerance
WARNING ZeroLength::setDomain(): Element 5000054 has L= 3.00335, which is greater than the tolerance
WARNING ZeroLength::setDomain(): Element 5000055 has L= 3.08718, which is greater than the tolerance
WARNING ZeroLength::setDomain(): Element 5000056 has L= 3.08718, which is greater than the tolerance
WARNING ZeroLength::setDomain(): Element 5000057 has L= 3.00335, which is greater than the tolerance
WARNING ZeroLength::setDomain(): Element 5000058 has L= 2.92683, which is greater than the tolerance
WARNING ZeroLength::setDomain(): Element 5000059 has L= 2.6218, which is greater than the tolerance
WARNING ZeroLength::setDomain(): Element 5000060 has L= 2.42191, which is greater than the tolerance
WARNING ZeroLength::setDomain(): Element 5000061 has L= 2.33057, which is greater than the tolerance
WARNING ZeroLength::setDomain(): Element 5000062 has L= 2.48968, which is greater than the tolerance
WARNING ZeroLength::setDomain(): Element 5000063 has L= 2.84769, which is greater than the tolerance
WARNING ZeroLength::setDomain(): Element 5000064 has L= 2.95319, which is greater than the tolerance
WARNING ZeroLength::setDomain(): Element 5000065 has L= 3.08349, which is greater than the tolerance
WARNING ZeroLength::setDomain(): Element 5000066 has L= 3.08349, which is greater than the tolerance
WARNING ZeroLength::setDomain(): Element 5000067 has L= 2.95319, which is greater than the tolerance
WARNING ZeroLength::setDomain(): Element 5000068 has L= 2.84769, which is greater than the tolerance
WARNING ZeroLength::setDomain(): Element 5000069 has L= 2.48968, which is greater than the tolerance
WARNING ZeroLength::setDomain(): Element 5000070 has L= 2.33057, which is greater than the tolerance
WARNING ZeroLength::setDomain(): Element 5000071 has L= 2.2557, which is greater than the tolerance
WARNING ZeroLength::setDomain(): Element 5000072 has L= 2.41591, which is greater than the tolerance
WARNING ZeroLength::setDomain(): Element 5000073 has L= 2.78523, which is greater than the tolerance
WARNING ZeroLength::setDomain(): Element 5000074 has L= 2.93679, which is greater than the tolerance
WARNING ZeroLength::setDomain(): Element 5000075 has L= 3.04614, which is greater than the tolerance
WARNING ZeroLength::setDomain(): Element 5000076 has L= 3.04614, which is greater than the tolerance
WARNING ZeroLength::setDomain(): Element 5000077 has L= 2.93679, which is greater than the tolerance
WARNING ZeroLength::setDomain(): Element 5000078 has L= 2.78523, which is greater than the tolerance
WARNING ZeroLength::setDomain(): Element 5000079 has L= 2.41591, which is greater than the tolerance
WARNING ZeroLength::setDomain(): Element 5000080 has L= 2.2557, which is greater than the tolerance
WARNING ZeroLength::setDomain(): Element 5000081 has L= 2.227, which is greater than the tolerance
WARNING ZeroLength::setDomain(): Element 5000082 has L= 2.36027, which is greater than the tolerance
WARNING ZeroLength::setDomain(): Element 5000083 has L= 2.7119, which is greater than the tolerance
WARNING ZeroLength::setDomain(): Element 5000084 has L= 2.8987, which is greater than the tolerance
WARNING ZeroLength::setDomain(): Element 5000085 has L= 2.94476, which is greater than the tolerance
WARNING ZeroLength::setDomain(): Element 5000086 has L= 2.94476, which is greater than the tolerance
WARNING ZeroLength::setDomain(): Element 5000087 has L= 2.8987, which is greater than the tolerance
WARNING ZeroLength::setDomain(): Element 5000088 has L= 2.7119, which is greater than the tolerance
WARNING ZeroLength::setDomain(): Element 5000089 has L= 2.36027, which is greater than the tolerance
WARNING ZeroLength::setDomain(): Element 5000090 has L= 2.227, which is greater than the tolerance
WARNING: CTestNormDispIncr::test() - failed to converge 
after: 50 iterations  current Norm: 29955.3 (max: 1e-06, Norm deltaR: 1.00146e+09)
NewtonRaphson::solveCurrentStep() -the ConvergenceTest object failed in test()
StaticAnalysis::analyze() - the Algorithm failed at step: 0 with domain at load factor 3342.42
OpenSees > analyze failed, returned: -3 error flag
WARNING: CTestNormDispIncr::test() - failed to converge 
after: 50 iterations  current Norm: 456975 (max: 1e-06, Norm deltaR: 7.23446e+07)
NewtonRaphson::solveCurrentStep() -the ConvergenceTest object failed in test()
StaticAnalysis::analyze() - the Algorithm failed at step: 0 with domain at load factor -350.782
OpenSees > analyze failed, returned: -3 error flag
WARNING: CTestNormDispIncr::test() - failed to converge 
after: 50 iterations  current Norm: 8411.28 (max: 1e-06, Norm deltaR: 1.12438e+08)
NewtonLineSearch::solveCurrentStep() -the ConvergenceTest object failed in test()
StaticAnalysis::analyze() - the Algorithm failed at step: 0 with domain at load factor 409.374
OpenSees > analyze failed, returned: -3 error flag
WARNING: CTestNormDispIncr::test() - failed to converge 
after: 50 iterations  current Norm: 28238.8 (max: 1e-06, Norm deltaR: 1.01779e+09)
AcceleratedNewton::solveCurrentStep() -The ConvergenceTest object failed in test()
StaticAnalysis::analyze() - the Algorithm failed at step: 0 with domain at load factor 1016.09
OpenSees > analyze failed, returned: -3 error flag
WARNING: CTestNormDispIncr::test() - failed to converge 
after: 50 iterations  current Norm: 1.03879e+64 (max: 1e-06, Norm deltaR: 9.41547e+67)
ModifiedNewton::solveCurrentStep() -the ConvergenceTest object failed in test()
StaticAnalysis::analyze() - the Algorithm failed at step: 0 with domain at load factor -2.04673e+63
OpenSees > analyze failed, returned: -3 error flag
WARNING: CTestNormDispIncr::test() - failed to converge 
after: 50 iterations  current Norm: 33921.5 (max: 1e-06, Norm deltaR: 9.63959e+08)
NewtonRaphson::solveCurrentStep() -the ConvergenceTest object failed in test()
StaticAnalysis::analyze() - the Algorithm failed at step: 0 with domain at load factor -113.925
OpenSees > analyze failed, returned: -3 error flag
WARNING: CTestNormDispIncr::test() - failed to converge 
after: 50 iterations  current Norm: 2842.11 (max: 1e-06, Norm deltaR: 2.24749e+08)
NewtonLineSearch::solveCurrentStep() -the ConvergenceTest object failed in test()
StaticAnalysis::analyze() - the Algorithm failed at step: 0 with domain at load factor 5955.64
OpenSees > analyze failed, returned: -3 error flag
WARNING: CTestNormDispIncr::test() - failed to converge 
after: 50 iterations  current Norm: 11028.9 (max: 1e-06, Norm deltaR: 5.7034e+08)
AcceleratedNewton::solveCurrentStep() -The ConvergenceTest object failed in test()
StaticAnalysis::analyze() - the Algorithm failed at step: 0 with domain at load factor -402.277
OpenSees > analyze failed, returned: -3 error flag
WARNING: CTestNormDispIncr::test() - failed to converge 
after: 50 iterations  current Norm: 2.02553e+66 (max: 1e-06, Norm deltaR: 1.83759e+70)
ModifiedNewton::solveCurrentStep() -the ConvergenceTest object failed in test()
StaticAnalysis::analyze() - the Algorithm failed at step: 0 with domain at load factor -1.47389e+65
OpenSees > analyze failed, returned: -3 error flag
WARNING: CTestNormDispIncr::test() - failed to converge 
after: 50 iterations  current Norm: 18655.5 (max: 1e-06, Norm deltaR: 6.19765e+08)
NewtonRaphson::solveCurrentStep() -the ConvergenceTest object failed in test()
StaticAnalysis::analyze() - the Algorithm failed at step: 0 with domain at load factor 229.845
OpenSees > analyze failed, returned: -3 error flag
WARNING ZeroLength::setDomain(): Element 5000091 has L= 7.99744, which is greater than the tolerance
WARNING ZeroLength::setDomain(): Element 5000092 has L= 8.15532, which is greater than the tolerance
WARNING ZeroLength::setDomain(): Element 5000093 has L= 50.933, which is greater than the tolerance
WARNING ZeroLength::setDomain(): Element 5000094 has L= 7.85157, which is greater than the tolerance
WARNING: CTestNormDispIncr::test() - failed to converge 
after: 50 iterations  current Norm: 111455 (max: 1e-06, Norm deltaR: 2.23666e+09)
NewtonRaphson::solveCurrentStep() -the ConvergenceTest object failed in test()
StaticAnalysis::analyze() - the Algorithm failed at step: 0 with domain at load factor 15057.2
OpenSees > analyze failed, returned: -3 error flag
WARNING: CTestNormDispIncr::test() - failed to converge 
after: 50 iterations  current Norm: 1701.7 (max: 1e-06, Norm deltaR: 1.05014e+08)
NewtonLineSearch::solveCurrentStep() -the ConvergenceTest object failed in test()
StaticAnalysis::analyze() - the Algorithm failed at step: 0 with domain at load factor 2162.13
OpenSees > analyze failed, returned: -3 error flag
WARNING: CTestNormDispIncr::test() - failed to converge 
after: 50 iterations  current Norm: 26.3719 (max: 1e-06, Norm deltaR: 141645)
AcceleratedNewton::solveCurrentStep() -The ConvergenceTest object failed in test()
StaticAnalysis::analyze() - the Algorithm failed at step: 0 with domain at load factor 348.492
OpenSees > analyze failed, returned: -3 error flag
WARNING: CTestNormDispIncr::test() - failed to converge 
after: 50 iterations  current Norm: 3.41781e+82 (max: 1e-06, Norm deltaR: 2.2469e+86)
ModifiedNewton::solveCurrentStep() -the ConvergenceTest object failed in test()
StaticAnalysis::analyze() - the Algorithm failed at step: 0 with domain at load factor 3.12367e+81
OpenSees > analyze failed, returned: -3 error flag
WARNING: CTestNormDispIncr::test() - failed to converge 
after: 50 iterations  current Norm: 14164 (max: 1e-06, Norm deltaR: 1.22537e+08)
NewtonRaphson::solveCurrentStep() -the ConvergenceTest object failed in test()
StaticAnalysis::analyze() - the Algorithm failed at step: 0 with domain at load factor 863.676
OpenSees > analyze failed, returned: -3 error flag
WARNING ZeroLength::setDomain(): Element 5000095 has L= 8.30783, which is greater than the tolerance
WARNING ZeroLength::setDomain(): Element 5000096 has L= 54.7901, which is greater than the tolerance
WARNING ZeroLength::setDomain(): Element 5000097 has L= 49.9399, which is greater than the tolerance
WARNING ZeroLength::setDomain(): Element 5000098 has L= 50.6964, which is greater than the tolerance
WARNING ZeroLength::setDomain(): Element 5000099 has L= 51.6252, which is greater than the tolerance
WARNING ZeroLength::setDomain(): Element 5000100 has L= 55.0635, which is greater than the tolerance
WARNING: CTestNormDispIncr::test() - failed to converge 
after: 50 iterations  current Norm: 20560.1 (max: 1e-06, Norm deltaR: 3.64462e+08)
NewtonRaphson::solveCurrentStep() -the ConvergenceTest object failed in test()
StaticAnalysis::analyze() - the Algorithm failed at step: 0 with domain at load factor -3479.59
OpenSees > analyze failed, returned: -3 error flag
WARNING ZeroLength::setDomain(): Element 5000101 has L= 21.154, which is greater than the tolerance
WARNING ZeroLength::setDomain(): Element 5000102 has L= 7.99744, which is greater than the tolerance
WARNING ZeroLength::setDomain(): Element 5000103 has L= 7.69655, which is greater than the tolerance
WARNING ZeroLength::setDomain(): Element 5000104 has L= 21.558, which is greater than the tolerance
WARNING ZeroLength::setDomain(): Element 5000105 has L= 8.15532, which is greater than the tolerance
WARNING ZeroLength::setDomain(): Element 5000106 has L= 7.85157, which is greater than the tolerance
WARNING ZeroLength::setDomain(): Element 5000107 has L= 54.0761, which is greater than the tolerance
WARNING ZeroLength::setDomain(): Element 5000108 has L= 58.8879, which is greater than the tolerance
WARNING ZeroLength::setDomain(): Element 5000109 has L= 22.0067, which is greater than the tolerance
WARNING ZeroLength::setDomain(): Element 5000110 has L= 21.558, which is greater than the tolerance
WARNING ZeroLength::setDomain(): Element 5000111 has L= 21.154, which is greater than the tolerance
WARNING ZeroLength::setDomain(): Element 5000112 has L= 22.5162, which is greater than the tolerance
WARNING ZeroLength::setDomain(): Element 5000113 has L= 17.0895, which is greater than the tolerance
WARNING ZeroLength::setDomain(): Element 5000114 has L= 16.3981, which is greater than the tolerance
WARNING ZeroLength::setDomain(): Element 5000115 has L= 7.69655, which is greater than the tolerance
WARNING ZeroLength::setDomain(): Element 5000116 has L= 10.06, which is greater than the tolerance
WARNING ZeroLength::setDomain(): Element 5000117 has L= 17.498, which is greater than the tolerance
WARNING ZeroLength::setDomain(): Element 5000118 has L= 22.0067, which is greater than the tolerance
WARNING ZeroLength::setDomain(): Element 5000119 has L= 16.7409, which is greater than the tolerance
WARNING ZeroLength::setDomain(): Element 5000120 has L= 58.3555, which is greater than the tolerance
WARNING ZeroLength::setDomain(): Element 5000121 has L= 7.52222, which is greater than the tolerance
WARNING ZeroLength::setDomain(): Element 5000122 has L= 17.9026, which is greater than the tolerance
WARNING ZeroLength::setDomain(): Element 5000123 has L= 16.3981, which is greater than the tolerance
WARNING ZeroLength::setDomain(): Element 5000124 has L= 20.7607, which is greater than the tolerance
WARNING ZeroLength::setDomain(): Element 5000125 has L= 8.47612, which is greater than the tolerance
WARNING ZeroLength::setDomain(): Element 5000126 has L= 52.624, which is greater than the tolerance
WARNING ZeroLength::setDomain(): Element 5000127 has L= 10.8316, which is greater than the tolerance
WARNING ZeroLength::setDomain(): Element 5000128 has L= 20.7607, which is greater than the tolerance
WARNING ZeroLength::setDomain(): Element 5000129 has L= 61.4013, which is greater than the tolerance
WARNING ZeroLength::setDomain(): Element 5000130 has L= 16.7409, which is greater than the tolerance
WARNING ZeroLength::setDomain(): Element 5000131 has L= 17.0895, which is greater than the tolerance
WARNING ZeroLength::setDomain(): Element 5000132 has L= 16.0922, which is greater than the tolerance
WARNING ZeroLength::setDomain(): Element 5000133 has L= 7.36697, which is greater than the tolerance
WARNING ZeroLength::setDomain(): Element 5000134 has L= 9.83298, which is greater than the tolerance
WARNING ZeroLength::setDomain(): Element 5000135 has L= 7.52222, which is greater than the tolerance
WARNING ZeroLength::setDomain(): Element 5000136 has L= 18.2785, which is greater than the tolerance
WARNING ZeroLength::setDomain(): Element 5000137 has L= 10.314, which is greater than the tolerance
WARNING ZeroLength::setDomain(): Element 5000138 has L= 22.5162, which is greater than the tolerance
WARNING ZeroLength::setDomain(): Element 5000139 has L= 52.8662, which is greater than the tolerance
WARNING ZeroLength::setDomain(): Element 5000140 has L= 8.67513, which is greater than the tolerance
WARNING: CTestNormDispIncr::test() - failed to converge 
after: 50 iterations  current Norm: 53843 (max: 1e-06, Norm deltaR: 3.42843e+08)
NewtonRaphson::solveCurrentStep() -the ConvergenceTest object failed in test()
StaticAnalysis::analyze() - the Algorithm failed at step: 0 with domain at load factor 275.882
OpenSees > analyze failed, returned: -3 error flag
WARNING: CTestNormDispIncr::test() - failed to converge 
after: 50 iterations  current Norm: 5443.33 (max: 1e-06, Norm deltaR: 2.33208e+08)
NewtonLineSearch::solveCurrentStep() -the ConvergenceTest object failed in test()
StaticAnalysis::analyze() - the Algorithm failed at step: 0 with domain at load factor -12580.2
OpenSees > analyze failed, returned: -3 error flag
WARNING: CTestNormDispIncr::test() - failed to converge 
after: 50 iterations  current Norm: 53.9987 (max: 1e-06, Norm deltaR: 6.73271e+06)
AcceleratedNewton::solveCurrentStep() -The ConvergenceTest object failed in test()
StaticAnalysis::analyze() - the Algorithm failed at step: 0 with domain at load factor 576.986
OpenSees > analyze failed, returned: -3 error flag
WARNING: CTestNormDispIncr::test() - failed to converge 
after: 50 iterations  current Norm: 8.80052e+79 (max: 1e-06, Norm deltaR: 8.20705e+83)
ModifiedNewton::solveCurrentStep() -the ConvergenceTest object failed in test()
StaticAnalysis::analyze() - the Algorithm failed at step: 0 with domain at load factor 1.51085e+78
OpenSees > analyze failed, returned: -3 error flag
WARNING: CTestNormDispIncr::test() - failed to converge 
after: 50 iterations  current Norm: 97798.2 (max: 1e-06, Norm deltaR: 1.27195e+09)
NewtonRaphson::solveCurrentStep() -the ConvergenceTest object failed in test()
StaticAnalysis::analyze() - the Algorithm failed at step: 0 with domain at load factor 11900.1
OpenSees > analyze failed, returned: -3 error flag
WARNING: CTestNormDispIncr::test() - failed to converge 
after: 50 iterations  current Norm: 12930 (max: 1e-06, Norm deltaR: 9.22352e+07)
NewtonLineSearch::solveCurrentStep() -the ConvergenceTest object failed in test()
StaticAnalysis::analyze() - the Algorithm failed at step: 0 with domain at load factor 988.224
OpenSees > analyze failed, returned: -3 error flag
WARNING: CTestNormDispIncr::test() - failed to converge 
after: 50 iterations  current Norm: 1.99413 (max: 1e-06, Norm deltaR: 91600.5)
AcceleratedNewton::solveCurrentStep() -The ConvergenceTest object failed in test()
StaticAnalysis::analyze() - the Algorithm failed at step: 0 with domain at load factor 556.55
OpenSees > analyze failed, returned: -3 error flag
WARNING: CTestNormDispIncr::test() - failed to converge 
after: 50 iterations  current Norm: 2.25038e+61 (max: 1e-06, Norm deltaR: 2.11549e+65)
ModifiedNewton::solveCurrentStep() -the ConvergenceTest object failed in test()
StaticAnalysis::analyze() - the Algorithm failed at step: 0 with domain at load factor -2.81736e+59
OpenSees > analyze failed, returned: -3 error flag
WARNING: CTestNormDispIncr::test() - failed to converge 
after: 50 iterations  current Norm: 81946.7 (max: 1e-06, Norm deltaR: 2.58527e+09)
NewtonRaphson::solveCurrentStep() -the ConvergenceTest object failed in test()
StaticAnalysis::analyze() - the Algorithm failed at step: 0 with domain at load factor 9712.34
OpenSees > analyze failed, returned: -3 error flag
WARNING: CTestNormDispIncr::test() - failed to converge 
after: 50 iterations  current Norm: 1290.45 (max: 1e-06, Norm deltaR: 8.63366e+07)
NewtonLineSearch::solveCurrentStep() -the ConvergenceTest object failed in test()
StaticAnalysis::analyze() - the Algorithm failed at step: 0 with domain at load factor 105.296
OpenSees > analyze failed, returned: -3 error flag
WARNING: CTestNormDispIncr::test() - failed to converge 
after: 50 iterations  current Norm: 54484.2 (max: 1e-06, Norm deltaR: 8.75876e+08)
AcceleratedNewton::solveCurrentStep() -The ConvergenceTest object failed in test()
StaticAnalysis::analyze() - the Algorithm failed at step: 0 with domain at load factor -5764.95
OpenSees > analyze failed, returned: -3 error flag
WARNING: CTestNormDispIncr::test() - failed to converge 
after: 46 iterations  current Norm: inf (max: 1e-06, Norm deltaR: nan)
ModifiedNewton::solveCurrentStep() -the ConvergenceTest object failed in test()
StaticAnalysis::analyze() - the Algorithm failed at step: 0 with domain at load factor -3.21621e+155
OpenSees > analyze failed, returned: -3 error flag
WARNING: CTestNormDispIncr::test() - failed to converge 
after: 50 iterations  current Norm: 45483.2 (max: 1e-06, Norm deltaR: 1.06718e+09)
NewtonRaphson::solveCurrentStep() -the ConvergenceTest object failed in test()
StaticAnalysis::analyze() - the Algorithm failed at step: 0 with domain at load factor 7577.05
OpenSees > analyze failed, returned: -3 error flag
WARNING: CTestNormDispIncr::test() - failed to converge 
after: 50 iterations  current Norm: 1.72394 (max: 1e-06, Norm deltaR: 19343.6)
NewtonLineSearch::solveCurrentStep() -the ConvergenceTest object failed in test()
StaticAnalysis::analyze() - the Algorithm failed at step: 0 with domain at load factor 557.297
OpenSees > analyze failed, returned: -3 error flag
WARNING: CTestNormDispIncr::test() - failed to converge 
after: 50 iterations  current Norm: 453.762 (max: 1e-06, Norm deltaR: 3.99234e+06)
AcceleratedNewton::solveCurrentStep() -The ConvergenceTest object failed in test()
StaticAnalysis::analyze() - the Algorithm failed at step: 0 with domain at load factor 559.523
OpenSees > analyze failed, returned: -3 error flag
WARNING: CTestNormDispIncr::test() - failed to converge 
after: 50 iterations  current Norm: 8.20125e+104 (max: 1e-06, Norm deltaR: 6.23196e+108)
ModifiedNewton::solveCurrentStep() -the ConvergenceTest object failed in test()
StaticAnalysis::analyze() - the Algorithm failed at step: 0 with domain at load factor -3.71276e+103
OpenSees > analyze failed, returned: -3 error flag
WARNING: CTestNormDispIncr::test() - failed to converge 
after: 50 iterations  current Norm: 1.3005 (max: 1e-06, Norm deltaR: 13685.9)
NewtonRaphson::solveCurrentStep() -the ConvergenceTest object failed in test()
StaticAnalysis::analyze() - the Algorithm failed at step: 0 with domain at load factor 556.63
OpenSees > analyze failed, returned: -3 error flag
WARNING: CTestNormDispIncr::test() - failed to converge 
after: 50 iterations  current Norm: 3.45814 (max: 1e-06, Norm deltaR: 1.74564e+06)
NewtonLineSearch::solveCurrentStep() -the ConvergenceTest object failed in test()
StaticAnalysis::analyze() - the Algorithm failed at step: 0 with domain at load factor 557.006
OpenSees > analyze failed, returned: -3 error flag
WARNING: CTestNormDispIncr::test() - failed to converge 
after: 50 iterations  current Norm: 20409.9 (max: 1e-06, Norm deltaR: 3.96771e+08)
AcceleratedNewton::solveCurrentStep() -The ConvergenceTest object failed in test()
StaticAnalysis::analyze() - the Algorithm failed at step: 0 with domain at load factor 534.19
OpenSees > analyze failed, returned: -3 error flag
WARNING: CTestNormDispIncr::test() - failed to converge 
after: 50 iterations  current Norm: 1.21569e+83 (max: 1e-06, Norm deltaR: 9.19769e+86)
ModifiedNewton::solveCurrentStep() -the ConvergenceTest object failed in test()
StaticAnalysis::analyze() - the Algorithm failed at step: 0 with domain at load factor 5.10876e+80
OpenSees > analyze failed, returned: -3 error flag
WARNING ZeroLength::setDomain(): Element 5000141 has L= 55.8198, which is greater than the tolerance
WARNING: CTestNormDispIncr::test() - failed to converge 
after: 50 iterations  current Norm: 103477 (max: 1e-06, Norm deltaR: 3.20857e+09)
NewtonRaphson::solveCurrentStep() -the ConvergenceTest object failed in test()
StaticAnalysis::analyze() - the Algorithm failed at step: 0 with domain at load factor -7200.58
OpenSees > analyze failed, returned: -3 error flag
WARNING: CTestNormDispIncr::test() - failed to converge 
after: 50 iterations  current Norm: 5637.35 (max: 1e-06, Norm deltaR: 1.66881e+08)
NewtonLineSearch::solveCurrentStep() -the ConvergenceTest object failed in test()
StaticAnalysis::analyze() - the Algorithm failed at step: 0 with domain at load factor -4598.16
OpenSees > analyze failed, returned: -3 error flag
WARNING: CTestNormDispIncr::test() - failed to converge 
after: 50 iterations  current Norm: 15.1082 (max: 1e-06, Norm deltaR: 4.1311e+06)
AcceleratedNewton::solveCurrentStep() -The ConvergenceTest object failed in test()
StaticAnalysis::analyze() - the Algorithm failed at step: 0 with domain at load factor 566.962
OpenSees > analyze failed, returned: -3 error flag
WARNING: CTestNormDispIncr::test() - failed to converge 
after: 50 iterations  current Norm: 5.89714e+106 (max: 1e-06, Norm deltaR: 6.09373e+110)
ModifiedNewton::solveCurrentStep() -the ConvergenceTest object failed in test()
StaticAnalysis::analyze() - the Algorithm failed at step: 0 with domain at load factor -8.77971e+105
OpenSees > analyze failed, returned: -3 error flag
WARNING: CTestNormDispIncr::test() - failed to converge 
after: 50 iterations  current Norm: 16227.3 (max: 1e-06, Norm deltaR: 1.69907e+08)
NewtonRaphson::solveCurrentStep() -the ConvergenceTest object failed in test()
StaticAnalysis::analyze() - the Algorithm failed at step: 0 with domain at load factor 1263.88
OpenSees > analyze failed, returned: -3 error flag
WARNING ZeroLength::setDomain(): Element 5000142 has L= 57.771, which is greater than the tolerance
WARNING ZeroLength::setDomain(): Element 5000143 has L= 60.0637, which is greater than the tolerance
WARNING ZeroLength::setDomain(): Element 5000144 has L= 62.4614, which is greater than the tolerance
WARNING ZeroLength::setDomain(): Element 5000145 has L= 60.0195, which is greater than the tolerance
WARNING ZeroLength::setDomain(): Element 5000146 has L= 20.336, which is greater than the tolerance
WARNING ZeroLength::setDomain(): Element 5000147 has L= 15.7795, which is greater than the tolerance
WARNING ZeroLength::setDomain(): Element 5000148 has L= 34.4972, which is greater than the tolerance
WARNING ZeroLength::setDomain(): Element 5000149 has L= 35.1803, which is greater than the tolerance
WARNING ZeroLength::setDomain(): Element 5000150 has L= 7.24936, which is greater than the tolerance
WARNING ZeroLength::setDomain(): Element 5000151 has L= 9.62841, which is greater than the tolerance
WARNING ZeroLength::setDomain(): Element 5000152 has L= 7.95761, which is greater than the tolerance
WARNING ZeroLength::setDomain(): Element 5000153 has L= 8.30783, which is greater than the tolerance
WARNING ZeroLength::setDomain(): Element 5000154 has L= 55.7657, which is greater than the tolerance
WARNING ZeroLength::setDomain(): Element 5000155 has L= 16.0922, which is greater than the tolerance
WARNING ZeroLength::setDomain(): Element 5000156 has L= 8.87207, which is greater than the tolerance
WARNING ZeroLength::setDomain(): Element 5000157 has L= 17.498, which is greater than the tolerance
WARNING ZeroLength::setDomain(): Element 5000158 has L= 53.2762, which is greater than the tolerance
WARNING ZeroLength::setDomain(): Element 5000159 has L= 56.4587, which is greater than the tolerance
WARNING ZeroLength::setDomain(): Element 5000160 has L= 33.8897, which is greater than the tolerance
WARNING ZeroLength::setDomain(): Element 5000161 has L= 10.582, which is greater than the tolerance
WARNING ZeroLength::setDomain(): Element 5000162 has L= 7.36697, which is greater than the tolerance
WARNING ZeroLength::setDomain(): Element 5000163 has L= 18.6149, which is greater than the tolerance
WARNING ZeroLength::setDomain(): Element 5000164 has L= 20.336, which is greater than the tolerance
WARNING: CTestNormDispIncr::test() - failed to converge 
after: 50 iterations  current Norm: 812925 (max: 1e-06, Norm deltaR: 2.2487e+10)
NewtonRaphson::solveCurrentStep() -the ConvergenceTest object failed in test()
StaticAnalysis::analyze() - the Algorithm failed at step: 0 with domain at load factor -86584.4
OpenSees > analyze failed, returned: -3 error flag
WARNING: CTestNormDispIncr::test() - failed to converge 
after: 50 iterations  current Norm: 8385.42 (max: 1e-06, Norm deltaR: 1.78692e+08)
NewtonLineSearch::solveCurrentStep() -the ConvergenceTest object failed in test()
StaticAnalysis::analyze() - the Algorithm failed at step: 0 with domain at load factor 18477.3
OpenSees > analyze failed, returned: -3 error flag
WARNING ZeroLength::setDomain(): Element 5000165 has L= 66.6917, which is greater than the tolerance
WARNING ZeroLength::setDomain(): Element 5000166 has L= 15.4379, which is greater than the tolerance
WARNING ZeroLength::setDomain(): Element 5000167 has L= 65.5157, which is greater than the tolerance
WARNING ZeroLength::setDomain(): Element 5000168 has L= 28.1627, which is greater than the tolerance
WARNING: CTestNormDispIncr::test() - failed to converge 
after: 50 iterations  current Norm: 53392.2 (max: 1e-06, Norm deltaR: 1.06356e+09)
NewtonRaphson::solveCurrentStep() -the ConvergenceTest object failed in test()
StaticAnalysis::analyze() - the Algorithm failed at step: 0 with domain at load factor -12040
OpenSees > analyze failed, returned: -3 error flag
WARNING ZeroLength::setDomain(): Element 5000169 has L= 27.5241, which is greater than the tolerance
WARNING ZeroLength::setDomain(): Element 5000170 has L= 33.8897, which is greater than the tolerance
WARNING ZeroLength::setDomain(): Element 5000171 has L= 51.0136, which is greater than the tolerance
WARNING ZeroLength::setDomain(): Element 5000172 has L= 58.0537, which is greater than the tolerance
WARNING ZeroLength::setDomain(): Element 5000173 has L= 15.7795, which is greater than the tolerance
WARNING ZeroLength::setDomain(): Element 5000174 has L= 48.7517, which is greater than the tolerance
WARNING ZeroLength::setDomain(): Element 5000175 has L= 22.9371, which is greater than the tolerance
WARNING ZeroLength::setDomain(): Element 5000176 has L= 63.2069, which is greater than the tolerance
WARNING ZeroLength::setDomain(): Element 5000177 has L= 65.0493, which is greater than the tolerance
WARNING ZeroLength::setDomain(): Element 5000178 has L= 48.4137, which is greater than the tolerance
WARNING ZeroLength::setDomain(): Element 5000179 has L= 60.4478, which is greater than the tolerance
WARNING ZeroLength::setDomain(): Element 5000180 has L= 49.2626, which is greater than the tolerance
WARNING ZeroLength::setDomain(): Element 5000181 has L= 28.8732, which is greater than the tolerance
WARNING ZeroLength::setDomain(): Element 5000182 has L= 66.0893, which is greater than the tolerance
WARNING ZeroLength::setDomain(): Element 5000183 has L= 35.8912, which is greater than the tolerance
WARNING ZeroLength::setDomain(): Element 5000184 has L= 58.0086, which is greater than the tolerance
WARNING ZeroLength::setDomain(): Element 5000185 has L= 48.6616, which is greater than the tolerance
WARNING: CTestNormDispIncr::test() - failed to converge 
after: 50 iterations  current Norm: 75248 (max: 1e-06, Norm deltaR: 9.37039e+07)
NewtonRaphson::solveCurrentStep() -the ConvergenceTest object failed in test()
StaticAnalysis::analyze() - the Algorithm failed at step: 0 with domain at load factor 1163.84
OpenSees > analyze failed, returned: -3 error flag
WARNING ZeroLength::setDomain(): Element 5000186 has L= 29.4565, which is greater than the tolerance
WARNING ZeroLength::setDomain(): Element 5000187 has L= 33.24, which is greater than the tolerance
WARNING ZeroLength::setDomain(): Element 5000188 has L= 52.5976, which is greater than the tolerance
WARNING ZeroLength::setDomain(): Element 5000189 has L= 35.1803, which is greater than the tolerance
WARNING ZeroLength::setDomain(): Element 5000190 has L= 54.8122, which is greater than the tolerance
WARNING ZeroLength::setDomain(): Element 5000191 has L= 48.765, which is greater than the tolerance
