WARNING ZeroLength::setDomain(): Element 5000001 has L= 2.52898, which is greater than the tolerance
WARNING ZeroLength::setDomain(): Element 5000002 has L= 2.27568, which is greater than the tolerance
WARNING ZeroLength::setDomain(): Element 5000003 has L= 1.8705, which is greater than the tolerance
WARNING ZeroLength::setDomain(): Element 5000004 has L= 1.87214, which is greater than the tolerance
WARNING ZeroLength::setDomain(): Element 5000005 has L= 1.80749, which is greater than the tolerance
WARNING ZeroLength::setDomain(): Element 5000006 has L= 1.80749, which is greater than the tolerance
WARNING ZeroLength::setDomain(): Element 5000007 has L= 1.87214, which is greater than the tolerance
WARNING ZeroLength::setDomain(): Element 5000008 has L= 1.8705, which is greater than the tolerance
WARNING ZeroLength::setDomain(): Element 5000009 has L= 2.27568, which is greater than the tolerance
WARNING ZeroLength::setDomain(): Element 5000010 has L= 2.52898, which is greater than the tolerance
WARNING ZeroLength::setDomain(): Element 5000011 has L= 2.38225, which is greater than the tolerance
WARNING ZeroLength::setDomain(): Element 5000012 has L= 2.24408, which is greater than the tolerance
WARNING ZeroLength::setDomain(): Element 5000013 has L= 1.9854, which is greater than the tolerance
WARNING ZeroLength::setDomain(): Element 5000014 has L= 2.01104, which is greater than the tolerance
WARNING ZeroLength::setDomain(): Element 5000015 has L= 1.99875, which is greater than the tolerance
WARNING ZeroLength::setDomain(): Element 5000016 has L= 1.99875, which is greater than the tolerance
WARNING ZeroLength::setDomain(): Element 5000017 has L= 2.01104, which is greater than the tolerance
WARNING ZeroLength::setDomain(): Element 5000018 has L= 1.9854, which is greater than the tolerance
WARNING ZeroLength::setDomain(): Element 5000019 has L= 2.24408, which is greater than the tolerance
WARNING ZeroLength::setDomain(): Element 5000020 has L= 2.38225, which is greater than the tolerance
WARNING ZeroLength::setDomain(): Element 5000021 has L= 2.31726, which is greater than the tolerance
WARNING ZeroLength::setDomain(): Element 5000022 has L= 2.27735, which is greater than the tolerance
WARNING ZeroLength::setDomain(): Element 5000023 has L= 2.15924, which is greater than the tolerance
WARNING ZeroLength::setDomain(): Element 5000024 has L= 2.22404, which is greater than the tolerance
WARNING ZeroLength::setDomain(): Element 5000025 has L= 2.26092, which is greater than the tolerance
WARNING ZeroLength::setDomain(): Element 5000026 has L= 2.26092, which is greater than the tolerance
WARNING ZeroLength::setDomain(): Element 5000027 has L= 2.22404, which is greater than the tolerance
WARNING ZeroLength::setDomain(): Element 5000028 has L= 2.15924, which is greater than the tolerance
WARNING ZeroLength::setDomain(): Element 5000029 has L= 2.27735, which is greater than the tolerance
WARNING ZeroLength::setDomain(): Element 5000030 has L= 2.31726, which is greater than the tolerance
WARNING ZeroLength::setDomain(): Element 5000031 has L= 2.36191, which is greater than the tolerance
WARNING ZeroLength::setDomain(): Element 5000032 has L= 2.37375, which is greater than the tolerance
WARNING ZeroLength::setDomain(): Element 5000033 has L= 2.37288, which is greater than the tolerance
WARNING ZeroLength::setDomain(): Element 5000034 has L= 2.54422, which is greater than the tolerance
WARNING ZeroLength::setDomain(): Element 5000035 has L= 2.68434, which is greater than the tolerance
WARNING ZeroLength::setDomain(): Element 5000036 has L= 2.68434, which is greater than the tolerance
WARNING ZeroLength::setDomain(): Element 5000037 has L= 2.54422, which is greater than the tolerance
WARNING ZeroLength::setDomain(): Element 5000038 has L= 2.37288, which is greater than the tolerance
WARNING ZeroLength::setDomain(): Element 5000039 has L= 2.37375, which is greater than the tolerance
WARNING ZeroLength::setDomain(): Element 5000040 has L= 2.36191, which is greater than the tolerance
WARNING ZeroLength::setDomain(): Element 5000041 has L= 2.42165, which is greater than the tolerance
WARNING ZeroLength::setDomain(): Element 5000042 has L= 2.52951, which is greater than the tolerance
WARNING ZeroLength::setDomain(): Element 5000043 has L= 2.68273, which is greater than the tolerance
WARNING ZeroLength::setDomain(): Element 5000044 has L= 2.84902, which is greater than the tolerance
WARNING ZeroLength::setDomain(): Element 5000045 has L= 2.95463, which is greater than the tolerance
WARNING ZeroLength::setDomain(): Element 5000046 has L= 2.95463, which is greater than the tolerance
WARNING ZeroLength::setDomain(): Element 5000047 has L= 2.84902, which is greater than the tolerance
WARNING ZeroLength::setDomain(): Element 5000048 has L= 2.68273, which is greater than the tolerance
WARNING ZeroLength::setDomain(): Element 5000049 has L= 2.52951, which is greater than the tolerance
WARNING ZeroLength::setDomain(): Element 5000050 has L= 2.42165, which is greater than the tolerance
WARNING ZeroLength::setDomain(): Element 5000051 has L= 2.35755, which is greater than the tolerance
WARNING ZeroLength::setDomain(): Element 5000052 has L= 2.55742, which is greater than the tolerance
WARNING ZeroLength::setDomain(): Element 5000053 has L= 2.86245, which is greater than the tolerance
WARNING ZeroLength::setDomain(): Element 5000054 has L= 2.93897, which is greater than the tolerance
WARNING ZeroLength::setDomain(): Element 5000055 has L= 3.02279, which is greater than the tolerance
WARNING ZeroLength::setDomain(): Element 5000056 has L= 3.02279, which is greater than the tolerance
WARNING ZeroLength::setDomain(): Element 5000057 has L= 2.93897, which is greater than the tolerance
WARNING ZeroLength::setDomain(): Element 5000058 has L= 2.86245, which is greater than the tolerance
WARNING ZeroLength::setDomain(): Element 5000059 has L= 2.55742, which is greater than the tolerance
WARNING ZeroLength::setDomain(): Element 5000060 has L= 2.35755, which is greater than the tolerance
WARNING ZeroLength::setDomain(): Element 5000061 has L= 2.26622, which is greater than the tolerance
WARNING ZeroLength::setDomain(): Element 5000062 has L= 2.4253, which is greater than the tolerance
WARNING ZeroLength::setDomain(): Element 5000063 has L= 2.78331, which is greater than the tolerance
WARNING ZeroLength::setDomain(): Element 5000064 has L= 2.8888, which is greater than the tolerance
WARNING ZeroLength::setDomain(): Element 5000065 has L= 3.0191, which is greater than the tolerance
WARNING ZeroLength::setDomain(): Element 5000066 has L= 3.0191, which is greater than the tolerance
WARNING ZeroLength::setDomain(): Element 5000067 has L= 2.8888, which is greater than the tolerance
WARNING ZeroLength::setDomain(): Element 5000068 has L= 2.78331, which is greater than the tolerance
WARNING ZeroLength::setDomain(): Element 5000069 has L= 2.4253, which is greater than the tolerance
WARNING ZeroLength::setDomain(): Element 5000070 has L= 2.26622, which is greater than the tolerance
WARNING ZeroLength::setDomain(): Element 5000071 has L= 2.19137, which is greater than the tolerance
WARNING ZeroLength::setDomain(): Element 5000072 has L= 2.35153, which is greater than the tolerance
WARNING ZeroLength::setDomain(): Element 5000073 has L= 2.72085, which is greater than the tolerance
WARNING ZeroLength::setDomain(): Element 5000074 has L= 2.87241, which is greater than the tolerance
WARNING ZeroLength::setDomain(): Element 5000075 has L= 2.98175, which is greater than the tolerance
WARNING ZeroLength::setDomain(): Element 5000076 has L= 2.98175, which is greater than the tolerance
WARNING ZeroLength::setDomain(): Element 5000077 has L= 2.87241, which is greater than the tolerance
WARNING ZeroLength::setDomain(): Element 5000078 has L= 2.72085, which is greater than the tolerance
WARNING ZeroLength::setDomain(): Element 5000079 has L= 2.35153, which is greater than the tolerance
WARNING ZeroLength::setDomain(): Element 5000080 has L= 2.19137, which is greater than the tolerance
WARNING ZeroLength::setDomain(): Element 5000081 has L= 2.16264, which is greater than the tolerance
WARNING ZeroLength::setDomain(): Element 5000082 has L= 2.29588, which is greater than the tolerance
WARNING ZeroLength::setDomain(): Element 5000083 has L= 2.64751, which is greater than the tolerance
WARNING ZeroLength::setDomain(): Element 5000084 has L= 2.83432, which is greater than the tolerance
WARNING ZeroLength::setDomain(): Element 5000085 has L= 2.88038, which is greater than the tolerance
WARNING ZeroLength::setDomain(): Element 5000086 has L= 2.88038, which is greater than the tolerance
WARNING ZeroLength::setDomain(): Element 5000087 has L= 2.83432, which is greater than the tolerance
WARNING ZeroLength::setDomain(): Element 5000088 has L= 2.64751, which is greater than the tolerance
WARNING ZeroLength::setDomain(): Element 5000089 has L= 2.29588, which is greater than the tolerance
WARNING ZeroLength::setDomain(): Element 5000090 has L= 2.16264, which is greater than the tolerance
WARNING ZeroLength::setDomain(): Element 5000091 has L= 7.3657, which is greater than the tolerance
WARNING ZeroLength::setDomain(): Element 5000092 has L= 7.3657, which is greater than the tolerance
WARNING: CTestNormDispIncr::test() - failed to converge 
after: 50 iterations  current Norm: 16334.8 (max: 1e-06, Norm deltaR: 6.02494e+08)
NewtonRaphson::solveCurrentStep() -the ConvergenceTest object failed in test()
StaticAnalysis::analyze() - the Algorithm failed at step: 0 with domain at load factor -718.657
OpenSees > analyze failed, returned: -3 error flag
WARNING: CTestNormDispIncr::test() - failed to converge 
after: 50 iterations  current Norm: 67617.3 (max: 1e-06, Norm deltaR: 8.71966e+08)
NewtonRaphson::solveCurrentStep() -the ConvergenceTest object failed in test()
StaticAnalysis::analyze() - the Algorithm failed at step: 0 with domain at load factor -180.262
OpenSees > analyze failed, returned: -3 error flag
WARNING: CTestNormDispIncr::test() - failed to converge 
after: 50 iterations  current Norm: 1387.25 (max: 1e-06, Norm deltaR: 1.2103e+08)
NewtonLineSearch::solveCurrentStep() -the ConvergenceTest object failed in test()
StaticAnalysis::analyze() - the Algorithm failed at step: 0 with domain at load factor 726.371
OpenSees > analyze failed, returned: -3 error flag
WARNING: CTestNormDispIncr::test() - failed to converge 
after: 50 iterations  current Norm: 137.454 (max: 1e-06, Norm deltaR: 1.05619e+09)
AcceleratedNewton::solveCurrentStep() -The ConvergenceTest object failed in test()
StaticAnalysis::analyze() - the Algorithm failed at step: 0 with domain at load factor 3100.21
OpenSees > analyze failed, returned: -3 error flag
WARNING: CTestNormDispIncr::test() - failed to converge 
after: 50 iterations  current Norm: 4.6803e+66 (max: 1e-06, Norm deltaR: 3.07844e+70)
ModifiedNewton::solveCurrentStep() -the ConvergenceTest object failed in test()
StaticAnalysis::analyze() - the Algorithm failed at step: 0 with domain at load factor 1.18339e+64
OpenSees > analyze failed, returned: -3 error flag
WARNING: CTestNormDispIncr::test() - failed to converge 
after: 50 iterations  current Norm: 72073.8 (max: 1e-06, Norm deltaR: 8.40384e+08)
NewtonRaphson::solveCurrentStep() -the ConvergenceTest object failed in test()
StaticAnalysis::analyze() - the Algorithm failed at step: 0 with domain at load factor -2725.63
OpenSees > analyze failed, returned: -3 error flag
WARNING: CTestNormDispIncr::test() - failed to converge 
after: 50 iterations  current Norm: 29075.4 (max: 1e-06, Norm deltaR: 8.28082e+08)
NewtonRaphson::solveCurrentStep() -the ConvergenceTest object failed in test()
StaticAnalysis::analyze() - the Algorithm failed at step: 0 with domain at load factor 490.97
OpenSees > analyze failed, returned: -3 error flag
WARNING: CTestNormDispIncr::test() - failed to converge 
after: 50 iterations  current Norm: 2564.86 (max: 1e-06, Norm deltaR: 1.82632e+08)
NewtonLineSearch::solveCurrentStep() -the ConvergenceTest object failed in test()
StaticAnalysis::analyze() - the Algorithm failed at step: 0 with domain at load factor -7957.09
OpenSees > analyze failed, returned: -3 error flag
WARNING: CTestNormDispIncr::test() - failed to converge 
after: 50 iterations  current Norm: 998.233 (max: 1e-06, Norm deltaR: 3.13176e+08)
AcceleratedNewton::solveCurrentStep() -The ConvergenceTest object failed in test()
StaticAnalysis::analyze() - the Algorithm failed at step: 0 with domain at load factor -119.342
OpenSees > analyze failed, returned: -3 error flag
WARNING: CTestNormDispIncr::test() - failed to converge 
after: 50 iterations  current Norm: 3.9581e+63 (max: 1e-06, Norm deltaR: 3.262e+67)
ModifiedNewton::solveCurrentStep() -the ConvergenceTest object failed in test()
StaticAnalysis::analyze() - the Algorithm failed at step: 0 with domain at load factor -4.63908e+62
OpenSees > analyze failed, returned: -3 error flag
WARNING: CTestNormDispIncr::test() - failed to converge 
after: 50 iterations  current Norm: 2.9515e+06 (max: 1e-06, Norm deltaR: 7.03757e+07)
NewtonRaphson::solveCurrentStep() -the ConvergenceTest object failed in test()
StaticAnalysis::analyze() - the Algorithm failed at step: 0 with domain at load factor -436.724
OpenSees > analyze failed, returned: -3 error flag
WARNING: CTestNormDispIncr::test() - failed to converge 
after: 50 iterations  current Norm: 2521.46 (max: 1e-06, Norm deltaR: 1.22591e+08)
NewtonLineSearch::solveCurrentStep() -the ConvergenceTest object failed in test()
StaticAnalysis::analyze() - the Algorithm failed at step: 0 with domain at load factor -3396.63
OpenSees > analyze failed, returned: -3 error flag
WARNING: CTestNormDispIncr::test() - failed to converge 
after: 50 iterations  current Norm: 9566.46 (max: 1e-06, Norm deltaR: 7.40992e+07)
AcceleratedNewton::solveCurrentStep() -The ConvergenceTest object failed in test()
StaticAnalysis::analyze() - the Algorithm failed at step: 0 with domain at load factor 211.083
OpenSees > analyze failed, returned: -3 error flag
WARNING: CTestNormDispIncr::test() - failed to converge 
after: 50 iterations  current Norm: 1.68368e+63 (max: 1e-06, Norm deltaR: 1.00154e+67)
ModifiedNewton::solveCurrentStep() -the ConvergenceTest object failed in test()
StaticAnalysis::analyze() - the Algorithm failed at step: 0 with domain at load factor 1.17016e+62
OpenSees > analyze failed, returned: -3 error flag
WARNING: CTestNormDispIncr::test() - failed to converge 
after: 50 iterations  current Norm: 37368.4 (max: 1e-06, Norm deltaR: 8.83355e+07)
NewtonRaphson::solveCurrentStep() -the ConvergenceTest object failed in test()
StaticAnalysis::analyze() - the Algorithm failed at step: 0 with domain at load factor -378.627
OpenSees > analyze failed, returned: -3 error flag
WARNING: CTestNormDispIncr::test() - failed to converge 
after: 50 iterations  current Norm: 183569 (max: 1e-06, Norm deltaR: 6.93755e+07)
NewtonRaphson::solveCurrentStep() -the ConvergenceTest object failed in test()
StaticAnalysis::analyze() - the Algorithm failed at step: 0 with domain at load factor -669.662
OpenSees > analyze failed, returned: -3 error flag
WARNING ZeroLength::setDomain(): Element 5000093 has L= 7.9945, which is greater than the tolerance
WARNING ZeroLength::setDomain(): Element 5000094 has L= 8.15238, which is greater than the tolerance
WARNING ZeroLength::setDomain(): Element 5000095 has L= 51.6755, which is greater than the tolerance
WARNING ZeroLength::setDomain(): Element 5000096 has L= 7.84863, which is greater than the tolerance
WARNING ZeroLength::setDomain(): Element 5000097 has L= 55.6065, which is greater than the tolerance
WARNING: CTestNormDispIncr::test() - failed to converge 
after: 50 iterations  current Norm: 28283.8 (max: 1e-06, Norm deltaR: 7.13842e+08)
NewtonRaphson::solveCurrentStep() -the ConvergenceTest object failed in test()
StaticAnalysis::analyze() - the Algorithm failed at step: 0 with domain at load factor 5541.3
OpenSees > analyze failed, returned: -3 error flag
WARNING: CTestNormDispIncr::test() - failed to converge 
after: 50 iterations  current Norm: 5810.16 (max: 1e-06, Norm deltaR: 1.5761e+08)
NewtonLineSearch::solveCurrentStep() -the ConvergenceTest object failed in test()
StaticAnalysis::analyze() - the Algorithm failed at step: 0 with domain at load factor 7597.18
OpenSees > analyze failed, returned: -3 error flag
WARNING: CTestNormDispIncr::test() - failed to converge 
after: 50 iterations  current Norm: 4.2598 (max: 1e-06, Norm deltaR: 315192)
AcceleratedNewton::solveCurrentStep() -The ConvergenceTest object failed in test()
StaticAnalysis::analyze() - the Algorithm failed at step: 0 with domain at load factor 355.631
OpenSees > analyze failed, returned: -3 error flag
WARNING: CTestNormDispIncr::test() - failed to converge 
after: 50 iterations  current Norm: 1.44019e+71 (max: 1e-06, Norm deltaR: 9.83358e+74)
ModifiedNewton::solveCurrentStep() -the ConvergenceTest object failed in test()
StaticAnalysis::analyze() - the Algorithm failed at step: 0 with domain at load factor 1.70207e+70
OpenSees > analyze failed, returned: -3 error flag
WARNING: CTestNormDispIncr::test() - failed to converge 
after: 50 iterations  current Norm: 153518 (max: 1e-06, Norm deltaR: 3.74615e+09)
NewtonRaphson::solveCurrentStep() -the ConvergenceTest object failed in test()
StaticAnalysis::analyze() - the Algorithm failed at step: 0 with domain at load factor 7902.45
OpenSees > analyze failed, returned: -3 error flag
WARNING: CTestNormDispIncr::test() - failed to converge 
after: 50 iterations  current Norm: 17098 (max: 1e-06, Norm deltaR: 7.45323e+08)
NewtonLineSearch::solveCurrentStep() -the ConvergenceTest object failed in test()
StaticAnalysis::analyze() - the Algorithm failed at step: 0 with domain at load factor 14282
OpenSees > analyze failed, returned: -3 error flag
WARNING: CTestNormDispIncr::test() - failed to converge 
after: 50 iterations  current Norm: 5.13569 (max: 1e-06, Norm deltaR: 35054)
AcceleratedNewton::solveCurrentStep() -The ConvergenceTest object failed in test()
StaticAnalysis::analyze() - the Algorithm failed at step: 0 with domain at load factor 357.766
OpenSees > analyze failed, returned: -3 error flag
WARNING: CTestNormDispIncr::test() - failed to converge 
after: 50 iterations  current Norm: 1.71861e+85 (max: 1e-06, Norm deltaR: 1.18619e+89)
ModifiedNewton::solveCurrentStep() -the ConvergenceTest object failed in test()
StaticAnalysis::analyze() - the Algorithm failed at step: 0 with domain at load factor 1.77142e+84
OpenSees > analyze failed, returned: -3 error flag
WARNING: CTestNormDispIncr::test() - failed to converge 
after: 50 iterations  current Norm: 18428 (max: 1e-06, Norm deltaR: 6.58241e+08)
NewtonRaphson::solveCurrentStep() -the ConvergenceTest object failed in test()
StaticAnalysis::analyze() - the Algorithm failed at step: 0 with domain at load factor 2040.26
OpenSees > analyze failed, returned: -3 error flag
WARNING ZeroLength::setDomain(): Element 5000098 has L= 8.30489, which is greater than the tolerance
WARNING ZeroLength::setDomain(): Element 5000099 has L= 21.5552, which is greater than the tolerance
WARNING ZeroLength::setDomain(): Element 5000100 has L= 21.1512, which is greater than the tolerance
WARNING ZeroLength::setDomain(): Element 5000101 has L= 51.3687, which is greater than the tolerance
WARNING ZeroLength::setDomain(): Element 5000102 has L= 52.5657, which is greater than the tolerance
WARNING ZeroLength::setDomain(): Element 5000103 has L= 53.7397, which is greater than the tolerance
WARNING ZeroLength::setDomain(): Element 5000104 has L= 57.3815, which is greater than the tolerance
WARNING ZeroLength::setDomain(): Element 5000105 has L= 7.9945, which is greater than the tolerance
WARNING ZeroLength::setDomain(): Element 5000106 has L= 7.69361, which is greater than the tolerance
WARNING: CTestNormDispIncr::test() - failed to converge 
after: 50 iterations  current Norm: 20369.2 (max: 1e-06, Norm deltaR: 5.92264e+08)
NewtonRaphson::solveCurrentStep() -the ConvergenceTest object failed in test()
StaticAnalysis::analyze() - the Algorithm failed at step: 0 with domain at load factor -4337.96
OpenSees > analyze failed, returned: -3 error flag
WARNING ZeroLength::setDomain(): Element 5000107 has L= 8.15238, which is greater than the tolerance
WARNING ZeroLength::setDomain(): Element 5000108 has L= 7.84863, which is greater than the tolerance
WARNING ZeroLength::setDomain(): Element 5000109 has L= 22.0039, which is greater than the tolerance
WARNING ZeroLength::setDomain(): Element 5000110 has L= 17.0866, which is greater than the tolerance
WARNING ZeroLength::setDomain(): Element 5000111 has L= 16.3952, which is greater than the tolerance
WARNING ZeroLength::setDomain(): Element 5000112 has L= 56.5038, which is greater than the tolerance
WARNING ZeroLength::setDomain(): Element 5000113 has L= 7.69361, which is greater than the tolerance
WARNING ZeroLength::setDomain(): Element 5000114 has L= 17.4951, which is greater than the tolerance
WARNING ZeroLength::setDomain(): Element 5000115 has L= 16.738, which is greater than the tolerance
WARNING ZeroLength::setDomain(): Element 5000116 has L= 53.848, which is greater than the tolerance
WARNING ZeroLength::setDomain(): Element 5000117 has L= 20.7579, which is greater than the tolerance
WARNING ZeroLength::setDomain(): Element 5000118 has L= 22.5134, which is greater than the tolerance
WARNING ZeroLength::setDomain(): Element 5000119 has L= 21.1512, which is greater than the tolerance
WARNING ZeroLength::setDomain(): Element 5000120 has L= 10.0578, which is greater than the tolerance
WARNING ZeroLength::setDomain(): Element 5000121 has L= 17.8997, which is greater than the tolerance
WARNING ZeroLength::setDomain(): Element 5000122 has L= 22.0039, which is greater than the tolerance
WARNING ZeroLength::setDomain(): Element 5000123 has L= 21.5552, which is greater than the tolerance
WARNING ZeroLength::setDomain(): Element 5000124 has L= 55.0448, which is greater than the tolerance
WARNING ZeroLength::setDomain(): Element 5000125 has L= 16.3952, which is greater than the tolerance
WARNING ZeroLength::setDomain(): Element 5000126 has L= 10.8294, which is greater than the tolerance
WARNING ZeroLength::setDomain(): Element 5000127 has L= 7.51928, which is greater than the tolerance
WARNING ZeroLength::setDomain(): Element 5000128 has L= 22.9343, which is greater than the tolerance
WARNING ZeroLength::setDomain(): Element 5000129 has L= 10.3118, which is greater than the tolerance
WARNING: CTestNormDispIncr::test() - failed to converge 
after: 50 iterations  current Norm: 44929.2 (max: 1e-06, Norm deltaR: 1.44466e+09)
NewtonRaphson::solveCurrentStep() -the ConvergenceTest object failed in test()
StaticAnalysis::analyze() - the Algorithm failed at step: 0 with domain at load factor -1422.11
OpenSees > analyze failed, returned: -3 error flag
WARNING ZeroLength::setDomain(): Element 5000130 has L= 8.47318, which is greater than the tolerance
WARNING ZeroLength::setDomain(): Element 5000131 has L= 59.2228, which is greater than the tolerance
WARNING ZeroLength::setDomain(): Element 5000132 has L= 16.738, which is greater than the tolerance
WARNING ZeroLength::setDomain(): Element 5000133 has L= 17.0866, which is greater than the tolerance
WARNING ZeroLength::setDomain(): Element 5000134 has L= 16.0892, which is greater than the tolerance
WARNING ZeroLength::setDomain(): Element 5000135 has L= 18.2755, which is greater than the tolerance
WARNING ZeroLength::setDomain(): Element 5000136 has L= 62.2097, which is greater than the tolerance
WARNING ZeroLength::setDomain(): Element 5000137 has L= 20.7579, which is greater than the tolerance
WARNING ZeroLength::setDomain(): Element 5000138 has L= 7.51928, which is greater than the tolerance
WARNING: CTestNormDispIncr::test() - failed to converge 
after: 50 iterations  current Norm: 0.461684 (max: 1e-06, Norm deltaR: 87388)
NewtonRaphson::solveCurrentStep() -the ConvergenceTest object failed in test()
StaticAnalysis::analyze() - the Algorithm failed at step: 0 with domain at load factor 469.995
OpenSees > analyze failed, returned: -3 error flag
WARNING ZeroLength::setDomain(): Element 5000139 has L= 59.406, which is greater than the tolerance
WARNING ZeroLength::setDomain(): Element 5000140 has L= 7.36403, which is greater than the tolerance
WARNING ZeroLength::setDomain(): Element 5000141 has L= 15.7766, which is greater than the tolerance
WARNING ZeroLength::setDomain(): Element 5000142 has L= 9.8307, which is greater than the tolerance
WARNING ZeroLength::setDomain(): Element 5000143 has L= 7.87621, which is greater than the tolerance
WARNING ZeroLength::setDomain(): Element 5000144 has L= 10.5798, which is greater than the tolerance
WARNING ZeroLength::setDomain(): Element 5000145 has L= 22.5134, which is greater than the tolerance
WARNING ZeroLength::setDomain(): Element 5000146 has L= 8.67219, which is greater than the tolerance
WARNING ZeroLength::setDomain(): Element 5000147 has L= 60.8463, which is greater than the tolerance
WARNING ZeroLength::setDomain(): Element 5000148 has L= 64.5457, which is greater than the tolerance
WARNING ZeroLength::setDomain(): Element 5000149 has L= 35.1774, which is greater than the tolerance
WARNING ZeroLength::setDomain(): Element 5000150 has L= 67.3884, which is greater than the tolerance
WARNING ZeroLength::setDomain(): Element 5000151 has L= 34.4943, which is greater than the tolerance
WARNING ZeroLength::setDomain(): Element 5000152 has L= 48.4122, which is greater than the tolerance
WARNING ZeroLength::setDomain(): Element 5000153 has L= 20.3332, which is greater than the tolerance
WARNING ZeroLength::setDomain(): Element 5000154 has L= 48.9168, which is greater than the tolerance
WARNING ZeroLength::setDomain(): Element 5000155 has L= 10.5798, which is greater than the tolerance
WARNING ZeroLength::setDomain(): Element 5000156 has L= 10.0578, which is greater than the tolerance
WARNING ZeroLength::setDomain(): Element 5000157 has L= 18.612, which is greater than the tolerance
WARNING ZeroLength::setDomain(): Element 5000158 has L= 7.36403, which is greater than the tolerance
WARNING ZeroLength::setDomain(): Element 5000159 has L= 7.24643, which is greater than the tolerance
WARNING ZeroLength::setDomain(): Element 5000160 has L= 17.4951, which is greater than the tolerance
WARNING ZeroLength::setDomain(): Element 5000161 has L= 35.1774, which is greater than the tolerance
WARNING ZeroLength::setDomain(): Element 5000162 has L= 48.1471, which is greater than the tolerance
WARNING ZeroLength::setDomain(): Element 5000163 has L= 49.996, which is greater than the tolerance
WARNING ZeroLength::setDomain(): Element 5000164 has L= 20.3332, which is greater than the tolerance
WARNING ZeroLength::setDomain(): Element 5000165 has L= 56.4196, which is greater than the tolerance
WARNING ZeroLength::setDomain(): Element 5000166 has L= 34.4943, which is greater than the tolerance
WARNING ZeroLength::setDomain(): Element 5000167 has L= 9.8307, which is greater than the tolerance
WARNING ZeroLength::setDomain(): Element 5000168 has L= 58.4746, which is greater than the tolerance
WARNING ZeroLength::setDomain(): Element 5000169 has L= 57.3232, which is greater than the tolerance
WARNING ZeroLength::setDomain(): Element 5000170 has L= 15.7766, which is greater than the tolerance
WARNING ZeroLength::setDomain(): Element 5000171 has L= 9.62611, which is greater than the tolerance
WARNING: CTestNormDispIncr::test() - failed to converge 
after: 50 iterations  current Norm: 187001 (max: 1e-06, Norm deltaR: 8.14031e+07)
NewtonRaphson::solveCurrentStep() -the ConvergenceTest object failed in test()
StaticAnalysis::analyze() - the Algorithm failed at step: 0 with domain at load factor 908.697
OpenSees > analyze failed, returned: -3 error flag
WARNING ZeroLength::setDomain(): Element 5000172 has L= 35.8883, which is greater than the tolerance
WARNING ZeroLength::setDomain(): Element 5000173 has L= 28.1597, which is greater than the tolerance
WARNING ZeroLength::setDomain(): Element 5000174 has L= 28.8702, which is greater than the tolerance
WARNING ZeroLength::setDomain(): Element 5000175 has L= 16.0892, which is greater than the tolerance
WARNING ZeroLength::setDomain(): Element 5000176 has L= 33.8868, which is greater than the tolerance
WARNING ZeroLength::setDomain(): Element 5000177 has L= 8.86913, which is greater than the tolerance
WARNING ZeroLength::setDomain(): Element 5000178 has L= 60.8243, which is greater than the tolerance
WARNING ZeroLength::setDomain(): Element 5000179 has L= 35.8883, which is greater than the tolerance
WARNING ZeroLength::setDomain(): Element 5000180 has L= 48.6697, which is greater than the tolerance
WARNING: CTestNormDispIncr::test() - failed to converge 
after: 50 iterations  current Norm: 47829.1 (max: 1e-06, Norm deltaR: 1.44999e+09)
NewtonRaphson::solveCurrentStep() -the ConvergenceTest object failed in test()
StaticAnalysis::analyze() - the Algorithm failed at step: 0 with domain at load factor 90.5799
OpenSees > analyze failed, returned: -3 error flag
WARNING: CTestNormDispIncr::test() - failed to converge 
after: 50 iterations  current Norm: 3411.39 (max: 1e-06, Norm deltaR: 1.43586e+08)
NewtonLineSearch::solveCurrentStep() -the ConvergenceTest object failed in test()
StaticAnalysis::analyze() - the Algorithm failed at step: 0 with domain at load factor -6010.16
OpenSees > analyze failed, returned: -3 error flag
WARNING: CTestNormDispIncr::test() - failed to converge 
after: 50 iterations  current Norm: 371.685 (max: 1e-06, Norm deltaR: 2.32891e+07)
AcceleratedNewton::solveCurrentStep() -The ConvergenceTest object failed in test()
StaticAnalysis::analyze() - the Algorithm failed at step: 0 with domain at load factor 777.164
OpenSees > analyze failed, returned: -3 error flag
WARNING: CTestNormDispIncr::test() - failed to converge 
after: 50 iterations  current Norm: 5.15482e+58 (max: 1e-06, Norm deltaR: 4.18873e+62)
ModifiedNewton::solveCurrentStep() -the ConvergenceTest object failed in test()
StaticAnalysis::analyze() - the Algorithm failed at step: 0 with domain at load factor 2.13247e+57
OpenSees > analyze failed, returned: -3 error flag
WARNING ZeroLength::setDomain(): Element 5000181 has L= 25.7706, which is greater than the tolerance
WARNING: CTestNormDispIncr::test() - failed to converge 
after: 50 iterations  current Norm: 250781 (max: 1e-06, Norm deltaR: 4.78473e+09)
NewtonRaphson::solveCurrentStep() -the ConvergenceTest object failed in test()
StaticAnalysis::analyze() - the Algorithm failed at step: 0 with domain at load factor -21016.6
OpenSees > analyze failed, returned: -3 error flag
WARNING ZeroLength::setDomain(): Element 5000182 has L= 63.2247, which is greater than the tolerance
WARNING ZeroLength::setDomain(): Element 5000183 has L= 8.30489, which is greater than the tolerance
WARNING ZeroLength::setDomain(): Element 5000184 has L= 65.759, which is greater than the tolerance
WARNING: CTestNormDispIncr::test() - failed to converge 
after: 50 iterations  current Norm: 21237.2 (max: 1e-06, Norm deltaR: 2.49388e+08)
NewtonRaphson::solveCurrentStep() -the ConvergenceTest object failed in test()
StaticAnalysis::analyze() - the Algorithm failed at step: 0 with domain at load factor 793.905
OpenSees > analyze failed, returned: -3 error flag
WARNING ZeroLength::setDomain(): Element 5000185 has L= 22.9343, which is greater than the tolerance
WARNING ZeroLength::setDomain(): Element 5000186 has L= 59.1748, which is greater than the tolerance
WARNING ZeroLength::setDomain(): Element 5000187 has L= 61.6447, which is greater than the tolerance
WARNING ZeroLength::setDomain(): Element 5000188 has L= 66.228, which is greater than the tolerance
WARNING ZeroLength::setDomain(): Element 5000189 has L= 55.6114, which is greater than the tolerance
WARNING ZeroLength::setDomain(): Element 5000190 has L= 63.0528, which is greater than the tolerance
WARNING ZeroLength::setDomain(): Element 5000191 has L= 64.3654, which is greater than the tolerance
WARNING ZeroLength::setDomain(): Element 5000192 has L= 58.0662, which is greater than the tolerance
WARNING ZeroLength::setDomain(): Element 5000193 has L= 33.8868, which is greater than the tolerance
WARNING ZeroLength::setDomain(): Element 5000194 has L= 29.4535, which is greater than the tolerance
WARNING ZeroLength::setDomain(): Element 5000195 has L= 36.5693, which is greater than the tolerance
WARNING: CTestNormDispIncr::test() - failed to converge 
after: 50 iterations  current Norm: 81943.4 (max: 1e-06, Norm deltaR: 2.23676e+09)
NewtonRaphson::solveCurrentStep() -the ConvergenceTest object failed in test()
StaticAnalysis::analyze() - the Algorithm failed at step: 0 with domain at load factor 5702.12
OpenSees > analyze failed, returned: -3 error flag
WARNING: CTestNormDispIncr::test() - failed to converge 
after: 50 iterations  current Norm: 2007.35 (max: 1e-06, Norm deltaR: 1.47355e+08)
NewtonLineSearch::solveCurrentStep() -the ConvergenceTest object failed in test()
StaticAnalysis::analyze() - the Algorithm failed at step: 0 with domain at load factor 629.349
OpenSees > analyze failed, returned: -3 error flag
WARNING: CTestNormDispIncr::test() - failed to converge 
after: 50 iterations  current Norm: 8.89259 (max: 1e-06, Norm deltaR: 34652.9)
AcceleratedNewton::solveCurrentStep() -The ConvergenceTest object failed in test()
StaticAnalysis::analyze() - the Algorithm failed at step: 0 with domain at load factor 968.059
OpenSees > analyze failed, returned: -3 error flag
WARNING: CTestNormDispIncr::test() - failed to converge 
after: 50 iterations  current Norm: 6.2768e+74 (max: 1e-06, Norm deltaR: 7.07665e+78)
ModifiedNewton::solveCurrentStep() -the ConvergenceTest object failed in test()
StaticAnalysis::analyze() - the Algorithm failed at step: 0 with domain at load factor 9.65907e+72
OpenSees > analyze failed, returned: -3 error flag
WARNING: CTestNormDispIncr::test() - failed to converge 
after: 50 iterations  current Norm: 15926.7 (max: 1e-06, Norm deltaR: 9.69252e+07)
NewtonRaphson::solveCurrentStep() -the ConvergenceTest object failed in test()
StaticAnalysis::analyze() - the Algorithm failed at step: 0 with domain at load factor -309.622
OpenSees > analyze failed, returned: -3 error flag
WARNING: CTestNormDispIncr::test() - failed to converge 
after: 50 iterations  current Norm: 16011.5 (max: 1e-06, Norm deltaR: 3.68015e+08)
NewtonLineSearch::solveCurrentStep() -the ConvergenceTest object failed in test()
StaticAnalysis::analyze() - the Algorithm failed at step: 0 with domain at load factor 17119
OpenSees > analyze failed, returned: -3 error flag
WARNING: CTestNormDispIncr::test() - failed to converge 
after: 50 iterations  current Norm: 8817.01 (max: 1e-06, Norm deltaR: 3.72214e+08)
AcceleratedNewton::solveCurrentStep() -The ConvergenceTest object failed in test()
StaticAnalysis::analyze() - the Algorithm failed at step: 0 with domain at load factor 1635.81
OpenSees > analyze failed, returned: -3 error flag
WARNING: CTestNormDispIncr::test() - failed to converge 
after: 50 iterations  current Norm: 2.53169e+69 (max: 1e-06, Norm deltaR: 1.87677e+73)
ModifiedNewton::solveCurrentStep() -the ConvergenceTest object failed in test()
StaticAnalysis::analyze() - the Algorithm failed at step: 0 with domain at load factor -4.53669e+67
OpenSees > analyze failed, returned: -3 error flag
WARNING: CTestNormDispIncr::test() - failed to converge 
after: 50 iterations  current Norm: 28229.7 (max: 1e-06, Norm deltaR: 6.38722e+08)
NewtonRaphson::solveCurrentStep() -the ConvergenceTest object failed in test()
StaticAnalysis::analyze() - the Algorithm failed at step: 0 with domain at load factor 844.586
OpenSees > analyze failed, returned: -3 error flag
WARNING ZeroLength::setDomain(): Element 5000196 has L= 64.8653, which is greater than the tolerance
WARNING ZeroLength::setDomain(): Element 5000197 has L= 51.5835, which is greater than the tolerance
WARNING ZeroLength::setDomain(): Element 5000198 has L= 33.2371, which is greater than the tolerance
WARNING ZeroLength::setDomain(): Element 5000199 has L= 9.02196, which is greater than the tolerance
