WARNING ZeroLength::setDomain(): Element 5000001 has L= 2.40704, which is greater than the tolerance
WARNING ZeroLength::setDomain(): Element 5000002 has L= 2.15335, which is greater than the tolerance
WARNING ZeroLength::setDomain(): Element 5000003 has L= 1.74794, which is greater than the tolerance
WARNING ZeroLength::setDomain(): Element 5000004 has L= 1.74961, which is greater than the tolerance
WARNING ZeroLength::setDomain(): Element 5000005 has L= 1.68489, which is greater than the tolerance
WARNING ZeroLength::setDomain(): Element 5000006 has L= 1.68489, which is greater than the tolerance
WARNING ZeroLength::setDomain(): Element 5000007 has L= 1.74961, which is greater than the tolerance
WARNING ZeroLength::setDomain(): Element 5000008 has L= 1.74794, which is greater than the tolerance
WARNING ZeroLength::setDomain(): Element 5000009 has L= 2.15335, which is greater than the tolerance
WARNING ZeroLength::setDomain(): Element 5000010 has L= 2.40704, which is greater than the tolerance
WARNING ZeroLength::setDomain(): Element 5000011 has L= 2.26037, which is greater than the tolerance
WARNING ZeroLength::setDomain(): Element 5000012 has L= 2.12169, which is greater than the tolerance
WARNING ZeroLength::setDomain(): Element 5000013 has L= 1.86283, which is greater than the tolerance
WARNING ZeroLength::setDomain(): Element 5000014 has L= 1.88845, which is greater than the tolerance
WARNING ZeroLength::setDomain(): Element 5000015 has L= 1.87615, which is greater than the tolerance
WARNING ZeroLength::setDomain(): Element 5000016 has L= 1.87615, which is greater than the tolerance
WARNING ZeroLength::setDomain(): Element 5000017 has L= 1.88845, which is greater than the tolerance
WARNING ZeroLength::setDomain(): Element 5000018 has L= 1.86283, which is greater than the tolerance
WARNING ZeroLength::setDomain(): Element 5000019 has L= 2.12169, which is greater than the tolerance
WARNING ZeroLength::setDomain(): Element 5000020 has L= 2.26037, which is greater than the tolerance
WARNING ZeroLength::setDomain(): Element 5000021 has L= 2.19522, which is greater than the tolerance
WARNING ZeroLength::setDomain(): Element 5000022 has L= 2.15488, which is greater than the tolerance
WARNING ZeroLength::setDomain(): Element 5000023 has L= 2.03664, which is greater than the tolerance
WARNING ZeroLength::setDomain(): Element 5000024 has L= 2.10144, which is greater than the tolerance
WARNING ZeroLength::setDomain(): Element 5000025 has L= 2.13832, which is greater than the tolerance
WARNING ZeroLength::setDomain(): Element 5000026 has L= 2.13832, which is greater than the tolerance
WARNING ZeroLength::setDomain(): Element 5000027 has L= 2.10144, which is greater than the tolerance
WARNING ZeroLength::setDomain(): Element 5000028 has L= 2.03664, which is greater than the tolerance
WARNING ZeroLength::setDomain(): Element 5000029 has L= 2.15488, which is greater than the tolerance
WARNING ZeroLength::setDomain(): Element 5000030 has L= 2.19522, which is greater than the tolerance
WARNING ZeroLength::setDomain(): Element 5000031 has L= 2.23951, which is greater than the tolerance
WARNING ZeroLength::setDomain(): Element 5000032 has L= 2.25119, which is greater than the tolerance
WARNING ZeroLength::setDomain(): Element 5000033 has L= 2.25028, which is greater than the tolerance
WARNING ZeroLength::setDomain(): Element 5000034 has L= 2.42161, which is greater than the tolerance
WARNING ZeroLength::setDomain(): Element 5000035 has L= 2.56174, which is greater than the tolerance
WARNING ZeroLength::setDomain(): Element 5000036 has L= 2.56174, which is greater than the tolerance
WARNING ZeroLength::setDomain(): Element 5000037 has L= 2.42161, which is greater than the tolerance
WARNING ZeroLength::setDomain(): Element 5000038 has L= 2.25028, which is greater than the tolerance
WARNING ZeroLength::setDomain(): Element 5000039 has L= 2.25119, which is greater than the tolerance
WARNING ZeroLength::setDomain(): Element 5000040 has L= 2.23951, which is greater than the tolerance
WARNING ZeroLength::setDomain(): Element 5000041 has L= 2.29911, which is greater than the tolerance
WARNING ZeroLength::setDomain(): Element 5000042 has L= 2.40692, which is greater than the tolerance
WARNING ZeroLength::setDomain(): Element 5000043 has L= 2.56013, which is greater than the tolerance
WARNING ZeroLength::setDomain(): Element 5000044 has L= 2.72642, which is greater than the tolerance
WARNING ZeroLength::setDomain(): Element 5000045 has L= 2.83203, which is greater than the tolerance
WARNING ZeroLength::setDomain(): Element 5000046 has L= 2.83203, which is greater than the tolerance
WARNING ZeroLength::setDomain(): Element 5000047 has L= 2.72642, which is greater than the tolerance
WARNING ZeroLength::setDomain(): Element 5000048 has L= 2.56013, which is greater than the tolerance
WARNING ZeroLength::setDomain(): Element 5000049 has L= 2.40692, which is greater than the tolerance
WARNING ZeroLength::setDomain(): Element 5000050 has L= 2.29911, which is greater than the tolerance
WARNING ZeroLength::setDomain(): Element 5000051 has L= 2.23501, which is greater than the tolerance
WARNING ZeroLength::setDomain(): Element 5000052 has L= 2.43482, which is greater than the tolerance
WARNING ZeroLength::setDomain(): Element 5000053 has L= 2.73985, which is greater than the tolerance
WARNING ZeroLength::setDomain(): Element 5000054 has L= 2.81637, which is greater than the tolerance
WARNING ZeroLength::setDomain(): Element 5000055 has L= 2.90019, which is greater than the tolerance
WARNING ZeroLength::setDomain(): Element 5000056 has L= 2.90019, which is greater than the tolerance
WARNING ZeroLength::setDomain(): Element 5000057 has L= 2.81637, which is greater than the tolerance
WARNING ZeroLength::setDomain(): Element 5000058 has L= 2.73985, which is greater than the tolerance
WARNING ZeroLength::setDomain(): Element 5000059 has L= 2.43482, which is greater than the tolerance
WARNING ZeroLength::setDomain(): Element 5000060 has L= 2.23501, which is greater than the tolerance
WARNING ZeroLength::setDomain(): Element 5000061 has L= 2.14371, which is greater than the tolerance
WARNING ZeroLength::setDomain(): Element 5000062 has L= 2.3027, which is greater than the tolerance
WARNING ZeroLength::setDomain(): Element 5000063 has L= 2.66071, which is greater than the tolerance
WARNING ZeroLength::setDomain(): Element 5000064 has L= 2.7662, which is greater than the tolerance
WARNING ZeroLength::setDomain(): Element 5000065 has L= 2.8965, which is greater than the tolerance
WARNING ZeroLength::setDomain(): Element 5000066 has L= 2.8965, which is greater than the tolerance
WARNING ZeroLength::setDomain(): Element 5000067 has L= 2.7662, which is greater than the tolerance
WARNING ZeroLength::setDomain(): Element 5000068 has L= 2.66071, which is greater than the tolerance
WARNING ZeroLength::setDomain(): Element 5000069 has L= 2.3027, which is greater than the tolerance
WARNING ZeroLength::setDomain(): Element 5000070 has L= 2.14371, which is greater than the tolerance
WARNING ZeroLength::setDomain(): Element 5000071 has L= 2.06887, which is greater than the tolerance
WARNING ZeroLength::setDomain(): Element 5000072 has L= 2.22893, which is greater than the tolerance
WARNING ZeroLength::setDomain(): Element 5000073 has L= 2.59825, which is greater than the tolerance
WARNING ZeroLength::setDomain(): Element 5000074 has L= 2.74981, which is greater than the tolerance
WARNING ZeroLength::setDomain(): Element 5000075 has L= 2.85915, which is greater than the tolerance
WARNING ZeroLength::setDomain(): Element 5000076 has L= 2.85915, which is greater than the tolerance
WARNING ZeroLength::setDomain(): Element 5000077 has L= 2.74981, which is greater than the tolerance
WARNING ZeroLength::setDomain(): Element 5000078 has L= 2.59825, which is greater than the tolerance
WARNING ZeroLength::setDomain(): Element 5000079 has L= 2.22893, which is greater than the tolerance
WARNING ZeroLength::setDomain(): Element 5000080 has L= 2.06887, which is greater than the tolerance
WARNING ZeroLength::setDomain(): Element 5000081 has L= 2.0401, which is greater than the tolerance
WARNING ZeroLength::setDomain(): Element 5000082 has L= 2.17328, which is greater than the tolerance
WARNING ZeroLength::setDomain(): Element 5000083 has L= 2.52491, which is greater than the tolerance
WARNING ZeroLength::setDomain(): Element 5000084 has L= 2.71172, which is greater than the tolerance
WARNING ZeroLength::setDomain(): Element 5000085 has L= 2.75778, which is greater than the tolerance
WARNING ZeroLength::setDomain(): Element 5000086 has L= 2.75778, which is greater than the tolerance
WARNING ZeroLength::setDomain(): Element 5000087 has L= 2.71172, which is greater than the tolerance
WARNING ZeroLength::setDomain(): Element 5000088 has L= 2.52491, which is greater than the tolerance
WARNING ZeroLength::setDomain(): Element 5000089 has L= 2.17328, which is greater than the tolerance
WARNING ZeroLength::setDomain(): Element 5000090 has L= 2.0401, which is greater than the tolerance
WARNING: CTestNormDispIncr::test() - failed to converge 
after: 50 iterations  current Norm: 625529 (max: 1e-06, Norm deltaR: 3.33726e+09)
NewtonRaphson::solveCurrentStep() -the ConvergenceTest object failed in test()
StaticAnalysis::analyze() - the Algorithm failed at step: 0 with domain at load factor 10874.7
OpenSees > analyze failed, returned: -3 error flag
WARNING: CTestNormDispIncr::test() - failed to converge 
after: 50 iterations  current Norm: 2271.77 (max: 1e-06, Norm deltaR: 1.11457e+08)
NewtonLineSearch::solveCurrentStep() -the ConvergenceTest object failed in test()
StaticAnalysis::analyze() - the Algorithm failed at step: 0 with domain at load factor -430.1
OpenSees > analyze failed, returned: -3 error flag
WARNING: CTestNormDispIncr::test() - failed to converge 
after: 50 iterations  current Norm: 108330 (max: 1e-06, Norm deltaR: 2.23431e+08)
AcceleratedNewton::solveCurrentStep() -The ConvergenceTest object failed in test()
StaticAnalysis::analyze() - the Algorithm failed at step: 0 with domain at load factor -1737.86
OpenSees > analyze failed, returned: -3 error flag
WARNING: CTestNormDispIncr::test() - failed to converge 
after: 50 iterations  current Norm: 6.64698e+69 (max: 1e-06, Norm deltaR: 3.27848e+73)
ModifiedNewton::solveCurrentStep() -the ConvergenceTest object failed in test()
StaticAnalysis::analyze() - the Algorithm failed at step: 0 with domain at load factor 1.552e+68
OpenSees > analyze failed, returned: -3 error flag
WARNING: CTestNormDispIncr::test() - failed to converge 
after: 50 iterations  current Norm: 22679.5 (max: 1e-06, Norm deltaR: 5.33304e+08)
NewtonRaphson::solveCurrentStep() -the ConvergenceTest object failed in test()
StaticAnalysis::analyze() - the Algorithm failed at step: 0 with domain at load factor 396.326
OpenSees > analyze failed, returned: -3 error flag
WARNING: CTestNormDispIncr::test() - failed to converge 
after: 50 iterations  current Norm: 27699.6 (max: 1e-06, Norm deltaR: 2.12034e+08)
NewtonLineSearch::solveCurrentStep() -the ConvergenceTest object failed in test()
StaticAnalysis::analyze() - the Algorithm failed at step: 0 with domain at load factor 1486.76
OpenSees > analyze failed, returned: -3 error flag
WARNING: CTestNormDispIncr::test() - failed to converge 
after: 50 iterations  current Norm: 37733.2 (max: 1e-06, Norm deltaR: 3.2055e+08)
AcceleratedNewton::solveCurrentStep() -The ConvergenceTest object failed in test()
StaticAnalysis::analyze() - the Algorithm failed at step: 0 with domain at load factor 550.813
OpenSees > analyze failed, returned: -3 error flag
WARNING: CTestNormDispIncr::test() - failed to converge 
after: 50 iterations  current Norm: 8.32126e+71 (max: 1e-06, Norm deltaR: 2.34302e+75)
ModifiedNewton::solveCurrentStep() -the ConvergenceTest object failed in test()
StaticAnalysis::analyze() - the Algorithm failed at step: 0 with domain at load factor -7.10575e+70
OpenSees > analyze failed, returned: -3 error flag
WARNING: CTestNormDispIncr::test() - failed to converge 
after: 50 iterations  current Norm: 63779.1 (max: 1e-06, Norm deltaR: 7.61532e+08)
NewtonRaphson::solveCurrentStep() -the ConvergenceTest object failed in test()
StaticAnalysis::analyze() - the Algorithm failed at step: 0 with domain at load factor 8425.21
OpenSees > analyze failed, returned: -3 error flag
WARNING: CTestNormDispIncr::test() - failed to converge 
after: 50 iterations  current Norm: 3491.81 (max: 1e-06, Norm deltaR: 1.61042e+08)
NewtonLineSearch::solveCurrentStep() -the ConvergenceTest object failed in test()
StaticAnalysis::analyze() - the Algorithm failed at step: 0 with domain at load factor 602.027
OpenSees > analyze failed, returned: -3 error flag
WARNING: CTestNormDispIncr::test() - failed to converge 
after: 50 iterations  current Norm: 406221 (max: 1e-06, Norm deltaR: 4.84987e+09)
AcceleratedNewton::solveCurrentStep() -The ConvergenceTest object failed in test()
StaticAnalysis::analyze() - the Algorithm failed at step: 0 with domain at load factor 8358.17
OpenSees > analyze failed, returned: -3 error flag
WARNING: CTestNormDispIncr::test() - failed to converge 
after: 50 iterations  current Norm: 1.35041e+72 (max: 1e-06, Norm deltaR: 4.03728e+75)
ModifiedNewton::solveCurrentStep() -the ConvergenceTest object failed in test()
StaticAnalysis::analyze() - the Algorithm failed at step: 0 with domain at load factor -6.98285e+70
OpenSees > analyze failed, returned: -3 error flag
WARNING: CTestNormDispIncr::test() - failed to converge 
after: 50 iterations  current Norm: 43024.9 (max: 1e-06, Norm deltaR: 6.6974e+07)
NewtonRaphson::solveCurrentStep() -the ConvergenceTest object failed in test()
StaticAnalysis::analyze() - the Algorithm failed at step: 0 with domain at load factor -442.599
OpenSees > analyze failed, returned: -3 error flag
WARNING: CTestNormDispIncr::test() - failed to converge 
after: 50 iterations  current Norm: 1281.35 (max: 1e-06, Norm deltaR: 8.72315e+07)
NewtonLineSearch::solveCurrentStep() -the ConvergenceTest object failed in test()
StaticAnalysis::analyze() - the Algorithm failed at step: 0 with domain at load factor -391.218
OpenSees > analyze failed, returned: -3 error flag
WARNING: CTestNormDispIncr::test() - failed to converge 
after: 50 iterations  current Norm: 204701 (max: 1e-06, Norm deltaR: 1.06872e+10)
AcceleratedNewton::solveCurrentStep() -The ConvergenceTest object failed in test()
StaticAnalysis::analyze() - the Algorithm failed at step: 0 with domain at load factor -3685.54
OpenSees > analyze failed, returned: -3 error flag
WARNING: CTestNormDispIncr::test() - failed to converge 
after: 50 iterations  current Norm: 3.64772e+66 (max: 1e-06, Norm deltaR: 1.476e+70)
ModifiedNewton::solveCurrentStep() -the ConvergenceTest object failed in test()
StaticAnalysis::analyze() - the Algorithm failed at step: 0 with domain at load factor -5.48636e+64
OpenSees > analyze failed, returned: -3 error flag
WARNING: CTestNormDispIncr::test() - failed to converge 
after: 50 iterations  current Norm: 26965.1 (max: 1e-06, Norm deltaR: 8.36466e+07)
NewtonRaphson::solveCurrentStep() -the ConvergenceTest object failed in test()
StaticAnalysis::analyze() - the Algorithm failed at step: 0 with domain at load factor -565.365
OpenSees > analyze failed, returned: -3 error flag
WARNING: CTestNormDispIncr::test() - failed to converge 
after: 50 iterations  current Norm: 10.7792 (max: 1e-06, Norm deltaR: 1.21498e+06)
NewtonLineSearch::solveCurrentStep() -the ConvergenceTest object failed in test()
StaticAnalysis::analyze() - the Algorithm failed at step: 0 with domain at load factor 309.513
OpenSees > analyze failed, returned: -3 error flag
WARNING: CTestNormDispIncr::test() - failed to converge 
after: 50 iterations  current Norm: 1426.39 (max: 1e-06, Norm deltaR: 8.84106e+07)
AcceleratedNewton::solveCurrentStep() -The ConvergenceTest object failed in test()
StaticAnalysis::analyze() - the Algorithm failed at step: 0 with domain at load factor 273.178
OpenSees > analyze failed, returned: -3 error flag
WARNING: CTestNormDispIncr::test() - failed to converge 
after: 50 iterations  current Norm: 1.40908e+67 (max: 1e-06, Norm deltaR: 1.10323e+71)
ModifiedNewton::solveCurrentStep() -the ConvergenceTest object failed in test()
StaticAnalysis::analyze() - the Algorithm failed at step: 0 with domain at load factor -2.66476e+66
OpenSees > analyze failed, returned: -3 error flag
WARNING: CTestNormDispIncr::test() - failed to converge 
after: 50 iterations  current Norm: 219115 (max: 1e-06, Norm deltaR: 3.92142e+09)
NewtonRaphson::solveCurrentStep() -the ConvergenceTest object failed in test()
StaticAnalysis::analyze() - the Algorithm failed at step: 0 with domain at load factor 309.528
OpenSees > analyze failed, returned: -3 error flag
WARNING: CTestNormDispIncr::test() - failed to converge 
after: 50 iterations  current Norm: 10.046 (max: 1e-06, Norm deltaR: 3.08202e+06)
NewtonLineSearch::solveCurrentStep() -the ConvergenceTest object failed in test()
StaticAnalysis::analyze() - the Algorithm failed at step: 0 with domain at load factor 289.858
OpenSees > analyze failed, returned: -3 error flag
WARNING: CTestNormDispIncr::test() - failed to converge 
after: 50 iterations  current Norm: 13498.5 (max: 1e-06, Norm deltaR: 2.24547e+08)
AcceleratedNewton::solveCurrentStep() -The ConvergenceTest object failed in test()
StaticAnalysis::analyze() - the Algorithm failed at step: 0 with domain at load factor -2416.87
OpenSees > analyze failed, returned: -3 error flag
WARNING: CTestNormDispIncr::test() - failed to converge 
after: 50 iterations  current Norm: 1.69406e+72 (max: 1e-06, Norm deltaR: 1.24445e+76)
ModifiedNewton::solveCurrentStep() -the ConvergenceTest object failed in test()
StaticAnalysis::analyze() - the Algorithm failed at step: 0 with domain at load factor -4.2281e+71
OpenSees > analyze failed, returned: -3 error flag
WARNING: CTestNormDispIncr::test() - failed to converge 
after: 50 iterations  current Norm: 112870 (max: 1e-06, Norm deltaR: 6.37533e+07)
NewtonRaphson::solveCurrentStep() -the ConvergenceTest object failed in test()
StaticAnalysis::analyze() - the Algorithm failed at step: 0 with domain at load factor -395.731
OpenSees > analyze failed, returned: -3 error flag
WARNING ZeroLength::setDomain(): Element 5000091 has L= 7.80449, which is greater than the tolerance
WARNING ZeroLength::setDomain(): Element 5000092 has L= 7.65863, which is greater than the tolerance
WARNING ZeroLength::setDomain(): Element 5000093 has L= 7.96236, which is greater than the tolerance
WARNING ZeroLength::setDomain(): Element 5000094 has L= 48.9447, which is greater than the tolerance
WARNING ZeroLength::setDomain(): Element 5000095 has L= 52.6569, which is greater than the tolerance
WARNING: CTestNormDispIncr::test() - failed to converge 
after: 50 iterations  current Norm: 547876 (max: 1e-06, Norm deltaR: 7.97656e+07)
NewtonRaphson::solveCurrentStep() -the ConvergenceTest object failed in test()
StaticAnalysis::analyze() - the Algorithm failed at step: 0 with domain at load factor -379.939
OpenSees > analyze failed, returned: -3 error flag
WARNING ZeroLength::setDomain(): Element 5000096 has L= 56.4443, which is greater than the tolerance
WARNING ZeroLength::setDomain(): Element 5000097 has L= 8.11486, which is greater than the tolerance
WARNING ZeroLength::setDomain(): Element 5000098 has L= 20.9718, which is greater than the tolerance
WARNING ZeroLength::setDomain(): Element 5000099 has L= 7.80449, which is greater than the tolerance
WARNING ZeroLength::setDomain(): Element 5000100 has L= 52.0638, which is greater than the tolerance
WARNING ZeroLength::setDomain(): Element 5000101 has L= 56.0402, which is greater than the tolerance
WARNING ZeroLength::setDomain(): Element 5000102 has L= 21.376, which is greater than the tolerance
WARNING ZeroLength::setDomain(): Element 5000103 has L= 7.50363, which is greater than the tolerance
WARNING ZeroLength::setDomain(): Element 5000104 has L= 60.1222, which is greater than the tolerance
WARNING ZeroLength::setDomain(): Element 5000105 has L= 10.1664, which is greater than the tolerance
WARNING ZeroLength::setDomain(): Element 5000106 has L= 7.65863, which is greater than the tolerance
WARNING ZeroLength::setDomain(): Element 5000107 has L= 17.305, which is greater than the tolerance
WARNING ZeroLength::setDomain(): Element 5000108 has L= 16.8965, which is greater than the tolerance
WARNING ZeroLength::setDomain(): Element 5000109 has L= 16.2051, which is greater than the tolerance
WARNING ZeroLength::setDomain(): Element 5000110 has L= 63.8578, which is greater than the tolerance
WARNING ZeroLength::setDomain(): Element 5000111 has L= 20.5783, which is greater than the tolerance
WARNING ZeroLength::setDomain(): Element 5000112 has L= 17.7096, which is greater than the tolerance
WARNING ZeroLength::setDomain(): Element 5000113 has L= 22.3345, which is greater than the tolerance
WARNING ZeroLength::setDomain(): Element 5000114 has L= 21.8249, which is greater than the tolerance
WARNING ZeroLength::setDomain(): Element 5000115 has L= 16.548, which is greater than the tolerance
WARNING ZeroLength::setDomain(): Element 5000116 has L= 10.6846, which is greater than the tolerance
WARNING ZeroLength::setDomain(): Element 5000117 has L= 7.50363, which is greater than the tolerance
WARNING: CTestNormDispIncr::test() - failed to converge 
after: 50 iterations  current Norm: 49018.3 (max: 1e-06, Norm deltaR: 2.69023e+08)
NewtonRaphson::solveCurrentStep() -the ConvergenceTest object failed in test()
StaticAnalysis::analyze() - the Algorithm failed at step: 0 with domain at load factor -288.348
OpenSees > analyze failed, returned: -3 error flag
WARNING ZeroLength::setDomain(): Element 5000118 has L= 18.0855, which is greater than the tolerance
WARNING ZeroLength::setDomain(): Element 5000119 has L= 59.3623, which is greater than the tolerance
WARNING ZeroLength::setDomain(): Element 5000120 has L= 7.32933, which is greater than the tolerance
WARNING ZeroLength::setDomain(): Element 5000121 has L= 9.91195, which is greater than the tolerance
WARNING ZeroLength::setDomain(): Element 5000122 has L= 21.8249, which is greater than the tolerance
WARNING ZeroLength::setDomain(): Element 5000123 has L= 62.035, which is greater than the tolerance
WARNING ZeroLength::setDomain(): Element 5000124 has L= 5.76965, which is greater than the tolerance
WARNING ZeroLength::setDomain(): Element 5000125 has L= 15.8992, which is greater than the tolerance
WARNING ZeroLength::setDomain(): Element 5000126 has L= 20.9718, which is greater than the tolerance
WARNING ZeroLength::setDomain(): Element 5000127 has L= 8.28315, which is greater than the tolerance
WARNING ZeroLength::setDomain(): Element 5000128 has L= 7.32933, which is greater than the tolerance
WARNING ZeroLength::setDomain(): Element 5000129 has L= 16.2051, which is greater than the tolerance
WARNING ZeroLength::setDomain(): Element 5000130 has L= 7.17411, which is greater than the tolerance
WARNING ZeroLength::setDomain(): Element 5000131 has L= 7.96236, which is greater than the tolerance
WARNING ZeroLength::setDomain(): Element 5000132 has L= 8.85084, which is greater than the tolerance
WARNING ZeroLength::setDomain(): Element 5000133 has L= 9.68413, which is greater than the tolerance
WARNING: CTestNormDispIncr::test() - failed to converge 
after: 50 iterations  current Norm: 27253.6 (max: 1e-06, Norm deltaR: 1.7555e+08)
NewtonRaphson::solveCurrentStep() -the ConvergenceTest object failed in test()
StaticAnalysis::analyze() - the Algorithm failed at step: 0 with domain at load factor 174.768
OpenSees > analyze failed, returned: -3 error flag
WARNING ZeroLength::setDomain(): Element 5000134 has L= 21.376, which is greater than the tolerance
WARNING ZeroLength::setDomain(): Element 5000135 has L= 57.8963, which is greater than the tolerance
WARNING ZeroLength::setDomain(): Element 5000136 has L= 66.7493, which is greater than the tolerance
WARNING ZeroLength::setDomain(): Element 5000137 has L= 48.8353, which is greater than the tolerance
WARNING ZeroLength::setDomain(): Element 5000138 has L= 49.3972, which is greater than the tolerance
WARNING ZeroLength::setDomain(): Element 5000139 has L= 49.9138, which is greater than the tolerance
WARNING ZeroLength::setDomain(): Element 5000140 has L= 50.5545, which is greater than the tolerance
WARNING ZeroLength::setDomain(): Element 5000141 has L= 20.5783, which is greater than the tolerance
WARNING ZeroLength::setDomain(): Element 5000142 has L= 15.8992, which is greater than the tolerance
WARNING ZeroLength::setDomain(): Element 5000143 has L= 10.4346, which is greater than the tolerance
WARNING ZeroLength::setDomain(): Element 5000144 has L= 16.8965, which is greater than the tolerance
WARNING ZeroLength::setDomain(): Element 5000145 has L= 10.4346, which is greater than the tolerance
WARNING ZeroLength::setDomain(): Element 5000146 has L= 8.48218, which is greater than the tolerance
WARNING ZeroLength::setDomain(): Element 5000147 has L= 34.3074, which is greater than the tolerance
WARNING ZeroLength::setDomain(): Element 5000148 has L= 65.2967, which is greater than the tolerance
WARNING ZeroLength::setDomain(): Element 5000149 has L= 7.05652, which is greater than the tolerance
WARNING ZeroLength::setDomain(): Element 5000150 has L= 27.9696, which is greater than the tolerance
WARNING ZeroLength::setDomain(): Element 5000151 has L= 57.7819, which is greater than the tolerance
WARNING ZeroLength::setDomain(): Element 5000152 has L= 59.6829, which is greater than the tolerance
WARNING ZeroLength::setDomain(): Element 5000153 has L= 54.728, which is greater than the tolerance
WARNING ZeroLength::setDomain(): Element 5000154 has L= 56.4524, which is greater than the tolerance
WARNING ZeroLength::setDomain(): Element 5000155 has L= 51.638, which is greater than the tolerance
WARNING: CTestNormDispIncr::test() - failed to converge 
after: 50 iterations  current Norm: 16713.3 (max: 1e-06, Norm deltaR: 3.80887e+08)
NewtonRaphson::solveCurrentStep() -the ConvergenceTest object failed in test()
StaticAnalysis::analyze() - the Algorithm failed at step: 0 with domain at load factor 1257.52
OpenSees > analyze failed, returned: -3 error flag
WARNING ZeroLength::setDomain(): Element 5000156 has L= 22.3345, which is greater than the tolerance
WARNING ZeroLength::setDomain(): Element 5000157 has L= 56.5441, which is greater than the tolerance
WARNING ZeroLength::setDomain(): Element 5000158 has L= 58.6312, which is greater than the tolerance
WARNING ZeroLength::setDomain(): Element 5000159 has L= 60.9983, which is greater than the tolerance
WARNING ZeroLength::setDomain(): Element 5000160 has L= 62.6316, which is greater than the tolerance
WARNING ZeroLength::setDomain(): Element 5000161 has L= 16.548, which is greater than the tolerance
WARNING ZeroLength::setDomain(): Element 5000162 has L= 18.4219, which is greater than the tolerance
WARNING ZeroLength::setDomain(): Element 5000163 has L= 7.17411, which is greater than the tolerance
WARNING ZeroLength::setDomain(): Element 5000164 has L= 9.47856, which is greater than the tolerance
WARNING ZeroLength::setDomain(): Element 5000165 has L= 54.2996, which is greater than the tolerance
WARNING ZeroLength::setDomain(): Element 5000166 has L= 34.9905, which is greater than the tolerance
WARNING ZeroLength::setDomain(): Element 5000167 has L= 8.67913, which is greater than the tolerance
WARNING ZeroLength::setDomain(): Element 5000168 has L= 63.3993, which is greater than the tolerance
WARNING ZeroLength::setDomain(): Element 5000169 has L= 34.3074, which is greater than the tolerance
WARNING ZeroLength::setDomain(): Element 5000170 has L= 20.1535, which is greater than the tolerance
WARNING ZeroLength::setDomain(): Element 5000171 has L= 20.1535, which is greater than the tolerance
WARNING ZeroLength::setDomain(): Element 5000172 has L= 15.5865, which is greater than the tolerance
WARNING ZeroLength::setDomain(): Element 5000173 has L= 28.6801, which is greater than the tolerance
WARNING ZeroLength::setDomain(): Element 5000174 has L= 50.3616, which is greater than the tolerance
WARNING ZeroLength::setDomain(): Element 5000175 has L= 6.97073, which is greater than the tolerance
WARNING: CTestNormDispIncr::test() - failed to converge 
after: 50 iterations  current Norm: 212734 (max: 1e-06, Norm deltaR: 6.11262e+07)
NewtonRaphson::solveCurrentStep() -the ConvergenceTest object failed in test()
StaticAnalysis::analyze() - the Algorithm failed at step: 0 with domain at load factor 1015.36
OpenSees > analyze failed, returned: -3 error flag
WARNING ZeroLength::setDomain(): Element 5000176 has L= 57.4858, which is greater than the tolerance
WARNING ZeroLength::setDomain(): Element 5000177 has L= 59.6021, which is greater than the tolerance
WARNING ZeroLength::setDomain(): Element 5000178 has L= 34.9905, which is greater than the tolerance
WARNING ZeroLength::setDomain(): Element 5000179 has L= 56.0286, which is greater than the tolerance
WARNING ZeroLength::setDomain(): Element 5000180 has L= 61.2775, which is greater than the tolerance
WARNING ZeroLength::setDomain(): Element 5000181 has L= 33.6999, which is greater than the tolerance
WARNING ZeroLength::setDomain(): Element 5000182 has L= 15.5865, which is greater than the tolerance
WARNING ZeroLength::setDomain(): Element 5000183 has L= 17.305, which is greater than the tolerance
WARNING ZeroLength::setDomain(): Element 5000184 has L= 66.3864, which is greater than the tolerance
WARNING ZeroLength::setDomain(): Element 5000185 has L= 62.1242, which is greater than the tolerance
WARNING ZeroLength::setDomain(): Element 5000186 has L= 8.11486, which is greater than the tolerance
WARNING ZeroLength::setDomain(): Element 5000187 has L= 35.7014, which is greater than the tolerance
WARNING ZeroLength::setDomain(): Element 5000188 has L= 8.83198, which is greater than the tolerance
WARNING ZeroLength::setDomain(): Element 5000189 has L= 29.2634, which is greater than the tolerance
WARNING ZeroLength::setDomain(): Element 5000190 has L= 67.7379, which is greater than the tolerance
WARNING ZeroLength::setDomain(): Element 5000191 has L= 27.3311, which is greater than the tolerance
WARNING ZeroLength::setDomain(): Element 5000192 has L= 25.5805, which is greater than the tolerance
WARNING ZeroLength::setDomain(): Element 5000193 has L= 22.7557, which is greater than the tolerance
WARNING ZeroLength::setDomain(): Element 5000194 has L= 66.1148, which is greater than the tolerance
WARNING ZeroLength::setDomain(): Element 5000195 has L= 33.6999, which is greater than the tolerance
WARNING ZeroLength::setDomain(): Element 5000196 has L= 60.3818, which is greater than the tolerance
WARNING ZeroLength::setDomain(): Element 5000197 has L= 65.027, which is greater than the tolerance
WARNING ZeroLength::setDomain(): Element 5000198 has L= 36.3824, which is greater than the tolerance
WARNING ZeroLength::setDomain(): Element 5000199 has L= 64.9795, which is greater than the tolerance
WARNING ZeroLength::setDomain(): Element 5000200 has L= 53.1409, which is greater than the tolerance
WARNING ZeroLength::setDomain(): Element 5000201 has L= 58.2897, which is greater than the tolerance
WARNING ZeroLength::setDomain(): Element 5000202 has L= 33.0502, which is greater than the tolerance
