WARNING ZeroLength::setDomain(): Element 5000001 has L= 2.46574, which is greater than the tolerance
WARNING ZeroLength::setDomain(): Element 5000002 has L= 2.21224, which is greater than the tolerance
WARNING ZeroLength::setDomain(): Element 5000003 has L= 1.80695, which is greater than the tolerance
WARNING ZeroLength::setDomain(): Element 5000004 has L= 1.8086, which is greater than the tolerance
WARNING ZeroLength::setDomain(): Element 5000005 has L= 1.74392, which is greater than the tolerance
WARNING ZeroLength::setDomain(): Element 5000006 has L= 1.74392, which is greater than the tolerance
WARNING ZeroLength::setDomain(): Element 5000007 has L= 1.8086, which is greater than the tolerance
WARNING ZeroLength::setDomain(): Element 5000008 has L= 1.80695, which is greater than the tolerance
WARNING ZeroLength::setDomain(): Element 5000009 has L= 2.21224, which is greater than the tolerance
WARNING ZeroLength::setDomain(): Element 5000010 has L= 2.46574, which is greater than the tolerance
WARNING ZeroLength::setDomain(): Element 5000011 has L= 2.31904, which is greater than the tolerance
WARNING ZeroLength::setDomain(): Element 5000012 has L= 2.18061, which is greater than the tolerance
WARNING ZeroLength::setDomain(): Element 5000013 has L= 1.92184, which is greater than the tolerance
WARNING ZeroLength::setDomain(): Element 5000014 has L= 1.94747, which is greater than the tolerance
WARNING ZeroLength::setDomain(): Element 5000015 has L= 1.93517, which is greater than the tolerance
WARNING ZeroLength::setDomain(): Element 5000016 has L= 1.93517, which is greater than the tolerance
WARNING ZeroLength::setDomain(): Element 5000017 has L= 1.94747, which is greater than the tolerance
WARNING ZeroLength::setDomain(): Element 5000018 has L= 1.92184, which is greater than the tolerance
WARNING ZeroLength::setDomain(): Element 5000019 has L= 2.18061, which is greater than the tolerance
WARNING ZeroLength::setDomain(): Element 5000020 has L= 2.31904, which is greater than the tolerance
WARNING ZeroLength::setDomain(): Element 5000021 has L= 2.25397, which is greater than the tolerance
WARNING ZeroLength::setDomain(): Element 5000022 has L= 2.21384, which is greater than the tolerance
WARNING ZeroLength::setDomain(): Element 5000023 has L= 2.09566, which is greater than the tolerance
WARNING ZeroLength::setDomain(): Element 5000024 has L= 2.16046, which is greater than the tolerance
WARNING ZeroLength::setDomain(): Element 5000025 has L= 2.19734, which is greater than the tolerance
WARNING ZeroLength::setDomain(): Element 5000026 has L= 2.19734, which is greater than the tolerance
WARNING ZeroLength::setDomain(): Element 5000027 has L= 2.16046, which is greater than the tolerance
WARNING ZeroLength::setDomain(): Element 5000028 has L= 2.09566, which is greater than the tolerance
WARNING ZeroLength::setDomain(): Element 5000029 has L= 2.21384, which is greater than the tolerance
WARNING ZeroLength::setDomain(): Element 5000030 has L= 2.25397, which is greater than the tolerance
WARNING ZeroLength::setDomain(): Element 5000031 has L= 2.29844, which is greater than the tolerance
WARNING ZeroLength::setDomain(): Element 5000032 has L= 2.31019, which is greater than the tolerance
WARNING ZeroLength::setDomain(): Element 5000033 has L= 2.3093, which is greater than the tolerance
WARNING ZeroLength::setDomain(): Element 5000034 has L= 2.48064, which is greater than the tolerance
WARNING ZeroLength::setDomain(): Element 5000035 has L= 2.62076, which is greater than the tolerance
WARNING ZeroLength::setDomain(): Element 5000036 has L= 2.62076, which is greater than the tolerance
WARNING ZeroLength::setDomain(): Element 5000037 has L= 2.48064, which is greater than the tolerance
WARNING ZeroLength::setDomain(): Element 5000038 has L= 2.3093, which is greater than the tolerance
WARNING ZeroLength::setDomain(): Element 5000039 has L= 2.31019, which is greater than the tolerance
WARNING ZeroLength::setDomain(): Element 5000040 has L= 2.29844, which is greater than the tolerance
WARNING ZeroLength::setDomain(): Element 5000041 has L= 2.35811, which is greater than the tolerance
WARNING ZeroLength::setDomain(): Element 5000042 has L= 2.46594, which is greater than the tolerance
WARNING ZeroLength::setDomain(): Element 5000043 has L= 2.61916, which is greater than the tolerance
WARNING ZeroLength::setDomain(): Element 5000044 has L= 2.78545, which is greater than the tolerance
WARNING ZeroLength::setDomain(): Element 5000045 has L= 2.89105, which is greater than the tolerance
WARNING ZeroLength::setDomain(): Element 5000046 has L= 2.89105, which is greater than the tolerance
WARNING ZeroLength::setDomain(): Element 5000047 has L= 2.78545, which is greater than the tolerance
WARNING ZeroLength::setDomain(): Element 5000048 has L= 2.61916, which is greater than the tolerance
WARNING ZeroLength::setDomain(): Element 5000049 has L= 2.46594, which is greater than the tolerance
WARNING ZeroLength::setDomain(): Element 5000050 has L= 2.35811, which is greater than the tolerance
WARNING ZeroLength::setDomain(): Element 5000051 has L= 2.29401, which is greater than the tolerance
WARNING ZeroLength::setDomain(): Element 5000052 has L= 2.49385, which is greater than the tolerance
WARNING ZeroLength::setDomain(): Element 5000053 has L= 2.79888, which is greater than the tolerance
WARNING ZeroLength::setDomain(): Element 5000054 has L= 2.87539, which is greater than the tolerance
WARNING ZeroLength::setDomain(): Element 5000055 has L= 2.95922, which is greater than the tolerance
WARNING ZeroLength::setDomain(): Element 5000056 has L= 2.95922, which is greater than the tolerance
WARNING ZeroLength::setDomain(): Element 5000057 has L= 2.87539, which is greater than the tolerance
WARNING ZeroLength::setDomain(): Element 5000058 has L= 2.79888, which is greater than the tolerance
WARNING ZeroLength::setDomain(): Element 5000059 has L= 2.49385, which is greater than the tolerance
WARNING ZeroLength::setDomain(): Element 5000060 has L= 2.29401, which is greater than the tolerance
WARNING ZeroLength::setDomain(): Element 5000061 has L= 2.20269, which is greater than the tolerance
WARNING ZeroLength::setDomain(): Element 5000062 has L= 2.36172, which is greater than the tolerance
WARNING ZeroLength::setDomain(): Element 5000063 has L= 2.71974, which is greater than the tolerance
WARNING ZeroLength::setDomain(): Element 5000064 has L= 2.82523, which is greater than the tolerance
WARNING ZeroLength::setDomain(): Element 5000065 has L= 2.95553, which is greater than the tolerance
WARNING ZeroLength::setDomain(): Element 5000066 has L= 2.95553, which is greater than the tolerance
WARNING ZeroLength::setDomain(): Element 5000067 has L= 2.82523, which is greater than the tolerance
WARNING ZeroLength::setDomain(): Element 5000068 has L= 2.71974, which is greater than the tolerance
WARNING ZeroLength::setDomain(): Element 5000069 has L= 2.36172, which is greater than the tolerance
WARNING ZeroLength::setDomain(): Element 5000070 has L= 2.20269, which is greater than the tolerance
WARNING ZeroLength::setDomain(): Element 5000071 has L= 2.12784, which is greater than the tolerance
WARNING ZeroLength::setDomain(): Element 5000072 has L= 2.28795, which is greater than the tolerance
WARNING ZeroLength::setDomain(): Element 5000073 has L= 2.65727, which is greater than the tolerance
WARNING ZeroLength::setDomain(): Element 5000074 has L= 2.80884, which is greater than the tolerance
WARNING ZeroLength::setDomain(): Element 5000075 has L= 2.91818, which is greater than the tolerance
WARNING ZeroLength::setDomain(): Element 5000076 has L= 2.91818, which is greater than the tolerance
WARNING ZeroLength::setDomain(): Element 5000077 has L= 2.80884, which is greater than the tolerance
WARNING ZeroLength::setDomain(): Element 5000078 has L= 2.65727, which is greater than the tolerance
WARNING ZeroLength::setDomain(): Element 5000079 has L= 2.28795, which is greater than the tolerance
WARNING ZeroLength::setDomain(): Element 5000080 has L= 2.12784, which is greater than the tolerance
WARNING ZeroLength::setDomain(): Element 5000081 has L= 2.0991, which is greater than the tolerance
WARNING ZeroLength::setDomain(): Element 5000082 has L= 2.23231, which is greater than the tolerance
WARNING ZeroLength::setDomain(): Element 5000083 has L= 2.58394, which is greater than the tolerance
WARNING ZeroLength::setDomain(): Element 5000084 has L= 2.77074, which is greater than the tolerance
WARNING ZeroLength::setDomain(): Element 5000085 has L= 2.8168, which is greater than the tolerance
WARNING ZeroLength::setDomain(): Element 5000086 has L= 2.8168, which is greater than the tolerance
WARNING ZeroLength::setDomain(): Element 5000087 has L= 2.77074, which is greater than the tolerance
WARNING ZeroLength::setDomain(): Element 5000088 has L= 2.58394, which is greater than the tolerance
WARNING ZeroLength::setDomain(): Element 5000089 has L= 2.23231, which is greater than the tolerance
WARNING ZeroLength::setDomain(): Element 5000090 has L= 2.0991, which is greater than the tolerance
WARNING: CTestNormDispIncr::test() - failed to converge 
after: 50 iterations  current Norm: 118140 (max: 1e-06, Norm deltaR: 6.84745e+07)
NewtonRaphson::solveCurrentStep() -the ConvergenceTest object failed in test()
StaticAnalysis::analyze() - the Algorithm failed at step: 0 with domain at load factor -334.994
OpenSees > analyze failed, returned: -3 error flag
WARNING: CTestNormDispIncr::test() - failed to converge 
after: 50 iterations  current Norm: 39199.6 (max: 1e-06, Norm deltaR: 3.90984e+08)
NewtonLineSearch::solveCurrentStep() -the ConvergenceTest object failed in test()
StaticAnalysis::analyze() - the Algorithm failed at step: 0 with domain at load factor 313.965
OpenSees > analyze failed, returned: -3 error flag
WARNING: CTestNormDispIncr::test() - failed to converge 
after: 50 iterations  current Norm: 114926 (max: 1e-06, Norm deltaR: 9.49102e+08)
AcceleratedNewton::solveCurrentStep() -The ConvergenceTest object failed in test()
StaticAnalysis::analyze() - the Algorithm failed at step: 0 with domain at load factor -683.156
OpenSees > analyze failed, returned: -3 error flag
WARNING: CTestNormDispIncr::test() - failed to converge 
after: 50 iterations  current Norm: 2.46698e+67 (max: 1e-06, Norm deltaR: 7.76219e+70)
ModifiedNewton::solveCurrentStep() -the ConvergenceTest object failed in test()
StaticAnalysis::analyze() - the Algorithm failed at step: 0 with domain at load factor -1.2578e+66
OpenSees > analyze failed, returned: -3 error flag
WARNING: CTestNormDispIncr::test() - failed to converge 
after: 50 iterations  current Norm: 26687.2 (max: 1e-06, Norm deltaR: 5.50624e+08)
NewtonRaphson::solveCurrentStep() -the ConvergenceTest object failed in test()
StaticAnalysis::analyze() - the Algorithm failed at step: 0 with domain at load factor 5112.74
OpenSees > analyze failed, returned: -3 error flag
WARNING: CTestNormDispIncr::test() - failed to converge 
after: 50 iterations  current Norm: 37868.5 (max: 1e-06, Norm deltaR: 1.05205e+09)
NewtonRaphson::solveCurrentStep() -the ConvergenceTest object failed in test()
StaticAnalysis::analyze() - the Algorithm failed at step: 0 with domain at load factor 3096.47
OpenSees > analyze failed, returned: -3 error flag
WARNING: CTestNormDispIncr::test() - failed to converge 
after: 50 iterations  current Norm: 1688.53 (max: 1e-06, Norm deltaR: 9.20009e+07)
NewtonLineSearch::solveCurrentStep() -the ConvergenceTest object failed in test()
StaticAnalysis::analyze() - the Algorithm failed at step: 0 with domain at load factor 4414.72
OpenSees > analyze failed, returned: -3 error flag
WARNING ZeroLength::setDomain(): Element 5000091 has L= 7.89679, which is greater than the tolerance
WARNING ZeroLength::setDomain(): Element 5000092 has L= 8.05467, which is greater than the tolerance
WARNING ZeroLength::setDomain(): Element 5000093 has L= 7.75093, which is greater than the tolerance
WARNING ZeroLength::setDomain(): Element 5000094 has L= 51.3318, which is greater than the tolerance
WARNING: CTestNormDispIncr::test() - failed to converge 
after: 50 iterations  current Norm: 34833.7 (max: 1e-06, Norm deltaR: 1.16242e+09)
NewtonRaphson::solveCurrentStep() -the ConvergenceTest object failed in test()
StaticAnalysis::analyze() - the Algorithm failed at step: 0 with domain at load factor -5818.68
OpenSees > analyze failed, returned: -3 error flag
WARNING: CTestNormDispIncr::test() - failed to converge 
after: 50 iterations  current Norm: 4883.43 (max: 1e-06, Norm deltaR: 1.8651e+08)
NewtonLineSearch::solveCurrentStep() -the ConvergenceTest object failed in test()
StaticAnalysis::analyze() - the Algorithm failed at step: 0 with domain at load factor -548.043
OpenSees > analyze failed, returned: -3 error flag
WARNING: CTestNormDispIncr::test() - failed to converge 
after: 50 iterations  current Norm: 2.20218 (max: 1e-06, Norm deltaR: 1.14177e+06)
AcceleratedNewton::solveCurrentStep() -The ConvergenceTest object failed in test()
StaticAnalysis::analyze() - the Algorithm failed at step: 0 with domain at load factor 326.897
OpenSees > analyze failed, returned: -3 error flag
WARNING: CTestNormDispIncr::test() - failed to converge 
after: 50 iterations  current Norm: 1.05994e+89 (max: 1e-06, Norm deltaR: 6.84609e+92)
ModifiedNewton::solveCurrentStep() -the ConvergenceTest object failed in test()
StaticAnalysis::analyze() - the Algorithm failed at step: 0 with domain at load factor 6.6714e+87
OpenSees > analyze failed, returned: -3 error flag
WARNING: CTestNormDispIncr::test() - failed to converge 
after: 50 iterations  current Norm: 58947.3 (max: 1e-06, Norm deltaR: 7.41469e+07)
NewtonRaphson::solveCurrentStep() -the ConvergenceTest object failed in test()
StaticAnalysis::analyze() - the Algorithm failed at step: 0 with domain at load factor -84.284
OpenSees > analyze failed, returned: -3 error flag
WARNING: CTestNormDispIncr::test() - failed to converge 
after: 50 iterations  current Norm: 19.5672 (max: 1e-06, Norm deltaR: 5.00532e+06)
NewtonLineSearch::solveCurrentStep() -the ConvergenceTest object failed in test()
StaticAnalysis::analyze() - the Algorithm failed at step: 0 with domain at load factor 297.435
OpenSees > analyze failed, returned: -3 error flag
WARNING: CTestNormDispIncr::test() - failed to converge 
after: 50 iterations  current Norm: 6.03585 (max: 1e-06, Norm deltaR: 932750)
AcceleratedNewton::solveCurrentStep() -The ConvergenceTest object failed in test()
StaticAnalysis::analyze() - the Algorithm failed at step: 0 with domain at load factor 320.251
OpenSees > analyze failed, returned: -3 error flag
WARNING: CTestNormDispIncr::test() - failed to converge 
after: 50 iterations  current Norm: 0.432387 (max: 1e-06, Norm deltaR: 35047.5)
ModifiedNewton::solveCurrentStep() -the ConvergenceTest object failed in test()
StaticAnalysis::analyze() - the Algorithm failed at step: 0 with domain at load factor 325.697
OpenSees > analyze failed, returned: -3 error flag
WARNING ZeroLength::setDomain(): Element 5000095 has L= 51.3377, which is greater than the tolerance
WARNING ZeroLength::setDomain(): Element 5000096 has L= 52.2637, which is greater than the tolerance
WARNING ZeroLength::setDomain(): Element 5000097 has L= 8.20717, which is greater than the tolerance
WARNING ZeroLength::setDomain(): Element 5000098 has L= 55.2379, which is greater than the tolerance
WARNING ZeroLength::setDomain(): Element 5000099 has L= 55.8834, which is greater than the tolerance
WARNING ZeroLength::setDomain(): Element 5000100 has L= 7.89679, which is greater than the tolerance
WARNING ZeroLength::setDomain(): Element 5000101 has L= 21.0589, which is greater than the tolerance
WARNING ZeroLength::setDomain(): Element 5000102 has L= 21.463, which is greater than the tolerance
WARNING ZeroLength::setDomain(): Element 5000103 has L= 8.05467, which is greater than the tolerance
WARNING ZeroLength::setDomain(): Element 5000104 has L= 7.75093, which is greater than the tolerance
WARNING ZeroLength::setDomain(): Element 5000105 has L= 7.59592, which is greater than the tolerance
WARNING ZeroLength::setDomain(): Element 5000106 has L= 17.3973, which is greater than the tolerance
WARNING ZeroLength::setDomain(): Element 5000107 has L= 21.9118, which is greater than the tolerance
WARNING ZeroLength::setDomain(): Element 5000108 has L= 16.9888, which is greater than the tolerance
WARNING ZeroLength::setDomain(): Element 5000109 has L= 59.3428, which is greater than the tolerance
WARNING: CTestNormDispIncr::test() - failed to converge 
after: 50 iterations  current Norm: 11370.3 (max: 1e-06, Norm deltaR: 3.04296e+08)
NewtonRaphson::solveCurrentStep() -the ConvergenceTest object failed in test()
StaticAnalysis::analyze() - the Algorithm failed at step: 0 with domain at load factor 743.395
OpenSees > analyze failed, returned: -3 error flag
WARNING ZeroLength::setDomain(): Element 5000110 has L= 22.4214, which is greater than the tolerance
WARNING ZeroLength::setDomain(): Element 5000111 has L= 52.405, which is greater than the tolerance
WARNING ZeroLength::setDomain(): Element 5000112 has L= 17.802, which is greater than the tolerance
WARNING ZeroLength::setDomain(): Element 5000113 has L= 21.9118, which is greater than the tolerance
WARNING ZeroLength::setDomain(): Element 5000114 has L= 16.6403, which is greater than the tolerance
WARNING ZeroLength::setDomain(): Element 5000115 has L= 16.2975, which is greater than the tolerance
WARNING ZeroLength::setDomain(): Element 5000116 has L= 53.4813, which is greater than the tolerance
WARNING ZeroLength::setDomain(): Element 5000117 has L= 54.9359, which is greater than the tolerance
WARNING ZeroLength::setDomain(): Element 5000118 has L= 7.59592, which is greater than the tolerance
WARNING ZeroLength::setDomain(): Element 5000119 has L= 9.9826, which is greater than the tolerance
WARNING ZeroLength::setDomain(): Element 5000120 has L= 50.4085, which is greater than the tolerance
WARNING ZeroLength::setDomain(): Element 5000121 has L= 20.6655, which is greater than the tolerance
WARNING ZeroLength::setDomain(): Element 5000122 has L= 7.42161, which is greater than the tolerance
WARNING ZeroLength::setDomain(): Element 5000123 has L= 58.8314, which is greater than the tolerance
WARNING ZeroLength::setDomain(): Element 5000124 has L= 21.0589, which is greater than the tolerance
WARNING ZeroLength::setDomain(): Element 5000125 has L= 18.1778, which is greater than the tolerance
WARNING ZeroLength::setDomain(): Element 5000126 has L= 8.37547, which is greater than the tolerance
WARNING ZeroLength::setDomain(): Element 5000127 has L= 10.7548, which is greater than the tolerance
WARNING ZeroLength::setDomain(): Element 5000128 has L= 21.463, which is greater than the tolerance
WARNING ZeroLength::setDomain(): Element 5000129 has L= 10.2368, which is greater than the tolerance
WARNING ZeroLength::setDomain(): Element 5000130 has L= 16.9888, which is greater than the tolerance
WARNING ZeroLength::setDomain(): Element 5000131 has L= 61.8358, which is greater than the tolerance
WARNING ZeroLength::setDomain(): Element 5000132 has L= 16.2975, which is greater than the tolerance
WARNING ZeroLength::setDomain(): Element 5000133 has L= 7.26637, which is greater than the tolerance
WARNING ZeroLength::setDomain(): Element 5000134 has L= 9.75514, which is greater than the tolerance
WARNING ZeroLength::setDomain(): Element 5000135 has L= 7.91135, which is greater than the tolerance
WARNING ZeroLength::setDomain(): Element 5000136 has L= 53.7502, which is greater than the tolerance
WARNING ZeroLength::setDomain(): Element 5000137 has L= 20.6655, which is greater than the tolerance
WARNING ZeroLength::setDomain(): Element 5000138 has L= 7.42161, which is greater than the tolerance
WARNING ZeroLength::setDomain(): Element 5000139 has L= 15.9915, which is greater than the tolerance
WARNING ZeroLength::setDomain(): Element 5000140 has L= 57.9478, which is greater than the tolerance
WARNING ZeroLength::setDomain(): Element 5000141 has L= 8.57448, which is greater than the tolerance
WARNING ZeroLength::setDomain(): Element 5000142 has L= 54.2117, which is greater than the tolerance
WARNING ZeroLength::setDomain(): Element 5000143 has L= 55.8407, which is greater than the tolerance
WARNING ZeroLength::setDomain(): Element 5000144 has L= 67.0478, which is greater than the tolerance
WARNING ZeroLength::setDomain(): Element 5000145 has L= 16.6403, which is greater than the tolerance
WARNING ZeroLength::setDomain(): Element 5000146 has L= 9.4934, which is greater than the tolerance
WARNING ZeroLength::setDomain(): Element 5000147 has L= 22.4214, which is greater than the tolerance
WARNING ZeroLength::setDomain(): Element 5000148 has L= 57.9569, which is greater than the tolerance
WARNING ZeroLength::setDomain(): Element 5000149 has L= 15.6789, which is greater than the tolerance
WARNING ZeroLength::setDomain(): Element 5000150 has L= 56.5735, which is greater than the tolerance
WARNING ZeroLength::setDomain(): Element 5000151 has L= 20.2408, which is greater than the tolerance
WARNING ZeroLength::setDomain(): Element 5000152 has L= 7.14877, which is greater than the tolerance
WARNING ZeroLength::setDomain(): Element 5000153 has L= 9.55005, which is greater than the tolerance
WARNING ZeroLength::setDomain(): Element 5000154 has L= 48.4206, which is greater than the tolerance
WARNING ZeroLength::setDomain(): Element 5000155 has L= 35.0813, which is greater than the tolerance
WARNING ZeroLength::setDomain(): Element 5000156 has L= 56.9331, which is greater than the tolerance
WARNING ZeroLength::setDomain(): Element 5000157 has L= 48.128, which is greater than the tolerance
WARNING ZeroLength::setDomain(): Element 5000158 has L= 18.5143, which is greater than the tolerance
WARNING ZeroLength::setDomain(): Element 5000159 has L= 48.9399, which is greater than the tolerance
WARNING ZeroLength::setDomain(): Element 5000160 has L= 34.3982, which is greater than the tolerance
WARNING ZeroLength::setDomain(): Element 5000161 has L= 15.9915, which is greater than the tolerance
WARNING ZeroLength::setDomain(): Element 5000162 has L= 7.26637, which is greater than the tolerance
WARNING ZeroLength::setDomain(): Element 5000163 has L= 28.0619, which is greater than the tolerance
WARNING ZeroLength::setDomain(): Element 5000164 has L= 35.0813, which is greater than the tolerance
WARNING ZeroLength::setDomain(): Element 5000165 has L= 10.5049, which is greater than the tolerance
WARNING ZeroLength::setDomain(): Element 5000166 has L= 9.75514, which is greater than the tolerance
WARNING ZeroLength::setDomain(): Element 5000167 has L= 8.77142, which is greater than the tolerance
WARNING ZeroLength::setDomain(): Element 5000168 has L= 50.0192, which is greater than the tolerance
WARNING ZeroLength::setDomain(): Element 5000169 has L= 20.2408, which is greater than the tolerance
WARNING ZeroLength::setDomain(): Element 5000170 has L= 33.7907, which is greater than the tolerance
WARNING ZeroLength::setDomain(): Element 5000171 has L= 65.4121, which is greater than the tolerance
WARNING ZeroLength::setDomain(): Element 5000172 has L= 34.3982, which is greater than the tolerance
WARNING ZeroLength::setDomain(): Element 5000173 has L= 55.2417, which is greater than the tolerance
WARNING ZeroLength::setDomain(): Element 5000174 has L= 48.6936, which is greater than the tolerance
WARNING ZeroLength::setDomain(): Element 5000175 has L= 15.6789, which is greater than the tolerance
WARNING: CTestNormDispIncr::test() - failed to converge 
after: 50 iterations  current Norm: 17630.1 (max: 1e-06, Norm deltaR: 1.11073e+08)
NewtonRaphson::solveCurrentStep() -the ConvergenceTest object failed in test()
StaticAnalysis::analyze() - the Algorithm failed at step: 0 with domain at load factor -135.868
OpenSees > analyze failed, returned: -3 error flag
WARNING: CTestNormDispIncr::test() - failed to converge 
after: 50 iterations  current Norm: 36635 (max: 1e-06, Norm deltaR: 9.69e+08)
NewtonLineSearch::solveCurrentStep() -the ConvergenceTest object failed in test()
StaticAnalysis::analyze() - the Algorithm failed at step: 0 with domain at load factor 14213.2
OpenSees > analyze failed, returned: -3 error flag
WARNING: CTestNormDispIncr::test() - failed to converge 
after: 50 iterations  current Norm: 71.0911 (max: 1e-06, Norm deltaR: 96283)
AcceleratedNewton::solveCurrentStep() -The ConvergenceTest object failed in test()
StaticAnalysis::analyze() - the Algorithm failed at step: 0 with domain at load factor 730.544
OpenSees > analyze failed, returned: -3 error flag
WARNING: CTestNormDispIncr::test() - failed to converge 
after: 50 iterations  current Norm: 5.51865e+79 (max: 1e-06, Norm deltaR: 5.54524e+83)
ModifiedNewton::solveCurrentStep() -the ConvergenceTest object failed in test()
StaticAnalysis::analyze() - the Algorithm failed at step: 0 with domain at load factor -1.7914e+78
OpenSees > analyze failed, returned: -3 error flag
WARNING: CTestNormDispIncr::test() - failed to converge 
after: 50 iterations  current Norm: 26789.6 (max: 1e-06, Norm deltaR: 5.07396e+08)
NewtonRaphson::solveCurrentStep() -the ConvergenceTest object failed in test()
StaticAnalysis::analyze() - the Algorithm failed at step: 0 with domain at load factor 3654.72
OpenSees > analyze failed, returned: -3 error flag
WARNING ZeroLength::setDomain(): Element 5000176 has L= 28.7725, which is greater than the tolerance
WARNING ZeroLength::setDomain(): Element 5000177 has L= 60.3468, which is greater than the tolerance
WARNING ZeroLength::setDomain(): Element 5000178 has L= 8.20717, which is greater than the tolerance
WARNING ZeroLength::setDomain(): Element 5000179 has L= 62.0972, which is greater than the tolerance
WARNING ZeroLength::setDomain(): Element 5000180 has L= 17.3973, which is greater than the tolerance
WARNING ZeroLength::setDomain(): Element 5000181 has L= 59.522, which is greater than the tolerance
WARNING ZeroLength::setDomain(): Element 5000182 has L= 7.06297, which is greater than the tolerance
WARNING ZeroLength::setDomain(): Element 5000183 has L= 63.5603, which is greater than the tolerance
WARNING ZeroLength::setDomain(): Element 5000184 has L= 22.8424, which is greater than the tolerance
WARNING ZeroLength::setDomain(): Element 5000185 has L= 64.8765, which is greater than the tolerance
WARNING ZeroLength::setDomain(): Element 5000186 has L= 29.3557, which is greater than the tolerance
WARNING ZeroLength::setDomain(): Element 5000187 has L= 35.7922, which is greater than the tolerance
WARNING ZeroLength::setDomain(): Element 5000188 has L= 8.92427, which is greater than the tolerance
WARNING ZeroLength::setDomain(): Element 5000189 has L= 27.4234, which is greater than the tolerance
WARNING ZeroLength::setDomain(): Element 5000190 has L= 33.141, which is greater than the tolerance
WARNING ZeroLength::setDomain(): Element 5000191 has L= 62.1391, which is greater than the tolerance
WARNING ZeroLength::setDomain(): Element 5000192 has L= 33.7907, which is greater than the tolerance
WARNING ZeroLength::setDomain(): Element 5000193 has L= 51.5922, which is greater than the tolerance
WARNING ZeroLength::setDomain(): Element 5000194 has L= 36.4732, which is greater than the tolerance
WARNING ZeroLength::setDomain(): Element 5000195 has L= 59.3676, which is greater than the tolerance
