WARNING ZeroLength::setDomain(): Element 5000001 has L= 2.44556, which is greater than the tolerance
WARNING ZeroLength::setDomain(): Element 5000002 has L= 2.192, which is greater than the tolerance
WARNING ZeroLength::setDomain(): Element 5000003 has L= 1.78667, which is greater than the tolerance
WARNING ZeroLength::setDomain(): Element 5000004 has L= 1.78832, which is greater than the tolerance
WARNING ZeroLength::setDomain(): Element 5000005 has L= 1.72363, which is greater than the tolerance
WARNING ZeroLength::setDomain(): Element 5000006 has L= 1.72363, which is greater than the tolerance
WARNING ZeroLength::setDomain(): Element 5000007 has L= 1.78832, which is greater than the tolerance
WARNING ZeroLength::setDomain(): Element 5000008 has L= 1.78667, which is greater than the tolerance
WARNING ZeroLength::setDomain(): Element 5000009 has L= 2.192, which is greater than the tolerance
WARNING ZeroLength::setDomain(): Element 5000010 has L= 2.44556, which is greater than the tolerance
WARNING ZeroLength::setDomain(): Element 5000011 has L= 2.29887, which is greater than the tolerance
WARNING ZeroLength::setDomain(): Element 5000012 has L= 2.16036, which is greater than the tolerance
WARNING ZeroLength::setDomain(): Element 5000013 has L= 1.90156, which is greater than the tolerance
WARNING ZeroLength::setDomain(): Element 5000014 has L= 1.92718, which is greater than the tolerance
WARNING ZeroLength::setDomain(): Element 5000015 has L= 1.91489, which is greater than the tolerance
WARNING ZeroLength::setDomain(): Element 5000016 has L= 1.91489, which is greater than the tolerance
WARNING ZeroLength::setDomain(): Element 5000017 has L= 1.92718, which is greater than the tolerance
WARNING ZeroLength::setDomain(): Element 5000018 has L= 1.90156, which is greater than the tolerance
WARNING ZeroLength::setDomain(): Element 5000019 has L= 2.16036, which is greater than the tolerance
WARNING ZeroLength::setDomain(): Element 5000020 has L= 2.29887, which is greater than the tolerance
WARNING ZeroLength::setDomain(): Element 5000021 has L= 2.23377, which is greater than the tolerance
WARNING ZeroLength::setDomain(): Element 5000022 has L= 2.19357, which is greater than the tolerance
WARNING ZeroLength::setDomain(): Element 5000023 has L= 2.07538, which is greater than the tolerance
WARNING ZeroLength::setDomain(): Element 5000024 has L= 2.14018, which is greater than the tolerance
WARNING ZeroLength::setDomain(): Element 5000025 has L= 2.17706, which is greater than the tolerance
WARNING ZeroLength::setDomain(): Element 5000026 has L= 2.17706, which is greater than the tolerance
WARNING ZeroLength::setDomain(): Element 5000027 has L= 2.14018, which is greater than the tolerance
WARNING ZeroLength::setDomain(): Element 5000028 has L= 2.07538, which is greater than the tolerance
WARNING ZeroLength::setDomain(): Element 5000029 has L= 2.19357, which is greater than the tolerance
WARNING ZeroLength::setDomain(): Element 5000030 has L= 2.23377, which is greater than the tolerance
WARNING ZeroLength::setDomain(): Element 5000031 has L= 2.27818, which is greater than the tolerance
WARNING ZeroLength::setDomain(): Element 5000032 has L= 2.28992, which is greater than the tolerance
WARNING ZeroLength::setDomain(): Element 5000033 has L= 2.28902, which is greater than the tolerance
WARNING ZeroLength::setDomain(): Element 5000034 has L= 2.46035, which is greater than the tolerance
WARNING ZeroLength::setDomain(): Element 5000035 has L= 2.60048, which is greater than the tolerance
WARNING ZeroLength::setDomain(): Element 5000036 has L= 2.60048, which is greater than the tolerance
WARNING ZeroLength::setDomain(): Element 5000037 has L= 2.46035, which is greater than the tolerance
WARNING ZeroLength::setDomain(): Element 5000038 has L= 2.28902, which is greater than the tolerance
WARNING ZeroLength::setDomain(): Element 5000039 has L= 2.28992, which is greater than the tolerance
WARNING ZeroLength::setDomain(): Element 5000040 has L= 2.27818, which is greater than the tolerance
WARNING ZeroLength::setDomain(): Element 5000041 has L= 2.33783, which is greater than the tolerance
WARNING ZeroLength::setDomain(): Element 5000042 has L= 2.44566, which is greater than the tolerance
WARNING ZeroLength::setDomain(): Element 5000043 has L= 2.59887, which is greater than the tolerance
WARNING ZeroLength::setDomain(): Element 5000044 has L= 2.76516, which is greater than the tolerance
WARNING ZeroLength::setDomain(): Element 5000045 has L= 2.87077, which is greater than the tolerance
WARNING ZeroLength::setDomain(): Element 5000046 has L= 2.87077, which is greater than the tolerance
WARNING ZeroLength::setDomain(): Element 5000047 has L= 2.76516, which is greater than the tolerance
WARNING ZeroLength::setDomain(): Element 5000048 has L= 2.59887, which is greater than the tolerance
WARNING ZeroLength::setDomain(): Element 5000049 has L= 2.44566, which is greater than the tolerance
WARNING ZeroLength::setDomain(): Element 5000050 has L= 2.33783, which is greater than the tolerance
WARNING ZeroLength::setDomain(): Element 5000051 has L= 2.27373, which is greater than the tolerance
WARNING ZeroLength::setDomain(): Element 5000052 has L= 2.47356, which is greater than the tolerance
WARNING ZeroLength::setDomain(): Element 5000053 has L= 2.77859, which is greater than the tolerance
WARNING ZeroLength::setDomain(): Element 5000054 has L= 2.85511, which is greater than the tolerance
WARNING ZeroLength::setDomain(): Element 5000055 has L= 2.93893, which is greater than the tolerance
WARNING ZeroLength::setDomain(): Element 5000056 has L= 2.93893, which is greater than the tolerance
WARNING ZeroLength::setDomain(): Element 5000057 has L= 2.85511, which is greater than the tolerance
WARNING ZeroLength::setDomain(): Element 5000058 has L= 2.77859, which is greater than the tolerance
WARNING ZeroLength::setDomain(): Element 5000059 has L= 2.47356, which is greater than the tolerance
WARNING ZeroLength::setDomain(): Element 5000060 has L= 2.27373, which is greater than the tolerance
WARNING ZeroLength::setDomain(): Element 5000061 has L= 2.18242, which is greater than the tolerance
WARNING ZeroLength::setDomain(): Element 5000062 has L= 2.34144, which is greater than the tolerance
WARNING ZeroLength::setDomain(): Element 5000063 has L= 2.69945, which is greater than the tolerance
WARNING ZeroLength::setDomain(): Element 5000064 has L= 2.80494, which is greater than the tolerance
WARNING ZeroLength::setDomain(): Element 5000065 has L= 2.93524, which is greater than the tolerance
WARNING ZeroLength::setDomain(): Element 5000066 has L= 2.93524, which is greater than the tolerance
WARNING ZeroLength::setDomain(): Element 5000067 has L= 2.80494, which is greater than the tolerance
WARNING ZeroLength::setDomain(): Element 5000068 has L= 2.69945, which is greater than the tolerance
WARNING ZeroLength::setDomain(): Element 5000069 has L= 2.34144, which is greater than the tolerance
WARNING ZeroLength::setDomain(): Element 5000070 has L= 2.18242, which is greater than the tolerance
WARNING ZeroLength::setDomain(): Element 5000071 has L= 2.10757, which is greater than the tolerance
WARNING ZeroLength::setDomain(): Element 5000072 has L= 2.26767, which is greater than the tolerance
WARNING ZeroLength::setDomain(): Element 5000073 has L= 2.63699, which is greater than the tolerance
WARNING ZeroLength::setDomain(): Element 5000074 has L= 2.78855, which is greater than the tolerance
WARNING ZeroLength::setDomain(): Element 5000075 has L= 2.89789, which is greater than the tolerance
WARNING ZeroLength::setDomain(): Element 5000076 has L= 2.89789, which is greater than the tolerance
WARNING ZeroLength::setDomain(): Element 5000077 has L= 2.78855, which is greater than the tolerance
WARNING ZeroLength::setDomain(): Element 5000078 has L= 2.63699, which is greater than the tolerance
WARNING ZeroLength::setDomain(): Element 5000079 has L= 2.26767, which is greater than the tolerance
WARNING ZeroLength::setDomain(): Element 5000080 has L= 2.10757, which is greater than the tolerance
WARNING ZeroLength::setDomain(): Element 5000081 has L= 2.07882, which is greater than the tolerance
WARNING ZeroLength::setDomain(): Element 5000082 has L= 2.21202, which is greater than the tolerance
WARNING ZeroLength::setDomain(): Element 5000083 has L= 2.56365, which is greater than the tolerance
WARNING ZeroLength::setDomain(): Element 5000084 has L= 2.75046, which is greater than the tolerance
WARNING ZeroLength::setDomain(): Element 5000085 has L= 2.79652, which is greater than the tolerance
WARNING ZeroLength::setDomain(): Element 5000086 has L= 2.79652, which is greater than the tolerance
WARNING ZeroLength::setDomain(): Element 5000087 has L= 2.75046, which is greater than the tolerance
WARNING ZeroLength::setDomain(): Element 5000088 has L= 2.56365, which is greater than the tolerance
WARNING ZeroLength::setDomain(): Element 5000089 has L= 2.21202, which is greater than the tolerance
WARNING ZeroLength::setDomain(): Element 5000090 has L= 2.07882, which is greater than the tolerance
WARNING: CTestNormDispIncr::test() - failed to converge 
after: 50 iterations  current Norm: 1.91101e+06 (max: 1e-06, Norm deltaR: 7.3549e+07)
NewtonRaphson::solveCurrentStep() -the ConvergenceTest object failed in test()
StaticAnalysis::analyze() - the Algorithm failed at step: 0 with domain at load factor -536.482
OpenSees > analyze failed, returned: -3 error flag
WARNING: CTestNormDispIncr::test() - failed to converge 
after: 50 iterations  current Norm: 66495.8 (max: 1e-06, Norm deltaR: 8.99401e+08)
NewtonRaphson::solveCurrentStep() -the ConvergenceTest object failed in test()
StaticAnalysis::analyze() - the Algorithm failed at step: 0 with domain at load factor 10241.5
OpenSees > analyze failed, returned: -3 error flag
WARNING: CTestNormDispIncr::test() - failed to converge 
after: 50 iterations  current Norm: 18979.8 (max: 1e-06, Norm deltaR: 2.81045e+08)
NewtonLineSearch::solveCurrentStep() -the ConvergenceTest object failed in test()
StaticAnalysis::analyze() - the Algorithm failed at step: 0 with domain at load factor 35446.6
OpenSees > analyze failed, returned: -3 error flag
WARNING: CTestNormDispIncr::test() - failed to converge 
after: 50 iterations  current Norm: 73260.7 (max: 1e-06, Norm deltaR: 1.43391e+09)
AcceleratedNewton::solveCurrentStep() -The ConvergenceTest object failed in test()
StaticAnalysis::analyze() - the Algorithm failed at step: 0 with domain at load factor 2092.27
OpenSees > analyze failed, returned: -3 error flag
WARNING: CTestNormDispIncr::test() - failed to converge 
after: 50 iterations  current Norm: 2.91253e+69 (max: 1e-06, Norm deltaR: 8.43749e+72)
ModifiedNewton::solveCurrentStep() -the ConvergenceTest object failed in test()
StaticAnalysis::analyze() - the Algorithm failed at step: 0 with domain at load factor -1.95509e+68
OpenSees > analyze failed, returned: -3 error flag
WARNING: CTestNormDispIncr::test() - failed to converge 
after: 50 iterations  current Norm: 26404.5 (max: 1e-06, Norm deltaR: 6.02315e+08)
NewtonRaphson::solveCurrentStep() -the ConvergenceTest object failed in test()
StaticAnalysis::analyze() - the Algorithm failed at step: 0 with domain at load factor -319.373
OpenSees > analyze failed, returned: -3 error flag
WARNING: CTestNormDispIncr::test() - failed to converge 
after: 50 iterations  current Norm: 6.52293 (max: 1e-06, Norm deltaR: 2.46896e+06)
NewtonLineSearch::solveCurrentStep() -the ConvergenceTest object failed in test()
StaticAnalysis::analyze() - the Algorithm failed at step: 0 with domain at load factor 334.471
OpenSees > analyze failed, returned: -3 error flag
WARNING: CTestNormDispIncr::test() - failed to converge 
after: 50 iterations  current Norm: 31001.4 (max: 1e-06, Norm deltaR: 1.53341e+08)
AcceleratedNewton::solveCurrentStep() -The ConvergenceTest object failed in test()
StaticAnalysis::analyze() - the Algorithm failed at step: 0 with domain at load factor 956.197
OpenSees > analyze failed, returned: -3 error flag
WARNING: CTestNormDispIncr::test() - failed to converge 
after: 50 iterations  current Norm: 3.68954e+64 (max: 1e-06, Norm deltaR: 1.14247e+68)
ModifiedNewton::solveCurrentStep() -the ConvergenceTest object failed in test()
StaticAnalysis::analyze() - the Algorithm failed at step: 0 with domain at load factor -2.13945e+63
OpenSees > analyze failed, returned: -3 error flag
WARNING: CTestNormDispIncr::test() - failed to converge 
after: 50 iterations  current Norm: 22115.4 (max: 1e-06, Norm deltaR: 4.95417e+08)
NewtonRaphson::solveCurrentStep() -the ConvergenceTest object failed in test()
StaticAnalysis::analyze() - the Algorithm failed at step: 0 with domain at load factor -1964.31
OpenSees > analyze failed, returned: -3 error flag
WARNING: CTestNormDispIncr::test() - failed to converge 
after: 50 iterations  current Norm: 2131.23 (max: 1e-06, Norm deltaR: 9.48458e+07)
NewtonLineSearch::solveCurrentStep() -the ConvergenceTest object failed in test()
StaticAnalysis::analyze() - the Algorithm failed at step: 0 with domain at load factor 2952.2
OpenSees > analyze failed, returned: -3 error flag
WARNING: CTestNormDispIncr::test() - failed to converge 
after: 50 iterations  current Norm: 6101.66 (max: 1e-06, Norm deltaR: 8.44648e+07)
AcceleratedNewton::solveCurrentStep() -The ConvergenceTest object failed in test()
StaticAnalysis::analyze() - the Algorithm failed at step: 0 with domain at load factor -213.849
OpenSees > analyze failed, returned: -3 error flag
WARNING: CTestNormDispIncr::test() - failed to converge 
after: 50 iterations  current Norm: 7.04209e+69 (max: 1e-06, Norm deltaR: 2.10905e+73)
ModifiedNewton::solveCurrentStep() -the ConvergenceTest object failed in test()
StaticAnalysis::analyze() - the Algorithm failed at step: 0 with domain at load factor -3.27873e+68
OpenSees > analyze failed, returned: -3 error flag
WARNING: CTestNormDispIncr::test() - failed to converge 
after: 50 iterations  current Norm: 31312.9 (max: 1e-06, Norm deltaR: 7.15272e+08)
NewtonRaphson::solveCurrentStep() -the ConvergenceTest object failed in test()
StaticAnalysis::analyze() - the Algorithm failed at step: 0 with domain at load factor 5767.49
OpenSees > analyze failed, returned: -3 error flag
WARNING: CTestNormDispIncr::test() - failed to converge 
after: 50 iterations  current Norm: 5900.41 (max: 1e-06, Norm deltaR: 8.76493e+07)
NewtonLineSearch::solveCurrentStep() -the ConvergenceTest object failed in test()
StaticAnalysis::analyze() - the Algorithm failed at step: 0 with domain at load factor 810.663
OpenSees > analyze failed, returned: -3 error flag
WARNING: CTestNormDispIncr::test() - failed to converge 
after: 50 iterations  current Norm: 62513.5 (max: 1e-06, Norm deltaR: 1.63829e+09)
AcceleratedNewton::solveCurrentStep() -The ConvergenceTest object failed in test()
StaticAnalysis::analyze() - the Algorithm failed at step: 0 with domain at load factor 5727.05
OpenSees > analyze failed, returned: -3 error flag
WARNING: CTestNormDispIncr::test() - failed to converge 
after: 50 iterations  current Norm: 2.07986e+70 (max: 1e-06, Norm deltaR: 7.70855e+73)
ModifiedNewton::solveCurrentStep() -the ConvergenceTest object failed in test()
StaticAnalysis::analyze() - the Algorithm failed at step: 0 with domain at load factor -1.33445e+69
OpenSees > analyze failed, returned: -3 error flag
WARNING: CTestNormDispIncr::test() - failed to converge 
after: 50 iterations  current Norm: 100597 (max: 1e-06, Norm deltaR: 7.43801e+07)
NewtonRaphson::solveCurrentStep() -the ConvergenceTest object failed in test()
StaticAnalysis::analyze() - the Algorithm failed at step: 0 with domain at load factor -354.903
OpenSees > analyze failed, returned: -3 error flag
WARNING: CTestNormDispIncr::test() - failed to converge 
after: 50 iterations  current Norm: 2337.71 (max: 1e-06, Norm deltaR: 1.30497e+08)
NewtonLineSearch::solveCurrentStep() -the ConvergenceTest object failed in test()
StaticAnalysis::analyze() - the Algorithm failed at step: 0 with domain at load factor 296.303
OpenSees > analyze failed, returned: -3 error flag
WARNING: CTestNormDispIncr::test() - failed to converge 
after: 50 iterations  current Norm: 326190 (max: 1e-06, Norm deltaR: 6.88316e+07)
NewtonRaphson::solveCurrentStep() -the ConvergenceTest object failed in test()
StaticAnalysis::analyze() - the Algorithm failed at step: 0 with domain at load factor -494.555
OpenSees > analyze failed, returned: -3 error flag
WARNING ZeroLength::setDomain(): Element 5000091 has L= 7.89063, which is greater than the tolerance
WARNING ZeroLength::setDomain(): Element 5000092 has L= 8.0485, which is greater than the tolerance
WARNING ZeroLength::setDomain(): Element 5000093 has L= 7.74476, which is greater than the tolerance
WARNING ZeroLength::setDomain(): Element 5000094 has L= 52.4536, which is greater than the tolerance
WARNING: CTestNormDispIncr::test() - failed to converge 
after: 50 iterations  current Norm: 53548.6 (max: 1e-06, Norm deltaR: 6.55478e+08)
NewtonRaphson::solveCurrentStep() -the ConvergenceTest object failed in test()
StaticAnalysis::analyze() - the Algorithm failed at step: 0 with domain at load factor -540.331
OpenSees > analyze failed, returned: -3 error flag
WARNING ZeroLength::setDomain(): Element 5000095 has L= 8.20101, which is greater than the tolerance
WARNING ZeroLength::setDomain(): Element 5000096 has L= 21.0531, which is greater than the tolerance
WARNING ZeroLength::setDomain(): Element 5000097 has L= 50.1932, which is greater than the tolerance
WARNING ZeroLength::setDomain(): Element 5000098 has L= 51.0422, which is greater than the tolerance
WARNING ZeroLength::setDomain(): Element 5000099 has L= 52.045, which is greater than the tolerance
WARNING ZeroLength::setDomain(): Element 5000100 has L= 55.5046, which is greater than the tolerance
WARNING ZeroLength::setDomain(): Element 5000101 has L= 7.58975, which is greater than the tolerance
WARNING ZeroLength::setDomain(): Element 5000102 has L= 21.4572, which is greater than the tolerance
WARNING ZeroLength::setDomain(): Element 5000103 has L= 56.4817, which is greater than the tolerance
WARNING ZeroLength::setDomain(): Element 5000104 has L= 7.89063, which is greater than the tolerance
WARNING ZeroLength::setDomain(): Element 5000105 has L= 7.74476, which is greater than the tolerance
WARNING ZeroLength::setDomain(): Element 5000106 has L= 10.2321, which is greater than the tolerance
WARNING ZeroLength::setDomain(): Element 5000107 has L= 54.5388, which is greater than the tolerance
WARNING ZeroLength::setDomain(): Element 5000108 has L= 16.9827, which is greater than the tolerance
WARNING ZeroLength::setDomain(): Element 5000109 has L= 17.3912, which is greater than the tolerance
WARNING ZeroLength::setDomain(): Element 5000110 has L= 17.7958, which is greater than the tolerance
WARNING ZeroLength::setDomain(): Element 5000111 has L= 22.4156, which is greater than the tolerance
WARNING ZeroLength::setDomain(): Element 5000112 has L= 21.906, which is greater than the tolerance
WARNING ZeroLength::setDomain(): Element 5000113 has L= 7.58975, which is greater than the tolerance
WARNING ZeroLength::setDomain(): Element 5000114 has L= 60.6057, which is greater than the tolerance
WARNING ZeroLength::setDomain(): Element 5000115 has L= 16.2913, which is greater than the tolerance
WARNING: CTestNormDispIncr::test() - failed to converge 
after: 50 iterations  current Norm: 25774.7 (max: 1e-06, Norm deltaR: 5.38452e+08)
NewtonRaphson::solveCurrentStep() -the ConvergenceTest object failed in test()
StaticAnalysis::analyze() - the Algorithm failed at step: 0 with domain at load factor 4445.25
OpenSees > analyze failed, returned: -3 error flag
WARNING ZeroLength::setDomain(): Element 5000116 has L= 21.906, which is greater than the tolerance
WARNING ZeroLength::setDomain(): Element 5000117 has L= 16.6341, which is greater than the tolerance
WARNING ZeroLength::setDomain(): Element 5000118 has L= 53.0853, which is greater than the tolerance
WARNING ZeroLength::setDomain(): Element 5000119 has L= 7.41544, which is greater than the tolerance
WARNING ZeroLength::setDomain(): Element 5000120 has L= 9.97787, which is greater than the tolerance
WARNING ZeroLength::setDomain(): Element 5000121 has L= 18.1716, which is greater than the tolerance
WARNING ZeroLength::setDomain(): Element 5000122 has L= 8.0485, which is greater than the tolerance
WARNING ZeroLength::setDomain(): Element 5000123 has L= 20.6597, which is greater than the tolerance
WARNING ZeroLength::setDomain(): Element 5000124 has L= 8.3693, which is greater than the tolerance
WARNING ZeroLength::setDomain(): Element 5000125 has L= 21.0531, which is greater than the tolerance
WARNING ZeroLength::setDomain(): Element 5000126 has L= 10.7501, which is greater than the tolerance
WARNING ZeroLength::setDomain(): Element 5000127 has L= 16.9827, which is greater than the tolerance
WARNING ZeroLength::setDomain(): Element 5000128 has L= 60.1506, which is greater than the tolerance
WARNING ZeroLength::setDomain(): Element 5000129 has L= 16.2913, which is greater than the tolerance
WARNING ZeroLength::setDomain(): Element 5000130 has L= 21.4572, which is greater than the tolerance
WARNING ZeroLength::setDomain(): Element 5000131 has L= 15.9853, which is greater than the tolerance
WARNING ZeroLength::setDomain(): Element 5000132 has L= 7.41544, which is greater than the tolerance
WARNING ZeroLength::setDomain(): Element 5000133 has L= 7.26021, which is greater than the tolerance
WARNING ZeroLength::setDomain(): Element 5000134 has L= 9.75039, which is greater than the tolerance
WARNING ZeroLength::setDomain(): Element 5000135 has L= 63.0545, which is greater than the tolerance
WARNING ZeroLength::setDomain(): Element 5000136 has L= 20.6597, which is greater than the tolerance
WARNING ZeroLength::setDomain(): Element 5000137 has L= 16.6341, which is greater than the tolerance
WARNING ZeroLength::setDomain(): Element 5000138 has L= 10.5002, which is greater than the tolerance
WARNING ZeroLength::setDomain(): Element 5000139 has L= 53.342, which is greater than the tolerance
WARNING ZeroLength::setDomain(): Element 5000140 has L= 8.56832, which is greater than the tolerance
WARNING ZeroLength::setDomain(): Element 5000141 has L= 54.2269, which is greater than the tolerance
WARNING ZeroLength::setDomain(): Element 5000142 has L= 9.97787, which is greater than the tolerance
WARNING ZeroLength::setDomain(): Element 5000143 has L= 22.4156, which is greater than the tolerance
WARNING ZeroLength::setDomain(): Element 5000144 has L= 55.8534, which is greater than the tolerance
WARNING ZeroLength::setDomain(): Element 5000145 has L= 15.6727, which is greater than the tolerance
WARNING ZeroLength::setDomain(): Element 5000146 has L= 7.14261, which is greater than the tolerance
WARNING ZeroLength::setDomain(): Element 5000147 has L= 57.9684, which is greater than the tolerance
WARNING ZeroLength::setDomain(): Element 5000148 has L= 28.0558, which is greater than the tolerance
WARNING ZeroLength::setDomain(): Element 5000149 has L= 68.076, which is greater than the tolerance
WARNING ZeroLength::setDomain(): Element 5000150 has L= 9.54527, which is greater than the tolerance
WARNING ZeroLength::setDomain(): Element 5000151 has L= 35.0752, which is greater than the tolerance
WARNING ZeroLength::setDomain(): Element 5000152 has L= 20.2349, which is greater than the tolerance
WARNING ZeroLength::setDomain(): Element 5000153 has L= 9.75039, which is greater than the tolerance
WARNING ZeroLength::setDomain(): Element 5000154 has L= 58.2482, which is greater than the tolerance
WARNING ZeroLength::setDomain(): Element 5000155 has L= 7.26021, which is greater than the tolerance
WARNING ZeroLength::setDomain(): Element 5000156 has L= 34.3922, which is greater than the tolerance
WARNING ZeroLength::setDomain(): Element 5000157 has L= 18.5081, which is greater than the tolerance
WARNING ZeroLength::setDomain(): Element 5000158 has L= 8.76526, which is greater than the tolerance
WARNING ZeroLength::setDomain(): Element 5000159 has L= 35.0752, which is greater than the tolerance
WARNING ZeroLength::setDomain(): Element 5000160 has L= 33.7846, which is greater than the tolerance
WARNING ZeroLength::setDomain(): Element 5000161 has L= 10.5002, which is greater than the tolerance
WARNING ZeroLength::setDomain(): Element 5000162 has L= 28.7663, which is greater than the tolerance
WARNING ZeroLength::setDomain(): Element 5000163 has L= 15.9853, which is greater than the tolerance
WARNING ZeroLength::setDomain(): Element 5000164 has L= 25.6667, which is greater than the tolerance
WARNING ZeroLength::setDomain(): Element 5000165 has L= 34.3922, which is greater than the tolerance
WARNING ZeroLength::setDomain(): Element 5000166 has L= 20.2349, which is greater than the tolerance
WARNING ZeroLength::setDomain(): Element 5000167 has L= 56.2008, which is greater than the tolerance
WARNING ZeroLength::setDomain(): Element 5000168 has L= 7.05681, which is greater than the tolerance
WARNING ZeroLength::setDomain(): Element 5000169 has L= 56.4469, which is greater than the tolerance
WARNING ZeroLength::setDomain(): Element 5000170 has L= 26.2621, which is greater than the tolerance
WARNING ZeroLength::setDomain(): Element 5000171 has L= 15.6727, which is greater than the tolerance
WARNING ZeroLength::setDomain(): Element 5000172 has L= 10.2321, which is greater than the tolerance
WARNING ZeroLength::setDomain(): Element 5000173 has L= 35.7861, which is greater than the tolerance
WARNING ZeroLength::setDomain(): Element 5000174 has L= 8.20101, which is greater than the tolerance
WARNING ZeroLength::setDomain(): Element 5000175 has L= 66.4591, which is greater than the tolerance
WARNING ZeroLength::setDomain(): Element 5000176 has L= 60.3583, which is greater than the tolerance
WARNING ZeroLength::setDomain(): Element 5000177 has L= 50.1914, which is greater than the tolerance
WARNING ZeroLength::setDomain(): Element 5000178 has L= 50.8859, which is greater than the tolerance
WARNING: CTestNormDispIncr::test() - failed to converge 
after: 50 iterations  current Norm: 33390.1 (max: 1e-06, Norm deltaR: 9.91238e+08)
NewtonRaphson::solveCurrentStep() -the ConvergenceTest object failed in test()
StaticAnalysis::analyze() - the Algorithm failed at step: 0 with domain at load factor -3318.72
OpenSees > analyze failed, returned: -3 error flag
WARNING ZeroLength::setDomain(): Element 5000179 has L= 56.5385, which is greater than the tolerance
WARNING ZeroLength::setDomain(): Element 5000180 has L= 58.476, which is greater than the tolerance
WARNING ZeroLength::setDomain(): Element 5000181 has L= 60.8974, which is greater than the tolerance
WARNING ZeroLength::setDomain(): Element 5000182 has L= 59.3795, which is greater than the tolerance
WARNING ZeroLength::setDomain(): Element 5000183 has L= 33.1349, which is greater than the tolerance
WARNING ZeroLength::setDomain(): Element 5000184 has L= 29.3496, which is greater than the tolerance
WARNING ZeroLength::setDomain(): Element 5000185 has L= 33.7846, which is greater than the tolerance
WARNING ZeroLength::setDomain(): Element 5000186 has L= 51.6228, which is greater than the tolerance
WARNING ZeroLength::setDomain(): Element 5000187 has L= 51.2885, which is greater than the tolerance
WARNING ZeroLength::setDomain(): Element 5000188 has L= 51.4633, which is greater than the tolerance
WARNING ZeroLength::setDomain(): Element 5000189 has L= 17.3912, which is greater than the tolerance
WARNING ZeroLength::setDomain(): Element 5000190 has L= 46.1975, which is greater than the tolerance
WARNING ZeroLength::setDomain(): Element 5000191 has L= 45.9098, which is greater than the tolerance
WARNING ZeroLength::setDomain(): Element 5000192 has L= 8.9181, which is greater than the tolerance
WARNING ZeroLength::setDomain(): Element 5000193 has L= 45.4955, which is greater than the tolerance
WARNING ZeroLength::setDomain(): Element 5000194 has L= 63.7477, which is greater than the tolerance
WARNING ZeroLength::setDomain(): Element 5000195 has L= 62.1523, which is greater than the tolerance
WARNING ZeroLength::setDomain(): Element 5000196 has L= 22.8366, which is greater than the tolerance
WARNING ZeroLength::setDomain(): Element 5000197 has L= 27.4173, which is greater than the tolerance
WARNING ZeroLength::setDomain(): Element 5000198 has L= 45.5975, which is greater than the tolerance
WARNING ZeroLength::setDomain(): Element 5000199 has L= 52.7089, which is greater than the tolerance
WARNING ZeroLength::setDomain(): Element 5000200 has L= 25.0018, which is greater than the tolerance
