WARNING ZeroLength::setDomain(): Element 5000001 has L= 2.44066, which is greater than the tolerance
WARNING ZeroLength::setDomain(): Element 5000002 has L= 2.18709, which is greater than the tolerance
WARNING ZeroLength::setDomain(): Element 5000003 has L= 1.78174, which is greater than the tolerance
WARNING ZeroLength::setDomain(): Element 5000004 has L= 1.7834, which is greater than the tolerance
WARNING ZeroLength::setDomain(): Element 5000005 has L= 1.7187, which is greater than the tolerance
WARNING ZeroLength::setDomain(): Element 5000006 has L= 1.7187, which is greater than the tolerance
WARNING ZeroLength::setDomain(): Element 5000007 has L= 1.7834, which is greater than the tolerance
WARNING ZeroLength::setDomain(): Element 5000008 has L= 1.78174, which is greater than the tolerance
WARNING ZeroLength::setDomain(): Element 5000009 has L= 2.18709, which is greater than the tolerance
WARNING ZeroLength::setDomain(): Element 5000010 has L= 2.44066, which is greater than the tolerance
WARNING ZeroLength::setDomain(): Element 5000011 has L= 2.29398, which is greater than the tolerance
WARNING ZeroLength::setDomain(): Element 5000012 has L= 2.15544, which is greater than the tolerance
WARNING ZeroLength::setDomain(): Element 5000013 has L= 1.89663, which is greater than the tolerance
WARNING ZeroLength::setDomain(): Element 5000014 has L= 1.92226, which is greater than the tolerance
WARNING ZeroLength::setDomain(): Element 5000015 has L= 1.90996, which is greater than the tolerance
WARNING ZeroLength::setDomain(): Element 5000016 has L= 1.90996, which is greater than the tolerance
WARNING ZeroLength::setDomain(): Element 5000017 has L= 1.92226, which is greater than the tolerance
WARNING ZeroLength::setDomain(): Element 5000018 has L= 1.89663, which is greater than the tolerance
WARNING ZeroLength::setDomain(): Element 5000019 has L= 2.15544, which is greater than the tolerance
WARNING ZeroLength::setDomain(): Element 5000020 has L= 2.29398, which is greater than the tolerance
WARNING ZeroLength::setDomain(): Element 5000021 has L= 2.22887, which is greater than the tolerance
WARNING ZeroLength::setDomain(): Element 5000022 has L= 2.18865, which is greater than the tolerance
WARNING ZeroLength::setDomain(): Element 5000023 has L= 2.07045, which is greater than the tolerance
WARNING ZeroLength::setDomain(): Element 5000024 has L= 2.13525, which is greater than the tolerance
WARNING ZeroLength::setDomain(): Element 5000025 has L= 2.17213, which is greater than the tolerance
WARNING ZeroLength::setDomain(): Element 5000026 has L= 2.17213, which is greater than the tolerance
WARNING ZeroLength::setDomain(): Element 5000027 has L= 2.13525, which is greater than the tolerance
WARNING ZeroLength::setDomain(): Element 5000028 has L= 2.07045, which is greater than the tolerance
WARNING ZeroLength::setDomain(): Element 5000029 has L= 2.18865, which is greater than the tolerance
WARNING ZeroLength::setDomain(): Element 5000030 has L= 2.22887, which is greater than the tolerance
WARNING ZeroLength::setDomain(): Element 5000031 has L= 2.27327, which is greater than the tolerance
WARNING ZeroLength::setDomain(): Element 5000032 has L= 2.28499, which is greater than the tolerance
WARNING ZeroLength::setDomain(): Element 5000033 has L= 2.28409, which is greater than the tolerance
WARNING ZeroLength::setDomain(): Element 5000034 has L= 2.45543, which is greater than the tolerance
WARNING ZeroLength::setDomain(): Element 5000035 has L= 2.59555, which is greater than the tolerance
WARNING ZeroLength::setDomain(): Element 5000036 has L= 2.59555, which is greater than the tolerance
WARNING ZeroLength::setDomain(): Element 5000037 has L= 2.45543, which is greater than the tolerance
WARNING ZeroLength::setDomain(): Element 5000038 has L= 2.28409, which is greater than the tolerance
WARNING ZeroLength::setDomain(): Element 5000039 has L= 2.28499, which is greater than the tolerance
WARNING ZeroLength::setDomain(): Element 5000040 has L= 2.27327, which is greater than the tolerance
WARNING ZeroLength::setDomain(): Element 5000041 has L= 2.3329, which is greater than the tolerance
WARNING ZeroLength::setDomain(): Element 5000042 has L= 2.44073, which is greater than the tolerance
WARNING ZeroLength::setDomain(): Element 5000043 has L= 2.59395, which is greater than the tolerance
WARNING ZeroLength::setDomain(): Element 5000044 has L= 2.76024, which is greater than the tolerance
WARNING ZeroLength::setDomain(): Element 5000045 has L= 2.86584, which is greater than the tolerance
WARNING ZeroLength::setDomain(): Element 5000046 has L= 2.86584, which is greater than the tolerance
WARNING ZeroLength::setDomain(): Element 5000047 has L= 2.76024, which is greater than the tolerance
WARNING ZeroLength::setDomain(): Element 5000048 has L= 2.59395, which is greater than the tolerance
WARNING ZeroLength::setDomain(): Element 5000049 has L= 2.44073, which is greater than the tolerance
WARNING ZeroLength::setDomain(): Element 5000050 has L= 2.3329, which is greater than the tolerance
WARNING ZeroLength::setDomain(): Element 5000051 has L= 2.2688, which is greater than the tolerance
WARNING ZeroLength::setDomain(): Element 5000052 has L= 2.46863, which is greater than the tolerance
WARNING ZeroLength::setDomain(): Element 5000053 has L= 2.77366, which is greater than the tolerance
WARNING ZeroLength::setDomain(): Element 5000054 has L= 2.85018, which is greater than the tolerance
WARNING ZeroLength::setDomain(): Element 5000055 has L= 2.934, which is greater than the tolerance
WARNING ZeroLength::setDomain(): Element 5000056 has L= 2.934, which is greater than the tolerance
WARNING ZeroLength::setDomain(): Element 5000057 has L= 2.85018, which is greater than the tolerance
WARNING ZeroLength::setDomain(): Element 5000058 has L= 2.77366, which is greater than the tolerance
WARNING ZeroLength::setDomain(): Element 5000059 has L= 2.46863, which is greater than the tolerance
WARNING ZeroLength::setDomain(): Element 5000060 has L= 2.2688, which is greater than the tolerance
WARNING ZeroLength::setDomain(): Element 5000061 has L= 2.1775, which is greater than the tolerance
WARNING ZeroLength::setDomain(): Element 5000062 has L= 2.33651, which is greater than the tolerance
WARNING ZeroLength::setDomain(): Element 5000063 has L= 2.69452, which is greater than the tolerance
WARNING ZeroLength::setDomain(): Element 5000064 has L= 2.80001, which is greater than the tolerance
WARNING ZeroLength::setDomain(): Element 5000065 has L= 2.93031, which is greater than the tolerance
WARNING ZeroLength::setDomain(): Element 5000066 has L= 2.93031, which is greater than the tolerance
WARNING ZeroLength::setDomain(): Element 5000067 has L= 2.80001, which is greater than the tolerance
WARNING ZeroLength::setDomain(): Element 5000068 has L= 2.69452, which is greater than the tolerance
WARNING ZeroLength::setDomain(): Element 5000069 has L= 2.33651, which is greater than the tolerance
WARNING ZeroLength::setDomain(): Element 5000070 has L= 2.1775, which is greater than the tolerance
WARNING ZeroLength::setDomain(): Element 5000071 has L= 2.10265, which is greater than the tolerance
WARNING ZeroLength::setDomain(): Element 5000072 has L= 2.26274, which is greater than the tolerance
WARNING ZeroLength::setDomain(): Element 5000073 has L= 2.63206, which is greater than the tolerance
WARNING ZeroLength::setDomain(): Element 5000074 has L= 2.78362, which is greater than the tolerance
WARNING ZeroLength::setDomain(): Element 5000075 has L= 2.89297, which is greater than the tolerance
WARNING ZeroLength::setDomain(): Element 5000076 has L= 2.89297, which is greater than the tolerance
WARNING ZeroLength::setDomain(): Element 5000077 has L= 2.78362, which is greater than the tolerance
WARNING ZeroLength::setDomain(): Element 5000078 has L= 2.63206, which is greater than the tolerance
WARNING ZeroLength::setDomain(): Element 5000079 has L= 2.26274, which is greater than the tolerance
WARNING ZeroLength::setDomain(): Element 5000080 has L= 2.10265, which is greater than the tolerance
WARNING ZeroLength::setDomain(): Element 5000081 has L= 2.0739, which is greater than the tolerance
WARNING ZeroLength::setDomain(): Element 5000082 has L= 2.20709, which is greater than the tolerance
WARNING ZeroLength::setDomain(): Element 5000083 has L= 2.55873, which is greater than the tolerance
WARNING ZeroLength::setDomain(): Element 5000084 has L= 2.74553, which is greater than the tolerance
WARNING ZeroLength::setDomain(): Element 5000085 has L= 2.79159, which is greater than the tolerance
WARNING ZeroLength::setDomain(): Element 5000086 has L= 2.79159, which is greater than the tolerance
WARNING ZeroLength::setDomain(): Element 5000087 has L= 2.74553, which is greater than the tolerance
WARNING ZeroLength::setDomain(): Element 5000088 has L= 2.55873, which is greater than the tolerance
WARNING ZeroLength::setDomain(): Element 5000089 has L= 2.20709, which is greater than the tolerance
WARNING ZeroLength::setDomain(): Element 5000090 has L= 2.0739, which is greater than the tolerance
WARNING: CTestNormDispIncr::test() - failed to converge 
after: 50 iterations  current Norm: 11597.6 (max: 1e-06, Norm deltaR: 2.14678e+08)
NewtonRaphson::solveCurrentStep() -the ConvergenceTest object failed in test()
StaticAnalysis::analyze() - the Algorithm failed at step: 0 with domain at load factor 47.9862
OpenSees > analyze failed, returned: -3 error flag
WARNING: CTestNormDispIncr::test() - failed to converge 
after: 50 iterations  current Norm: 55039.2 (max: 1e-06, Norm deltaR: 1.70632e+09)
NewtonRaphson::solveCurrentStep() -the ConvergenceTest object failed in test()
StaticAnalysis::analyze() - the Algorithm failed at step: 0 with domain at load factor -817.552
OpenSees > analyze failed, returned: -3 error flag
WARNING: CTestNormDispIncr::test() - failed to converge 
after: 50 iterations  current Norm: 4338.42 (max: 1e-06, Norm deltaR: 1.54509e+08)
NewtonLineSearch::solveCurrentStep() -the ConvergenceTest object failed in test()
StaticAnalysis::analyze() - the Algorithm failed at step: 0 with domain at load factor 7310.85
OpenSees > analyze failed, returned: -3 error flag
WARNING: CTestNormDispIncr::test() - failed to converge 
after: 50 iterations  current Norm: 10288.3 (max: 1e-06, Norm deltaR: 1.8603e+08)
AcceleratedNewton::solveCurrentStep() -The ConvergenceTest object failed in test()
StaticAnalysis::analyze() - the Algorithm failed at step: 0 with domain at load factor 558.213
OpenSees > analyze failed, returned: -3 error flag
WARNING: CTestNormDispIncr::test() - failed to converge 
after: 50 iterations  current Norm: 1.83409e+115 (max: 1e-06, Norm deltaR: 1.05269e+119)
ModifiedNewton::solveCurrentStep() -the ConvergenceTest object failed in test()
StaticAnalysis::analyze() - the Algorithm failed at step: 0 with domain at load factor 2.57072e+115
OpenSees > analyze failed, returned: -3 error flag
WARNING: CTestNormDispIncr::test() - failed to converge 
after: 50 iterations  current Norm: 1.23329e+06 (max: 1e-06, Norm deltaR: 6.71595e+07)
NewtonRaphson::solveCurrentStep() -the ConvergenceTest object failed in test()
StaticAnalysis::analyze() - the Algorithm failed at step: 0 with domain at load factor -616.088
OpenSees > analyze failed, returned: -3 error flag
WARNING: CTestNormDispIncr::test() - failed to converge 
after: 50 iterations  current Norm: 2073.44 (max: 1e-06, Norm deltaR: 1.39503e+08)
NewtonLineSearch::solveCurrentStep() -the ConvergenceTest object failed in test()
StaticAnalysis::analyze() - the Algorithm failed at step: 0 with domain at load factor 646.632
OpenSees > analyze failed, returned: -3 error flag
WARNING: CTestNormDispIncr::test() - failed to converge 
after: 50 iterations  current Norm: 10305.2 (max: 1e-06, Norm deltaR: 3.26181e+08)
AcceleratedNewton::solveCurrentStep() -The ConvergenceTest object failed in test()
StaticAnalysis::analyze() - the Algorithm failed at step: 0 with domain at load factor 189.233
OpenSees > analyze failed, returned: -3 error flag
WARNING: CTestNormDispIncr::test() - failed to converge 
after: 50 iterations  current Norm: 5.87464e+69 (max: 1e-06, Norm deltaR: 4.93397e+73)
ModifiedNewton::solveCurrentStep() -the ConvergenceTest object failed in test()
StaticAnalysis::analyze() - the Algorithm failed at step: 0 with domain at load factor 2.45235e+68
OpenSees > analyze failed, returned: -3 error flag
WARNING: CTestNormDispIncr::test() - failed to converge 
after: 50 iterations  current Norm: 73980.8 (max: 1e-06, Norm deltaR: 8.3056e+07)
NewtonRaphson::solveCurrentStep() -the ConvergenceTest object failed in test()
StaticAnalysis::analyze() - the Algorithm failed at step: 0 with domain at load factor -626.865
OpenSees > analyze failed, returned: -3 error flag
WARNING: CTestNormDispIncr::test() - failed to converge 
after: 50 iterations  current Norm: 2929.04 (max: 1e-06, Norm deltaR: 1.1633e+08)
NewtonLineSearch::solveCurrentStep() -the ConvergenceTest object failed in test()
StaticAnalysis::analyze() - the Algorithm failed at step: 0 with domain at load factor -1697.2
OpenSees > analyze failed, returned: -3 error flag
WARNING: CTestNormDispIncr::test() - failed to converge 
after: 50 iterations  current Norm: 11626.3 (max: 1e-06, Norm deltaR: 6.77058e+07)
AcceleratedNewton::solveCurrentStep() -The ConvergenceTest object failed in test()
StaticAnalysis::analyze() - the Algorithm failed at step: 0 with domain at load factor 29.5821
OpenSees > analyze failed, returned: -3 error flag
WARNING: CTestNormDispIncr::test() - failed to converge 
after: 50 iterations  current Norm: 1.48152e+70 (max: 1e-06, Norm deltaR: 1.26e+74)
ModifiedNewton::solveCurrentStep() -the ConvergenceTest object failed in test()
StaticAnalysis::analyze() - the Algorithm failed at step: 0 with domain at load factor -1.05245e+69
OpenSees > analyze failed, returned: -3 error flag
WARNING: CTestNormDispIncr::test() - failed to converge 
after: 50 iterations  current Norm: 87593.7 (max: 1e-06, Norm deltaR: 1.96042e+09)
NewtonRaphson::solveCurrentStep() -the ConvergenceTest object failed in test()
StaticAnalysis::analyze() - the Algorithm failed at step: 0 with domain at load factor -10952.7
OpenSees > analyze failed, returned: -3 error flag
WARNING: CTestNormDispIncr::test() - failed to converge 
after: 50 iterations  current Norm: 4101.62 (max: 1e-06, Norm deltaR: 1.45512e+08)
NewtonLineSearch::solveCurrentStep() -the ConvergenceTest object failed in test()
StaticAnalysis::analyze() - the Algorithm failed at step: 0 with domain at load factor 910.85
OpenSees > analyze failed, returned: -3 error flag
WARNING: CTestNormDispIncr::test() - failed to converge 
after: 50 iterations  current Norm: 743225 (max: 1e-06, Norm deltaR: 6.60808e+07)
NewtonRaphson::solveCurrentStep() -the ConvergenceTest object failed in test()
StaticAnalysis::analyze() - the Algorithm failed at step: 0 with domain at load factor -590.828
OpenSees > analyze failed, returned: -3 error flag
WARNING: CTestNormDispIncr::test() - failed to converge 
after: 50 iterations  current Norm: 6082.31 (max: 1e-06, Norm deltaR: 8.45461e+07)
NewtonLineSearch::solveCurrentStep() -the ConvergenceTest object failed in test()
StaticAnalysis::analyze() - the Algorithm failed at step: 0 with domain at load factor -576.087
OpenSees > analyze failed, returned: -3 error flag
WARNING: CTestNormDispIncr::test() - failed to converge 
after: 50 iterations  current Norm: 1285.72 (max: 1e-06, Norm deltaR: 2.23792e+08)
AcceleratedNewton::solveCurrentStep() -The ConvergenceTest object failed in test()
StaticAnalysis::analyze() - the Algorithm failed at step: 0 with domain at load factor 159.363
OpenSees > analyze failed, returned: -3 error flag
WARNING: CTestNormDispIncr::test() - failed to converge 
after: 50 iterations  current Norm: 6.44481e+66 (max: 1e-06, Norm deltaR: 5.36457e+70)
ModifiedNewton::solveCurrentStep() -the ConvergenceTest object failed in test()
StaticAnalysis::analyze() - the Algorithm failed at step: 0 with domain at load factor 1.6793e+66
OpenSees > analyze failed, returned: -3 error flag
WARNING: CTestNormDispIncr::test() - failed to converge 
after: 50 iterations  current Norm: 4.33419e+06 (max: 1e-06, Norm deltaR: 9.69172e+10)
NewtonRaphson::solveCurrentStep() -the ConvergenceTest object failed in test()
StaticAnalysis::analyze() - the Algorithm failed at step: 0 with domain at load factor -171014
OpenSees > analyze failed, returned: -3 error flag
WARNING: CTestNormDispIncr::test() - failed to converge 
after: 50 iterations  current Norm: 5448.53 (max: 1e-06, Norm deltaR: 1.49822e+08)
NewtonLineSearch::solveCurrentStep() -the ConvergenceTest object failed in test()
StaticAnalysis::analyze() - the Algorithm failed at step: 0 with domain at load factor 21848.7
OpenSees > analyze failed, returned: -3 error flag
WARNING: CTestNormDispIncr::test() - failed to converge 
after: 50 iterations  current Norm: 55125.5 (max: 1e-06, Norm deltaR: 1.37853e+09)
AcceleratedNewton::solveCurrentStep() -The ConvergenceTest object failed in test()
StaticAnalysis::analyze() - the Algorithm failed at step: 0 with domain at load factor 191.728
OpenSees > analyze failed, returned: -3 error flag
WARNING: CTestNormDispIncr::test() - failed to converge 
after: 50 iterations  current Norm: 1.51625e+71 (max: 1e-06, Norm deltaR: 1.1386e+75)
ModifiedNewton::solveCurrentStep() -the ConvergenceTest object failed in test()
StaticAnalysis::analyze() - the Algorithm failed at step: 0 with domain at load factor -6.73362e+70
OpenSees > analyze failed, returned: -3 error flag
WARNING ZeroLength::setDomain(): Element 5000091 has L= 7.79755, which is greater than the tolerance
WARNING ZeroLength::setDomain(): Element 5000092 has L= 7.95542, which is greater than the tolerance
WARNING ZeroLength::setDomain(): Element 5000093 has L= 7.6517, which is greater than the tolerance
WARNING ZeroLength::setDomain(): Element 5000094 has L= 53.8715, which is greater than the tolerance
WARNING ZeroLength::setDomain(): Element 5000095 has L= 49.4526, which is greater than the tolerance
WARNING ZeroLength::setDomain(): Element 5000096 has L= 8.10792, which is greater than the tolerance
WARNING ZeroLength::setDomain(): Element 5000097 has L= 58.0659, which is greater than the tolerance
WARNING ZeroLength::setDomain(): Element 5000098 has L= 7.79755, which is greater than the tolerance
WARNING: CTestNormDispIncr::test() - failed to converge 
after: 50 iterations  current Norm: 16948.3 (max: 1e-06, Norm deltaR: 1.59253e+08)
NewtonRaphson::solveCurrentStep() -the ConvergenceTest object failed in test()
StaticAnalysis::analyze() - the Algorithm failed at step: 0 with domain at load factor -1240.93
OpenSees > analyze failed, returned: -3 error flag
WARNING ZeroLength::setDomain(): Element 5000099 has L= 21.3694, which is greater than the tolerance
WARNING ZeroLength::setDomain(): Element 5000100 has L= 20.9653, which is greater than the tolerance
WARNING ZeroLength::setDomain(): Element 5000101 has L= 7.95542, which is greater than the tolerance
WARNING ZeroLength::setDomain(): Element 5000102 has L= 7.6517, which is greater than the tolerance
WARNING ZeroLength::setDomain(): Element 5000103 has L= 62.2125, which is greater than the tolerance
WARNING ZeroLength::setDomain(): Element 5000104 has L= 7.4967, which is greater than the tolerance
WARNING ZeroLength::setDomain(): Element 5000105 has L= 21.8183, which is greater than the tolerance
WARNING ZeroLength::setDomain(): Element 5000106 has L= 21.8183, which is greater than the tolerance
WARNING ZeroLength::setDomain(): Element 5000107 has L= 16.8896, which is greater than the tolerance
WARNING ZeroLength::setDomain(): Element 5000108 has L= 7.4967, which is greater than the tolerance
WARNING ZeroLength::setDomain(): Element 5000109 has L= 9.90665, which is greater than the tolerance
WARNING ZeroLength::setDomain(): Element 5000110 has L= 22.328, which is greater than the tolerance
WARNING ZeroLength::setDomain(): Element 5000111 has L= 17.2981, which is greater than the tolerance
WARNING ZeroLength::setDomain(): Element 5000112 has L= 16.541, which is greater than the tolerance
WARNING ZeroLength::setDomain(): Element 5000113 has L= 21.3694, which is greater than the tolerance
WARNING ZeroLength::setDomain(): Element 5000114 has L= 16.1982, which is greater than the tolerance
WARNING ZeroLength::setDomain(): Element 5000115 has L= 20.9653, which is greater than the tolerance
WARNING ZeroLength::setDomain(): Element 5000116 has L= 7.3224, which is greater than the tolerance
WARNING ZeroLength::setDomain(): Element 5000117 has L= 17.7027, which is greater than the tolerance
WARNING ZeroLength::setDomain(): Element 5000118 has L= 8.27622, which is greater than the tolerance
WARNING ZeroLength::setDomain(): Element 5000119 has L= 61.8255, which is greater than the tolerance
WARNING: CTestNormDispIncr::test() - failed to converge 
after: 50 iterations  current Norm: 36732.1 (max: 1e-06, Norm deltaR: 7.83781e+08)
NewtonRaphson::solveCurrentStep() -the ConvergenceTest object failed in test()
StaticAnalysis::analyze() - the Algorithm failed at step: 0 with domain at load factor 5014.72
OpenSees > analyze failed, returned: -3 error flag
WARNING ZeroLength::setDomain(): Element 5000120 has L= 16.8896, which is greater than the tolerance
WARNING ZeroLength::setDomain(): Element 5000121 has L= 16.1982, which is greater than the tolerance
WARNING ZeroLength::setDomain(): Element 5000122 has L= 10.6794, which is greater than the tolerance
WARNING ZeroLength::setDomain(): Element 5000123 has L= 20.5718, which is greater than the tolerance
WARNING ZeroLength::setDomain(): Element 5000124 has L= 10.1611, which is greater than the tolerance
WARNING: CTestNormDispIncr::test() - failed to converge 
after: 50 iterations  current Norm: 17381.6 (max: 1e-06, Norm deltaR: 1.53879e+08)
NewtonRaphson::solveCurrentStep() -the ConvergenceTest object failed in test()
StaticAnalysis::analyze() - the Algorithm failed at step: 0 with domain at load factor 382.682
OpenSees > analyze failed, returned: -3 error flag
WARNING ZeroLength::setDomain(): Element 5000125 has L= 64.5877, which is greater than the tolerance
WARNING ZeroLength::setDomain(): Element 5000126 has L= 9.67881, which is greater than the tolerance
WARNING: CTestNormDispIncr::test() - failed to converge 
after: 50 iterations  current Norm: 37118.5 (max: 1e-06, Norm deltaR: 1.04649e+09)
NewtonRaphson::solveCurrentStep() -the ConvergenceTest object failed in test()
StaticAnalysis::analyze() - the Algorithm failed at step: 0 with domain at load factor -6254.21
OpenSees > analyze failed, returned: -3 error flag
WARNING ZeroLength::setDomain(): Element 5000127 has L= 54.5795, which is greater than the tolerance
WARNING ZeroLength::setDomain(): Element 5000128 has L= 56.3058, which is greater than the tolerance
WARNING ZeroLength::setDomain(): Element 5000129 has L= 20.5718, which is greater than the tolerance
WARNING ZeroLength::setDomain(): Element 5000130 has L= 7.16717, which is greater than the tolerance
WARNING ZeroLength::setDomain(): Element 5000131 has L= 58.4753, which is greater than the tolerance
WARNING ZeroLength::setDomain(): Element 5000132 has L= 15.8923, which is greater than the tolerance
WARNING ZeroLength::setDomain(): Element 5000133 has L= 18.0785, which is greater than the tolerance
WARNING ZeroLength::setDomain(): Element 5000134 has L= 8.47524, which is greater than the tolerance
WARNING ZeroLength::setDomain(): Element 5000135 has L= 16.541, which is greater than the tolerance
WARNING ZeroLength::setDomain(): Element 5000136 has L= 69.3418, which is greater than the tolerance
WARNING ZeroLength::setDomain(): Element 5000137 has L= 22.328, which is greater than the tolerance
WARNING ZeroLength::setDomain(): Element 5000138 has L= 10.7559, which is greater than the tolerance
WARNING ZeroLength::setDomain(): Element 5000139 has L= 9.4732, which is greater than the tolerance
WARNING ZeroLength::setDomain(): Element 5000140 has L= 59.9183, which is greater than the tolerance
WARNING ZeroLength::setDomain(): Element 5000141 has L= 15.5796, which is greater than the tolerance
WARNING ZeroLength::setDomain(): Element 5000142 has L= 34.9837, which is greater than the tolerance
WARNING ZeroLength::setDomain(): Element 5000143 has L= 55.8705, which is greater than the tolerance
WARNING ZeroLength::setDomain(): Element 5000144 has L= 20.1469, which is greater than the tolerance
WARNING ZeroLength::setDomain(): Element 5000145 has L= 7.3224, which is greater than the tolerance
WARNING ZeroLength::setDomain(): Element 5000146 has L= 34.3006, which is greater than the tolerance
WARNING ZeroLength::setDomain(): Element 5000147 has L= 7.04959, which is greater than the tolerance
WARNING ZeroLength::setDomain(): Element 5000148 has L= 34.9837, which is greater than the tolerance
WARNING ZeroLength::setDomain(): Element 5000149 has L= 67.7473, which is greater than the tolerance
WARNING ZeroLength::setDomain(): Element 5000150 has L= 54.1645, which is greater than the tolerance
WARNING ZeroLength::setDomain(): Element 5000151 has L= 55.6211, which is greater than the tolerance
WARNING ZeroLength::setDomain(): Element 5000152 has L= 15.8923, which is greater than the tolerance
WARNING ZeroLength::setDomain(): Element 5000153 has L= 33.6931, which is greater than the tolerance
WARNING: CTestNormDispIncr::test() - failed to converge 
after: 50 iterations  current Norm: 119700 (max: 1e-06, Norm deltaR: 1.84768e+09)
NewtonRaphson::solveCurrentStep() -the ConvergenceTest object failed in test()
StaticAnalysis::analyze() - the Algorithm failed at step: 0 with domain at load factor -1011.34
OpenSees > analyze failed, returned: -3 error flag
WARNING ZeroLength::setDomain(): Element 5000154 has L= 54.4541, which is greater than the tolerance
WARNING ZeroLength::setDomain(): Element 5000155 has L= 27.9627, which is greater than the tolerance
WARNING ZeroLength::setDomain(): Element 5000156 has L= 57.9642, which is greater than the tolerance
WARNING ZeroLength::setDomain(): Element 5000157 has L= 8.6722, which is greater than the tolerance
WARNING ZeroLength::setDomain(): Element 5000158 has L= 48.2906, which is greater than the tolerance
WARNING ZeroLength::setDomain(): Element 5000159 has L= 48.6357, which is greater than the tolerance
WARNING: CTestNormDispIncr::test() - failed to converge 
after: 50 iterations  current Norm: 45590.1 (max: 1e-06, Norm deltaR: 4.75185e+08)
NewtonRaphson::solveCurrentStep() -the ConvergenceTest object failed in test()
StaticAnalysis::analyze() - the Algorithm failed at step: 0 with domain at load factor -1535.73
OpenSees > analyze failed, returned: -3 error flag
WARNING ZeroLength::setDomain(): Element 5000160 has L= 8.10792, which is greater than the tolerance
WARNING ZeroLength::setDomain(): Element 5000161 has L= 53.0212, which is greater than the tolerance
WARNING ZeroLength::setDomain(): Element 5000162 has L= 49.1833, which is greater than the tolerance
WARNING ZeroLength::setDomain(): Element 5000163 has L= 50.2632, which is greater than the tolerance
WARNING ZeroLength::setDomain(): Element 5000164 has L= 48.9453, which is greater than the tolerance
WARNING ZeroLength::setDomain(): Element 5000165 has L= 7.16717, which is greater than the tolerance
WARNING ZeroLength::setDomain(): Element 5000166 has L= 60.8672, which is greater than the tolerance
WARNING: CTestNormDispIncr::test() - failed to converge 
after: 50 iterations  current Norm: 49618.6 (max: 1e-06, Norm deltaR: 1.3379e+09)
NewtonRaphson::solveCurrentStep() -the ConvergenceTest object failed in test()
StaticAnalysis::analyze() - the Algorithm failed at step: 0 with domain at load factor 246.659
OpenSees > analyze failed, returned: -3 error flag
WARNING: CTestNormDispIncr::test() - failed to converge 
after: 50 iterations  current Norm: 1714.66 (max: 1e-06, Norm deltaR: 9.8741e+07)
NewtonLineSearch::solveCurrentStep() -the ConvergenceTest object failed in test()
StaticAnalysis::analyze() - the Algorithm failed at step: 0 with domain at load factor 1147.05
OpenSees > analyze failed, returned: -3 error flag
WARNING: CTestNormDispIncr::test() - failed to converge 
after: 50 iterations  current Norm: 32.0358 (max: 1e-06, Norm deltaR: 51912)
AcceleratedNewton::solveCurrentStep() -The ConvergenceTest object failed in test()
StaticAnalysis::analyze() - the Algorithm failed at step: 0 with domain at load factor 648.255
OpenSees > analyze failed, returned: -3 error flag
WARNING: CTestNormDispIncr::test() - failed to converge 
after: 50 iterations  current Norm: 3.87477e+72 (max: 1e-06, Norm deltaR: 3.35236e+76)
ModifiedNewton::solveCurrentStep() -the ConvergenceTest object failed in test()
StaticAnalysis::analyze() - the Algorithm failed at step: 0 with domain at load factor 3.43083e+70
OpenSees > analyze failed, returned: -3 error flag
WARNING: CTestNormDispIncr::test() - failed to converge 
after: 50 iterations  current Norm: 38653.1 (max: 1e-06, Norm deltaR: 9.42394e+08)
NewtonRaphson::solveCurrentStep() -the ConvergenceTest object failed in test()
StaticAnalysis::analyze() - the Algorithm failed at step: 0 with domain at load factor -266.957
OpenSees > analyze failed, returned: -3 error flag
WARNING ZeroLength::setDomain(): Element 5000167 has L= 57.2113, which is greater than the tolerance
WARNING ZeroLength::setDomain(): Element 5000168 has L= 18.415, which is greater than the tolerance
WARNING ZeroLength::setDomain(): Element 5000169 has L= 27.3241, which is greater than the tolerance
WARNING ZeroLength::setDomain(): Element 5000170 has L= 28.6732, which is greater than the tolerance
WARNING ZeroLength::setDomain(): Element 5000171 has L= 10.4293, which is greater than the tolerance
WARNING ZeroLength::setDomain(): Element 5000172 has L= 20.1469, which is greater than the tolerance
WARNING ZeroLength::setDomain(): Element 5000173 has L= 6.9638, which is greater than the tolerance
WARNING ZeroLength::setDomain(): Element 5000174 has L= 62.3056, which is greater than the tolerance
WARNING ZeroLength::setDomain(): Element 5000175 has L= 59.6762, which is greater than the tolerance
WARNING ZeroLength::setDomain(): Element 5000176 has L= 65.1151, which is greater than the tolerance
WARNING ZeroLength::setDomain(): Element 5000177 has L= 64.0318, which is greater than the tolerance
WARNING ZeroLength::setDomain(): Element 5000178 has L= 22.7492, which is greater than the tolerance
WARNING ZeroLength::setDomain(): Element 5000179 has L= 33.0433, which is greater than the tolerance
WARNING ZeroLength::setDomain(): Element 5000180 has L= 8.82504, which is greater than the tolerance
WARNING ZeroLength::setDomain(): Element 5000181 has L= 29.2565, which is greater than the tolerance
WARNING ZeroLength::setDomain(): Element 5000182 has L= 17.2981, which is greater than the tolerance
WARNING ZeroLength::setDomain(): Element 5000183 has L= 15.5796, which is greater than the tolerance
WARNING ZeroLength::setDomain(): Element 5000184 has L= 35.6946, which is greater than the tolerance
WARNING ZeroLength::setDomain(): Element 5000185 has L= 26.7477, which is greater than the tolerance
WARNING ZeroLength::setDomain(): Element 5000186 has L= 34.3006, which is greater than the tolerance
WARNING ZeroLength::setDomain(): Element 5000187 has L= 48.7716, which is greater than the tolerance
WARNING ZeroLength::setDomain(): Element 5000188 has L= 67.9817, which is greater than the tolerance
WARNING ZeroLength::setDomain(): Element 5000189 has L= 51.8155, which is greater than the tolerance
WARNING ZeroLength::setDomain(): Element 5000190 has L= 33.6931, which is greater than the tolerance
