WARNING ZeroLength::setDomain(): Element 5000001 has L= 2.53665, which is greater than the tolerance
WARNING ZeroLength::setDomain(): Element 5000002 has L= 2.28338, which is greater than the tolerance
WARNING ZeroLength::setDomain(): Element 5000003 has L= 1.87821, which is greater than the tolerance
WARNING ZeroLength::setDomain(): Element 5000004 has L= 1.87985, which is greater than the tolerance
WARNING ZeroLength::setDomain(): Element 5000005 has L= 1.8152, which is greater than the tolerance
WARNING ZeroLength::setDomain(): Element 5000006 has L= 1.8152, which is greater than the tolerance
WARNING ZeroLength::setDomain(): Element 5000007 has L= 1.87985, which is greater than the tolerance
WARNING ZeroLength::setDomain(): Element 5000008 has L= 1.87821, which is greater than the tolerance
WARNING ZeroLength::setDomain(): Element 5000009 has L= 2.28338, which is greater than the tolerance
WARNING ZeroLength::setDomain(): Element 5000010 has L= 2.53665, which is greater than the tolerance
WARNING ZeroLength::setDomain(): Element 5000011 has L= 2.38992, which is greater than the tolerance
WARNING ZeroLength::setDomain(): Element 5000012 has L= 2.25178, which is greater than the tolerance
WARNING ZeroLength::setDomain(): Element 5000013 has L= 1.99311, which is greater than the tolerance
WARNING ZeroLength::setDomain(): Element 5000014 has L= 2.01875, which is greater than the tolerance
WARNING ZeroLength::setDomain(): Element 5000015 has L= 2.00646, which is greater than the tolerance
WARNING ZeroLength::setDomain(): Element 5000016 has L= 2.00646, which is greater than the tolerance
WARNING ZeroLength::setDomain(): Element 5000017 has L= 2.01875, which is greater than the tolerance
WARNING ZeroLength::setDomain(): Element 5000018 has L= 1.99311, which is greater than the tolerance
WARNING ZeroLength::setDomain(): Element 5000019 has L= 2.25178, which is greater than the tolerance
WARNING ZeroLength::setDomain(): Element 5000020 has L= 2.38992, which is greater than the tolerance
WARNING ZeroLength::setDomain(): Element 5000021 has L= 2.32494, which is greater than the tolerance
WARNING ZeroLength::setDomain(): Element 5000022 has L= 2.28506, which is greater than the tolerance
WARNING ZeroLength::setDomain(): Element 5000023 has L= 2.16695, which is greater than the tolerance
WARNING ZeroLength::setDomain(): Element 5000024 has L= 2.23175, which is greater than the tolerance
WARNING ZeroLength::setDomain(): Element 5000025 has L= 2.26863, which is greater than the tolerance
WARNING ZeroLength::setDomain(): Element 5000026 has L= 2.26863, which is greater than the tolerance
WARNING ZeroLength::setDomain(): Element 5000027 has L= 2.23175, which is greater than the tolerance
WARNING ZeroLength::setDomain(): Element 5000028 has L= 2.16695, which is greater than the tolerance
WARNING ZeroLength::setDomain(): Element 5000029 has L= 2.28506, which is greater than the tolerance
WARNING ZeroLength::setDomain(): Element 5000030 has L= 2.32494, which is greater than the tolerance
WARNING ZeroLength::setDomain(): Element 5000031 has L= 2.36962, which is greater than the tolerance
WARNING ZeroLength::setDomain(): Element 5000032 has L= 2.38146, which is greater than the tolerance
WARNING ZeroLength::setDomain(): Element 5000033 has L= 2.38059, which is greater than the tolerance
WARNING ZeroLength::setDomain(): Element 5000034 has L= 2.55193, which is greater than the tolerance
WARNING ZeroLength::setDomain(): Element 5000035 has L= 2.69205, which is greater than the tolerance
WARNING ZeroLength::setDomain(): Element 5000036 has L= 2.69205, which is greater than the tolerance
WARNING ZeroLength::setDomain(): Element 5000037 has L= 2.55193, which is greater than the tolerance
WARNING ZeroLength::setDomain(): Element 5000038 has L= 2.38059, which is greater than the tolerance
WARNING ZeroLength::setDomain(): Element 5000039 has L= 2.38146, which is greater than the tolerance
WARNING ZeroLength::setDomain(): Element 5000040 has L= 2.36962, which is greater than the tolerance
WARNING ZeroLength::setDomain(): Element 5000041 has L= 2.42936, which is greater than the tolerance
WARNING ZeroLength::setDomain(): Element 5000042 has L= 2.53722, which is greater than the tolerance
WARNING ZeroLength::setDomain(): Element 5000043 has L= 2.69044, which is greater than the tolerance
WARNING ZeroLength::setDomain(): Element 5000044 has L= 2.85674, which is greater than the tolerance
WARNING ZeroLength::setDomain(): Element 5000045 has L= 2.96234, which is greater than the tolerance
WARNING ZeroLength::setDomain(): Element 5000046 has L= 2.96234, which is greater than the tolerance
WARNING ZeroLength::setDomain(): Element 5000047 has L= 2.85674, which is greater than the tolerance
WARNING ZeroLength::setDomain(): Element 5000048 has L= 2.69044, which is greater than the tolerance
WARNING ZeroLength::setDomain(): Element 5000049 has L= 2.53722, which is greater than the tolerance
WARNING ZeroLength::setDomain(): Element 5000050 has L= 2.42936, which is greater than the tolerance
WARNING ZeroLength::setDomain(): Element 5000051 has L= 2.36526, which is greater than the tolerance
WARNING ZeroLength::setDomain(): Element 5000052 has L= 2.56513, which is greater than the tolerance
WARNING ZeroLength::setDomain(): Element 5000053 has L= 2.87016, which is greater than the tolerance
WARNING ZeroLength::setDomain(): Element 5000054 has L= 2.94668, which is greater than the tolerance
WARNING ZeroLength::setDomain(): Element 5000055 has L= 3.0305, which is greater than the tolerance
WARNING ZeroLength::setDomain(): Element 5000056 has L= 3.0305, which is greater than the tolerance
WARNING ZeroLength::setDomain(): Element 5000057 has L= 2.94668, which is greater than the tolerance
WARNING ZeroLength::setDomain(): Element 5000058 has L= 2.87016, which is greater than the tolerance
WARNING ZeroLength::setDomain(): Element 5000059 has L= 2.56513, which is greater than the tolerance
WARNING ZeroLength::setDomain(): Element 5000060 has L= 2.36526, which is greater than the tolerance
WARNING ZeroLength::setDomain(): Element 5000061 has L= 2.27393, which is greater than the tolerance
WARNING ZeroLength::setDomain(): Element 5000062 has L= 2.43301, which is greater than the tolerance
WARNING ZeroLength::setDomain(): Element 5000063 has L= 2.79102, which is greater than the tolerance
WARNING ZeroLength::setDomain(): Element 5000064 has L= 2.89651, which is greater than the tolerance
WARNING ZeroLength::setDomain(): Element 5000065 has L= 3.02682, which is greater than the tolerance
WARNING ZeroLength::setDomain(): Element 5000066 has L= 3.02682, which is greater than the tolerance
WARNING ZeroLength::setDomain(): Element 5000067 has L= 2.89651, which is greater than the tolerance
WARNING ZeroLength::setDomain(): Element 5000068 has L= 2.79102, which is greater than the tolerance
WARNING ZeroLength::setDomain(): Element 5000069 has L= 2.43301, which is greater than the tolerance
WARNING ZeroLength::setDomain(): Element 5000070 has L= 2.27393, which is greater than the tolerance
WARNING ZeroLength::setDomain(): Element 5000071 has L= 2.19907, which is greater than the tolerance
WARNING ZeroLength::setDomain(): Element 5000072 has L= 2.35924, which is greater than the tolerance
WARNING ZeroLength::setDomain(): Element 5000073 has L= 2.72856, which is greater than the tolerance
WARNING ZeroLength::setDomain(): Element 5000074 has L= 2.88012, which is greater than the tolerance
WARNING ZeroLength::setDomain(): Element 5000075 has L= 2.98947, which is greater than the tolerance
WARNING ZeroLength::setDomain(): Element 5000076 has L= 2.98947, which is greater than the tolerance
WARNING ZeroLength::setDomain(): Element 5000077 has L= 2.88012, which is greater than the tolerance
WARNING ZeroLength::setDomain(): Element 5000078 has L= 2.72856, which is greater than the tolerance
WARNING ZeroLength::setDomain(): Element 5000079 has L= 2.35924, which is greater than the tolerance
WARNING ZeroLength::setDomain(): Element 5000080 has L= 2.19907, which is greater than the tolerance
WARNING ZeroLength::setDomain(): Element 5000081 has L= 2.17035, which is greater than the tolerance
WARNING ZeroLength::setDomain(): Element 5000082 has L= 2.30359, which is greater than the tolerance
WARNING ZeroLength::setDomain(): Element 5000083 has L= 2.65523, which is greater than the tolerance
WARNING ZeroLength::setDomain(): Element 5000084 has L= 2.84203, which is greater than the tolerance
WARNING ZeroLength::setDomain(): Element 5000085 has L= 2.88809, which is greater than the tolerance
WARNING ZeroLength::setDomain(): Element 5000086 has L= 2.88809, which is greater than the tolerance
WARNING ZeroLength::setDomain(): Element 5000087 has L= 2.84203, which is greater than the tolerance
WARNING ZeroLength::setDomain(): Element 5000088 has L= 2.65523, which is greater than the tolerance
WARNING ZeroLength::setDomain(): Element 5000089 has L= 2.30359, which is greater than the tolerance
WARNING ZeroLength::setDomain(): Element 5000090 has L= 2.17035, which is greater than the tolerance
WARNING: CTestNormDispIncr::test() - failed to converge 
after: 50 iterations  current Norm: 73328.2 (max: 1e-06, Norm deltaR: 2.4109e+09)
NewtonRaphson::solveCurrentStep() -the ConvergenceTest object failed in test()
StaticAnalysis::analyze() - the Algorithm failed at step: 0 with domain at load factor -8557.24
OpenSees > analyze failed, returned: -3 error flag
WARNING: CTestNormDispIncr::test() - failed to converge 
after: 50 iterations  current Norm: 187417 (max: 1e-06, Norm deltaR: 6.71636e+07)
NewtonRaphson::solveCurrentStep() -the ConvergenceTest object failed in test()
StaticAnalysis::analyze() - the Algorithm failed at step: 0 with domain at load factor -604.335
OpenSees > analyze failed, returned: -3 error flag
WARNING: CTestNormDispIncr::test() - failed to converge 
after: 50 iterations  current Norm: 59041.7 (max: 1e-06, Norm deltaR: 8.84658e+08)
NewtonRaphson::solveCurrentStep() -the ConvergenceTest object failed in test()
StaticAnalysis::analyze() - the Algorithm failed at step: 0 with domain at load factor -731.057
OpenSees > analyze failed, returned: -3 error flag
WARNING: CTestNormDispIncr::test() - failed to converge 
after: 50 iterations  current Norm: 5.45833 (max: 1e-06, Norm deltaR: 2.11174e+06)
NewtonLineSearch::solveCurrentStep() -the ConvergenceTest object failed in test()
StaticAnalysis::analyze() - the Algorithm failed at step: 0 with domain at load factor 357.215
OpenSees > analyze failed, returned: -3 error flag
WARNING: CTestNormDispIncr::test() - failed to converge 
after: 50 iterations  current Norm: 12475.9 (max: 1e-06, Norm deltaR: 7.55915e+08)
AcceleratedNewton::solveCurrentStep() -The ConvergenceTest object failed in test()
StaticAnalysis::analyze() - the Algorithm failed at step: 0 with domain at load factor -2239.54
OpenSees > analyze failed, returned: -3 error flag
WARNING: CTestNormDispIncr::test() - failed to converge 
after: 50 iterations  current Norm: 2.06671e+64 (max: 1e-06, Norm deltaR: 1.73711e+68)
ModifiedNewton::solveCurrentStep() -the ConvergenceTest object failed in test()
StaticAnalysis::analyze() - the Algorithm failed at step: 0 with domain at load factor -3.24737e+63
OpenSees > analyze failed, returned: -3 error flag
WARNING: CTestNormDispIncr::test() - failed to converge 
after: 50 iterations  current Norm: 52605.2 (max: 1e-06, Norm deltaR: 1.6501e+09)
NewtonRaphson::solveCurrentStep() -the ConvergenceTest object failed in test()
StaticAnalysis::analyze() - the Algorithm failed at step: 0 with domain at load factor -5026.64
OpenSees > analyze failed, returned: -3 error flag
WARNING: CTestNormDispIncr::test() - failed to converge 
after: 50 iterations  current Norm: 1382.42 (max: 1e-06, Norm deltaR: 1.04374e+08)
NewtonLineSearch::solveCurrentStep() -the ConvergenceTest object failed in test()
StaticAnalysis::analyze() - the Algorithm failed at step: 0 with domain at load factor 2294.2
OpenSees > analyze failed, returned: -3 error flag
WARNING: CTestNormDispIncr::test() - failed to converge 
after: 50 iterations  current Norm: 144297 (max: 1e-06, Norm deltaR: 1.0312e+09)
AcceleratedNewton::solveCurrentStep() -The ConvergenceTest object failed in test()
StaticAnalysis::analyze() - the Algorithm failed at step: 0 with domain at load factor 1596.99
OpenSees > analyze failed, returned: -3 error flag
WARNING: CTestNormDispIncr::test() - failed to converge 
after: 50 iterations  current Norm: 2.18753e+64 (max: 1e-06, Norm deltaR: 1.98587e+68)
ModifiedNewton::solveCurrentStep() -the ConvergenceTest object failed in test()
StaticAnalysis::analyze() - the Algorithm failed at step: 0 with domain at load factor -4.74175e+62
OpenSees > analyze failed, returned: -3 error flag
WARNING ZeroLength::setDomain(): Element 5000091 has L= 7.97915, which is greater than the tolerance
WARNING ZeroLength::setDomain(): Element 5000092 has L= 8.13703, which is greater than the tolerance
WARNING ZeroLength::setDomain(): Element 5000093 has L= 49.6084, which is greater than the tolerance
WARNING ZeroLength::setDomain(): Element 5000094 has L= 7.83328, which is greater than the tolerance
WARNING: CTestNormDispIncr::test() - failed to converge 
after: 50 iterations  current Norm: 115407 (max: 1e-06, Norm deltaR: 4.10022e+09)
NewtonRaphson::solveCurrentStep() -the ConvergenceTest object failed in test()
StaticAnalysis::analyze() - the Algorithm failed at step: 0 with domain at load factor 23889.3
OpenSees > analyze failed, returned: -3 error flag
WARNING ZeroLength::setDomain(): Element 5000095 has L= 49.6392, which is greater than the tolerance
WARNING ZeroLength::setDomain(): Element 5000096 has L= 53.0953, which is greater than the tolerance
WARNING ZeroLength::setDomain(): Element 5000097 has L= 53.3103, which is greater than the tolerance
WARNING ZeroLength::setDomain(): Element 5000098 has L= 8.28954, which is greater than the tolerance
WARNING ZeroLength::setDomain(): Element 5000099 has L= 7.97915, which is greater than the tolerance
WARNING ZeroLength::setDomain(): Element 5000100 has L= 21.1367, which is greater than the tolerance
WARNING ZeroLength::setDomain(): Element 5000101 has L= 8.13703, which is greater than the tolerance
WARNING ZeroLength::setDomain(): Element 5000102 has L= 56.7276, which is greater than the tolerance
WARNING ZeroLength::setDomain(): Element 5000103 has L= 21.5407, which is greater than the tolerance
WARNING ZeroLength::setDomain(): Element 5000104 has L= 52.0397, which is greater than the tolerance
WARNING ZeroLength::setDomain(): Element 5000105 has L= 7.83328, which is greater than the tolerance
WARNING ZeroLength::setDomain(): Element 5000106 has L= 7.67826, which is greater than the tolerance
WARNING: CTestNormDispIncr::test() - failed to converge 
after: 50 iterations  current Norm: 72139.3 (max: 1e-06, Norm deltaR: 2.20968e+08)
NewtonRaphson::solveCurrentStep() -the ConvergenceTest object failed in test()
StaticAnalysis::analyze() - the Algorithm failed at step: 0 with domain at load factor -955.534
OpenSees > analyze failed, returned: -3 error flag
WARNING: CTestNormDispIncr::test() - failed to converge 
after: 50 iterations  current Norm: 6.64605 (max: 1e-06, Norm deltaR: 684687)
NewtonLineSearch::solveCurrentStep() -the ConvergenceTest object failed in test()
StaticAnalysis::analyze() - the Algorithm failed at step: 0 with domain at load factor 442.895
OpenSees > analyze failed, returned: -3 error flag
WARNING: CTestNormDispIncr::test() - failed to converge 
after: 50 iterations  current Norm: 9268.78 (max: 1e-06, Norm deltaR: 3.20418e+08)
AcceleratedNewton::solveCurrentStep() -The ConvergenceTest object failed in test()
StaticAnalysis::analyze() - the Algorithm failed at step: 0 with domain at load factor 353.647
OpenSees > analyze failed, returned: -3 error flag
WARNING: CTestNormDispIncr::test() - failed to converge 
after: 50 iterations  current Norm: 2.7717e+73 (max: 1e-06, Norm deltaR: 2.25257e+77)
ModifiedNewton::solveCurrentStep() -the ConvergenceTest object failed in test()
StaticAnalysis::analyze() - the Algorithm failed at step: 0 with domain at load factor -1.69564e+72
OpenSees > analyze failed, returned: -3 error flag
WARNING: CTestNormDispIncr::test() - failed to converge 
after: 50 iterations  current Norm: 293330 (max: 1e-06, Norm deltaR: 1.22549e+10)
NewtonRaphson::solveCurrentStep() -the ConvergenceTest object failed in test()
StaticAnalysis::analyze() - the Algorithm failed at step: 0 with domain at load factor -49522.1
OpenSees > analyze failed, returned: -3 error flag
WARNING: CTestNormDispIncr::test() - failed to converge 
after: 50 iterations  current Norm: 5.89928 (max: 1e-06, Norm deltaR: 364502)
NewtonLineSearch::solveCurrentStep() -the ConvergenceTest object failed in test()
StaticAnalysis::analyze() - the Algorithm failed at step: 0 with domain at load factor 406.853
OpenSees > analyze failed, returned: -3 error flag
WARNING ZeroLength::setDomain(): Element 5000107 has L= 53.222, which is greater than the tolerance
WARNING: CTestNormDispIncr::test() - failed to converge 
after: 50 iterations  current Norm: 316817 (max: 1e-06, Norm deltaR: 7.37682e+09)
NewtonRaphson::solveCurrentStep() -the ConvergenceTest object failed in test()
StaticAnalysis::analyze() - the Algorithm failed at step: 0 with domain at load factor 6335.28
OpenSees > analyze failed, returned: -3 error flag
WARNING: CTestNormDispIncr::test() - failed to converge 
after: 50 iterations  current Norm: 8.97361 (max: 1e-06, Norm deltaR: 1.48987e+06)
NewtonLineSearch::solveCurrentStep() -the ConvergenceTest object failed in test()
StaticAnalysis::analyze() - the Algorithm failed at step: 0 with domain at load factor 417.253
OpenSees > analyze failed, returned: -3 error flag
WARNING: CTestNormDispIncr::test() - failed to converge 
after: 50 iterations  current Norm: 0.995758 (max: 1e-06, Norm deltaR: 944.965)
AcceleratedNewton::solveCurrentStep() -The ConvergenceTest object failed in test()
StaticAnalysis::analyze() - the Algorithm failed at step: 0 with domain at load factor 424.816
OpenSees > analyze failed, returned: -3 error flag
WARNING: CTestNormDispIncr::test() - failed to converge 
after: 50 iterations  current Norm: 6.02801e+74 (max: 1e-06, Norm deltaR: 4.94211e+78)
ModifiedNewton::solveCurrentStep() -the ConvergenceTest object failed in test()
StaticAnalysis::analyze() - the Algorithm failed at step: 0 with domain at load factor 3.23034e+73
OpenSees > analyze failed, returned: -3 error flag
WARNING: CTestNormDispIncr::test() - failed to converge 
after: 50 iterations  current Norm: 58498.3 (max: 1e-06, Norm deltaR: 6.85941e+07)
NewtonRaphson::solveCurrentStep() -the ConvergenceTest object failed in test()
StaticAnalysis::analyze() - the Algorithm failed at step: 0 with domain at load factor 156.298
OpenSees > analyze failed, returned: -3 error flag
WARNING ZeroLength::setDomain(): Element 5000108 has L= 16.3798, which is greater than the tolerance
WARNING ZeroLength::setDomain(): Element 5000109 has L= 55.82, which is greater than the tolerance
WARNING ZeroLength::setDomain(): Element 5000110 has L= 20.7434, which is greater than the tolerance
WARNING ZeroLength::setDomain(): Element 5000111 has L= 21.9895, which is greater than the tolerance
WARNING ZeroLength::setDomain(): Element 5000112 has L= 16.7227, which is greater than the tolerance
WARNING ZeroLength::setDomain(): Element 5000113 has L= 21.1367, which is greater than the tolerance
WARNING ZeroLength::setDomain(): Element 5000114 has L= 7.67826, which is greater than the tolerance
WARNING ZeroLength::setDomain(): Element 5000115 has L= 17.0712, which is greater than the tolerance
WARNING ZeroLength::setDomain(): Element 5000116 has L= 21.5407, which is greater than the tolerance
WARNING ZeroLength::setDomain(): Element 5000117 has L= 58.7735, which is greater than the tolerance
WARNING ZeroLength::setDomain(): Element 5000118 has L= 10.8176, which is greater than the tolerance
WARNING ZeroLength::setDomain(): Element 5000119 has L= 10.0459, which is greater than the tolerance
WARNING ZeroLength::setDomain(): Element 5000120 has L= 22.499, which is greater than the tolerance
WARNING ZeroLength::setDomain(): Element 5000121 has L= 17.4797, which is greater than the tolerance
WARNING ZeroLength::setDomain(): Element 5000122 has L= 21.9895, which is greater than the tolerance
WARNING ZeroLength::setDomain(): Element 5000123 has L= 16.3798, which is greater than the tolerance
WARNING ZeroLength::setDomain(): Element 5000124 has L= 7.50394, which is greater than the tolerance
WARNING: CTestNormDispIncr::test() - failed to converge 
after: 50 iterations  current Norm: 32006 (max: 1e-06, Norm deltaR: 6.68235e+08)
NewtonRaphson::solveCurrentStep() -the ConvergenceTest object failed in test()
StaticAnalysis::analyze() - the Algorithm failed at step: 0 with domain at load factor -6451.53
OpenSees > analyze failed, returned: -3 error flag
WARNING ZeroLength::setDomain(): Element 5000125 has L= 17.8843, which is greater than the tolerance
WARNING: CTestNormDispIncr::test() - failed to converge 
after: 50 iterations  current Norm: 45524.6 (max: 1e-06, Norm deltaR: 9.76413e+08)
NewtonRaphson::solveCurrentStep() -the ConvergenceTest object failed in test()
StaticAnalysis::analyze() - the Algorithm failed at step: 0 with domain at load factor -12223.5
OpenSees > analyze failed, returned: -3 error flag
WARNING ZeroLength::setDomain(): Element 5000126 has L= 22.9199, which is greater than the tolerance
WARNING ZeroLength::setDomain(): Element 5000127 has L= 56.7787, which is greater than the tolerance
WARNING ZeroLength::setDomain(): Element 5000128 has L= 16.7227, which is greater than the tolerance
WARNING ZeroLength::setDomain(): Element 5000129 has L= 9.35574, which is greater than the tolerance
WARNING ZeroLength::setDomain(): Element 5000130 has L= 20.7434, which is greater than the tolerance
WARNING ZeroLength::setDomain(): Element 5000131 has L= 8.45783, which is greater than the tolerance
WARNING ZeroLength::setDomain(): Element 5000132 has L= 64.0089, which is greater than the tolerance
WARNING ZeroLength::setDomain(): Element 5000133 has L= 16.0739, which is greater than the tolerance
WARNING ZeroLength::setDomain(): Element 5000134 has L= 7.50394, which is greater than the tolerance
WARNING ZeroLength::setDomain(): Element 5000135 has L= 54.8873, which is greater than the tolerance
WARNING ZeroLength::setDomain(): Element 5000136 has L= 7.34869, which is greater than the tolerance
WARNING ZeroLength::setDomain(): Element 5000137 has L= 9.8188, which is greater than the tolerance
WARNING ZeroLength::setDomain(): Element 5000138 has L= 18.2602, which is greater than the tolerance
WARNING ZeroLength::setDomain(): Element 5000139 has L= 17.0712, which is greater than the tolerance
WARNING ZeroLength::setDomain(): Element 5000140 has L= 59.9529, which is greater than the tolerance
WARNING ZeroLength::setDomain(): Element 5000141 has L= 10.3, which is greater than the tolerance
WARNING ZeroLength::setDomain(): Element 5000142 has L= 7.91997, which is greater than the tolerance
WARNING ZeroLength::setDomain(): Element 5000143 has L= 54.3629, which is greater than the tolerance
WARNING ZeroLength::setDomain(): Element 5000144 has L= 16.0739, which is greater than the tolerance
WARNING ZeroLength::setDomain(): Element 5000145 has L= 10.568, which is greater than the tolerance
WARNING ZeroLength::setDomain(): Element 5000146 has L= 48.4586, which is greater than the tolerance
WARNING ZeroLength::setDomain(): Element 5000147 has L= 48.7907, which is greater than the tolerance
WARNING ZeroLength::setDomain(): Element 5000148 has L= 49.3315, which is greater than the tolerance
WARNING: CTestNormDispIncr::test() - failed to converge 
after: 50 iterations  current Norm: 37824.8 (max: 1e-06, Norm deltaR: 7.26844e+07)
NewtonRaphson::solveCurrentStep() -the ConvergenceTest object failed in test()
StaticAnalysis::analyze() - the Algorithm failed at step: 0 with domain at load factor 475.058
OpenSees > analyze failed, returned: -3 error flag
WARNING ZeroLength::setDomain(): Element 5000149 has L= 58.5369, which is greater than the tolerance
WARNING ZeroLength::setDomain(): Element 5000150 has L= 15.7612, which is greater than the tolerance
WARNING ZeroLength::setDomain(): Element 5000151 has L= 22.499, which is greater than the tolerance
WARNING ZeroLength::setDomain(): Element 5000152 has L= 8.65684, which is greater than the tolerance
WARNING ZeroLength::setDomain(): Element 5000153 has L= 15.7612, which is greater than the tolerance
WARNING ZeroLength::setDomain(): Element 5000154 has L= 20.3187, which is greater than the tolerance
WARNING: CTestNormDispIncr::test() - failed to converge 
after: 50 iterations  current Norm: 42367.1 (max: 1e-06, Norm deltaR: 1.32824e+09)
NewtonRaphson::solveCurrentStep() -the ConvergenceTest object failed in test()
StaticAnalysis::analyze() - the Algorithm failed at step: 0 with domain at load factor -1695.87
OpenSees > analyze failed, returned: -3 error flag
WARNING ZeroLength::setDomain(): Element 5000155 has L= 17.4797, which is greater than the tolerance
WARNING ZeroLength::setDomain(): Element 5000156 has L= 53.5773, which is greater than the tolerance
WARNING ZeroLength::setDomain(): Element 5000157 has L= 66.2913, which is greater than the tolerance
WARNING ZeroLength::setDomain(): Element 5000158 has L= 64.5193, which is greater than the tolerance
WARNING ZeroLength::setDomain(): Element 5000159 has L= 35.1623, which is greater than the tolerance
WARNING: CTestNormDispIncr::test() - failed to converge 
after: 50 iterations  current Norm: 38250 (max: 1e-06, Norm deltaR: 2.915e+09)
NewtonRaphson::solveCurrentStep() -the ConvergenceTest object failed in test()
StaticAnalysis::analyze() - the Algorithm failed at step: 0 with domain at load factor -2337.37
OpenSees > analyze failed, returned: -3 error flag
WARNING ZeroLength::setDomain(): Element 5000160 has L= 50.4119, which is greater than the tolerance
WARNING ZeroLength::setDomain(): Element 5000161 has L= 34.4792, which is greater than the tolerance
WARNING ZeroLength::setDomain(): Element 5000162 has L= 7.23108, which is greater than the tolerance
WARNING ZeroLength::setDomain(): Element 5000163 has L= 8.85378, which is greater than the tolerance
WARNING ZeroLength::setDomain(): Element 5000164 has L= 58.0286, which is greater than the tolerance
WARNING ZeroLength::setDomain(): Element 5000165 has L= 62.5058, which is greater than the tolerance
WARNING ZeroLength::setDomain(): Element 5000166 has L= 20.3187, which is greater than the tolerance
WARNING ZeroLength::setDomain(): Element 5000167 has L= 7.34869, which is greater than the tolerance
WARNING ZeroLength::setDomain(): Element 5000168 has L= 60.2609, which is greater than the tolerance
WARNING ZeroLength::setDomain(): Element 5000169 has L= 28.1444, which is greater than the tolerance
WARNING ZeroLength::setDomain(): Element 5000170 has L= 8.28954, which is greater than the tolerance
WARNING ZeroLength::setDomain(): Element 5000171 has L= 62.8482, which is greater than the tolerance
WARNING ZeroLength::setDomain(): Element 5000172 has L= 9.61414, which is greater than the tolerance
WARNING ZeroLength::setDomain(): Element 5000173 has L= 18.5966, which is greater than the tolerance
WARNING ZeroLength::setDomain(): Element 5000174 has L= 34.4792, which is greater than the tolerance
WARNING ZeroLength::setDomain(): Element 5000175 has L= 22.9199, which is greater than the tolerance
WARNING ZeroLength::setDomain(): Element 5000176 has L= 61.4451, which is greater than the tolerance
WARNING ZeroLength::setDomain(): Element 5000177 has L= 49.0986, which is greater than the tolerance
WARNING ZeroLength::setDomain(): Element 5000178 has L= 33.8717, which is greater than the tolerance
WARNING ZeroLength::setDomain(): Element 5000179 has L= 58.6813, which is greater than the tolerance
WARNING ZeroLength::setDomain(): Element 5000180 has L= 52.0995, which is greater than the tolerance
WARNING ZeroLength::setDomain(): Element 5000181 has L= 35.8732, which is greater than the tolerance
WARNING ZeroLength::setDomain(): Element 5000182 has L= 53.3813, which is greater than the tolerance
WARNING ZeroLength::setDomain(): Element 5000183 has L= 28.8549, which is greater than the tolerance
WARNING ZeroLength::setDomain(): Element 5000184 has L= 35.1623, which is greater than the tolerance
WARNING ZeroLength::setDomain(): Element 5000185 has L= 27.5058, which is greater than the tolerance
WARNING ZeroLength::setDomain(): Element 5000186 has L= 65.4872, which is greater than the tolerance
WARNING ZeroLength::setDomain(): Element 5000187 has L= 63.8218, which is greater than the tolerance
WARNING ZeroLength::setDomain(): Element 5000188 has L= 51.9764, which is greater than the tolerance
WARNING: CTestNormDispIncr::test() - failed to converge 
after: 50 iterations  current Norm: 20982.9 (max: 1e-06, Norm deltaR: 8.01944e+08)
NewtonRaphson::solveCurrentStep() -the ConvergenceTest object failed in test()
StaticAnalysis::analyze() - the Algorithm failed at step: 0 with domain at load factor -3773.92
OpenSees > analyze failed, returned: -3 error flag
WARNING ZeroLength::setDomain(): Element 5000189 has L= 29.4382, which is greater than the tolerance
